<?xml version="1.0" encoding="UTF-8"?>
<testsuites>
  <testsuite name="CLI Arguments" tests="2305" assertions="7242" errors="181" failures="110" skipped="8" time="183.741754">
    <testsuite name="Tourze\LarkAppBotBundle\Tests\Command\Checker\ApiConnectionCheckerTest" file="/home/admin/work/source/php-monorepo/packages/lark-app-bot-bundle/tests/Command/Checker/ApiConnectionCheckerTest.php" tests="8" assertions="20" errors="0" failures="0" skipped="0" time="2.019401">
      <testcase name="testShouldHaveRunTestsInSeparateProcesses" file="/home/admin/work/source/php-monorepo/packages/phpunit-symfony-kernel-test/src/AbstractIntegrationTestCase.php" line="919" class="Tourze\LarkAppBotBundle\Tests\Command\Checker\ApiConnectionCheckerTest" classname="Tourze.LarkAppBotBundle.Tests.Command.Checker.ApiConnectionCheckerTest" assertions="1" time="1.167275"/>
      <testcase name="testConstructor" file="/home/admin/work/source/php-monorepo/packages/lark-app-bot-bundle/tests/Command/Checker/ApiConnectionCheckerTest.php" line="29" class="Tourze\LarkAppBotBundle\Tests\Command\Checker\ApiConnectionCheckerTest" classname="Tourze.LarkAppBotBundle.Tests.Command.Checker.ApiConnectionCheckerTest" assertions="1" time="0.122462"/>
      <testcase name="testGetName" file="/home/admin/work/source/php-monorepo/packages/lark-app-bot-bundle/tests/Command/Checker/ApiConnectionCheckerTest.php" line="34" class="Tourze\LarkAppBotBundle\Tests\Command\Checker\ApiConnectionCheckerTest" classname="Tourze.LarkAppBotBundle.Tests.Command.Checker.ApiConnectionCheckerTest" assertions="1" time="0.120020"/>
      <testcase name="testCheckWithSuccessfulApiResponse" file="/home/admin/work/source/php-monorepo/packages/lark-app-bot-bundle/tests/Command/Checker/ApiConnectionCheckerTest.php" line="40" class="Tourze\LarkAppBotBundle\Tests\Command\Checker\ApiConnectionCheckerTest" classname="Tourze.LarkAppBotBundle.Tests.Command.Checker.ApiConnectionCheckerTest" assertions="5" time="0.121925"/>
      <testcase name="testCheckWithApiException" file="/home/admin/work/source/php-monorepo/packages/lark-app-bot-bundle/tests/Command/Checker/ApiConnectionCheckerTest.php" line="72" class="Tourze\LarkAppBotBundle\Tests\Command\Checker\ApiConnectionCheckerTest" classname="Tourze.LarkAppBotBundle.Tests.Command.Checker.ApiConnectionCheckerTest" assertions="3" time="0.124522"/>
      <testcase name="testCheckWithHttpError" file="/home/admin/work/source/php-monorepo/packages/lark-app-bot-bundle/tests/Command/Checker/ApiConnectionCheckerTest.php" line="89" class="Tourze\LarkAppBotBundle\Tests\Command\Checker\ApiConnectionCheckerTest" classname="Tourze.LarkAppBotBundle.Tests.Command.Checker.ApiConnectionCheckerTest" assertions="3" time="0.120414"/>
      <testcase name="testCheckWithApiError" file="/home/admin/work/source/php-monorepo/packages/lark-app-bot-bundle/tests/Command/Checker/ApiConnectionCheckerTest.php" line="109" class="Tourze\LarkAppBotBundle\Tests\Command\Checker\ApiConnectionCheckerTest" classname="Tourze.LarkAppBotBundle.Tests.Command.Checker.ApiConnectionCheckerTest" assertions="3" time="0.121210"/>
      <testcase name="testCheckWithInvalidJsonResponse" file="/home/admin/work/source/php-monorepo/packages/lark-app-bot-bundle/tests/Command/Checker/ApiConnectionCheckerTest.php" line="133" class="Tourze\LarkAppBotBundle\Tests\Command\Checker\ApiConnectionCheckerTest" classname="Tourze.LarkAppBotBundle.Tests.Command.Checker.ApiConnectionCheckerTest" assertions="3" time="0.121571"/>
    </testsuite>
    <testsuite name="Tourze\LarkAppBotBundle\Tests\Command\Checker\AuthConfigCheckerTest" file="/home/admin/work/source/php-monorepo/packages/lark-app-bot-bundle/tests/Command/Checker/AuthConfigCheckerTest.php" tests="9" assertions="27" errors="0" failures="0" skipped="0" time="0.720859">
      <testcase name="testShouldHaveRunTestsInSeparateProcesses" file="/home/admin/work/source/php-monorepo/packages/phpunit-symfony-kernel-test/src/AbstractIntegrationTestCase.php" line="919" class="Tourze\LarkAppBotBundle\Tests\Command\Checker\AuthConfigCheckerTest" classname="Tourze.LarkAppBotBundle.Tests.Command.Checker.AuthConfigCheckerTest" assertions="1" time="0.101894"/>
      <testcase name="testConstructor" file="/home/admin/work/source/php-monorepo/packages/lark-app-bot-bundle/tests/Command/Checker/AuthConfigCheckerTest.php" line="28" class="Tourze\LarkAppBotBundle\Tests\Command\Checker\AuthConfigCheckerTest" classname="Tourze.LarkAppBotBundle.Tests.Command.Checker.AuthConfigCheckerTest" assertions="1" time="0.076213"/>
      <testcase name="testGetName" file="/home/admin/work/source/php-monorepo/packages/lark-app-bot-bundle/tests/Command/Checker/AuthConfigCheckerTest.php" line="33" class="Tourze\LarkAppBotBundle\Tests\Command\Checker\AuthConfigCheckerTest" classname="Tourze.LarkAppBotBundle.Tests.Command.Checker.AuthConfigCheckerTest" assertions="1" time="0.075633"/>
      <testcase name="testCheckWithValidToken" file="/home/admin/work/source/php-monorepo/packages/lark-app-bot-bundle/tests/Command/Checker/AuthConfigCheckerTest.php" line="39" class="Tourze\LarkAppBotBundle\Tests\Command\Checker\AuthConfigCheckerTest" classname="Tourze.LarkAppBotBundle.Tests.Command.Checker.AuthConfigCheckerTest" assertions="4" time="0.077889"/>
      <testcase name="testCheckWithTokenException" file="/home/admin/work/source/php-monorepo/packages/lark-app-bot-bundle/tests/Command/Checker/AuthConfigCheckerTest.php" line="60" class="Tourze\LarkAppBotBundle\Tests\Command\Checker\AuthConfigCheckerTest" classname="Tourze.LarkAppBotBundle.Tests.Command.Checker.AuthConfigCheckerTest" assertions="4" time="0.078849"/>
      <testcase name="testCheckWithTokenVisibilityShowToken" file="/home/admin/work/source/php-monorepo/packages/lark-app-bot-bundle/tests/Command/Checker/AuthConfigCheckerTest.php" line="77" class="Tourze\LarkAppBotBundle\Tests\Command\Checker\AuthConfigCheckerTest" classname="Tourze.LarkAppBotBundle.Tests.Command.Checker.AuthConfigCheckerTest" assertions="4" time="0.076143"/>
      <testcase name="testCheckWithTokenVisibilityHideToken" file="/home/admin/work/source/php-monorepo/packages/lark-app-bot-bundle/tests/Command/Checker/AuthConfigCheckerTest.php" line="105" class="Tourze\LarkAppBotBundle\Tests\Command\Checker\AuthConfigCheckerTest" classname="Tourze.LarkAppBotBundle.Tests.Command.Checker.AuthConfigCheckerTest" assertions="4" time="0.078747"/>
      <testcase name="testCheckWithFixAndSuccessfulRefresh" file="/home/admin/work/source/php-monorepo/packages/lark-app-bot-bundle/tests/Command/Checker/AuthConfigCheckerTest.php" line="126" class="Tourze\LarkAppBotBundle\Tests\Command\Checker\AuthConfigCheckerTest" classname="Tourze.LarkAppBotBundle.Tests.Command.Checker.AuthConfigCheckerTest" assertions="5" time="0.078389"/>
      <testcase name="testCheckWithFixAndFailedRefresh" file="/home/admin/work/source/php-monorepo/packages/lark-app-bot-bundle/tests/Command/Checker/AuthConfigCheckerTest.php" line="157" class="Tourze\LarkAppBotBundle\Tests\Command\Checker\AuthConfigCheckerTest" classname="Tourze.LarkAppBotBundle.Tests.Command.Checker.AuthConfigCheckerTest" assertions="3" time="0.077102"/>
    </testsuite>
    <testsuite name="Tourze\LarkAppBotBundle\Tests\Command\Checker\BaseCheckerTest" file="/home/admin/work/source/php-monorepo/packages/lark-app-bot-bundle/tests/Command/Checker/BaseCheckerTest.php" tests="12" assertions="14" errors="0" failures="0" skipped="0" time="0.887432">
      <testcase name="testShouldHaveRunTestsInSeparateProcesses" file="/home/admin/work/source/php-monorepo/packages/phpunit-symfony-kernel-test/src/AbstractIntegrationTestCase.php" line="919" class="Tourze\LarkAppBotBundle\Tests\Command\Checker\BaseCheckerTest" classname="Tourze.LarkAppBotBundle.Tests.Command.Checker.BaseCheckerTest" assertions="1" time="0.072013"/>
      <testcase name="testConstructor" file="/home/admin/work/source/php-monorepo/packages/lark-app-bot-bundle/tests/Command/Checker/BaseCheckerTest.php" line="22" class="Tourze\LarkAppBotBundle\Tests\Command\Checker\BaseCheckerTest" classname="Tourze.LarkAppBotBundle.Tests.Command.Checker.BaseCheckerTest" assertions="2" time="0.071823"/>
      <testsuite name="Tourze\LarkAppBotBundle\Tests\Command\Checker\BaseCheckerTest::testMaskSecret" tests="9" assertions="9" errors="0" failures="0" skipped="0" time="0.662090">
        <testcase name="testMaskSecret with data set &quot;empty string&quot;" file="/home/admin/work/source/php-monorepo/packages/lark-app-bot-bundle/tests/Command/Checker/BaseCheckerTest.php" line="32" class="Tourze\LarkAppBotBundle\Tests\Command\Checker\BaseCheckerTest" classname="Tourze.LarkAppBotBundle.Tests.Command.Checker.BaseCheckerTest" assertions="1" time="0.072457"/>
        <testcase name="testMaskSecret with data set &quot;short string&quot;" file="/home/admin/work/source/php-monorepo/packages/lark-app-bot-bundle/tests/Command/Checker/BaseCheckerTest.php" line="32" class="Tourze\LarkAppBotBundle\Tests\Command\Checker\BaseCheckerTest" classname="Tourze.LarkAppBotBundle.Tests.Command.Checker.BaseCheckerTest" assertions="1" time="0.072290"/>
        <testcase name="testMaskSecret with data set &quot;medium string&quot;" file="/home/admin/work/source/php-monorepo/packages/lark-app-bot-bundle/tests/Command/Checker/BaseCheckerTest.php" line="32" class="Tourze\LarkAppBotBundle\Tests\Command\Checker\BaseCheckerTest" classname="Tourze.LarkAppBotBundle.Tests.Command.Checker.BaseCheckerTest" assertions="1" time="0.074681"/>
        <testcase name="testMaskSecret with data set &quot;long string&quot;" file="/home/admin/work/source/php-monorepo/packages/lark-app-bot-bundle/tests/Command/Checker/BaseCheckerTest.php" line="32" class="Tourze\LarkAppBotBundle\Tests\Command\Checker\BaseCheckerTest" classname="Tourze.LarkAppBotBundle.Tests.Command.Checker.BaseCheckerTest" assertions="1" time="0.073510"/>
        <testcase name="testMaskSecret with data set &quot;very long string&quot;" file="/home/admin/work/source/php-monorepo/packages/lark-app-bot-bundle/tests/Command/Checker/BaseCheckerTest.php" line="32" class="Tourze\LarkAppBotBundle\Tests\Command\Checker\BaseCheckerTest" classname="Tourze.LarkAppBotBundle.Tests.Command.Checker.BaseCheckerTest" assertions="1" time="0.072622"/>
        <testcase name="testMaskSecret with data set &quot;integer&quot;" file="/home/admin/work/source/php-monorepo/packages/lark-app-bot-bundle/tests/Command/Checker/BaseCheckerTest.php" line="32" class="Tourze\LarkAppBotBundle\Tests\Command\Checker\BaseCheckerTest" classname="Tourze.LarkAppBotBundle.Tests.Command.Checker.BaseCheckerTest" assertions="1" time="0.072732"/>
        <testcase name="testMaskSecret with data set &quot;array&quot;" file="/home/admin/work/source/php-monorepo/packages/lark-app-bot-bundle/tests/Command/Checker/BaseCheckerTest.php" line="32" class="Tourze\LarkAppBotBundle\Tests\Command\Checker\BaseCheckerTest" classname="Tourze.LarkAppBotBundle.Tests.Command.Checker.BaseCheckerTest" assertions="1" time="0.074537"/>
        <testcase name="testMaskSecret with data set &quot;null&quot;" file="/home/admin/work/source/php-monorepo/packages/lark-app-bot-bundle/tests/Command/Checker/BaseCheckerTest.php" line="32" class="Tourze\LarkAppBotBundle\Tests\Command\Checker\BaseCheckerTest" classname="Tourze.LarkAppBotBundle.Tests.Command.Checker.BaseCheckerTest" assertions="1" time="0.075279"/>
        <testcase name="testMaskSecret with data set &quot;boolean&quot;" file="/home/admin/work/source/php-monorepo/packages/lark-app-bot-bundle/tests/Command/Checker/BaseCheckerTest.php" line="32" class="Tourze\LarkAppBotBundle\Tests\Command\Checker\BaseCheckerTest" classname="Tourze.LarkAppBotBundle.Tests.Command.Checker.BaseCheckerTest" assertions="1" time="0.073982"/>
      </testsuite>
      <testcase name="testAbstractMethods" file="/home/admin/work/source/php-monorepo/packages/lark-app-bot-bundle/tests/Command/Checker/BaseCheckerTest.php" line="58" class="Tourze\LarkAppBotBundle\Tests\Command\Checker\BaseCheckerTest" classname="Tourze.LarkAppBotBundle.Tests.Command.Checker.BaseCheckerTest" assertions="2" time="0.081505"/>
    </testsuite>
    <testsuite name="Tourze\LarkAppBotBundle\Tests\Command\Checker\BasicConfigCheckerTest" file="/home/admin/work/source/php-monorepo/packages/lark-app-bot-bundle/tests/Command/Checker/BasicConfigCheckerTest.php" tests="10" assertions="24" errors="0" failures="0" skipped="0" time="0.800371">
      <testcase name="testShouldHaveRunTestsInSeparateProcesses" file="/home/admin/work/source/php-monorepo/packages/phpunit-symfony-kernel-test/src/AbstractIntegrationTestCase.php" line="919" class="Tourze\LarkAppBotBundle\Tests\Command\Checker\BasicConfigCheckerTest" classname="Tourze.LarkAppBotBundle.Tests.Command.Checker.BasicConfigCheckerTest" assertions="1" time="0.079232"/>
      <testcase name="testConstructor" file="/home/admin/work/source/php-monorepo/packages/lark-app-bot-bundle/tests/Command/Checker/BasicConfigCheckerTest.php" line="25" class="Tourze\LarkAppBotBundle\Tests\Command\Checker\BasicConfigCheckerTest" classname="Tourze.LarkAppBotBundle.Tests.Command.Checker.BasicConfigCheckerTest" assertions="1" time="0.079094"/>
      <testcase name="testGetName" file="/home/admin/work/source/php-monorepo/packages/lark-app-bot-bundle/tests/Command/Checker/BasicConfigCheckerTest.php" line="30" class="Tourze\LarkAppBotBundle\Tests\Command\Checker\BasicConfigCheckerTest" classname="Tourze.LarkAppBotBundle.Tests.Command.Checker.BasicConfigCheckerTest" assertions="1" time="0.084618"/>
      <testcase name="testCheckWithValidConfig" file="/home/admin/work/source/php-monorepo/packages/lark-app-bot-bundle/tests/Command/Checker/BasicConfigCheckerTest.php" line="36" class="Tourze\LarkAppBotBundle\Tests\Command\Checker\BasicConfigCheckerTest" classname="Tourze.LarkAppBotBundle.Tests.Command.Checker.BasicConfigCheckerTest" assertions="2" time="0.080565"/>
      <testcase name="testCheckWithMissingRequiredConfig" file="/home/admin/work/source/php-monorepo/packages/lark-app-bot-bundle/tests/Command/Checker/BasicConfigCheckerTest.php" line="46" class="Tourze\LarkAppBotBundle\Tests\Command\Checker\BasicConfigCheckerTest" classname="Tourze.LarkAppBotBundle.Tests.Command.Checker.BasicConfigCheckerTest" assertions="3" time="0.078231"/>
      <testcase name="testCheckWithEmptyConfig" file="/home/admin/work/source/php-monorepo/packages/lark-app-bot-bundle/tests/Command/Checker/BasicConfigCheckerTest.php" line="59" class="Tourze\LarkAppBotBundle\Tests\Command\Checker\BasicConfigCheckerTest" classname="Tourze.LarkAppBotBundle.Tests.Command.Checker.BasicConfigCheckerTest" assertions="3" time="0.081597"/>
      <testcase name="testCheckWithInvalidApiDomain" file="/home/admin/work/source/php-monorepo/packages/lark-app-bot-bundle/tests/Command/Checker/BasicConfigCheckerTest.php" line="72" class="Tourze\LarkAppBotBundle\Tests\Command\Checker\BasicConfigCheckerTest" classname="Tourze.LarkAppBotBundle.Tests.Command.Checker.BasicConfigCheckerTest" assertions="3" time="0.081670"/>
      <testcase name="testCheckWithFixOption" file="/home/admin/work/source/php-monorepo/packages/lark-app-bot-bundle/tests/Command/Checker/BasicConfigCheckerTest.php" line="89" class="Tourze\LarkAppBotBundle\Tests\Command\Checker\BasicConfigCheckerTest" classname="Tourze.LarkAppBotBundle.Tests.Command.Checker.BasicConfigCheckerTest" assertions="3" time="0.077341"/>
      <testcase name="testCheckApiDomainWithValidDomains" file="/home/admin/work/source/php-monorepo/packages/lark-app-bot-bundle/tests/Command/Checker/BasicConfigCheckerTest.php" line="110" class="Tourze\LarkAppBotBundle\Tests\Command\Checker\BasicConfigCheckerTest" classname="Tourze.LarkAppBotBundle.Tests.Command.Checker.BasicConfigCheckerTest" assertions="4" time="0.079686"/>
      <testcase name="testCheckWithPartialConfig" file="/home/admin/work/source/php-monorepo/packages/lark-app-bot-bundle/tests/Command/Checker/BasicConfigCheckerTest.php" line="135" class="Tourze\LarkAppBotBundle\Tests\Command\Checker\BasicConfigCheckerTest" classname="Tourze.LarkAppBotBundle.Tests.Command.Checker.BasicConfigCheckerTest" assertions="3" time="0.078337"/>
    </testsuite>
    <testsuite name="Tourze\LarkAppBotBundle\Tests\Command\Checker\CacheConfigCheckerTest" file="/home/admin/work/source/php-monorepo/packages/lark-app-bot-bundle/tests/Command/Checker/CacheConfigCheckerTest.php" tests="10" assertions="17" errors="0" failures="0" skipped="0" time="0.777425">
      <testcase name="testShouldHaveRunTestsInSeparateProcesses" file="/home/admin/work/source/php-monorepo/packages/phpunit-symfony-kernel-test/src/AbstractIntegrationTestCase.php" line="919" class="Tourze\LarkAppBotBundle\Tests\Command\Checker\CacheConfigCheckerTest" classname="Tourze.LarkAppBotBundle.Tests.Command.Checker.CacheConfigCheckerTest" assertions="1" time="0.079885"/>
      <testcase name="testConstructor" file="/home/admin/work/source/php-monorepo/packages/lark-app-bot-bundle/tests/Command/Checker/CacheConfigCheckerTest.php" line="26" class="Tourze\LarkAppBotBundle\Tests\Command\Checker\CacheConfigCheckerTest" classname="Tourze.LarkAppBotBundle.Tests.Command.Checker.CacheConfigCheckerTest" assertions="1" time="0.076927"/>
      <testcase name="testGetName" file="/home/admin/work/source/php-monorepo/packages/lark-app-bot-bundle/tests/Command/Checker/CacheConfigCheckerTest.php" line="31" class="Tourze\LarkAppBotBundle\Tests\Command\Checker\CacheConfigCheckerTest" classname="Tourze.LarkAppBotBundle.Tests.Command.Checker.CacheConfigCheckerTest" assertions="1" time="0.077042"/>
      <testcase name="testCheckWithValidCacheConfig" file="/home/admin/work/source/php-monorepo/packages/lark-app-bot-bundle/tests/Command/Checker/CacheConfigCheckerTest.php" line="37" class="Tourze\LarkAppBotBundle\Tests\Command\Checker\CacheConfigCheckerTest" classname="Tourze.LarkAppBotBundle.Tests.Command.Checker.CacheConfigCheckerTest" assertions="2" time="0.076176"/>
      <testcase name="testCheckWithEmptyCacheConfig" file="/home/admin/work/source/php-monorepo/packages/lark-app-bot-bundle/tests/Command/Checker/CacheConfigCheckerTest.php" line="57" class="Tourze\LarkAppBotBundle\Tests\Command\Checker\CacheConfigCheckerTest" classname="Tourze.LarkAppBotBundle.Tests.Command.Checker.CacheConfigCheckerTest" assertions="2" time="0.079417"/>
      <testcase name="testCheckWithFileCacheProvider" file="/home/admin/work/source/php-monorepo/packages/lark-app-bot-bundle/tests/Command/Checker/CacheConfigCheckerTest.php" line="69" class="Tourze\LarkAppBotBundle\Tests\Command\Checker\CacheConfigCheckerTest" classname="Tourze.LarkAppBotBundle.Tests.Command.Checker.CacheConfigCheckerTest" assertions="2" time="0.078007"/>
      <testcase name="testCheckWithInvalidCacheConfig" file="/home/admin/work/source/php-monorepo/packages/lark-app-bot-bundle/tests/Command/Checker/CacheConfigCheckerTest.php" line="91" class="Tourze\LarkAppBotBundle\Tests\Command\Checker\CacheConfigCheckerTest" classname="Tourze.LarkAppBotBundle.Tests.Command.Checker.CacheConfigCheckerTest" assertions="2" time="0.075504"/>
      <testcase name="testCheckWithCustomCachePool" file="/home/admin/work/source/php-monorepo/packages/lark-app-bot-bundle/tests/Command/Checker/CacheConfigCheckerTest.php" line="109" class="Tourze\LarkAppBotBundle\Tests\Command\Checker\CacheConfigCheckerTest" classname="Tourze.LarkAppBotBundle.Tests.Command.Checker.CacheConfigCheckerTest" assertions="2" time="0.079543"/>
      <testcase name="testCheckWithNonIntegerTtl" file="/home/admin/work/source/php-monorepo/packages/lark-app-bot-bundle/tests/Command/Checker/CacheConfigCheckerTest.php" line="130" class="Tourze\LarkAppBotBundle\Tests\Command\Checker\CacheConfigCheckerTest" classname="Tourze.LarkAppBotBundle.Tests.Command.Checker.CacheConfigCheckerTest" assertions="2" time="0.075978"/>
      <testcase name="testCheckWithNonStringPool" file="/home/admin/work/source/php-monorepo/packages/lark-app-bot-bundle/tests/Command/Checker/CacheConfigCheckerTest.php" line="150" class="Tourze\LarkAppBotBundle\Tests\Command\Checker\CacheConfigCheckerTest" classname="Tourze.LarkAppBotBundle.Tests.Command.Checker.CacheConfigCheckerTest" assertions="2" time="0.078946"/>
    </testsuite>
    <testsuite name="Tourze\LarkAppBotBundle\Tests\Command\Checker\PermissionsCheckerTest" file="/home/admin/work/source/php-monorepo/packages/lark-app-bot-bundle/tests/Command/Checker/PermissionsCheckerTest.php" tests="5" assertions="11" errors="0" failures="0" skipped="0" time="0.396785">
      <testcase name="testShouldHaveRunTestsInSeparateProcesses" file="/home/admin/work/source/php-monorepo/packages/phpunit-symfony-kernel-test/src/AbstractIntegrationTestCase.php" line="919" class="Tourze\LarkAppBotBundle\Tests\Command\Checker\PermissionsCheckerTest" classname="Tourze.LarkAppBotBundle.Tests.Command.Checker.PermissionsCheckerTest" assertions="1" time="0.075640"/>
      <testcase name="testConstructor" file="/home/admin/work/source/php-monorepo/packages/lark-app-bot-bundle/tests/Command/Checker/PermissionsCheckerTest.php" line="25" class="Tourze\LarkAppBotBundle\Tests\Command\Checker\PermissionsCheckerTest" classname="Tourze.LarkAppBotBundle.Tests.Command.Checker.PermissionsCheckerTest" assertions="1" time="0.082396"/>
      <testcase name="testGetName" file="/home/admin/work/source/php-monorepo/packages/lark-app-bot-bundle/tests/Command/Checker/PermissionsCheckerTest.php" line="30" class="Tourze\LarkAppBotBundle\Tests\Command\Checker\PermissionsCheckerTest" classname="Tourze.LarkAppBotBundle.Tests.Command.Checker.PermissionsCheckerTest" assertions="1" time="0.077846"/>
      <testcase name="testCheck" file="/home/admin/work/source/php-monorepo/packages/lark-app-bot-bundle/tests/Command/Checker/PermissionsCheckerTest.php" line="36" class="Tourze\LarkAppBotBundle\Tests\Command\Checker\PermissionsCheckerTest" classname="Tourze.LarkAppBotBundle.Tests.Command.Checker.PermissionsCheckerTest" assertions="6" time="0.082368"/>
      <testcase name="testCheckWithFixOption" file="/home/admin/work/source/php-monorepo/packages/lark-app-bot-bundle/tests/Command/Checker/PermissionsCheckerTest.php" line="70" class="Tourze\LarkAppBotBundle\Tests\Command\Checker\PermissionsCheckerTest" classname="Tourze.LarkAppBotBundle.Tests.Command.Checker.PermissionsCheckerTest" assertions="2" time="0.078535"/>
    </testsuite>
    <testsuite name="Tourze\LarkAppBotBundle\Tests\Command\Checker\WebhookConfigCheckerTest" file="/home/admin/work/source/php-monorepo/packages/lark-app-bot-bundle/tests/Command/Checker/WebhookConfigCheckerTest.php" tests="10" assertions="22" errors="0" failures="0" skipped="0" time="0.766229">
      <testcase name="testShouldHaveRunTestsInSeparateProcesses" file="/home/admin/work/source/php-monorepo/packages/phpunit-symfony-kernel-test/src/AbstractIntegrationTestCase.php" line="919" class="Tourze\LarkAppBotBundle\Tests\Command\Checker\WebhookConfigCheckerTest" classname="Tourze.LarkAppBotBundle.Tests.Command.Checker.WebhookConfigCheckerTest" assertions="1" time="0.075498"/>
      <testcase name="testConstructor" file="/home/admin/work/source/php-monorepo/packages/lark-app-bot-bundle/tests/Command/Checker/WebhookConfigCheckerTest.php" line="26" class="Tourze\LarkAppBotBundle\Tests\Command\Checker\WebhookConfigCheckerTest" classname="Tourze.LarkAppBotBundle.Tests.Command.Checker.WebhookConfigCheckerTest" assertions="1" time="0.076638"/>
      <testcase name="testGetName" file="/home/admin/work/source/php-monorepo/packages/lark-app-bot-bundle/tests/Command/Checker/WebhookConfigCheckerTest.php" line="31" class="Tourze\LarkAppBotBundle\Tests\Command\Checker\WebhookConfigCheckerTest" classname="Tourze.LarkAppBotBundle.Tests.Command.Checker.WebhookConfigCheckerTest" assertions="1" time="0.075975"/>
      <testcase name="testCheckWithCompleteWebhookConfig" file="/home/admin/work/source/php-monorepo/packages/lark-app-bot-bundle/tests/Command/Checker/WebhookConfigCheckerTest.php" line="37" class="Tourze\LarkAppBotBundle\Tests\Command\Checker\WebhookConfigCheckerTest" classname="Tourze.LarkAppBotBundle.Tests.Command.Checker.WebhookConfigCheckerTest" assertions="3" time="0.076880"/>
      <testcase name="testCheckWithMissingWebhookConfig" file="/home/admin/work/source/php-monorepo/packages/lark-app-bot-bundle/tests/Command/Checker/WebhookConfigCheckerTest.php" line="73" class="Tourze\LarkAppBotBundle\Tests\Command\Checker\WebhookConfigCheckerTest" classname="Tourze.LarkAppBotBundle.Tests.Command.Checker.WebhookConfigCheckerTest" assertions="3" time="0.076959"/>
      <testcase name="testCheckWithPartialWebhookConfig" file="/home/admin/work/source/php-monorepo/packages/lark-app-bot-bundle/tests/Command/Checker/WebhookConfigCheckerTest.php" line="90" class="Tourze\LarkAppBotBundle\Tests\Command\Checker\WebhookConfigCheckerTest" classname="Tourze.LarkAppBotBundle.Tests.Command.Checker.WebhookConfigCheckerTest" assertions="3" time="0.077079"/>
      <testcase name="testCheckWithEmptyEvents" file="/home/admin/work/source/php-monorepo/packages/lark-app-bot-bundle/tests/Command/Checker/WebhookConfigCheckerTest.php" line="115" class="Tourze\LarkAppBotBundle\Tests\Command\Checker\WebhookConfigCheckerTest" classname="Tourze.LarkAppBotBundle.Tests.Command.Checker.WebhookConfigCheckerTest" assertions="3" time="0.076823"/>
      <testcase name="testCheckWithInvalidWebhookConfig" file="/home/admin/work/source/php-monorepo/packages/lark-app-bot-bundle/tests/Command/Checker/WebhookConfigCheckerTest.php" line="136" class="Tourze\LarkAppBotBundle\Tests\Command\Checker\WebhookConfigCheckerTest" classname="Tourze.LarkAppBotBundle.Tests.Command.Checker.WebhookConfigCheckerTest" assertions="2" time="0.075786"/>
      <testcase name="testCheckWithVerboseMode" file="/home/admin/work/source/php-monorepo/packages/lark-app-bot-bundle/tests/Command/Checker/WebhookConfigCheckerTest.php" line="152" class="Tourze\LarkAppBotBundle\Tests\Command\Checker\WebhookConfigCheckerTest" classname="Tourze.LarkAppBotBundle.Tests.Command.Checker.WebhookConfigCheckerTest" assertions="3" time="0.077505"/>
      <testcase name="testCheckWithNonVerboseMode" file="/home/admin/work/source/php-monorepo/packages/lark-app-bot-bundle/tests/Command/Checker/WebhookConfigCheckerTest.php" line="173" class="Tourze\LarkAppBotBundle\Tests\Command\Checker\WebhookConfigCheckerTest" classname="Tourze.LarkAppBotBundle.Tests.Command.Checker.WebhookConfigCheckerTest" assertions="2" time="0.077087"/>
    </testsuite>
    <testsuite name="Tourze\LarkAppBotBundle\Tests\Command\CommandExecutionContextTest" file="/home/admin/work/source/php-monorepo/packages/lark-app-bot-bundle/tests/Command/CommandExecutionContextTest.php" tests="3" assertions="16" errors="0" failures="0" skipped="0" time="0.220905">
      <testcase name="testShouldHaveRunTestsInSeparateProcesses" file="/home/admin/work/source/php-monorepo/packages/phpunit-symfony-kernel-test/src/AbstractIntegrationTestCase.php" line="919" class="Tourze\LarkAppBotBundle\Tests\Command\CommandExecutionContextTest" classname="Tourze.LarkAppBotBundle.Tests.Command.CommandExecutionContextTest" assertions="1" time="0.072804"/>
      <testcase name="testInstantiateFromService" file="/home/admin/work/source/php-monorepo/packages/lark-app-bot-bundle/tests/Command/CommandExecutionContextTest.php" line="19" class="Tourze\LarkAppBotBundle\Tests\Command\CommandExecutionContextTest" classname="Tourze.LarkAppBotBundle.Tests.Command.CommandExecutionContextTest" assertions="8" time="0.074122"/>
      <testcase name="testReadonlyPropertiesDefinition" file="/home/admin/work/source/php-monorepo/packages/lark-app-bot-bundle/tests/Command/CommandExecutionContextTest.php" line="34" class="Tourze\LarkAppBotBundle\Tests\Command\CommandExecutionContextTest" classname="Tourze.LarkAppBotBundle.Tests.Command.CommandExecutionContextTest" assertions="7" time="0.073978"/>
    </testsuite>
    <testsuite name="Tourze\LarkAppBotBundle\Tests\Command\ConfigCheckCommandTest" file="/home/admin/work/source/php-monorepo/packages/lark-app-bot-bundle/tests/Command/ConfigCheckCommandTest.php" tests="11" assertions="29" errors="0" failures="0" skipped="0" time="3.877587">
      <testcase name="testShouldHaveRunTestsInSeparateProcesses" file="/home/admin/work/source/php-monorepo/packages/phpunit-symfony-kernel-test/src/AbstractIntegrationTestCase.php" line="919" class="Tourze\LarkAppBotBundle\Tests\Command\ConfigCheckCommandTest" classname="Tourze.LarkAppBotBundle.Tests.Command.ConfigCheckCommandTest" assertions="1" time="0.071348"/>
      <testcase name="testCommandSignatureIsFullyTested" file="/home/admin/work/source/php-monorepo/packages/phpunit-symfony-kernel-test/src/AbstractCommandTestCase.php" line="28" class="Tourze\LarkAppBotBundle\Tests\Command\ConfigCheckCommandTest" classname="Tourze.LarkAppBotBundle.Tests.Command.ConfigCheckCommandTest" assertions="5" time="0.119965"/>
      <testcase name="testExecuteBasicCheck" file="/home/admin/work/source/php-monorepo/packages/lark-app-bot-bundle/tests/Command/ConfigCheckCommandTest.php" line="31" class="Tourze\LarkAppBotBundle\Tests\Command\ConfigCheckCommandTest" classname="Tourze.LarkAppBotBundle.Tests.Command.ConfigCheckCommandTest" assertions="6" time="0.263444"/>
      <testcase name="testExecuteWithTestApiOption" file="/home/admin/work/source/php-monorepo/packages/lark-app-bot-bundle/tests/Command/ConfigCheckCommandTest.php" line="44" class="Tourze\LarkAppBotBundle\Tests\Command\ConfigCheckCommandTest" classname="Tourze.LarkAppBotBundle.Tests.Command.ConfigCheckCommandTest" assertions="2" time="1.286980"/>
      <testcase name="testExecuteWithShowTokenOption" file="/home/admin/work/source/php-monorepo/packages/lark-app-bot-bundle/tests/Command/ConfigCheckCommandTest.php" line="54" class="Tourze\LarkAppBotBundle\Tests\Command\ConfigCheckCommandTest" classname="Tourze.LarkAppBotBundle.Tests.Command.ConfigCheckCommandTest" assertions="2" time="0.291480"/>
      <testcase name="testExecuteWithFixOption" file="/home/admin/work/source/php-monorepo/packages/lark-app-bot-bundle/tests/Command/ConfigCheckCommandTest.php" line="65" class="Tourze\LarkAppBotBundle\Tests\Command\ConfigCheckCommandTest" classname="Tourze.LarkAppBotBundle.Tests.Command.ConfigCheckCommandTest" assertions="2" time="0.420541"/>
      <testcase name="testCommandReturnCodeOnSuccess" file="/home/admin/work/source/php-monorepo/packages/lark-app-bot-bundle/tests/Command/ConfigCheckCommandTest.php" line="75" class="Tourze\LarkAppBotBundle\Tests\Command\ConfigCheckCommandTest" classname="Tourze.LarkAppBotBundle.Tests.Command.ConfigCheckCommandTest" assertions="2" time="0.247080"/>
      <testcase name="testCommandHasCorrectName" file="/home/admin/work/source/php-monorepo/packages/lark-app-bot-bundle/tests/Command/ConfigCheckCommandTest.php" line="84" class="Tourze\LarkAppBotBundle\Tests\Command\ConfigCheckCommandTest" classname="Tourze.LarkAppBotBundle.Tests.Command.ConfigCheckCommandTest" assertions="3" time="0.122504"/>
      <testcase name="testOptionTestApi" file="/home/admin/work/source/php-monorepo/packages/lark-app-bot-bundle/tests/Command/ConfigCheckCommandTest.php" line="94" class="Tourze\LarkAppBotBundle\Tests\Command\ConfigCheckCommandTest" classname="Tourze.LarkAppBotBundle.Tests.Command.ConfigCheckCommandTest" assertions="2" time="0.311429"/>
      <testcase name="testOptionFix" file="/home/admin/work/source/php-monorepo/packages/lark-app-bot-bundle/tests/Command/ConfigCheckCommandTest.php" line="104" class="Tourze\LarkAppBotBundle\Tests\Command\ConfigCheckCommandTest" classname="Tourze.LarkAppBotBundle.Tests.Command.ConfigCheckCommandTest" assertions="2" time="0.503118"/>
      <testcase name="testOptionShowToken" file="/home/admin/work/source/php-monorepo/packages/lark-app-bot-bundle/tests/Command/ConfigCheckCommandTest.php" line="114" class="Tourze\LarkAppBotBundle\Tests\Command\ConfigCheckCommandTest" classname="Tourze.LarkAppBotBundle.Tests.Command.ConfigCheckCommandTest" assertions="2" time="0.239699"/>
    </testsuite>
    <testsuite name="Tourze\LarkAppBotBundle\Tests\Command\ConfigCheckerTest" file="/home/admin/work/source/php-monorepo/packages/lark-app-bot-bundle/tests/Command/ConfigCheckerTest.php" tests="4" assertions="4" errors="0" failures="0" skipped="0" time="0.450524">
      <testcase name="testShouldHaveRunTestsInSeparateProcesses" file="/home/admin/work/source/php-monorepo/packages/phpunit-symfony-kernel-test/src/AbstractIntegrationTestCase.php" line="919" class="Tourze\LarkAppBotBundle\Tests\Command\ConfigCheckerTest" classname="Tourze.LarkAppBotBundle.Tests.Command.ConfigCheckerTest" assertions="1" time="0.113398"/>
      <testcase name="testCheckBasicConfig" file="/home/admin/work/source/php-monorepo/packages/lark-app-bot-bundle/tests/Command/ConfigCheckerTest.php" line="19" class="Tourze\LarkAppBotBundle\Tests\Command\ConfigCheckerTest" classname="Tourze.LarkAppBotBundle.Tests.Command.ConfigCheckerTest" assertions="1" time="0.113476"/>
      <testcase name="testCheckNetworkConfig" file="/home/admin/work/source/php-monorepo/packages/lark-app-bot-bundle/tests/Command/ConfigCheckerTest.php" line="24" class="Tourze\LarkAppBotBundle\Tests\Command\ConfigCheckerTest" classname="Tourze.LarkAppBotBundle.Tests.Command.ConfigCheckerTest" assertions="1" time="0.113408"/>
      <testcase name="testCheckCacheConfig" file="/home/admin/work/source/php-monorepo/packages/lark-app-bot-bundle/tests/Command/ConfigCheckerTest.php" line="29" class="Tourze\LarkAppBotBundle\Tests\Command\ConfigCheckerTest" classname="Tourze.LarkAppBotBundle.Tests.Command.ConfigCheckerTest" assertions="1" time="0.110242"/>
    </testsuite>
    <testsuite name="Tourze\LarkAppBotBundle\Tests\Command\GroupManageCommandTest" file="/home/admin/work/source/php-monorepo/packages/lark-app-bot-bundle/tests/Command/GroupManageCommandTest.php" tests="16" assertions="49" errors="0" failures="0" skipped="0" time="1.796763">
      <testcase name="testShouldHaveRunTestsInSeparateProcesses" file="/home/admin/work/source/php-monorepo/packages/phpunit-symfony-kernel-test/src/AbstractIntegrationTestCase.php" line="919" class="Tourze\LarkAppBotBundle\Tests\Command\GroupManageCommandTest" classname="Tourze.LarkAppBotBundle.Tests.Command.GroupManageCommandTest" assertions="1" time="0.115889"/>
      <testcase name="testCommandSignatureIsFullyTested" file="/home/admin/work/source/php-monorepo/packages/phpunit-symfony-kernel-test/src/AbstractCommandTestCase.php" line="28" class="Tourze\LarkAppBotBundle\Tests\Command\GroupManageCommandTest" classname="Tourze.LarkAppBotBundle.Tests.Command.GroupManageCommandTest" assertions="5" time="0.122833"/>
      <testcase name="testCommandExists" file="/home/admin/work/source/php-monorepo/packages/lark-app-bot-bundle/tests/Command/GroupManageCommandTest.php" line="35" class="Tourze\LarkAppBotBundle\Tests\Command\GroupManageCommandTest" classname="Tourze.LarkAppBotBundle.Tests.Command.GroupManageCommandTest" assertions="2" time="0.124115"/>
      <testcase name="testExecuteWithoutArguments" file="/home/admin/work/source/php-monorepo/packages/lark-app-bot-bundle/tests/Command/GroupManageCommandTest.php" line="41" class="Tourze\LarkAppBotBundle\Tests\Command\GroupManageCommandTest" classname="Tourze.LarkAppBotBundle.Tests.Command.GroupManageCommandTest" assertions="3" time="0.125575"/>
      <testcase name="testExecuteWithHelpOption" file="/home/admin/work/source/php-monorepo/packages/lark-app-bot-bundle/tests/Command/GroupManageCommandTest.php" line="51" class="Tourze\LarkAppBotBundle\Tests\Command\GroupManageCommandTest" classname="Tourze.LarkAppBotBundle.Tests.Command.GroupManageCommandTest" assertions="3" time="0.126187"/>
      <testcase name="testArgumentAction" file="/home/admin/work/source/php-monorepo/packages/lark-app-bot-bundle/tests/Command/GroupManageCommandTest.php" line="61" class="Tourze\LarkAppBotBundle\Tests\Command\GroupManageCommandTest" classname="Tourze.LarkAppBotBundle.Tests.Command.GroupManageCommandTest" assertions="4" time="0.121066"/>
      <testcase name="testArgumentChatId" file="/home/admin/work/source/php-monorepo/packages/lark-app-bot-bundle/tests/Command/GroupManageCommandTest.php" line="73" class="Tourze\LarkAppBotBundle\Tests\Command\GroupManageCommandTest" classname="Tourze.LarkAppBotBundle.Tests.Command.GroupManageCommandTest" assertions="4" time="0.120848"/>
      <testcase name="testOptionName" file="/home/admin/work/source/php-monorepo/packages/lark-app-bot-bundle/tests/Command/GroupManageCommandTest.php" line="85" class="Tourze\LarkAppBotBundle\Tests\Command\GroupManageCommandTest" classname="Tourze.LarkAppBotBundle.Tests.Command.GroupManageCommandTest" assertions="3" time="0.123557"/>
      <testcase name="testOptionDescription" file="/home/admin/work/source/php-monorepo/packages/lark-app-bot-bundle/tests/Command/GroupManageCommandTest.php" line="96" class="Tourze\LarkAppBotBundle\Tests\Command\GroupManageCommandTest" classname="Tourze.LarkAppBotBundle.Tests.Command.GroupManageCommandTest" assertions="3" time="0.128046"/>
      <testcase name="testOptionMember" file="/home/admin/work/source/php-monorepo/packages/lark-app-bot-bundle/tests/Command/GroupManageCommandTest.php" line="107" class="Tourze\LarkAppBotBundle\Tests\Command\GroupManageCommandTest" classname="Tourze.LarkAppBotBundle.Tests.Command.GroupManageCommandTest" assertions="3" time="0.121686"/>
      <testcase name="testOptionMemberType" file="/home/admin/work/source/php-monorepo/packages/lark-app-bot-bundle/tests/Command/GroupManageCommandTest.php" line="118" class="Tourze\LarkAppBotBundle\Tests\Command\GroupManageCommandTest" classname="Tourze.LarkAppBotBundle.Tests.Command.GroupManageCommandTest" assertions="3" time="0.123419"/>
      <testcase name="testOptionPage" file="/home/admin/work/source/php-monorepo/packages/lark-app-bot-bundle/tests/Command/GroupManageCommandTest.php" line="129" class="Tourze\LarkAppBotBundle\Tests\Command\GroupManageCommandTest" classname="Tourze.LarkAppBotBundle.Tests.Command.GroupManageCommandTest" assertions="3" time="0.123269"/>
      <testcase name="testOptionSize" file="/home/admin/work/source/php-monorepo/packages/lark-app-bot-bundle/tests/Command/GroupManageCommandTest.php" line="140" class="Tourze\LarkAppBotBundle\Tests\Command\GroupManageCommandTest" classname="Tourze.LarkAppBotBundle.Tests.Command.GroupManageCommandTest" assertions="3" time="0.079262"/>
      <testcase name="testOptionOwner" file="/home/admin/work/source/php-monorepo/packages/lark-app-bot-bundle/tests/Command/GroupManageCommandTest.php" line="151" class="Tourze\LarkAppBotBundle\Tests\Command\GroupManageCommandTest" classname="Tourze.LarkAppBotBundle.Tests.Command.GroupManageCommandTest" assertions="3" time="0.083275"/>
      <testcase name="testOptionPublic" file="/home/admin/work/source/php-monorepo/packages/lark-app-bot-bundle/tests/Command/GroupManageCommandTest.php" line="162" class="Tourze\LarkAppBotBundle\Tests\Command\GroupManageCommandTest" classname="Tourze.LarkAppBotBundle.Tests.Command.GroupManageCommandTest" assertions="3" time="0.078837"/>
      <testcase name="testOptionExternal" file="/home/admin/work/source/php-monorepo/packages/lark-app-bot-bundle/tests/Command/GroupManageCommandTest.php" line="173" class="Tourze\LarkAppBotBundle\Tests\Command\GroupManageCommandTest" classname="Tourze.LarkAppBotBundle.Tests.Command.GroupManageCommandTest" assertions="3" time="0.078898"/>
    </testsuite>
    <testsuite name="Tourze\LarkAppBotBundle\Tests\Command\Handler\ActionHandlerRegistryTest" file="/home/admin/work/source/php-monorepo/packages/lark-app-bot-bundle/tests/Command/Handler/ActionHandlerRegistryTest.php" tests="4" assertions="5" errors="0" failures="0" skipped="0" time="0.306583">
      <testcase name="testShouldHaveRunTestsInSeparateProcesses" file="/home/admin/work/source/php-monorepo/packages/phpunit-symfony-kernel-test/src/AbstractIntegrationTestCase.php" line="919" class="Tourze\LarkAppBotBundle\Tests\Command\Handler\ActionHandlerRegistryTest" classname="Tourze.LarkAppBotBundle.Tests.Command.Handler.ActionHandlerRegistryTest" assertions="1" time="0.074247"/>
      <testcase name="testRegisterHandler" file="/home/admin/work/source/php-monorepo/packages/lark-app-bot-bundle/tests/Command/Handler/ActionHandlerRegistryTest.php" line="21" class="Tourze\LarkAppBotBundle\Tests\Command\Handler\ActionHandlerRegistryTest" classname="Tourze.LarkAppBotBundle.Tests.Command.Handler.ActionHandlerRegistryTest" assertions="1" time="0.078726"/>
      <testcase name="testGetHandlerThrowsExceptionForUnsupportedAction" file="/home/admin/work/source/php-monorepo/packages/lark-app-bot-bundle/tests/Command/Handler/ActionHandlerRegistryTest.php" line="32" class="Tourze\LarkAppBotBundle\Tests\Command\Handler\ActionHandlerRegistryTest" classname="Tourze.LarkAppBotBundle.Tests.Command.Handler.ActionHandlerRegistryTest" assertions="1" time="0.076576"/>
      <testcase name="testGetSupportedActions" file="/home/admin/work/source/php-monorepo/packages/lark-app-bot-bundle/tests/Command/Handler/ActionHandlerRegistryTest.php" line="40" class="Tourze\LarkAppBotBundle\Tests\Command\Handler\ActionHandlerRegistryTest" classname="Tourze.LarkAppBotBundle.Tests.Command.Handler.ActionHandlerRegistryTest" assertions="2" time="0.077034"/>
    </testsuite>
    <testsuite name="Tourze\LarkAppBotBundle\Tests\Command\Handler\AddMembersActionHandlerTest" file="/home/admin/work/source/php-monorepo/packages/lark-app-bot-bundle/tests/Command/Handler/AddMembersActionHandlerTest.php" tests="4" assertions="4" errors="0" failures="0" skipped="0" time="0.312946">
      <testcase name="testShouldHaveRunTestsInSeparateProcesses" file="/home/admin/work/source/php-monorepo/packages/phpunit-symfony-kernel-test/src/AbstractIntegrationTestCase.php" line="919" class="Tourze\LarkAppBotBundle\Tests\Command\Handler\AddMembersActionHandlerTest" classname="Tourze.LarkAppBotBundle.Tests.Command.Handler.AddMembersActionHandlerTest" assertions="1" time="0.074115"/>
      <testcase name="testGetActionName" file="/home/admin/work/source/php-monorepo/packages/lark-app-bot-bundle/tests/Command/Handler/AddMembersActionHandlerTest.php" line="43" class="Tourze\LarkAppBotBundle\Tests\Command\Handler\AddMembersActionHandlerTest" classname="Tourze.LarkAppBotBundle.Tests.Command.Handler.AddMembersActionHandlerTest" assertions="1" time="0.076333"/>
      <testcase name="testExecuteRequiresChatId" file="/home/admin/work/source/php-monorepo/packages/lark-app-bot-bundle/tests/Command/Handler/AddMembersActionHandlerTest.php" line="49" class="Tourze\LarkAppBotBundle\Tests\Command\Handler\AddMembersActionHandlerTest" classname="Tourze.LarkAppBotBundle.Tests.Command.Handler.AddMembersActionHandlerTest" assertions="1" time="0.080402"/>
      <testcase name="testExecuteAddsMember" file="/home/admin/work/source/php-monorepo/packages/lark-app-bot-bundle/tests/Command/Handler/AddMembersActionHandlerTest.php" line="63" class="Tourze\LarkAppBotBundle\Tests\Command\Handler\AddMembersActionHandlerTest" classname="Tourze.LarkAppBotBundle.Tests.Command.Handler.AddMembersActionHandlerTest" assertions="1" time="0.082096"/>
    </testsuite>
    <testsuite name="Tourze\LarkAppBotBundle\Tests\Command\Handler\CreateGroupActionHandlerTest" file="/home/admin/work/source/php-monorepo/packages/lark-app-bot-bundle/tests/Command/Handler/CreateGroupActionHandlerTest.php" tests="4" assertions="4" errors="0" failures="0" skipped="0" time="0.313590">
      <testcase name="testShouldHaveRunTestsInSeparateProcesses" file="/home/admin/work/source/php-monorepo/packages/phpunit-symfony-kernel-test/src/AbstractIntegrationTestCase.php" line="919" class="Tourze\LarkAppBotBundle\Tests\Command\Handler\CreateGroupActionHandlerTest" classname="Tourze.LarkAppBotBundle.Tests.Command.Handler.CreateGroupActionHandlerTest" assertions="1" time="0.074760"/>
      <testcase name="testGetActionName" file="/home/admin/work/source/php-monorepo/packages/lark-app-bot-bundle/tests/Command/Handler/CreateGroupActionHandlerTest.php" line="43" class="Tourze\LarkAppBotBundle\Tests\Command\Handler\CreateGroupActionHandlerTest" classname="Tourze.LarkAppBotBundle.Tests.Command.Handler.CreateGroupActionHandlerTest" assertions="1" time="0.077423"/>
      <testcase name="testExecuteRequiresName" file="/home/admin/work/source/php-monorepo/packages/lark-app-bot-bundle/tests/Command/Handler/CreateGroupActionHandlerTest.php" line="49" class="Tourze\LarkAppBotBundle\Tests\Command\Handler\CreateGroupActionHandlerTest" classname="Tourze.LarkAppBotBundle.Tests.Command.Handler.CreateGroupActionHandlerTest" assertions="1" time="0.077882"/>
      <testcase name="testExecuteCreatesGroup" file="/home/admin/work/source/php-monorepo/packages/lark-app-bot-bundle/tests/Command/Handler/CreateGroupActionHandlerTest.php" line="65" class="Tourze\LarkAppBotBundle\Tests\Command\Handler\CreateGroupActionHandlerTest" classname="Tourze.LarkAppBotBundle.Tests.Command.Handler.CreateGroupActionHandlerTest" assertions="1" time="0.083525"/>
    </testsuite>
    <testsuite name="Tourze\LarkAppBotBundle\Tests\Command\Handler\ListGroupsActionHandlerTest" file="/home/admin/work/source/php-monorepo/packages/lark-app-bot-bundle/tests/Command/Handler/ListGroupsActionHandlerTest.php" tests="3" assertions="3" errors="0" failures="0" skipped="0" time="0.238436">
      <testcase name="testShouldHaveRunTestsInSeparateProcesses" file="/home/admin/work/source/php-monorepo/packages/phpunit-symfony-kernel-test/src/AbstractIntegrationTestCase.php" line="919" class="Tourze\LarkAppBotBundle\Tests\Command\Handler\ListGroupsActionHandlerTest" classname="Tourze.LarkAppBotBundle.Tests.Command.Handler.ListGroupsActionHandlerTest" assertions="1" time="0.074263"/>
      <testcase name="testGetActionName" file="/home/admin/work/source/php-monorepo/packages/lark-app-bot-bundle/tests/Command/Handler/ListGroupsActionHandlerTest.php" line="42" class="Tourze\LarkAppBotBundle\Tests\Command\Handler\ListGroupsActionHandlerTest" classname="Tourze.LarkAppBotBundle.Tests.Command.Handler.ListGroupsActionHandlerTest" assertions="1" time="0.076779"/>
      <testcase name="testExecuteWithNoGroups" file="/home/admin/work/source/php-monorepo/packages/lark-app-bot-bundle/tests/Command/Handler/ListGroupsActionHandlerTest.php" line="48" class="Tourze\LarkAppBotBundle\Tests\Command\Handler\ListGroupsActionHandlerTest" classname="Tourze.LarkAppBotBundle.Tests.Command.Handler.ListGroupsActionHandlerTest" assertions="1" time="0.087394"/>
    </testsuite>
    <testsuite name="Tourze\LarkAppBotBundle\Tests\Command\Handler\ListMembersActionHandlerTest" file="/home/admin/work/source/php-monorepo/packages/lark-app-bot-bundle/tests/Command/Handler/ListMembersActionHandlerTest.php" tests="4" assertions="4" errors="0" failures="0" skipped="0" time="0.314334">
      <testcase name="testShouldHaveRunTestsInSeparateProcesses" file="/home/admin/work/source/php-monorepo/packages/phpunit-symfony-kernel-test/src/AbstractIntegrationTestCase.php" line="919" class="Tourze\LarkAppBotBundle\Tests\Command\Handler\ListMembersActionHandlerTest" classname="Tourze.LarkAppBotBundle.Tests.Command.Handler.ListMembersActionHandlerTest" assertions="1" time="0.074210"/>
      <testcase name="testGetActionName" file="/home/admin/work/source/php-monorepo/packages/lark-app-bot-bundle/tests/Command/Handler/ListMembersActionHandlerTest.php" line="42" class="Tourze\LarkAppBotBundle\Tests\Command\Handler\ListMembersActionHandlerTest" classname="Tourze.LarkAppBotBundle.Tests.Command.Handler.ListMembersActionHandlerTest" assertions="1" time="0.077724"/>
      <testcase name="testExecuteRequiresChatId" file="/home/admin/work/source/php-monorepo/packages/lark-app-bot-bundle/tests/Command/Handler/ListMembersActionHandlerTest.php" line="48" class="Tourze\LarkAppBotBundle\Tests\Command\Handler\ListMembersActionHandlerTest" classname="Tourze.LarkAppBotBundle.Tests.Command.Handler.ListMembersActionHandlerTest" assertions="1" time="0.080512"/>
      <testcase name="testExecuteListsMembers" file="/home/admin/work/source/php-monorepo/packages/lark-app-bot-bundle/tests/Command/Handler/ListMembersActionHandlerTest.php" line="62" class="Tourze\LarkAppBotBundle\Tests\Command\Handler\ListMembersActionHandlerTest" classname="Tourze.LarkAppBotBundle.Tests.Command.Handler.ListMembersActionHandlerTest" assertions="1" time="0.081888"/>
    </testsuite>
    <testsuite name="Tourze\LarkAppBotBundle\Tests\Command\Handler\RemoveMembersActionHandlerTest" file="/home/admin/work/source/php-monorepo/packages/lark-app-bot-bundle/tests/Command/Handler/RemoveMembersActionHandlerTest.php" tests="4" assertions="5" errors="0" failures="0" skipped="0" time="0.318445">
      <testcase name="testShouldHaveRunTestsInSeparateProcesses" file="/home/admin/work/source/php-monorepo/packages/phpunit-symfony-kernel-test/src/AbstractIntegrationTestCase.php" line="919" class="Tourze\LarkAppBotBundle\Tests\Command\Handler\RemoveMembersActionHandlerTest" classname="Tourze.LarkAppBotBundle.Tests.Command.Handler.RemoveMembersActionHandlerTest" assertions="1" time="0.075265"/>
      <testcase name="testGetActionName" file="/home/admin/work/source/php-monorepo/packages/lark-app-bot-bundle/tests/Command/Handler/RemoveMembersActionHandlerTest.php" line="42" class="Tourze\LarkAppBotBundle\Tests\Command\Handler\RemoveMembersActionHandlerTest" classname="Tourze.LarkAppBotBundle.Tests.Command.Handler.RemoveMembersActionHandlerTest" assertions="1" time="0.080745"/>
      <testcase name="testExecuteRequiresChatId" file="/home/admin/work/source/php-monorepo/packages/lark-app-bot-bundle/tests/Command/Handler/RemoveMembersActionHandlerTest.php" line="48" class="Tourze\LarkAppBotBundle\Tests\Command\Handler\RemoveMembersActionHandlerTest" classname="Tourze.LarkAppBotBundle.Tests.Command.Handler.RemoveMembersActionHandlerTest" assertions="1" time="0.082838"/>
      <testcase name="testExecuteRemovesMember" file="/home/admin/work/source/php-monorepo/packages/lark-app-bot-bundle/tests/Command/Handler/RemoveMembersActionHandlerTest.php" line="62" class="Tourze\LarkAppBotBundle\Tests\Command\Handler\RemoveMembersActionHandlerTest" classname="Tourze.LarkAppBotBundle.Tests.Command.Handler.RemoveMembersActionHandlerTest" assertions="2" time="0.079597"/>
    </testsuite>
    <testsuite name="Tourze\LarkAppBotBundle\Tests\Command\Handler\ShowGroupInfoActionHandlerTest" file="/home/admin/work/source/php-monorepo/packages/lark-app-bot-bundle/tests/Command/Handler/ShowGroupInfoActionHandlerTest.php" tests="4" assertions="4" errors="0" failures="0" skipped="0" time="0.384803">
      <testcase name="testShouldHaveRunTestsInSeparateProcesses" file="/home/admin/work/source/php-monorepo/packages/phpunit-symfony-kernel-test/src/AbstractIntegrationTestCase.php" line="919" class="Tourze\LarkAppBotBundle\Tests\Command\Handler\ShowGroupInfoActionHandlerTest" classname="Tourze.LarkAppBotBundle.Tests.Command.Handler.ShowGroupInfoActionHandlerTest" assertions="1" time="0.073940"/>
      <testcase name="testGetActionName" file="/home/admin/work/source/php-monorepo/packages/lark-app-bot-bundle/tests/Command/Handler/ShowGroupInfoActionHandlerTest.php" line="42" class="Tourze\LarkAppBotBundle\Tests\Command\Handler\ShowGroupInfoActionHandlerTest" classname="Tourze.LarkAppBotBundle.Tests.Command.Handler.ShowGroupInfoActionHandlerTest" assertions="1" time="0.077269"/>
      <testcase name="testExecuteRequiresChatId" file="/home/admin/work/source/php-monorepo/packages/lark-app-bot-bundle/tests/Command/Handler/ShowGroupInfoActionHandlerTest.php" line="48" class="Tourze\LarkAppBotBundle\Tests\Command\Handler\ShowGroupInfoActionHandlerTest" classname="Tourze.LarkAppBotBundle.Tests.Command.Handler.ShowGroupInfoActionHandlerTest" assertions="1" time="0.104623"/>
      <testcase name="testExecuteWithValidChatId" file="/home/admin/work/source/php-monorepo/packages/lark-app-bot-bundle/tests/Command/Handler/ShowGroupInfoActionHandlerTest.php" line="62" class="Tourze\LarkAppBotBundle\Tests\Command\Handler\ShowGroupInfoActionHandlerTest" classname="Tourze.LarkAppBotBundle.Tests.Command.Handler.ShowGroupInfoActionHandlerTest" assertions="1" time="0.128971"/>
    </testsuite>
    <testsuite name="Tourze\LarkAppBotBundle\Tests\Command\Handler\UpdateGroupActionHandlerTest" file="/home/admin/work/source/php-monorepo/packages/lark-app-bot-bundle/tests/Command/Handler/UpdateGroupActionHandlerTest.php" tests="4" assertions="5" errors="0" failures="0" skipped="0" time="0.500735">
      <testcase name="testShouldHaveRunTestsInSeparateProcesses" file="/home/admin/work/source/php-monorepo/packages/phpunit-symfony-kernel-test/src/AbstractIntegrationTestCase.php" line="919" class="Tourze\LarkAppBotBundle\Tests\Command\Handler\UpdateGroupActionHandlerTest" classname="Tourze.LarkAppBotBundle.Tests.Command.Handler.UpdateGroupActionHandlerTest" assertions="1" time="0.113141"/>
      <testcase name="testGetActionName" file="/home/admin/work/source/php-monorepo/packages/lark-app-bot-bundle/tests/Command/Handler/UpdateGroupActionHandlerTest.php" line="43" class="Tourze\LarkAppBotBundle\Tests\Command\Handler\UpdateGroupActionHandlerTest" classname="Tourze.LarkAppBotBundle.Tests.Command.Handler.UpdateGroupActionHandlerTest" assertions="1" time="0.121887"/>
      <testcase name="testExecuteRequiresChatId" file="/home/admin/work/source/php-monorepo/packages/lark-app-bot-bundle/tests/Command/Handler/UpdateGroupActionHandlerTest.php" line="49" class="Tourze\LarkAppBotBundle\Tests\Command\Handler\UpdateGroupActionHandlerTest" classname="Tourze.LarkAppBotBundle.Tests.Command.Handler.UpdateGroupActionHandlerTest" assertions="1" time="0.124709"/>
      <testcase name="testExecuteUpdatesGroup" file="/home/admin/work/source/php-monorepo/packages/lark-app-bot-bundle/tests/Command/Handler/UpdateGroupActionHandlerTest.php" line="65" class="Tourze\LarkAppBotBundle\Tests\Command\Handler\UpdateGroupActionHandlerTest" classname="Tourze.LarkAppBotBundle.Tests.Command.Handler.UpdateGroupActionHandlerTest" assertions="2" time="0.140998"/>
    </testsuite>
    <testsuite name="Tourze\LarkAppBotBundle\Tests\Command\Helper\ApiTesterTest" file="/home/admin/work/source/php-monorepo/packages/lark-app-bot-bundle/tests/Command/Helper/ApiTesterTest.php" tests="8" assertions="32" errors="0" failures="0" skipped="0" time="0.981797">
      <testcase name="testShouldHaveRunTestsInSeparateProcesses" file="/home/admin/work/source/php-monorepo/packages/phpunit-symfony-kernel-test/src/AbstractIntegrationTestCase.php" line="919" class="Tourze\LarkAppBotBundle\Tests\Command\Helper\ApiTesterTest" classname="Tourze.LarkAppBotBundle.Tests.Command.Helper.ApiTesterTest" assertions="1" time="0.124089"/>
      <testcase name="testTestApiConnectionSuccess" file="/home/admin/work/source/php-monorepo/packages/lark-app-bot-bundle/tests/Command/Helper/ApiTesterTest.php" line="29" class="Tourze\LarkAppBotBundle\Tests\Command\Helper\ApiTesterTest" classname="Tourze.LarkAppBotBundle.Tests.Command.Helper.ApiTesterTest" assertions="7" time="0.122512"/>
      <testcase name="testTestApiConnectionHttpError" file="/home/admin/work/source/php-monorepo/packages/lark-app-bot-bundle/tests/Command/Helper/ApiTesterTest.php" line="65" class="Tourze\LarkAppBotBundle\Tests\Command\Helper\ApiTesterTest" classname="Tourze.LarkAppBotBundle.Tests.Command.Helper.ApiTesterTest" assertions="4" time="0.121825"/>
      <testcase name="testTestApiConnectionApiError" file="/home/admin/work/source/php-monorepo/packages/lark-app-bot-bundle/tests/Command/Helper/ApiTesterTest.php" line="85" class="Tourze\LarkAppBotBundle\Tests\Command\Helper\ApiTesterTest" classname="Tourze.LarkAppBotBundle.Tests.Command.Helper.ApiTesterTest" assertions="4" time="0.123537"/>
      <testcase name="testTestApiConnectionException" file="/home/admin/work/source/php-monorepo/packages/lark-app-bot-bundle/tests/Command/Helper/ApiTesterTest.php" line="113" class="Tourze\LarkAppBotBundle\Tests\Command\Helper\ApiTesterTest" classname="Tourze.LarkAppBotBundle.Tests.Command.Helper.ApiTesterTest" assertions="4" time="0.123184"/>
      <testcase name="testTestNetworkConnectivitySuccess" file="/home/admin/work/source/php-monorepo/packages/lark-app-bot-bundle/tests/Command/Helper/ApiTesterTest.php" line="133" class="Tourze\LarkAppBotBundle\Tests\Command\Helper\ApiTesterTest" classname="Tourze.LarkAppBotBundle.Tests.Command.Helper.ApiTesterTest" assertions="4" time="0.121964"/>
      <testcase name="testTestNetworkConnectivityInvalidDomain" file="/home/admin/work/source/php-monorepo/packages/lark-app-bot-bundle/tests/Command/Helper/ApiTesterTest.php" line="150" class="Tourze\LarkAppBotBundle\Tests\Command\Helper\ApiTesterTest" classname="Tourze.LarkAppBotBundle.Tests.Command.Helper.ApiTesterTest" assertions="4" time="0.122565"/>
      <testcase name="testTestNetworkConnectivityMissingConfig" file="/home/admin/work/source/php-monorepo/packages/lark-app-bot-bundle/tests/Command/Helper/ApiTesterTest.php" line="165" class="Tourze\LarkAppBotBundle\Tests\Command\Helper\ApiTesterTest" classname="Tourze.LarkAppBotBundle.Tests.Command.Helper.ApiTesterTest" assertions="4" time="0.122120"/>
    </testsuite>
    <testsuite name="Tourze\LarkAppBotBundle\Tests\Command\Helper\ConfigurationValidatorTest" file="/home/admin/work/source/php-monorepo/packages/lark-app-bot-bundle/tests/Command/Helper/ConfigurationValidatorTest.php" tests="5" assertions="6" errors="0" failures="0" skipped="0" time="0.614912">
      <testcase name="testShouldHaveRunTestsInSeparateProcesses" file="/home/admin/work/source/php-monorepo/packages/phpunit-symfony-kernel-test/src/AbstractIntegrationTestCase.php" line="919" class="Tourze\LarkAppBotBundle\Tests\Command\Helper\ConfigurationValidatorTest" classname="Tourze.LarkAppBotBundle.Tests.Command.Helper.ConfigurationValidatorTest" assertions="1" time="0.116009"/>
      <testcase name="testCheckRequiredConfigKeys" file="/home/admin/work/source/php-monorepo/packages/lark-app-bot-bundle/tests/Command/Helper/ConfigurationValidatorTest.php" line="19" class="Tourze\LarkAppBotBundle\Tests\Command\Helper\ConfigurationValidatorTest" classname="Tourze.LarkAppBotBundle.Tests.Command.Helper.ConfigurationValidatorTest" assertions="1" time="0.124112"/>
      <testcase name="testCheckSingleConfigKey" file="/home/admin/work/source/php-monorepo/packages/lark-app-bot-bundle/tests/Command/Helper/ConfigurationValidatorTest.php" line="27" class="Tourze\LarkAppBotBundle\Tests\Command\Helper\ConfigurationValidatorTest" classname="Tourze.LarkAppBotBundle.Tests.Command.Helper.ConfigurationValidatorTest" assertions="1" time="0.126452"/>
      <testcase name="testCheckApiDomainConfig" file="/home/admin/work/source/php-monorepo/packages/lark-app-bot-bundle/tests/Command/Helper/ConfigurationValidatorTest.php" line="34" class="Tourze\LarkAppBotBundle\Tests\Command\Helper\ConfigurationValidatorTest" classname="Tourze.LarkAppBotBundle.Tests.Command.Helper.ConfigurationValidatorTest" assertions="1" time="0.124918"/>
      <testcase name="testInvalidDomainConfig" file="/home/admin/work/source/php-monorepo/packages/lark-app-bot-bundle/tests/Command/Helper/ConfigurationValidatorTest.php" line="42" class="Tourze\LarkAppBotBundle\Tests\Command\Helper\ConfigurationValidatorTest" classname="Tourze.LarkAppBotBundle.Tests.Command.Helper.ConfigurationValidatorTest" assertions="2" time="0.123420"/>
    </testsuite>
    <testsuite name="Tourze\LarkAppBotBundle\Tests\Command\Output\BatchResultFormatterTest" file="/home/admin/work/source/php-monorepo/packages/lark-app-bot-bundle/tests/Command/Output/BatchResultFormatterTest.php" tests="10" assertions="29" errors="0" failures="0" skipped="0" time="1.204904">
      <testcase name="testShouldHaveRunTestsInSeparateProcesses" file="/home/admin/work/source/php-monorepo/packages/phpunit-symfony-kernel-test/src/AbstractIntegrationTestCase.php" line="919" class="Tourze\LarkAppBotBundle\Tests\Command\Output\BatchResultFormatterTest" classname="Tourze.LarkAppBotBundle.Tests.Command.Output.BatchResultFormatterTest" assertions="1" time="0.122270"/>
      <testcase name="testOutputBatchResultsAsTable" file="/home/admin/work/source/php-monorepo/packages/lark-app-bot-bundle/tests/Command/Output/BatchResultFormatterTest.php" line="28" class="Tourze\LarkAppBotBundle\Tests\Command\Output\BatchResultFormatterTest" classname="Tourze.LarkAppBotBundle.Tests.Command.Output.BatchResultFormatterTest" assertions="4" time="0.119905"/>
      <testcase name="testOutputBatchResultsAsJson" file="/home/admin/work/source/php-monorepo/packages/lark-app-bot-bundle/tests/Command/Output/BatchResultFormatterTest.php" line="58" class="Tourze\LarkAppBotBundle\Tests\Command\Output\BatchResultFormatterTest" classname="Tourze.LarkAppBotBundle.Tests.Command.Output.BatchResultFormatterTest" assertions="2" time="0.122784"/>
      <testcase name="testOutputBatchResultsAsJsonWithFields" file="/home/admin/work/source/php-monorepo/packages/lark-app-bot-bundle/tests/Command/Output/BatchResultFormatterTest.php" line="75" class="Tourze\LarkAppBotBundle\Tests\Command\Output\BatchResultFormatterTest" classname="Tourze.LarkAppBotBundle.Tests.Command.Output.BatchResultFormatterTest" assertions="2" time="0.123157"/>
      <testcase name="testOutputBatchResultsAsCsv" file="/home/admin/work/source/php-monorepo/packages/lark-app-bot-bundle/tests/Command/Output/BatchResultFormatterTest.php" line="102" class="Tourze\LarkAppBotBundle\Tests\Command\Output\BatchResultFormatterTest" classname="Tourze.LarkAppBotBundle.Tests.Command.Output.BatchResultFormatterTest" assertions="4" time="0.120918"/>
      <testcase name="testOutputBatchResultsAsCsvWithFields" file="/home/admin/work/source/php-monorepo/packages/lark-app-bot-bundle/tests/Command/Output/BatchResultFormatterTest.php" line="114" class="Tourze\LarkAppBotBundle\Tests\Command\Output\BatchResultFormatterTest" classname="Tourze.LarkAppBotBundle.Tests.Command.Output.BatchResultFormatterTest" assertions="5" time="0.118399"/>
      <testcase name="testOutputBatchResultsEscapesCsvValues" file="/home/admin/work/source/php-monorepo/packages/lark-app-bot-bundle/tests/Command/Output/BatchResultFormatterTest.php" line="138" class="Tourze\LarkAppBotBundle\Tests\Command\Output\BatchResultFormatterTest" classname="Tourze.LarkAppBotBundle.Tests.Command.Output.BatchResultFormatterTest" assertions="2" time="0.120077"/>
      <testcase name="testOutputBatchResultsHandlesDoubleQuotes" file="/home/admin/work/source/php-monorepo/packages/lark-app-bot-bundle/tests/Command/Output/BatchResultFormatterTest.php" line="163" class="Tourze\LarkAppBotBundle\Tests\Command\Output\BatchResultFormatterTest" classname="Tourze.LarkAppBotBundle.Tests.Command.Output.BatchResultFormatterTest" assertions="2" time="0.117886"/>
      <testcase name="testOutputBatchResultsFormatsStatus" file="/home/admin/work/source/php-monorepo/packages/lark-app-bot-bundle/tests/Command/Output/BatchResultFormatterTest.php" line="188" class="Tourze\LarkAppBotBundle\Tests\Command\Output\BatchResultFormatterTest" classname="Tourze.LarkAppBotBundle.Tests.Command.Output.BatchResultFormatterTest" assertions="3" time="0.119185"/>
      <testcase name="testOutputBatchResultsHandlesEmptyResults" file="/home/admin/work/source/php-monorepo/packages/lark-app-bot-bundle/tests/Command/Output/BatchResultFormatterTest.php" line="228" class="Tourze\LarkAppBotBundle\Tests\Command\Output\BatchResultFormatterTest" classname="Tourze.LarkAppBotBundle.Tests.Command.Output.BatchResultFormatterTest" assertions="4" time="0.120322"/>
    </testsuite>
    <testsuite name="Tourze\LarkAppBotBundle\Tests\Command\Output\CsvOutputHelperTest" file="/home/admin/work/source/php-monorepo/packages/lark-app-bot-bundle/tests/Command/Output/CsvOutputHelperTest.php" tests="10" assertions="23" errors="0" failures="0" skipped="0" time="1.207697">
      <testcase name="testShouldHaveRunTestsInSeparateProcesses" file="/home/admin/work/source/php-monorepo/packages/phpunit-symfony-kernel-test/src/AbstractIntegrationTestCase.php" line="919" class="Tourze\LarkAppBotBundle\Tests\Command\Output\CsvOutputHelperTest" classname="Tourze.LarkAppBotBundle.Tests.Command.Output.CsvOutputHelperTest" assertions="1" time="0.118986"/>
      <testcase name="testOutputCsvBasic" file="/home/admin/work/source/php-monorepo/packages/lark-app-bot-bundle/tests/Command/Output/CsvOutputHelperTest.php" line="25" class="Tourze\LarkAppBotBundle\Tests\Command\Output\CsvOutputHelperTest" classname="Tourze.LarkAppBotBundle.Tests.Command.Output.CsvOutputHelperTest" assertions="4" time="0.120894"/>
      <testcase name="testOutputCsvWithCommasInValues" file="/home/admin/work/source/php-monorepo/packages/lark-app-bot-bundle/tests/Command/Output/CsvOutputHelperTest.php" line="51" class="Tourze\LarkAppBotBundle\Tests\Command\Output\CsvOutputHelperTest" classname="Tourze.LarkAppBotBundle.Tests.Command.Output.CsvOutputHelperTest" assertions="2" time="0.120766"/>
      <testcase name="testOutputCsvWithDoubleQuotes" file="/home/admin/work/source/php-monorepo/packages/lark-app-bot-bundle/tests/Command/Output/CsvOutputHelperTest.php" line="73" class="Tourze\LarkAppBotBundle\Tests\Command\Output\CsvOutputHelperTest" classname="Tourze.LarkAppBotBundle.Tests.Command.Output.CsvOutputHelperTest" assertions="2" time="0.121031"/>
      <testcase name="testOutputCsvWithMissingFields" file="/home/admin/work/source/php-monorepo/packages/lark-app-bot-bundle/tests/Command/Output/CsvOutputHelperTest.php" line="95" class="Tourze\LarkAppBotBundle\Tests\Command\Output\CsvOutputHelperTest" classname="Tourze.LarkAppBotBundle.Tests.Command.Output.CsvOutputHelperTest" assertions="3" time="0.120386"/>
      <testcase name="testOutputCsvWithNonScalarValues" file="/home/admin/work/source/php-monorepo/packages/lark-app-bot-bundle/tests/Command/Output/CsvOutputHelperTest.php" line="119" class="Tourze\LarkAppBotBundle\Tests\Command\Output\CsvOutputHelperTest" classname="Tourze.LarkAppBotBundle.Tests.Command.Output.CsvOutputHelperTest" assertions="2" time="0.117190"/>
      <testcase name="testOutputCsvWithNumericValues" file="/home/admin/work/source/php-monorepo/packages/lark-app-bot-bundle/tests/Command/Output/CsvOutputHelperTest.php" line="141" class="Tourze\LarkAppBotBundle\Tests\Command\Output\CsvOutputHelperTest" classname="Tourze.LarkAppBotBundle.Tests.Command.Output.CsvOutputHelperTest" assertions="2" time="0.123444"/>
      <testcase name="testOutputCsvWithEmptyData" file="/home/admin/work/source/php-monorepo/packages/lark-app-bot-bundle/tests/Command/Output/CsvOutputHelperTest.php" line="162" class="Tourze\LarkAppBotBundle\Tests\Command\Output\CsvOutputHelperTest" classname="Tourze.LarkAppBotBundle.Tests.Command.Output.CsvOutputHelperTest" assertions="2" time="0.123487"/>
      <testcase name="testOutputCsvWithEmptyHeaders" file="/home/admin/work/source/php-monorepo/packages/lark-app-bot-bundle/tests/Command/Output/CsvOutputHelperTest.php" line="175" class="Tourze\LarkAppBotBundle\Tests\Command\Output\CsvOutputHelperTest" classname="Tourze.LarkAppBotBundle.Tests.Command.Output.CsvOutputHelperTest" assertions="3" time="0.121253"/>
      <testcase name="testOutputCsvEscapesMultipleSpecialCharacters" file="/home/admin/work/source/php-monorepo/packages/lark-app-bot-bundle/tests/Command/Output/CsvOutputHelperTest.php" line="192" class="Tourze\LarkAppBotBundle\Tests\Command\Output\CsvOutputHelperTest" classname="Tourze.LarkAppBotBundle.Tests.Command.Output.CsvOutputHelperTest" assertions="2" time="0.120260"/>
    </testsuite>
    <testsuite name="Tourze\LarkAppBotBundle\Tests\Command\Output\UserInfoFormatterTest" file="/home/admin/work/source/php-monorepo/packages/lark-app-bot-bundle/tests/Command/Output/UserInfoFormatterTest.php" tests="16" assertions="125" errors="0" failures="0" skipped="0" time="1.297825">
      <testcase name="testShouldHaveRunTestsInSeparateProcesses" file="/home/admin/work/source/php-monorepo/packages/phpunit-symfony-kernel-test/src/AbstractIntegrationTestCase.php" line="919" class="Tourze\LarkAppBotBundle\Tests\Command\Output\UserInfoFormatterTest" classname="Tourze.LarkAppBotBundle.Tests.Command.Output.UserInfoFormatterTest" assertions="1" time="0.098613"/>
      <testcase name="testShowBasicUserInfo" file="/home/admin/work/source/php-monorepo/packages/lark-app-bot-bundle/tests/Command/Output/UserInfoFormatterTest.php" line="28" class="Tourze\LarkAppBotBundle\Tests\Command\Output\UserInfoFormatterTest" classname="Tourze.LarkAppBotBundle.Tests.Command.Output.UserInfoFormatterTest" assertions="13" time="0.078045"/>
      <testcase name="testShowBasicUserInfoWithMissingFields" file="/home/admin/work/source/php-monorepo/packages/lark-app-bot-bundle/tests/Command/Output/UserInfoFormatterTest.php" line="53" class="Tourze\LarkAppBotBundle\Tests\Command\Output\UserInfoFormatterTest" classname="Tourze.LarkAppBotBundle.Tests.Command.Output.UserInfoFormatterTest" assertions="13" time="0.078327"/>
      <testcase name="testShowBasicUserInfoFormatsStatus" file="/home/admin/work/source/php-monorepo/packages/lark-app-bot-bundle/tests/Command/Output/UserInfoFormatterTest.php" line="80" class="Tourze\LarkAppBotBundle\Tests\Command\Output\UserInfoFormatterTest" classname="Tourze.LarkAppBotBundle.Tests.Command.Output.UserInfoFormatterTest" assertions="13" time="0.078782"/>
      <testcase name="testShowUserAvatar" file="/home/admin/work/source/php-monorepo/packages/lark-app-bot-bundle/tests/Command/Output/UserInfoFormatterTest.php" line="105" class="Tourze\LarkAppBotBundle\Tests\Command\Output\UserInfoFormatterTest" classname="Tourze.LarkAppBotBundle.Tests.Command.Output.UserInfoFormatterTest" assertions="2" time="0.078867"/>
      <testcase name="testShowUserAvatarWhenMissing" file="/home/admin/work/source/php-monorepo/packages/lark-app-bot-bundle/tests/Command/Output/UserInfoFormatterTest.php" line="115" class="Tourze\LarkAppBotBundle\Tests\Command\Output\UserInfoFormatterTest" classname="Tourze.LarkAppBotBundle.Tests.Command.Output.UserInfoFormatterTest" assertions="1" time="0.080048"/>
      <testcase name="testShowUserAvatarWhenEmpty" file="/home/admin/work/source/php-monorepo/packages/lark-app-bot-bundle/tests/Command/Output/UserInfoFormatterTest.php" line="128" class="Tourze\LarkAppBotBundle\Tests\Command\Output\UserInfoFormatterTest" classname="Tourze.LarkAppBotBundle.Tests.Command.Output.UserInfoFormatterTest" assertions="1" time="0.082112"/>
      <testcase name="testShowUserDepartments" file="/home/admin/work/source/php-monorepo/packages/lark-app-bot-bundle/tests/Command/Output/UserInfoFormatterTest.php" line="144" class="Tourze\LarkAppBotBundle\Tests\Command\Output\UserInfoFormatterTest" classname="Tourze.LarkAppBotBundle.Tests.Command.Output.UserInfoFormatterTest" assertions="4" time="0.080882"/>
      <testcase name="testShowUserDepartmentsWhenEmpty" file="/home/admin/work/source/php-monorepo/packages/lark-app-bot-bundle/tests/Command/Output/UserInfoFormatterTest.php" line="175" class="Tourze\LarkAppBotBundle\Tests\Command\Output\UserInfoFormatterTest" classname="Tourze.LarkAppBotBundle.Tests.Command.Output.UserInfoFormatterTest" assertions="1" time="0.077128"/>
      <testcase name="testShowUserDepartmentsWhenMissing" file="/home/admin/work/source/php-monorepo/packages/lark-app-bot-bundle/tests/Command/Output/UserInfoFormatterTest.php" line="189" class="Tourze\LarkAppBotBundle\Tests\Command\Output\UserInfoFormatterTest" classname="Tourze.LarkAppBotBundle.Tests.Command.Output.UserInfoFormatterTest" assertions="1" time="0.080226"/>
      <testcase name="testShowUserGroups" file="/home/admin/work/source/php-monorepo/packages/lark-app-bot-bundle/tests/Command/Output/UserInfoFormatterTest.php" line="202" class="Tourze\LarkAppBotBundle\Tests\Command\Output\UserInfoFormatterTest" classname="Tourze.LarkAppBotBundle.Tests.Command.Output.UserInfoFormatterTest" assertions="4" time="0.081263"/>
      <testcase name="testShowUserGroupsWhenEmpty" file="/home/admin/work/source/php-monorepo/packages/lark-app-bot-bundle/tests/Command/Output/UserInfoFormatterTest.php" line="232" class="Tourze\LarkAppBotBundle\Tests\Command\Output\UserInfoFormatterTest" classname="Tourze.LarkAppBotBundle.Tests.Command.Output.UserInfoFormatterTest" assertions="1" time="0.080682"/>
      <testcase name="testShowUserGroupsWhenMissing" file="/home/admin/work/source/php-monorepo/packages/lark-app-bot-bundle/tests/Command/Output/UserInfoFormatterTest.php" line="246" class="Tourze\LarkAppBotBundle\Tests\Command\Output\UserInfoFormatterTest" classname="Tourze.LarkAppBotBundle.Tests.Command.Output.UserInfoFormatterTest" assertions="1" time="0.080055"/>
      <testcase name="testOutputTable" file="/home/admin/work/source/php-monorepo/packages/lark-app-bot-bundle/tests/Command/Output/UserInfoFormatterTest.php" line="259" class="Tourze\LarkAppBotBundle\Tests\Command\Output\UserInfoFormatterTest" classname="Tourze.LarkAppBotBundle.Tests.Command.Output.UserInfoFormatterTest" assertions="2" time="0.079507"/>
      <testcase name="testOutputTableWithMinimalData" file="/home/admin/work/source/php-monorepo/packages/lark-app-bot-bundle/tests/Command/Output/UserInfoFormatterTest.php" line="285" class="Tourze\LarkAppBotBundle\Tests\Command\Output\UserInfoFormatterTest" classname="Tourze.LarkAppBotBundle.Tests.Command.Output.UserInfoFormatterTest" assertions="2" time="0.080534"/>
      <testcase name="testStatusFormatting" file="/home/admin/work/source/php-monorepo/packages/lark-app-bot-bundle/tests/Command/Output/UserInfoFormatterTest.php" line="308" class="Tourze\LarkAppBotBundle\Tests\Command\Output\UserInfoFormatterTest" classname="Tourze.LarkAppBotBundle.Tests.Command.Output.UserInfoFormatterTest" assertions="65" time="0.082755"/>
    </testsuite>
    <testsuite name="Tourze\LarkAppBotBundle\Tests\Command\SendMessageCommandTest" file="/home/admin/work/source/php-monorepo/packages/lark-app-bot-bundle/tests/Command/SendMessageCommandTest.php" tests="15" assertions="47" errors="0" failures="0" skipped="0" time="1.578509">
      <testcase name="testShouldHaveRunTestsInSeparateProcesses" file="/home/admin/work/source/php-monorepo/packages/phpunit-symfony-kernel-test/src/AbstractIntegrationTestCase.php" line="919" class="Tourze\LarkAppBotBundle\Tests\Command\SendMessageCommandTest" classname="Tourze.LarkAppBotBundle.Tests.Command.SendMessageCommandTest" assertions="1" time="0.076331"/>
      <testcase name="testCommandSignatureIsFullyTested" file="/home/admin/work/source/php-monorepo/packages/phpunit-symfony-kernel-test/src/AbstractCommandTestCase.php" line="28" class="Tourze\LarkAppBotBundle\Tests\Command\SendMessageCommandTest" classname="Tourze.LarkAppBotBundle.Tests.Command.SendMessageCommandTest" assertions="5" time="0.081813"/>
      <testcase name="testCommandHasCorrectName" file="/home/admin/work/source/php-monorepo/packages/lark-app-bot-bundle/tests/Command/SendMessageCommandTest.php" line="41" class="Tourze\LarkAppBotBundle\Tests\Command\SendMessageCommandTest" classname="Tourze.LarkAppBotBundle.Tests.Command.SendMessageCommandTest" assertions="2" time="0.082024"/>
      <testcase name="testCommandHasCorrectDescription" file="/home/admin/work/source/php-monorepo/packages/lark-app-bot-bundle/tests/Command/SendMessageCommandTest.php" line="50" class="Tourze\LarkAppBotBundle\Tests\Command\SendMessageCommandTest" classname="Tourze.LarkAppBotBundle.Tests.Command.SendMessageCommandTest" assertions="2" time="0.083057"/>
      <testcase name="testCommandHasCorrectAliases" file="/home/admin/work/source/php-monorepo/packages/lark-app-bot-bundle/tests/Command/SendMessageCommandTest.php" line="59" class="Tourze\LarkAppBotBundle\Tests\Command\SendMessageCommandTest" classname="Tourze.LarkAppBotBundle.Tests.Command.SendMessageCommandTest" assertions="2" time="0.082865"/>
      <testcase name="testExecuteWithMissingArguments" file="/home/admin/work/source/php-monorepo/packages/lark-app-bot-bundle/tests/Command/SendMessageCommandTest.php" line="68" class="Tourze\LarkAppBotBundle\Tests\Command\SendMessageCommandTest" classname="Tourze.LarkAppBotBundle.Tests.Command.SendMessageCommandTest" assertions="3" time="0.081297"/>
      <testcase name="testExecuteWithInvalidReceiver" file="/home/admin/work/source/php-monorepo/packages/lark-app-bot-bundle/tests/Command/SendMessageCommandTest.php" line="76" class="Tourze\LarkAppBotBundle\Tests\Command\SendMessageCommandTest" classname="Tourze.LarkAppBotBundle.Tests.Command.SendMessageCommandTest" assertions="2" time="0.267430"/>
      <testcase name="testArgumentReceiver" file="/home/admin/work/source/php-monorepo/packages/lark-app-bot-bundle/tests/Command/SendMessageCommandTest.php" line="87" class="Tourze\LarkAppBotBundle\Tests\Command\SendMessageCommandTest" classname="Tourze.LarkAppBotBundle.Tests.Command.SendMessageCommandTest" assertions="4" time="0.080074"/>
      <testcase name="testArgumentMessage" file="/home/admin/work/source/php-monorepo/packages/lark-app-bot-bundle/tests/Command/SendMessageCommandTest.php" line="101" class="Tourze\LarkAppBotBundle\Tests\Command\SendMessageCommandTest" classname="Tourze.LarkAppBotBundle.Tests.Command.SendMessageCommandTest" assertions="4" time="0.080626"/>
      <testcase name="testOptionType" file="/home/admin/work/source/php-monorepo/packages/lark-app-bot-bundle/tests/Command/SendMessageCommandTest.php" line="115" class="Tourze\LarkAppBotBundle\Tests\Command\SendMessageCommandTest" classname="Tourze.LarkAppBotBundle.Tests.Command.SendMessageCommandTest" assertions="4" time="0.079863"/>
      <testcase name="testOptionReceiverType" file="/home/admin/work/source/php-monorepo/packages/lark-app-bot-bundle/tests/Command/SendMessageCommandTest.php" line="129" class="Tourze\LarkAppBotBundle\Tests\Command\SendMessageCommandTest" classname="Tourze.LarkAppBotBundle.Tests.Command.SendMessageCommandTest" assertions="4" time="0.079735"/>
      <testcase name="testOptionTitle" file="/home/admin/work/source/php-monorepo/packages/lark-app-bot-bundle/tests/Command/SendMessageCommandTest.php" line="143" class="Tourze\LarkAppBotBundle\Tests\Command\SendMessageCommandTest" classname="Tourze.LarkAppBotBundle.Tests.Command.SendMessageCommandTest" assertions="3" time="0.126743"/>
      <testcase name="testOptionTemplate" file="/home/admin/work/source/php-monorepo/packages/lark-app-bot-bundle/tests/Command/SendMessageCommandTest.php" line="156" class="Tourze\LarkAppBotBundle\Tests\Command\SendMessageCommandTest" classname="Tourze.LarkAppBotBundle.Tests.Command.SendMessageCommandTest" assertions="3" time="0.124933"/>
      <testcase name="testOptionUrgent" file="/home/admin/work/source/php-monorepo/packages/lark-app-bot-bundle/tests/Command/SendMessageCommandTest.php" line="169" class="Tourze\LarkAppBotBundle\Tests\Command\SendMessageCommandTest" classname="Tourze.LarkAppBotBundle.Tests.Command.SendMessageCommandTest" assertions="4" time="0.126079"/>
      <testcase name="testOptionMention" file="/home/admin/work/source/php-monorepo/packages/lark-app-bot-bundle/tests/Command/SendMessageCommandTest.php" line="183" class="Tourze\LarkAppBotBundle\Tests\Command\SendMessageCommandTest" classname="Tourze.LarkAppBotBundle.Tests.Command.SendMessageCommandTest" assertions="4" time="0.125636"/>
    </testsuite>
    <testsuite name="Tourze\LarkAppBotBundle\Tests\Command\UserQueryCommandTest" file="/home/admin/work/source/php-monorepo/packages/lark-app-bot-bundle/tests/Command/UserQueryCommandTest.php" tests="24" assertions="111" errors="0" failures="0" skipped="0" time="3.010175">
      <testcase name="testShouldHaveRunTestsInSeparateProcesses" file="/home/admin/work/source/php-monorepo/packages/phpunit-symfony-kernel-test/src/AbstractIntegrationTestCase.php" line="919" class="Tourze\LarkAppBotBundle\Tests\Command\UserQueryCommandTest" classname="Tourze.LarkAppBotBundle.Tests.Command.UserQueryCommandTest" assertions="1" time="0.115784"/>
      <testcase name="testCommandSignatureIsFullyTested" file="/home/admin/work/source/php-monorepo/packages/phpunit-symfony-kernel-test/src/AbstractCommandTestCase.php" line="28" class="Tourze\LarkAppBotBundle\Tests\Command\UserQueryCommandTest" classname="Tourze.LarkAppBotBundle.Tests.Command.UserQueryCommandTest" assertions="5" time="0.124525"/>
      <testcase name="testCommandConfiguration" file="/home/admin/work/source/php-monorepo/packages/lark-app-bot-bundle/tests/Command/UserQueryCommandTest.php" line="36" class="Tourze\LarkAppBotBundle\Tests\Command\UserQueryCommandTest" classname="Tourze.LarkAppBotBundle.Tests.Command.UserQueryCommandTest" assertions="4" time="0.130946"/>
      <testcase name="testArgumentIdentifier" file="/home/admin/work/source/php-monorepo/packages/lark-app-bot-bundle/tests/Command/UserQueryCommandTest.php" line="47" class="Tourze\LarkAppBotBundle\Tests\Command\UserQueryCommandTest" classname="Tourze.LarkAppBotBundle.Tests.Command.UserQueryCommandTest" assertions="4" time="0.125437"/>
      <testcase name="testOptionType" file="/home/admin/work/source/php-monorepo/packages/lark-app-bot-bundle/tests/Command/UserQueryCommandTest.php" line="61" class="Tourze\LarkAppBotBundle\Tests\Command\UserQueryCommandTest" classname="Tourze.LarkAppBotBundle.Tests.Command.UserQueryCommandTest" assertions="4" time="0.120746"/>
      <testcase name="testOptionBatch" file="/home/admin/work/source/php-monorepo/packages/lark-app-bot-bundle/tests/Command/UserQueryCommandTest.php" line="75" class="Tourze\LarkAppBotBundle\Tests\Command\UserQueryCommandTest" classname="Tourze.LarkAppBotBundle.Tests.Command.UserQueryCommandTest" assertions="4" time="0.123197"/>
      <testcase name="testOptionDepartment" file="/home/admin/work/source/php-monorepo/packages/lark-app-bot-bundle/tests/Command/UserQueryCommandTest.php" line="89" class="Tourze\LarkAppBotBundle\Tests\Command\UserQueryCommandTest" classname="Tourze.LarkAppBotBundle.Tests.Command.UserQueryCommandTest" assertions="4" time="0.122151"/>
      <testcase name="testOptionGroups" file="/home/admin/work/source/php-monorepo/packages/lark-app-bot-bundle/tests/Command/UserQueryCommandTest.php" line="103" class="Tourze\LarkAppBotBundle\Tests\Command\UserQueryCommandTest" classname="Tourze.LarkAppBotBundle.Tests.Command.UserQueryCommandTest" assertions="4" time="0.122519"/>
      <testcase name="testOptionFormat" file="/home/admin/work/source/php-monorepo/packages/lark-app-bot-bundle/tests/Command/UserQueryCommandTest.php" line="117" class="Tourze\LarkAppBotBundle\Tests\Command\UserQueryCommandTest" classname="Tourze.LarkAppBotBundle.Tests.Command.UserQueryCommandTest" assertions="4" time="0.122797"/>
      <testcase name="testOptionFields" file="/home/admin/work/source/php-monorepo/packages/lark-app-bot-bundle/tests/Command/UserQueryCommandTest.php" line="131" class="Tourze\LarkAppBotBundle\Tests\Command\UserQueryCommandTest" classname="Tourze.LarkAppBotBundle.Tests.Command.UserQueryCommandTest" assertions="4" time="0.121857"/>
      <testcase name="testQueryUserWithOpenId" file="/home/admin/work/source/php-monorepo/packages/lark-app-bot-bundle/tests/Command/UserQueryCommandTest.php" line="145" class="Tourze\LarkAppBotBundle\Tests\Command\UserQueryCommandTest" classname="Tourze.LarkAppBotBundle.Tests.Command.UserQueryCommandTest" assertions="7" time="0.129765"/>
      <testcase name="testQueryUserWithAutoDetection" file="/home/admin/work/source/php-monorepo/packages/lark-app-bot-bundle/tests/Command/UserQueryCommandTest.php" line="173" class="Tourze\LarkAppBotBundle\Tests\Command\UserQueryCommandTest" classname="Tourze.LarkAppBotBundle.Tests.Command.UserQueryCommandTest" assertions="8" time="0.131621"/>
      <testcase name="testQueryUserNotFound" file="/home/admin/work/source/php-monorepo/packages/lark-app-bot-bundle/tests/Command/UserQueryCommandTest.php" line="199" class="Tourze\LarkAppBotBundle\Tests\Command\UserQueryCommandTest" classname="Tourze.LarkAppBotBundle.Tests.Command.UserQueryCommandTest" assertions="6" time="0.130803"/>
      <testcase name="testQueryUserWithJsonOutput" file="/home/admin/work/source/php-monorepo/packages/lark-app-bot-bundle/tests/Command/UserQueryCommandTest.php" line="225" class="Tourze\LarkAppBotBundle\Tests\Command\UserQueryCommandTest" classname="Tourze.LarkAppBotBundle.Tests.Command.UserQueryCommandTest" assertions="7" time="0.132307"/>
      <testcase name="testQueryUserWithFieldsFilter" file="/home/admin/work/source/php-monorepo/packages/lark-app-bot-bundle/tests/Command/UserQueryCommandTest.php" line="260" class="Tourze\LarkAppBotBundle\Tests\Command\UserQueryCommandTest" classname="Tourze.LarkAppBotBundle.Tests.Command.UserQueryCommandTest" assertions="7" time="0.125518"/>
      <testcase name="testQueryUserWithDepartmentInfo" file="/home/admin/work/source/php-monorepo/packages/lark-app-bot-bundle/tests/Command/UserQueryCommandTest.php" line="298" class="Tourze\LarkAppBotBundle\Tests\Command\UserQueryCommandTest" classname="Tourze.LarkAppBotBundle.Tests.Command.UserQueryCommandTest" assertions="8" time="0.130201"/>
      <testcase name="testQueryUserWithUnsupportedType" file="/home/admin/work/source/php-monorepo/packages/lark-app-bot-bundle/tests/Command/UserQueryCommandTest.php" line="344" class="Tourze\LarkAppBotBundle\Tests\Command\UserQueryCommandTest" classname="Tourze.LarkAppBotBundle.Tests.Command.UserQueryCommandTest" assertions="3" time="0.132201"/>
      <testcase name="testDetectIdentifierTypeEmail" file="/home/admin/work/source/php-monorepo/packages/lark-app-bot-bundle/tests/Command/UserQueryCommandTest.php" line="356" class="Tourze\LarkAppBotBundle\Tests\Command\UserQueryCommandTest" classname="Tourze.LarkAppBotBundle.Tests.Command.UserQueryCommandTest" assertions="2" time="0.112327"/>
      <testcase name="testDetectIdentifierTypeMobile" file="/home/admin/work/source/php-monorepo/packages/lark-app-bot-bundle/tests/Command/UserQueryCommandTest.php" line="363" class="Tourze\LarkAppBotBundle\Tests\Command\UserQueryCommandTest" classname="Tourze.LarkAppBotBundle.Tests.Command.UserQueryCommandTest" assertions="3" time="0.114075"/>
      <testcase name="testDetectIdentifierTypeOpenId" file="/home/admin/work/source/php-monorepo/packages/lark-app-bot-bundle/tests/Command/UserQueryCommandTest.php" line="371" class="Tourze\LarkAppBotBundle\Tests\Command\UserQueryCommandTest" classname="Tourze.LarkAppBotBundle.Tests.Command.UserQueryCommandTest" assertions="5" time="0.128933"/>
      <testcase name="testDetectIdentifierTypeUserId" file="/home/admin/work/source/php-monorepo/packages/lark-app-bot-bundle/tests/Command/UserQueryCommandTest.php" line="396" class="Tourze\LarkAppBotBundle\Tests\Command\UserQueryCommandTest" classname="Tourze.LarkAppBotBundle.Tests.Command.UserQueryCommandTest" assertions="5" time="0.129267"/>
      <testcase name="testFormatStatusValues" file="/home/admin/work/source/php-monorepo/packages/lark-app-bot-bundle/tests/Command/UserQueryCommandTest.php" line="421" class="Tourze\LarkAppBotBundle\Tests\Command\UserQueryCommandTest" classname="Tourze.LarkAppBotBundle.Tests.Command.UserQueryCommandTest" assertions="3" time="0.129673"/>
      <testcase name="testQueryUserWithException" file="/home/admin/work/source/php-monorepo/packages/lark-app-bot-bundle/tests/Command/UserQueryCommandTest.php" line="443" class="Tourze\LarkAppBotBundle\Tests\Command\UserQueryCommandTest" classname="Tourze.LarkAppBotBundle.Tests.Command.UserQueryCommandTest" assertions="5" time="0.126803"/>
      <testcase name="testQueryUserWithVerboseOutput" file="/home/admin/work/source/php-monorepo/packages/lark-app-bot-bundle/tests/Command/UserQueryCommandTest.php" line="468" class="Tourze\LarkAppBotBundle\Tests\Command\UserQueryCommandTest" classname="Tourze.LarkAppBotBundle.Tests.Command.UserQueryCommandTest" assertions="4" time="0.126720"/>
    </testsuite>
    <testsuite name="Tourze\LarkAppBotBundle\Tests\Controller\Admin\ApiLogCrudControllerTest" file="/home/admin/work/source/php-monorepo/packages/lark-app-bot-bundle/tests/Controller/Admin/ApiLogCrudControllerTest.php" tests="35" assertions="153" errors="0" failures="0" skipped="4" time="3.744439">
      <testcase name="testShouldHaveRunTestsInSeparateProcesses" file="/home/admin/work/source/php-monorepo/packages/phpunit-symfony-web-test/src/AbstractWebTestCase.php" line="578" class="Tourze\LarkAppBotBundle\Tests\Controller\Admin\ApiLogCrudControllerTest" classname="Tourze.LarkAppBotBundle.Tests.Controller.Admin.ApiLogCrudControllerTest" assertions="3" time="1.171499"/>
      <testcase name="testControllerClassShouldBeFinal" file="/home/admin/work/source/php-monorepo/packages/phpunit-symfony-web-test/src/AbstractWebTestCase.php" line="588" class="Tourze\LarkAppBotBundle\Tests\Controller\Admin\ApiLogCrudControllerTest" classname="Tourze.LarkAppBotBundle.Tests.Controller.Admin.ApiLogCrudControllerTest" assertions="4" time="0.047860"/>
      <testcase name="testControllerShouldHaveInvokeMethod" file="/home/admin/work/source/php-monorepo/packages/phpunit-symfony-web-test/src/AbstractWebTestCase.php" line="609" class="Tourze\LarkAppBotBundle\Tests\Controller\Admin\ApiLogCrudControllerTest" classname="Tourze.LarkAppBotBundle.Tests.Controller.Admin.ApiLogCrudControllerTest" assertions="3" time="0.047387"/>
      <testcase name="testControllerClassShouldNotHaveRouteAttribute" file="/home/admin/work/source/php-monorepo/packages/phpunit-symfony-web-test/src/AbstractWebTestCase.php" line="626" class="Tourze\LarkAppBotBundle\Tests\Controller\Admin\ApiLogCrudControllerTest" classname="Tourze.LarkAppBotBundle.Tests.Controller.Admin.ApiLogCrudControllerTest" assertions="3" time="0.047213"/>
      <testcase name="testInvokeFunctionHasRouteAttribute" file="/home/admin/work/source/php-monorepo/packages/phpunit-symfony-web-test/src/AbstractWebTestCase.php" line="654" class="Tourze\LarkAppBotBundle\Tests\Controller\Admin\ApiLogCrudControllerTest" classname="Tourze.LarkAppBotBundle.Tests.Controller.Admin.ApiLogCrudControllerTest" assertions="3" time="0.046858"/>
      <testcase name="testEnsureTestMethodNotAllowed" file="/home/admin/work/source/php-monorepo/packages/phpunit-symfony-web-test/src/AbstractWebTestCase.php" line="695" class="Tourze\LarkAppBotBundle\Tests\Controller\Admin\ApiLogCrudControllerTest" classname="Tourze.LarkAppBotBundle.Tests.Controller.Admin.ApiLogCrudControllerTest" assertions="5" time="0.045837"/>
      <testcase name="mustCoverAbstractCrudController" file="/home/admin/work/source/php-monorepo/packages/phpunit-symfony-web-test/src/AbstractEasyAdminControllerTestCase.php" line="112" class="Tourze\LarkAppBotBundle\Tests\Controller\Admin\ApiLogCrudControllerTest" classname="Tourze.LarkAppBotBundle.Tests.Controller.Admin.ApiLogCrudControllerTest" assertions="3" time="0.049023"/>
      <testcase name="testAdminCrudAttributeDoesNotUseAdminPrefix" file="/home/admin/work/source/php-monorepo/packages/phpunit-symfony-web-test/src/AbstractEasyAdminControllerTestCase.php" line="121" class="Tourze\LarkAppBotBundle\Tests\Controller\Admin\ApiLogCrudControllerTest" classname="Tourze.LarkAppBotBundle.Tests.Controller.Admin.ApiLogCrudControllerTest" assertions="15" time="0.031375"/>
      <testcase name="testUnauthenticatedAccessDenied" file="/home/admin/work/source/php-monorepo/packages/phpunit-symfony-web-test/src/AbstractEasyAdminControllerTestCase.php" line="285" class="Tourze\LarkAppBotBundle\Tests\Controller\Admin\ApiLogCrudControllerTest" classname="Tourze.LarkAppBotBundle.Tests.Controller.Admin.ApiLogCrudControllerTest" assertions="3" time="0.105264"/>
      <testsuite name="Tourze\LarkAppBotBundle\Tests\Controller\Admin\ApiLogCrudControllerTest::testMethodNotAllowed" tests="1" assertions="3" errors="0" failures="0" skipped="0" time="0.029148">
        <testcase name="testMethodNotAllowed with data set &quot;INVALID method&quot;" file="/home/admin/work/source/php-monorepo/packages/phpunit-symfony-web-test/src/AbstractEasyAdminControllerTestCase.php" line="303" class="Tourze\LarkAppBotBundle\Tests\Controller\Admin\ApiLogCrudControllerTest" classname="Tourze.LarkAppBotBundle.Tests.Controller.Admin.ApiLogCrudControllerTest" assertions="3" time="0.029148"/>
      </testsuite>
      <testcase name="testHasConfigureFieldsMethod" file="/home/admin/work/source/php-monorepo/packages/phpunit-symfony-web-test/src/AbstractEasyAdminControllerTestCase.php" line="309" class="Tourze\LarkAppBotBundle\Tests\Controller\Admin\ApiLogCrudControllerTest" classname="Tourze.LarkAppBotBundle.Tests.Controller.Admin.ApiLogCrudControllerTest" assertions="3" time="0.030297"/>
      <testcase name="testHasConfigureFiltersMethod" file="/home/admin/work/source/php-monorepo/packages/phpunit-symfony-web-test/src/AbstractEasyAdminControllerTestCase.php" line="317" class="Tourze\LarkAppBotBundle\Tests\Controller\Admin\ApiLogCrudControllerTest" classname="Tourze.LarkAppBotBundle.Tests.Controller.Admin.ApiLogCrudControllerTest" assertions="3" time="0.030130"/>
      <testcase name="testHasConfigureCrudMethod" file="/home/admin/work/source/php-monorepo/packages/phpunit-symfony-web-test/src/AbstractEasyAdminControllerTestCase.php" line="325" class="Tourze\LarkAppBotBundle\Tests\Controller\Admin\ApiLogCrudControllerTest" classname="Tourze.LarkAppBotBundle.Tests.Controller.Admin.ApiLogCrudControllerTest" assertions="3" time="0.029304"/>
      <testcase name="testIndexListShouldNotDisplayInaccessible" file="/home/admin/work/source/php-monorepo/packages/phpunit-symfony-web-test/src/AbstractEasyAdminControllerTestCase.php" line="332" class="Tourze\LarkAppBotBundle\Tests\Controller\Admin\ApiLogCrudControllerTest" classname="Tourze.LarkAppBotBundle.Tests.Controller.Admin.ApiLogCrudControllerTest" assertions="4" time="0.364816"/>
      <testcase name="testIndexPageHeadersProviderHasData" file="/home/admin/work/source/php-monorepo/packages/phpunit-symfony-web-test/src/AbstractEasyAdminControllerTestCase.php" line="362" class="Tourze\LarkAppBotBundle\Tests\Controller\Admin\ApiLogCrudControllerTest" classname="Tourze.LarkAppBotBundle.Tests.Controller.Admin.ApiLogCrudControllerTest" assertions="18" time="0.032287"/>
      <testsuite name="Tourze\LarkAppBotBundle\Tests\Controller\Admin\ApiLogCrudControllerTest::testIndexPageShowsConfiguredColumns" tests="5" assertions="25" errors="0" failures="0" skipped="0" time="0.688888">
        <testcase name="testIndexPageShowsConfiguredColumns with data set &quot;ID&quot;" file="/home/admin/work/source/php-monorepo/packages/phpunit-symfony-web-test/src/AbstractEasyAdminControllerTestCase.php" line="398" class="Tourze\LarkAppBotBundle\Tests\Controller\Admin\ApiLogCrudControllerTest" classname="Tourze.LarkAppBotBundle.Tests.Controller.Admin.ApiLogCrudControllerTest" assertions="5" time="0.137005"/>
        <testcase name="testIndexPageShowsConfiguredColumns with data set &quot;API端点&quot;" file="/home/admin/work/source/php-monorepo/packages/phpunit-symfony-web-test/src/AbstractEasyAdminControllerTestCase.php" line="398" class="Tourze\LarkAppBotBundle\Tests\Controller\Admin\ApiLogCrudControllerTest" classname="Tourze.LarkAppBotBundle.Tests.Controller.Admin.ApiLogCrudControllerTest" assertions="5" time="0.134165"/>
        <testcase name="testIndexPageShowsConfiguredColumns with data set &quot;HTTP方法&quot;" file="/home/admin/work/source/php-monorepo/packages/phpunit-symfony-web-test/src/AbstractEasyAdminControllerTestCase.php" line="398" class="Tourze\LarkAppBotBundle\Tests\Controller\Admin\ApiLogCrudControllerTest" classname="Tourze.LarkAppBotBundle.Tests.Controller.Admin.ApiLogCrudControllerTest" assertions="5" time="0.139833"/>
        <testcase name="testIndexPageShowsConfiguredColumns with data set &quot;状态码&quot;" file="/home/admin/work/source/php-monorepo/packages/phpunit-symfony-web-test/src/AbstractEasyAdminControllerTestCase.php" line="398" class="Tourze\LarkAppBotBundle\Tests\Controller\Admin\ApiLogCrudControllerTest" classname="Tourze.LarkAppBotBundle.Tests.Controller.Admin.ApiLogCrudControllerTest" assertions="5" time="0.138098"/>
        <testcase name="testIndexPageShowsConfiguredColumns with data set &quot;创建时间&quot;" file="/home/admin/work/source/php-monorepo/packages/phpunit-symfony-web-test/src/AbstractEasyAdminControllerTestCase.php" line="398" class="Tourze\LarkAppBotBundle\Tests\Controller\Admin\ApiLogCrudControllerTest" classname="Tourze.LarkAppBotBundle.Tests.Controller.Admin.ApiLogCrudControllerTest" assertions="5" time="0.139788"/>
      </testsuite>
      <testsuite name="Tourze\LarkAppBotBundle\Tests\Controller\Admin\ApiLogCrudControllerTest::testNewPageShowsConfiguredFields" tests="1" assertions="3" errors="0" failures="0" skipped="0" time="0.059351">
        <testcase name="testNewPageShowsConfiguredFields with data set &quot;disabled&quot;" file="/home/admin/work/source/php-monorepo/packages/phpunit-symfony-web-test/src/AbstractEasyAdminControllerTestCase.php" line="416" class="Tourze\LarkAppBotBundle\Tests\Controller\Admin\ApiLogCrudControllerTest" classname="Tourze.LarkAppBotBundle.Tests.Controller.Admin.ApiLogCrudControllerTest" assertions="3" time="0.059351"/>
      </testsuite>
      <testcase name="testNewPageFieldsProviderHasData" file="/home/admin/work/source/php-monorepo/packages/phpunit-symfony-web-test/src/AbstractEasyAdminControllerTestCase.php" line="473" class="Tourze\LarkAppBotBundle\Tests\Controller\Admin\ApiLogCrudControllerTest" classname="Tourze.LarkAppBotBundle.Tests.Controller.Admin.ApiLogCrudControllerTest" assertions="2" time="0.033215">
        <skipped/>
      </testcase>
      <testcase name="testEditPageAttributesProviderHasData" file="/home/admin/work/source/php-monorepo/packages/phpunit-symfony-web-test/src/AbstractEasyAdminControllerTestCase.php" line="504" class="Tourze\LarkAppBotBundle\Tests\Controller\Admin\ApiLogCrudControllerTest" classname="Tourze.LarkAppBotBundle.Tests.Controller.Admin.ApiLogCrudControllerTest" assertions="2" time="0.063068">
        <skipped/>
      </testcase>
      <testsuite name="Tourze\LarkAppBotBundle\Tests\Controller\Admin\ApiLogCrudControllerTest::testEditPageShowsConfiguredFields" tests="1" assertions="3" errors="0" failures="0" skipped="1" time="0.062748">
        <testcase name="testEditPageShowsConfiguredFields with data set &quot;disabled&quot;" file="/home/admin/work/source/php-monorepo/packages/phpunit-symfony-web-test/src/AbstractEasyAdminControllerTestCase.php" line="532" class="Tourze\LarkAppBotBundle\Tests\Controller\Admin\ApiLogCrudControllerTest" classname="Tourze.LarkAppBotBundle.Tests.Controller.Admin.ApiLogCrudControllerTest" assertions="3" time="0.062748">
          <skipped/>
        </testcase>
      </testsuite>
      <testcase name="testEditPagePrefillsExistingData" file="/home/admin/work/source/php-monorepo/packages/phpunit-symfony-web-test/src/AbstractEasyAdminControllerTestCase.php" line="567" class="Tourze\LarkAppBotBundle\Tests\Controller\Admin\ApiLogCrudControllerTest" classname="Tourze.LarkAppBotBundle.Tests.Controller.Admin.ApiLogCrudControllerTest" assertions="2" time="0.055188">
        <skipped/>
      </testcase>
      <testcase name="ensureAdminActionAttributesAreValid" file="/home/admin/work/source/php-monorepo/packages/phpunit-symfony-web-test/src/AbstractEasyAdminControllerTestCase.php" line="597" class="Tourze\LarkAppBotBundle\Tests\Controller\Admin\ApiLogCrudControllerTest" classname="Tourze.LarkAppBotBundle.Tests.Controller.Admin.ApiLogCrudControllerTest" assertions="3" time="0.033303"/>
      <testcase name="testIndexRowActionLinksShouldNotReturn500" file="/home/admin/work/source/php-monorepo/packages/phpunit-symfony-web-test/src/AbstractEasyAdminControllerTestCase.php" line="648" class="Tourze\LarkAppBotBundle\Tests\Controller\Admin\ApiLogCrudControllerTest" classname="Tourze.LarkAppBotBundle.Tests.Controller.Admin.ApiLogCrudControllerTest" assertions="11" time="0.285258"/>
      <testcase name="testIndexPage" file="/home/admin/work/source/php-monorepo/packages/lark-app-bot-bundle/tests/Controller/Admin/ApiLogCrudControllerTest.php" line="51" class="Tourze\LarkAppBotBundle\Tests\Controller\Admin\ApiLogCrudControllerTest" classname="Tourze.LarkAppBotBundle.Tests.Controller.Admin.ApiLogCrudControllerTest" assertions="3" time="0.096175"/>
      <testcase name="testEntityFqcnConfiguration" file="/home/admin/work/source/php-monorepo/packages/lark-app-bot-bundle/tests/Controller/Admin/ApiLogCrudControllerTest.php" line="66" class="Tourze\LarkAppBotBundle\Tests\Controller\Admin\ApiLogCrudControllerTest" classname="Tourze.LarkAppBotBundle.Tests.Controller.Admin.ApiLogCrudControllerTest" assertions="3" time="0.031753"/>
      <testcase name="testConfigureFields" file="/home/admin/work/source/php-monorepo/packages/lark-app-bot-bundle/tests/Controller/Admin/ApiLogCrudControllerTest.php" line="72" class="Tourze\LarkAppBotBundle\Tests\Controller\Admin\ApiLogCrudControllerTest" classname="Tourze.LarkAppBotBundle.Tests.Controller.Admin.ApiLogCrudControllerTest" assertions="4" time="0.034701"/>
      <testcase name="testConfigureActions" file="/home/admin/work/source/php-monorepo/packages/lark-app-bot-bundle/tests/Controller/Admin/ApiLogCrudControllerTest.php" line="87" class="Tourze\LarkAppBotBundle\Tests\Controller\Admin\ApiLogCrudControllerTest" classname="Tourze.LarkAppBotBundle.Tests.Controller.Admin.ApiLogCrudControllerTest" assertions="3" time="0.032917"/>
      <testcase name="testConfigureCrud" file="/home/admin/work/source/php-monorepo/packages/lark-app-bot-bundle/tests/Controller/Admin/ApiLogCrudControllerTest.php" line="95" class="Tourze\LarkAppBotBundle\Tests\Controller\Admin\ApiLogCrudControllerTest" classname="Tourze.LarkAppBotBundle.Tests.Controller.Admin.ApiLogCrudControllerTest" assertions="3" time="0.033474"/>
      <testcase name="testConfigureFilters" file="/home/admin/work/source/php-monorepo/packages/lark-app-bot-bundle/tests/Controller/Admin/ApiLogCrudControllerTest.php" line="103" class="Tourze\LarkAppBotBundle\Tests\Controller\Admin\ApiLogCrudControllerTest" classname="Tourze.LarkAppBotBundle.Tests.Controller.Admin.ApiLogCrudControllerTest" assertions="3" time="0.034499"/>
      <testcase name="testDetailAccess" file="/home/admin/work/source/php-monorepo/packages/lark-app-bot-bundle/tests/Controller/Admin/ApiLogCrudControllerTest.php" line="114" class="Tourze\LarkAppBotBundle\Tests\Controller\Admin\ApiLogCrudControllerTest" classname="Tourze.LarkAppBotBundle.Tests.Controller.Admin.ApiLogCrudControllerTest" assertions="4" time="0.059062"/>
      <testcase name="testReadOnlyConfiguration" file="/home/admin/work/source/php-monorepo/packages/lark-app-bot-bundle/tests/Controller/Admin/ApiLogCrudControllerTest.php" line="131" class="Tourze\LarkAppBotBundle\Tests\Controller\Admin\ApiLogCrudControllerTest" classname="Tourze.LarkAppBotBundle.Tests.Controller.Admin.ApiLogCrudControllerTest" assertions="3" time="0.032540"/>
    </testsuite>
    <testsuite name="Tourze\LarkAppBotBundle\Tests\Controller\Admin\BotConfigurationCrudControllerTest" file="/home/admin/work/source/php-monorepo/packages/lark-app-bot-bundle/tests/Controller/Admin/BotConfigurationCrudControllerTest.php" tests="48" assertions="308" errors="0" failures="0" skipped="0" time="5.717916">
      <testcase name="testShouldHaveRunTestsInSeparateProcesses" file="/home/admin/work/source/php-monorepo/packages/phpunit-symfony-web-test/src/AbstractWebTestCase.php" line="578" class="Tourze\LarkAppBotBundle\Tests\Controller\Admin\BotConfigurationCrudControllerTest" classname="Tourze.LarkAppBotBundle.Tests.Controller.Admin.BotConfigurationCrudControllerTest" assertions="3" time="0.032543"/>
      <testcase name="testControllerClassShouldBeFinal" file="/home/admin/work/source/php-monorepo/packages/phpunit-symfony-web-test/src/AbstractWebTestCase.php" line="588" class="Tourze\LarkAppBotBundle\Tests\Controller\Admin\BotConfigurationCrudControllerTest" classname="Tourze.LarkAppBotBundle.Tests.Controller.Admin.BotConfigurationCrudControllerTest" assertions="4" time="0.032569"/>
      <testcase name="testControllerShouldHaveInvokeMethod" file="/home/admin/work/source/php-monorepo/packages/phpunit-symfony-web-test/src/AbstractWebTestCase.php" line="609" class="Tourze\LarkAppBotBundle\Tests\Controller\Admin\BotConfigurationCrudControllerTest" classname="Tourze.LarkAppBotBundle.Tests.Controller.Admin.BotConfigurationCrudControllerTest" assertions="3" time="0.032045"/>
      <testcase name="testControllerClassShouldNotHaveRouteAttribute" file="/home/admin/work/source/php-monorepo/packages/phpunit-symfony-web-test/src/AbstractWebTestCase.php" line="626" class="Tourze\LarkAppBotBundle\Tests\Controller\Admin\BotConfigurationCrudControllerTest" classname="Tourze.LarkAppBotBundle.Tests.Controller.Admin.BotConfigurationCrudControllerTest" assertions="3" time="0.032279"/>
      <testcase name="testInvokeFunctionHasRouteAttribute" file="/home/admin/work/source/php-monorepo/packages/phpunit-symfony-web-test/src/AbstractWebTestCase.php" line="654" class="Tourze\LarkAppBotBundle\Tests\Controller\Admin\BotConfigurationCrudControllerTest" classname="Tourze.LarkAppBotBundle.Tests.Controller.Admin.BotConfigurationCrudControllerTest" assertions="3" time="0.032292"/>
      <testcase name="testEnsureTestMethodNotAllowed" file="/home/admin/work/source/php-monorepo/packages/phpunit-symfony-web-test/src/AbstractWebTestCase.php" line="695" class="Tourze\LarkAppBotBundle\Tests\Controller\Admin\BotConfigurationCrudControllerTest" classname="Tourze.LarkAppBotBundle.Tests.Controller.Admin.BotConfigurationCrudControllerTest" assertions="5" time="0.034554"/>
      <testcase name="mustCoverAbstractCrudController" file="/home/admin/work/source/php-monorepo/packages/phpunit-symfony-web-test/src/AbstractEasyAdminControllerTestCase.php" line="112" class="Tourze\LarkAppBotBundle\Tests\Controller\Admin\BotConfigurationCrudControllerTest" classname="Tourze.LarkAppBotBundle.Tests.Controller.Admin.BotConfigurationCrudControllerTest" assertions="3" time="0.032742"/>
      <testcase name="testAdminCrudAttributeDoesNotUseAdminPrefix" file="/home/admin/work/source/php-monorepo/packages/phpunit-symfony-web-test/src/AbstractEasyAdminControllerTestCase.php" line="121" class="Tourze\LarkAppBotBundle\Tests\Controller\Admin\BotConfigurationCrudControllerTest" classname="Tourze.LarkAppBotBundle.Tests.Controller.Admin.BotConfigurationCrudControllerTest" assertions="15" time="0.032407"/>
      <testcase name="testUnauthenticatedAccessDenied" file="/home/admin/work/source/php-monorepo/packages/phpunit-symfony-web-test/src/AbstractEasyAdminControllerTestCase.php" line="285" class="Tourze\LarkAppBotBundle\Tests\Controller\Admin\BotConfigurationCrudControllerTest" classname="Tourze.LarkAppBotBundle.Tests.Controller.Admin.BotConfigurationCrudControllerTest" assertions="3" time="0.095136"/>
      <testsuite name="Tourze\LarkAppBotBundle\Tests\Controller\Admin\BotConfigurationCrudControllerTest::testMethodNotAllowed" tests="1" assertions="3" errors="0" failures="0" skipped="0" time="0.031150">
        <testcase name="testMethodNotAllowed with data set &quot;INVALID method&quot;" file="/home/admin/work/source/php-monorepo/packages/phpunit-symfony-web-test/src/AbstractEasyAdminControllerTestCase.php" line="303" class="Tourze\LarkAppBotBundle\Tests\Controller\Admin\BotConfigurationCrudControllerTest" classname="Tourze.LarkAppBotBundle.Tests.Controller.Admin.BotConfigurationCrudControllerTest" assertions="3" time="0.031150"/>
      </testsuite>
      <testcase name="testHasConfigureFieldsMethod" file="/home/admin/work/source/php-monorepo/packages/phpunit-symfony-web-test/src/AbstractEasyAdminControllerTestCase.php" line="309" class="Tourze\LarkAppBotBundle\Tests\Controller\Admin\BotConfigurationCrudControllerTest" classname="Tourze.LarkAppBotBundle.Tests.Controller.Admin.BotConfigurationCrudControllerTest" assertions="3" time="0.033527"/>
      <testcase name="testHasConfigureFiltersMethod" file="/home/admin/work/source/php-monorepo/packages/phpunit-symfony-web-test/src/AbstractEasyAdminControllerTestCase.php" line="317" class="Tourze\LarkAppBotBundle\Tests\Controller\Admin\BotConfigurationCrudControllerTest" classname="Tourze.LarkAppBotBundle.Tests.Controller.Admin.BotConfigurationCrudControllerTest" assertions="3" time="0.033240"/>
      <testcase name="testHasConfigureCrudMethod" file="/home/admin/work/source/php-monorepo/packages/phpunit-symfony-web-test/src/AbstractEasyAdminControllerTestCase.php" line="325" class="Tourze\LarkAppBotBundle\Tests\Controller\Admin\BotConfigurationCrudControllerTest" classname="Tourze.LarkAppBotBundle.Tests.Controller.Admin.BotConfigurationCrudControllerTest" assertions="3" time="0.032112"/>
      <testcase name="testIndexListShouldNotDisplayInaccessible" file="/home/admin/work/source/php-monorepo/packages/phpunit-symfony-web-test/src/AbstractEasyAdminControllerTestCase.php" line="332" class="Tourze\LarkAppBotBundle\Tests\Controller\Admin\BotConfigurationCrudControllerTest" classname="Tourze.LarkAppBotBundle.Tests.Controller.Admin.BotConfigurationCrudControllerTest" assertions="4" time="0.153718"/>
      <testcase name="testIndexPageHeadersProviderHasData" file="/home/admin/work/source/php-monorepo/packages/phpunit-symfony-web-test/src/AbstractEasyAdminControllerTestCase.php" line="362" class="Tourze\LarkAppBotBundle\Tests\Controller\Admin\BotConfigurationCrudControllerTest" classname="Tourze.LarkAppBotBundle.Tests.Controller.Admin.BotConfigurationCrudControllerTest" assertions="20" time="0.034515"/>
      <testsuite name="Tourze\LarkAppBotBundle\Tests\Controller\Admin\BotConfigurationCrudControllerTest::testIndexPageShowsConfiguredColumns" tests="6" assertions="30" errors="0" failures="0" skipped="0" time="0.887240">
        <testcase name="testIndexPageShowsConfiguredColumns with data set &quot;ID&quot;" file="/home/admin/work/source/php-monorepo/packages/phpunit-symfony-web-test/src/AbstractEasyAdminControllerTestCase.php" line="398" class="Tourze\LarkAppBotBundle\Tests\Controller\Admin\BotConfigurationCrudControllerTest" classname="Tourze.LarkAppBotBundle.Tests.Controller.Admin.BotConfigurationCrudControllerTest" assertions="5" time="0.150397"/>
        <testcase name="testIndexPageShowsConfiguredColumns with data set &quot;应用ID&quot;" file="/home/admin/work/source/php-monorepo/packages/phpunit-symfony-web-test/src/AbstractEasyAdminControllerTestCase.php" line="398" class="Tourze\LarkAppBotBundle\Tests\Controller\Admin\BotConfigurationCrudControllerTest" classname="Tourze.LarkAppBotBundle.Tests.Controller.Admin.BotConfigurationCrudControllerTest" assertions="5" time="0.149768"/>
        <testcase name="testIndexPageShowsConfiguredColumns with data set &quot;配置名称&quot;" file="/home/admin/work/source/php-monorepo/packages/phpunit-symfony-web-test/src/AbstractEasyAdminControllerTestCase.php" line="398" class="Tourze\LarkAppBotBundle\Tests\Controller\Admin\BotConfigurationCrudControllerTest" classname="Tourze.LarkAppBotBundle.Tests.Controller.Admin.BotConfigurationCrudControllerTest" assertions="5" time="0.149976"/>
        <testcase name="testIndexPageShowsConfiguredColumns with data set &quot;配置键&quot;" file="/home/admin/work/source/php-monorepo/packages/phpunit-symfony-web-test/src/AbstractEasyAdminControllerTestCase.php" line="398" class="Tourze\LarkAppBotBundle\Tests\Controller\Admin\BotConfigurationCrudControllerTest" classname="Tourze.LarkAppBotBundle.Tests.Controller.Admin.BotConfigurationCrudControllerTest" assertions="5" time="0.151460"/>
        <testcase name="testIndexPageShowsConfiguredColumns with data set &quot;是否激活&quot;" file="/home/admin/work/source/php-monorepo/packages/phpunit-symfony-web-test/src/AbstractEasyAdminControllerTestCase.php" line="398" class="Tourze\LarkAppBotBundle\Tests\Controller\Admin\BotConfigurationCrudControllerTest" classname="Tourze.LarkAppBotBundle.Tests.Controller.Admin.BotConfigurationCrudControllerTest" assertions="5" time="0.141932"/>
        <testcase name="testIndexPageShowsConfiguredColumns with data set &quot;创建时间&quot;" file="/home/admin/work/source/php-monorepo/packages/phpunit-symfony-web-test/src/AbstractEasyAdminControllerTestCase.php" line="398" class="Tourze\LarkAppBotBundle\Tests\Controller\Admin\BotConfigurationCrudControllerTest" classname="Tourze.LarkAppBotBundle.Tests.Controller.Admin.BotConfigurationCrudControllerTest" assertions="5" time="0.143708"/>
      </testsuite>
      <testsuite name="Tourze\LarkAppBotBundle\Tests\Controller\Admin\BotConfigurationCrudControllerTest::testNewPageShowsConfiguredFields" tests="6" assertions="36" errors="0" failures="0" skipped="0" time="0.887174">
        <testcase name="testNewPageShowsConfiguredFields with data set &quot;appId&quot;" file="/home/admin/work/source/php-monorepo/packages/phpunit-symfony-web-test/src/AbstractEasyAdminControllerTestCase.php" line="416" class="Tourze\LarkAppBotBundle\Tests\Controller\Admin\BotConfigurationCrudControllerTest" classname="Tourze.LarkAppBotBundle.Tests.Controller.Admin.BotConfigurationCrudControllerTest" assertions="6" time="0.254702"/>
        <testcase name="testNewPageShowsConfiguredFields with data set &quot;name&quot;" file="/home/admin/work/source/php-monorepo/packages/phpunit-symfony-web-test/src/AbstractEasyAdminControllerTestCase.php" line="416" class="Tourze\LarkAppBotBundle\Tests\Controller\Admin\BotConfigurationCrudControllerTest" classname="Tourze.LarkAppBotBundle.Tests.Controller.Admin.BotConfigurationCrudControllerTest" assertions="6" time="0.131424"/>
        <testcase name="testNewPageShowsConfiguredFields with data set &quot;configKey&quot;" file="/home/admin/work/source/php-monorepo/packages/phpunit-symfony-web-test/src/AbstractEasyAdminControllerTestCase.php" line="416" class="Tourze\LarkAppBotBundle\Tests\Controller\Admin\BotConfigurationCrudControllerTest" classname="Tourze.LarkAppBotBundle.Tests.Controller.Admin.BotConfigurationCrudControllerTest" assertions="6" time="0.122826"/>
        <testcase name="testNewPageShowsConfiguredFields with data set &quot;configValue&quot;" file="/home/admin/work/source/php-monorepo/packages/phpunit-symfony-web-test/src/AbstractEasyAdminControllerTestCase.php" line="416" class="Tourze\LarkAppBotBundle\Tests\Controller\Admin\BotConfigurationCrudControllerTest" classname="Tourze.LarkAppBotBundle.Tests.Controller.Admin.BotConfigurationCrudControllerTest" assertions="6" time="0.125645"/>
        <testcase name="testNewPageShowsConfiguredFields with data set &quot;description&quot;" file="/home/admin/work/source/php-monorepo/packages/phpunit-symfony-web-test/src/AbstractEasyAdminControllerTestCase.php" line="416" class="Tourze\LarkAppBotBundle\Tests\Controller\Admin\BotConfigurationCrudControllerTest" classname="Tourze.LarkAppBotBundle.Tests.Controller.Admin.BotConfigurationCrudControllerTest" assertions="6" time="0.125353"/>
        <testcase name="testNewPageShowsConfiguredFields with data set &quot;isActive&quot;" file="/home/admin/work/source/php-monorepo/packages/phpunit-symfony-web-test/src/AbstractEasyAdminControllerTestCase.php" line="416" class="Tourze\LarkAppBotBundle\Tests\Controller\Admin\BotConfigurationCrudControllerTest" classname="Tourze.LarkAppBotBundle.Tests.Controller.Admin.BotConfigurationCrudControllerTest" assertions="6" time="0.127225"/>
      </testsuite>
      <testcase name="testNewPageFieldsProviderHasData" file="/home/admin/work/source/php-monorepo/packages/phpunit-symfony-web-test/src/AbstractEasyAdminControllerTestCase.php" line="473" class="Tourze\LarkAppBotBundle\Tests\Controller\Admin\BotConfigurationCrudControllerTest" classname="Tourze.LarkAppBotBundle.Tests.Controller.Admin.BotConfigurationCrudControllerTest" assertions="23" time="0.040363"/>
      <testcase name="testEditPageAttributesProviderHasData" file="/home/admin/work/source/php-monorepo/packages/phpunit-symfony-web-test/src/AbstractEasyAdminControllerTestCase.php" line="504" class="Tourze\LarkAppBotBundle\Tests\Controller\Admin\BotConfigurationCrudControllerTest" classname="Tourze.LarkAppBotBundle.Tests.Controller.Admin.BotConfigurationCrudControllerTest" assertions="22" time="0.095110"/>
      <testsuite name="Tourze\LarkAppBotBundle\Tests\Controller\Admin\BotConfigurationCrudControllerTest::testEditPageShowsConfiguredFields" tests="6" assertions="42" errors="0" failures="0" skipped="0" time="1.612390">
        <testcase name="testEditPageShowsConfiguredFields with data set &quot;appId&quot;" file="/home/admin/work/source/php-monorepo/packages/phpunit-symfony-web-test/src/AbstractEasyAdminControllerTestCase.php" line="532" class="Tourze\LarkAppBotBundle\Tests\Controller\Admin\BotConfigurationCrudControllerTest" classname="Tourze.LarkAppBotBundle.Tests.Controller.Admin.BotConfigurationCrudControllerTest" assertions="7" time="0.276520"/>
        <testcase name="testEditPageShowsConfiguredFields with data set &quot;name&quot;" file="/home/admin/work/source/php-monorepo/packages/phpunit-symfony-web-test/src/AbstractEasyAdminControllerTestCase.php" line="532" class="Tourze\LarkAppBotBundle\Tests\Controller\Admin\BotConfigurationCrudControllerTest" classname="Tourze.LarkAppBotBundle.Tests.Controller.Admin.BotConfigurationCrudControllerTest" assertions="7" time="0.266774"/>
        <testcase name="testEditPageShowsConfiguredFields with data set &quot;configKey&quot;" file="/home/admin/work/source/php-monorepo/packages/phpunit-symfony-web-test/src/AbstractEasyAdminControllerTestCase.php" line="532" class="Tourze\LarkAppBotBundle\Tests\Controller\Admin\BotConfigurationCrudControllerTest" classname="Tourze.LarkAppBotBundle.Tests.Controller.Admin.BotConfigurationCrudControllerTest" assertions="7" time="0.260279"/>
        <testcase name="testEditPageShowsConfiguredFields with data set &quot;configValue&quot;" file="/home/admin/work/source/php-monorepo/packages/phpunit-symfony-web-test/src/AbstractEasyAdminControllerTestCase.php" line="532" class="Tourze\LarkAppBotBundle\Tests\Controller\Admin\BotConfigurationCrudControllerTest" classname="Tourze.LarkAppBotBundle.Tests.Controller.Admin.BotConfigurationCrudControllerTest" assertions="7" time="0.258506"/>
        <testcase name="testEditPageShowsConfiguredFields with data set &quot;description&quot;" file="/home/admin/work/source/php-monorepo/packages/phpunit-symfony-web-test/src/AbstractEasyAdminControllerTestCase.php" line="532" class="Tourze\LarkAppBotBundle\Tests\Controller\Admin\BotConfigurationCrudControllerTest" classname="Tourze.LarkAppBotBundle.Tests.Controller.Admin.BotConfigurationCrudControllerTest" assertions="7" time="0.274450"/>
        <testcase name="testEditPageShowsConfiguredFields with data set &quot;isActive&quot;" file="/home/admin/work/source/php-monorepo/packages/phpunit-symfony-web-test/src/AbstractEasyAdminControllerTestCase.php" line="532" class="Tourze\LarkAppBotBundle\Tests\Controller\Admin\BotConfigurationCrudControllerTest" classname="Tourze.LarkAppBotBundle.Tests.Controller.Admin.BotConfigurationCrudControllerTest" assertions="7" time="0.275861"/>
      </testsuite>
      <testcase name="testEditPagePrefillsExistingData" file="/home/admin/work/source/php-monorepo/packages/phpunit-symfony-web-test/src/AbstractEasyAdminControllerTestCase.php" line="567" class="Tourze\LarkAppBotBundle\Tests\Controller\Admin\BotConfigurationCrudControllerTest" classname="Tourze.LarkAppBotBundle.Tests.Controller.Admin.BotConfigurationCrudControllerTest" assertions="5" time="0.261521"/>
      <testcase name="ensureAdminActionAttributesAreValid" file="/home/admin/work/source/php-monorepo/packages/phpunit-symfony-web-test/src/AbstractEasyAdminControllerTestCase.php" line="597" class="Tourze\LarkAppBotBundle\Tests\Controller\Admin\BotConfigurationCrudControllerTest" classname="Tourze.LarkAppBotBundle.Tests.Controller.Admin.BotConfigurationCrudControllerTest" assertions="3" time="0.051725"/>
      <testcase name="testIndexRowActionLinksShouldNotReturn500" file="/home/admin/work/source/php-monorepo/packages/phpunit-symfony-web-test/src/AbstractEasyAdminControllerTestCase.php" line="648" class="Tourze\LarkAppBotBundle\Tests\Controller\Admin\BotConfigurationCrudControllerTest" classname="Tourze.LarkAppBotBundle.Tests.Controller.Admin.BotConfigurationCrudControllerTest" assertions="23" time="0.610102"/>
      <testcase name="testIndexPage" file="/home/admin/work/source/php-monorepo/packages/lark-app-bot-bundle/tests/Controller/Admin/BotConfigurationCrudControllerTest.php" line="55" class="Tourze\LarkAppBotBundle\Tests\Controller\Admin\BotConfigurationCrudControllerTest" classname="Tourze.LarkAppBotBundle.Tests.Controller.Admin.BotConfigurationCrudControllerTest" assertions="3" time="0.141361"/>
      <testcase name="testEntityFqcnConfiguration" file="/home/admin/work/source/php-monorepo/packages/lark-app-bot-bundle/tests/Controller/Admin/BotConfigurationCrudControllerTest.php" line="70" class="Tourze\LarkAppBotBundle\Tests\Controller\Admin\BotConfigurationCrudControllerTest" classname="Tourze.LarkAppBotBundle.Tests.Controller.Admin.BotConfigurationCrudControllerTest" assertions="3" time="0.049254"/>
      <testcase name="testCreateBotConfiguration" file="/home/admin/work/source/php-monorepo/packages/lark-app-bot-bundle/tests/Controller/Admin/BotConfigurationCrudControllerTest.php" line="76" class="Tourze\LarkAppBotBundle\Tests\Controller\Admin\BotConfigurationCrudControllerTest" classname="Tourze.LarkAppBotBundle.Tests.Controller.Admin.BotConfigurationCrudControllerTest" assertions="8" time="0.050982"/>
      <testcase name="testEditBotConfiguration" file="/home/admin/work/source/php-monorepo/packages/lark-app-bot-bundle/tests/Controller/Admin/BotConfigurationCrudControllerTest.php" line="99" class="Tourze\LarkAppBotBundle\Tests\Controller\Admin\BotConfigurationCrudControllerTest" classname="Tourze.LarkAppBotBundle.Tests.Controller.Admin.BotConfigurationCrudControllerTest" assertions="3" time="0.050897"/>
      <testcase name="testDetailBotConfiguration" file="/home/admin/work/source/php-monorepo/packages/lark-app-bot-bundle/tests/Controller/Admin/BotConfigurationCrudControllerTest.php" line="108" class="Tourze\LarkAppBotBundle\Tests\Controller\Admin\BotConfigurationCrudControllerTest" classname="Tourze.LarkAppBotBundle.Tests.Controller.Admin.BotConfigurationCrudControllerTest" assertions="6" time="0.053695"/>
      <testcase name="testConfigureActions" file="/home/admin/work/source/php-monorepo/packages/lark-app-bot-bundle/tests/Controller/Admin/BotConfigurationCrudControllerTest.php" line="127" class="Tourze\LarkAppBotBundle\Tests\Controller\Admin\BotConfigurationCrudControllerTest" classname="Tourze.LarkAppBotBundle.Tests.Controller.Admin.BotConfigurationCrudControllerTest" assertions="4" time="0.049894"/>
      <testcase name="testConfigureCrud" file="/home/admin/work/source/php-monorepo/packages/lark-app-bot-bundle/tests/Controller/Admin/BotConfigurationCrudControllerTest.php" line="140" class="Tourze\LarkAppBotBundle\Tests\Controller\Admin\BotConfigurationCrudControllerTest" classname="Tourze.LarkAppBotBundle.Tests.Controller.Admin.BotConfigurationCrudControllerTest" assertions="4" time="0.050209"/>
      <testcase name="testConfigureFilters" file="/home/admin/work/source/php-monorepo/packages/lark-app-bot-bundle/tests/Controller/Admin/BotConfigurationCrudControllerTest.php" line="153" class="Tourze\LarkAppBotBundle\Tests\Controller\Admin\BotConfigurationCrudControllerTest" classname="Tourze.LarkAppBotBundle.Tests.Controller.Admin.BotConfigurationCrudControllerTest" assertions="4" time="0.049050"/>
      <testcase name="testFieldVisibilityAcrossPages" file="/home/admin/work/source/php-monorepo/packages/lark-app-bot-bundle/tests/Controller/Admin/BotConfigurationCrudControllerTest.php" line="169" class="Tourze\LarkAppBotBundle\Tests\Controller\Admin\BotConfigurationCrudControllerTest" classname="Tourze.LarkAppBotBundle.Tests.Controller.Admin.BotConfigurationCrudControllerTest" assertions="6" time="0.052398"/>
      <testcase name="testValidationErrors" file="/home/admin/work/source/php-monorepo/packages/lark-app-bot-bundle/tests/Controller/Admin/BotConfigurationCrudControllerTest.php" line="193" class="Tourze\LarkAppBotBundle\Tests\Controller\Admin\BotConfigurationCrudControllerTest" classname="Tourze.LarkAppBotBundle.Tests.Controller.Admin.BotConfigurationCrudControllerTest" assertions="5" time="0.049722"/>
    </testsuite>
    <testsuite name="Tourze\LarkAppBotBundle\Tests\Controller\Admin\GroupInfoCrudControllerTest" file="/home/admin/work/source/php-monorepo/packages/lark-app-bot-bundle/tests/Controller/Admin/GroupInfoCrudControllerTest.php" tests="53" assertions="342" errors="0" failures="0" skipped="0" time="6.736725">
      <testcase name="testShouldHaveRunTestsInSeparateProcesses" file="/home/admin/work/source/php-monorepo/packages/phpunit-symfony-web-test/src/AbstractWebTestCase.php" line="578" class="Tourze\LarkAppBotBundle\Tests\Controller\Admin\GroupInfoCrudControllerTest" classname="Tourze.LarkAppBotBundle.Tests.Controller.Admin.GroupInfoCrudControllerTest" assertions="3" time="0.047697"/>
      <testcase name="testControllerClassShouldBeFinal" file="/home/admin/work/source/php-monorepo/packages/phpunit-symfony-web-test/src/AbstractWebTestCase.php" line="588" class="Tourze\LarkAppBotBundle\Tests\Controller\Admin\GroupInfoCrudControllerTest" classname="Tourze.LarkAppBotBundle.Tests.Controller.Admin.GroupInfoCrudControllerTest" assertions="4" time="0.049309"/>
      <testcase name="testControllerShouldHaveInvokeMethod" file="/home/admin/work/source/php-monorepo/packages/phpunit-symfony-web-test/src/AbstractWebTestCase.php" line="609" class="Tourze\LarkAppBotBundle\Tests\Controller\Admin\GroupInfoCrudControllerTest" classname="Tourze.LarkAppBotBundle.Tests.Controller.Admin.GroupInfoCrudControllerTest" assertions="3" time="0.048663"/>
      <testcase name="testControllerClassShouldNotHaveRouteAttribute" file="/home/admin/work/source/php-monorepo/packages/phpunit-symfony-web-test/src/AbstractWebTestCase.php" line="626" class="Tourze\LarkAppBotBundle\Tests\Controller\Admin\GroupInfoCrudControllerTest" classname="Tourze.LarkAppBotBundle.Tests.Controller.Admin.GroupInfoCrudControllerTest" assertions="3" time="0.048859"/>
      <testcase name="testInvokeFunctionHasRouteAttribute" file="/home/admin/work/source/php-monorepo/packages/phpunit-symfony-web-test/src/AbstractWebTestCase.php" line="654" class="Tourze\LarkAppBotBundle\Tests\Controller\Admin\GroupInfoCrudControllerTest" classname="Tourze.LarkAppBotBundle.Tests.Controller.Admin.GroupInfoCrudControllerTest" assertions="3" time="0.049222"/>
      <testcase name="testEnsureTestMethodNotAllowed" file="/home/admin/work/source/php-monorepo/packages/phpunit-symfony-web-test/src/AbstractWebTestCase.php" line="695" class="Tourze\LarkAppBotBundle\Tests\Controller\Admin\GroupInfoCrudControllerTest" classname="Tourze.LarkAppBotBundle.Tests.Controller.Admin.GroupInfoCrudControllerTest" assertions="5" time="0.049940"/>
      <testcase name="mustCoverAbstractCrudController" file="/home/admin/work/source/php-monorepo/packages/phpunit-symfony-web-test/src/AbstractEasyAdminControllerTestCase.php" line="112" class="Tourze\LarkAppBotBundle\Tests\Controller\Admin\GroupInfoCrudControllerTest" classname="Tourze.LarkAppBotBundle.Tests.Controller.Admin.GroupInfoCrudControllerTest" assertions="3" time="0.049420"/>
      <testcase name="testAdminCrudAttributeDoesNotUseAdminPrefix" file="/home/admin/work/source/php-monorepo/packages/phpunit-symfony-web-test/src/AbstractEasyAdminControllerTestCase.php" line="121" class="Tourze\LarkAppBotBundle\Tests\Controller\Admin\GroupInfoCrudControllerTest" classname="Tourze.LarkAppBotBundle.Tests.Controller.Admin.GroupInfoCrudControllerTest" assertions="15" time="0.049104"/>
      <testcase name="testUnauthenticatedAccessDenied" file="/home/admin/work/source/php-monorepo/packages/phpunit-symfony-web-test/src/AbstractEasyAdminControllerTestCase.php" line="285" class="Tourze\LarkAppBotBundle\Tests\Controller\Admin\GroupInfoCrudControllerTest" classname="Tourze.LarkAppBotBundle.Tests.Controller.Admin.GroupInfoCrudControllerTest" assertions="3" time="0.143166"/>
      <testsuite name="Tourze\LarkAppBotBundle\Tests\Controller\Admin\GroupInfoCrudControllerTest::testMethodNotAllowed" tests="1" assertions="3" errors="0" failures="0" skipped="0" time="0.048801">
        <testcase name="testMethodNotAllowed with data set &quot;INVALID method&quot;" file="/home/admin/work/source/php-monorepo/packages/phpunit-symfony-web-test/src/AbstractEasyAdminControllerTestCase.php" line="303" class="Tourze\LarkAppBotBundle\Tests\Controller\Admin\GroupInfoCrudControllerTest" classname="Tourze.LarkAppBotBundle.Tests.Controller.Admin.GroupInfoCrudControllerTest" assertions="3" time="0.048801"/>
      </testsuite>
      <testcase name="testHasConfigureFieldsMethod" file="/home/admin/work/source/php-monorepo/packages/phpunit-symfony-web-test/src/AbstractEasyAdminControllerTestCase.php" line="309" class="Tourze\LarkAppBotBundle\Tests\Controller\Admin\GroupInfoCrudControllerTest" classname="Tourze.LarkAppBotBundle.Tests.Controller.Admin.GroupInfoCrudControllerTest" assertions="3" time="0.050386"/>
      <testcase name="testHasConfigureFiltersMethod" file="/home/admin/work/source/php-monorepo/packages/phpunit-symfony-web-test/src/AbstractEasyAdminControllerTestCase.php" line="317" class="Tourze\LarkAppBotBundle\Tests\Controller\Admin\GroupInfoCrudControllerTest" classname="Tourze.LarkAppBotBundle.Tests.Controller.Admin.GroupInfoCrudControllerTest" assertions="3" time="0.050899"/>
      <testcase name="testHasConfigureCrudMethod" file="/home/admin/work/source/php-monorepo/packages/phpunit-symfony-web-test/src/AbstractEasyAdminControllerTestCase.php" line="325" class="Tourze\LarkAppBotBundle\Tests\Controller\Admin\GroupInfoCrudControllerTest" classname="Tourze.LarkAppBotBundle.Tests.Controller.Admin.GroupInfoCrudControllerTest" assertions="3" time="0.050631"/>
      <testcase name="testIndexListShouldNotDisplayInaccessible" file="/home/admin/work/source/php-monorepo/packages/phpunit-symfony-web-test/src/AbstractEasyAdminControllerTestCase.php" line="332" class="Tourze\LarkAppBotBundle\Tests\Controller\Admin\GroupInfoCrudControllerTest" classname="Tourze.LarkAppBotBundle.Tests.Controller.Admin.GroupInfoCrudControllerTest" assertions="4" time="0.230973"/>
      <testcase name="testIndexPageHeadersProviderHasData" file="/home/admin/work/source/php-monorepo/packages/phpunit-symfony-web-test/src/AbstractEasyAdminControllerTestCase.php" line="362" class="Tourze\LarkAppBotBundle\Tests\Controller\Admin\GroupInfoCrudControllerTest" classname="Tourze.LarkAppBotBundle.Tests.Controller.Admin.GroupInfoCrudControllerTest" assertions="26" time="0.057145"/>
      <testsuite name="Tourze\LarkAppBotBundle\Tests\Controller\Admin\GroupInfoCrudControllerTest::testIndexPageShowsConfiguredColumns" tests="6" assertions="30" errors="0" failures="0" skipped="0" time="1.376199">
        <testcase name="testIndexPageShowsConfiguredColumns with data set &quot;ID&quot;" file="/home/admin/work/source/php-monorepo/packages/phpunit-symfony-web-test/src/AbstractEasyAdminControllerTestCase.php" line="398" class="Tourze\LarkAppBotBundle\Tests\Controller\Admin\GroupInfoCrudControllerTest" classname="Tourze.LarkAppBotBundle.Tests.Controller.Admin.GroupInfoCrudControllerTest" assertions="5" time="0.223085"/>
        <testcase name="testIndexPageShowsConfiguredColumns with data set &quot;群组ID&quot;" file="/home/admin/work/source/php-monorepo/packages/phpunit-symfony-web-test/src/AbstractEasyAdminControllerTestCase.php" line="398" class="Tourze\LarkAppBotBundle\Tests\Controller\Admin\GroupInfoCrudControllerTest" classname="Tourze.LarkAppBotBundle.Tests.Controller.Admin.GroupInfoCrudControllerTest" assertions="5" time="0.231310"/>
        <testcase name="testIndexPageShowsConfiguredColumns with data set &quot;群组名称&quot;" file="/home/admin/work/source/php-monorepo/packages/phpunit-symfony-web-test/src/AbstractEasyAdminControllerTestCase.php" line="398" class="Tourze\LarkAppBotBundle\Tests\Controller\Admin\GroupInfoCrudControllerTest" classname="Tourze.LarkAppBotBundle.Tests.Controller.Admin.GroupInfoCrudControllerTest" assertions="5" time="0.230888"/>
        <testcase name="testIndexPageShowsConfiguredColumns with data set &quot;成员数量&quot;" file="/home/admin/work/source/php-monorepo/packages/phpunit-symfony-web-test/src/AbstractEasyAdminControllerTestCase.php" line="398" class="Tourze\LarkAppBotBundle\Tests\Controller\Admin\GroupInfoCrudControllerTest" classname="Tourze.LarkAppBotBundle.Tests.Controller.Admin.GroupInfoCrudControllerTest" assertions="5" time="0.230920"/>
        <testcase name="testIndexPageShowsConfiguredColumns with data set &quot;外部群组&quot;" file="/home/admin/work/source/php-monorepo/packages/phpunit-symfony-web-test/src/AbstractEasyAdminControllerTestCase.php" line="398" class="Tourze\LarkAppBotBundle\Tests\Controller\Admin\GroupInfoCrudControllerTest" classname="Tourze.LarkAppBotBundle.Tests.Controller.Admin.GroupInfoCrudControllerTest" assertions="5" time="0.233828"/>
        <testcase name="testIndexPageShowsConfiguredColumns with data set &quot;创建时间&quot;" file="/home/admin/work/source/php-monorepo/packages/phpunit-symfony-web-test/src/AbstractEasyAdminControllerTestCase.php" line="398" class="Tourze\LarkAppBotBundle\Tests\Controller\Admin\GroupInfoCrudControllerTest" classname="Tourze.LarkAppBotBundle.Tests.Controller.Admin.GroupInfoCrudControllerTest" assertions="5" time="0.226168"/>
      </testsuite>
      <testsuite name="Tourze\LarkAppBotBundle\Tests\Controller\Admin\GroupInfoCrudControllerTest::testNewPageShowsConfiguredFields" tests="8" assertions="48" errors="0" failures="0" skipped="0" time="1.665298">
        <testcase name="testNewPageShowsConfiguredFields with data set &quot;chatId&quot;" file="/home/admin/work/source/php-monorepo/packages/phpunit-symfony-web-test/src/AbstractEasyAdminControllerTestCase.php" line="416" class="Tourze\LarkAppBotBundle\Tests\Controller\Admin\GroupInfoCrudControllerTest" classname="Tourze.LarkAppBotBundle.Tests.Controller.Admin.GroupInfoCrudControllerTest" assertions="6" time="0.210741"/>
        <testcase name="testNewPageShowsConfiguredFields with data set &quot;name&quot;" file="/home/admin/work/source/php-monorepo/packages/phpunit-symfony-web-test/src/AbstractEasyAdminControllerTestCase.php" line="416" class="Tourze\LarkAppBotBundle\Tests\Controller\Admin\GroupInfoCrudControllerTest" classname="Tourze.LarkAppBotBundle.Tests.Controller.Admin.GroupInfoCrudControllerTest" assertions="6" time="0.204133"/>
        <testcase name="testNewPageShowsConfiguredFields with data set &quot;description&quot;" file="/home/admin/work/source/php-monorepo/packages/phpunit-symfony-web-test/src/AbstractEasyAdminControllerTestCase.php" line="416" class="Tourze\LarkAppBotBundle\Tests\Controller\Admin\GroupInfoCrudControllerTest" classname="Tourze.LarkAppBotBundle.Tests.Controller.Admin.GroupInfoCrudControllerTest" assertions="6" time="0.208194"/>
        <testcase name="testNewPageShowsConfiguredFields with data set &quot;ownerId&quot;" file="/home/admin/work/source/php-monorepo/packages/phpunit-symfony-web-test/src/AbstractEasyAdminControllerTestCase.php" line="416" class="Tourze\LarkAppBotBundle\Tests\Controller\Admin\GroupInfoCrudControllerTest" classname="Tourze.LarkAppBotBundle.Tests.Controller.Admin.GroupInfoCrudControllerTest" assertions="6" time="0.203011"/>
        <testcase name="testNewPageShowsConfiguredFields with data set &quot;memberCount&quot;" file="/home/admin/work/source/php-monorepo/packages/phpunit-symfony-web-test/src/AbstractEasyAdminControllerTestCase.php" line="416" class="Tourze\LarkAppBotBundle\Tests\Controller\Admin\GroupInfoCrudControllerTest" classname="Tourze.LarkAppBotBundle.Tests.Controller.Admin.GroupInfoCrudControllerTest" assertions="6" time="0.214246"/>
        <testcase name="testNewPageShowsConfiguredFields with data set &quot;botCount&quot;" file="/home/admin/work/source/php-monorepo/packages/phpunit-symfony-web-test/src/AbstractEasyAdminControllerTestCase.php" line="416" class="Tourze\LarkAppBotBundle\Tests\Controller\Admin\GroupInfoCrudControllerTest" classname="Tourze.LarkAppBotBundle.Tests.Controller.Admin.GroupInfoCrudControllerTest" assertions="6" time="0.207063"/>
        <testcase name="testNewPageShowsConfiguredFields with data set &quot;chatType&quot;" file="/home/admin/work/source/php-monorepo/packages/phpunit-symfony-web-test/src/AbstractEasyAdminControllerTestCase.php" line="416" class="Tourze\LarkAppBotBundle\Tests\Controller\Admin\GroupInfoCrudControllerTest" classname="Tourze.LarkAppBotBundle.Tests.Controller.Admin.GroupInfoCrudControllerTest" assertions="6" time="0.208626"/>
        <testcase name="testNewPageShowsConfiguredFields with data set &quot;external&quot;" file="/home/admin/work/source/php-monorepo/packages/phpunit-symfony-web-test/src/AbstractEasyAdminControllerTestCase.php" line="416" class="Tourze\LarkAppBotBundle\Tests\Controller\Admin\GroupInfoCrudControllerTest" classname="Tourze.LarkAppBotBundle.Tests.Controller.Admin.GroupInfoCrudControllerTest" assertions="6" time="0.209284"/>
      </testsuite>
      <testcase name="testNewPageFieldsProviderHasData" file="/home/admin/work/source/php-monorepo/packages/phpunit-symfony-web-test/src/AbstractEasyAdminControllerTestCase.php" line="473" class="Tourze\LarkAppBotBundle\Tests\Controller\Admin\GroupInfoCrudControllerTest" classname="Tourze.LarkAppBotBundle.Tests.Controller.Admin.GroupInfoCrudControllerTest" assertions="27" time="0.065674"/>
      <testcase name="testEditPageAttributesProviderHasData" file="/home/admin/work/source/php-monorepo/packages/phpunit-symfony-web-test/src/AbstractEasyAdminControllerTestCase.php" line="504" class="Tourze\LarkAppBotBundle\Tests\Controller\Admin\GroupInfoCrudControllerTest" classname="Tourze.LarkAppBotBundle.Tests.Controller.Admin.GroupInfoCrudControllerTest" assertions="26" time="0.097477"/>
      <testsuite name="Tourze\LarkAppBotBundle\Tests\Controller\Admin\GroupInfoCrudControllerTest::testEditPageShowsConfiguredFields" tests="8" assertions="56" errors="0" failures="0" skipped="0" time="1.360625">
        <testcase name="testEditPageShowsConfiguredFields with data set &quot;chatId&quot;" file="/home/admin/work/source/php-monorepo/packages/phpunit-symfony-web-test/src/AbstractEasyAdminControllerTestCase.php" line="532" class="Tourze\LarkAppBotBundle\Tests\Controller\Admin\GroupInfoCrudControllerTest" classname="Tourze.LarkAppBotBundle.Tests.Controller.Admin.GroupInfoCrudControllerTest" assertions="7" time="0.171130"/>
        <testcase name="testEditPageShowsConfiguredFields with data set &quot;name&quot;" file="/home/admin/work/source/php-monorepo/packages/phpunit-symfony-web-test/src/AbstractEasyAdminControllerTestCase.php" line="532" class="Tourze\LarkAppBotBundle\Tests\Controller\Admin\GroupInfoCrudControllerTest" classname="Tourze.LarkAppBotBundle.Tests.Controller.Admin.GroupInfoCrudControllerTest" assertions="7" time="0.172439"/>
        <testcase name="testEditPageShowsConfiguredFields with data set &quot;description&quot;" file="/home/admin/work/source/php-monorepo/packages/phpunit-symfony-web-test/src/AbstractEasyAdminControllerTestCase.php" line="532" class="Tourze\LarkAppBotBundle\Tests\Controller\Admin\GroupInfoCrudControllerTest" classname="Tourze.LarkAppBotBundle.Tests.Controller.Admin.GroupInfoCrudControllerTest" assertions="7" time="0.169946"/>
        <testcase name="testEditPageShowsConfiguredFields with data set &quot;ownerId&quot;" file="/home/admin/work/source/php-monorepo/packages/phpunit-symfony-web-test/src/AbstractEasyAdminControllerTestCase.php" line="532" class="Tourze\LarkAppBotBundle\Tests\Controller\Admin\GroupInfoCrudControllerTest" classname="Tourze.LarkAppBotBundle.Tests.Controller.Admin.GroupInfoCrudControllerTest" assertions="7" time="0.174934"/>
        <testcase name="testEditPageShowsConfiguredFields with data set &quot;memberCount&quot;" file="/home/admin/work/source/php-monorepo/packages/phpunit-symfony-web-test/src/AbstractEasyAdminControllerTestCase.php" line="532" class="Tourze\LarkAppBotBundle\Tests\Controller\Admin\GroupInfoCrudControllerTest" classname="Tourze.LarkAppBotBundle.Tests.Controller.Admin.GroupInfoCrudControllerTest" assertions="7" time="0.167415"/>
        <testcase name="testEditPageShowsConfiguredFields with data set &quot;botCount&quot;" file="/home/admin/work/source/php-monorepo/packages/phpunit-symfony-web-test/src/AbstractEasyAdminControllerTestCase.php" line="532" class="Tourze\LarkAppBotBundle\Tests\Controller\Admin\GroupInfoCrudControllerTest" classname="Tourze.LarkAppBotBundle.Tests.Controller.Admin.GroupInfoCrudControllerTest" assertions="7" time="0.167038"/>
        <testcase name="testEditPageShowsConfiguredFields with data set &quot;chatType&quot;" file="/home/admin/work/source/php-monorepo/packages/phpunit-symfony-web-test/src/AbstractEasyAdminControllerTestCase.php" line="532" class="Tourze\LarkAppBotBundle\Tests\Controller\Admin\GroupInfoCrudControllerTest" classname="Tourze.LarkAppBotBundle.Tests.Controller.Admin.GroupInfoCrudControllerTest" assertions="7" time="0.168794"/>
        <testcase name="testEditPageShowsConfiguredFields with data set &quot;external&quot;" file="/home/admin/work/source/php-monorepo/packages/phpunit-symfony-web-test/src/AbstractEasyAdminControllerTestCase.php" line="532" class="Tourze\LarkAppBotBundle\Tests\Controller\Admin\GroupInfoCrudControllerTest" classname="Tourze.LarkAppBotBundle.Tests.Controller.Admin.GroupInfoCrudControllerTest" assertions="7" time="0.168930"/>
      </testsuite>
      <testcase name="testEditPagePrefillsExistingData" file="/home/admin/work/source/php-monorepo/packages/phpunit-symfony-web-test/src/AbstractEasyAdminControllerTestCase.php" line="567" class="Tourze\LarkAppBotBundle\Tests\Controller\Admin\GroupInfoCrudControllerTest" classname="Tourze.LarkAppBotBundle.Tests.Controller.Admin.GroupInfoCrudControllerTest" assertions="5" time="0.175131"/>
      <testcase name="ensureAdminActionAttributesAreValid" file="/home/admin/work/source/php-monorepo/packages/phpunit-symfony-web-test/src/AbstractEasyAdminControllerTestCase.php" line="597" class="Tourze\LarkAppBotBundle\Tests\Controller\Admin\GroupInfoCrudControllerTest" classname="Tourze.LarkAppBotBundle.Tests.Controller.Admin.GroupInfoCrudControllerTest" assertions="3" time="0.032752"/>
      <testcase name="testIndexRowActionLinksShouldNotReturn500" file="/home/admin/work/source/php-monorepo/packages/phpunit-symfony-web-test/src/AbstractEasyAdminControllerTestCase.php" line="648" class="Tourze\LarkAppBotBundle\Tests\Controller\Admin\GroupInfoCrudControllerTest" classname="Tourze.LarkAppBotBundle.Tests.Controller.Admin.GroupInfoCrudControllerTest" assertions="23" time="0.406890"/>
      <testcase name="testIndexPage" file="/home/admin/work/source/php-monorepo/packages/lark-app-bot-bundle/tests/Controller/Admin/GroupInfoCrudControllerTest.php" line="58" class="Tourze\LarkAppBotBundle\Tests\Controller\Admin\GroupInfoCrudControllerTest" classname="Tourze.LarkAppBotBundle.Tests.Controller.Admin.GroupInfoCrudControllerTest" assertions="3" time="0.086197"/>
      <testcase name="testEntityFqcnConfiguration" file="/home/admin/work/source/php-monorepo/packages/lark-app-bot-bundle/tests/Controller/Admin/GroupInfoCrudControllerTest.php" line="73" class="Tourze\LarkAppBotBundle\Tests\Controller\Admin\GroupInfoCrudControllerTest" classname="Tourze.LarkAppBotBundle.Tests.Controller.Admin.GroupInfoCrudControllerTest" assertions="3" time="0.030757"/>
      <testcase name="testCreateGroupInfo" file="/home/admin/work/source/php-monorepo/packages/lark-app-bot-bundle/tests/Controller/Admin/GroupInfoCrudControllerTest.php" line="79" class="Tourze\LarkAppBotBundle\Tests\Controller\Admin\GroupInfoCrudControllerTest" classname="Tourze.LarkAppBotBundle.Tests.Controller.Admin.GroupInfoCrudControllerTest" assertions="4" time="0.032128"/>
      <testcase name="testEditGroupInfo" file="/home/admin/work/source/php-monorepo/packages/lark-app-bot-bundle/tests/Controller/Admin/GroupInfoCrudControllerTest.php" line="93" class="Tourze\LarkAppBotBundle\Tests\Controller\Admin\GroupInfoCrudControllerTest" classname="Tourze.LarkAppBotBundle.Tests.Controller.Admin.GroupInfoCrudControllerTest" assertions="3" time="0.032958"/>
      <testcase name="testDetailGroupInfo" file="/home/admin/work/source/php-monorepo/packages/lark-app-bot-bundle/tests/Controller/Admin/GroupInfoCrudControllerTest.php" line="102" class="Tourze\LarkAppBotBundle\Tests\Controller\Admin\GroupInfoCrudControllerTest" classname="Tourze.LarkAppBotBundle.Tests.Controller.Admin.GroupInfoCrudControllerTest" assertions="4" time="0.032452"/>
      <testcase name="testConfigureActions" file="/home/admin/work/source/php-monorepo/packages/lark-app-bot-bundle/tests/Controller/Admin/GroupInfoCrudControllerTest.php" line="114" class="Tourze\LarkAppBotBundle\Tests\Controller\Admin\GroupInfoCrudControllerTest" classname="Tourze.LarkAppBotBundle.Tests.Controller.Admin.GroupInfoCrudControllerTest" assertions="3" time="0.031538"/>
      <testcase name="testConfigureCrud" file="/home/admin/work/source/php-monorepo/packages/lark-app-bot-bundle/tests/Controller/Admin/GroupInfoCrudControllerTest.php" line="123" class="Tourze\LarkAppBotBundle\Tests\Controller\Admin\GroupInfoCrudControllerTest" classname="Tourze.LarkAppBotBundle.Tests.Controller.Admin.GroupInfoCrudControllerTest" assertions="3" time="0.032033"/>
      <testcase name="testConfigureFilters" file="/home/admin/work/source/php-monorepo/packages/lark-app-bot-bundle/tests/Controller/Admin/GroupInfoCrudControllerTest.php" line="132" class="Tourze\LarkAppBotBundle\Tests\Controller\Admin\GroupInfoCrudControllerTest" classname="Tourze.LarkAppBotBundle.Tests.Controller.Admin.GroupInfoCrudControllerTest" assertions="3" time="0.032441"/>
      <testcase name="testFieldVisibilityAcrossPages" file="/home/admin/work/source/php-monorepo/packages/lark-app-bot-bundle/tests/Controller/Admin/GroupInfoCrudControllerTest.php" line="144" class="Tourze\LarkAppBotBundle\Tests\Controller\Admin\GroupInfoCrudControllerTest" classname="Tourze.LarkAppBotBundle.Tests.Controller.Admin.GroupInfoCrudControllerTest" assertions="6" time="0.033377"/>
      <testcase name="testNumericFieldsConfiguration" file="/home/admin/work/source/php-monorepo/packages/lark-app-bot-bundle/tests/Controller/Admin/GroupInfoCrudControllerTest.php" line="163" class="Tourze\LarkAppBotBundle\Tests\Controller\Admin\GroupInfoCrudControllerTest" classname="Tourze.LarkAppBotBundle.Tests.Controller.Admin.GroupInfoCrudControllerTest" assertions="3" time="0.032489"/>
      <testcase name="testValidationErrors" file="/home/admin/work/source/php-monorepo/packages/lark-app-bot-bundle/tests/Controller/Admin/GroupInfoCrudControllerTest.php" line="183" class="Tourze\LarkAppBotBundle\Tests\Controller\Admin\GroupInfoCrudControllerTest" classname="Tourze.LarkAppBotBundle.Tests.Controller.Admin.GroupInfoCrudControllerTest" assertions="5" time="0.156091"/>
    </testsuite>
    <testsuite name="Tourze\LarkAppBotBundle\Tests\Controller\Admin\MessageRecordCrudControllerTest" file="/home/admin/work/source/php-monorepo/packages/lark-app-bot-bundle/tests/Controller/Admin/MessageRecordCrudControllerTest.php" tests="42" assertions="193" errors="0" failures="0" skipped="4" time="3.134898">
      <testcase name="testShouldHaveRunTestsInSeparateProcesses" file="/home/admin/work/source/php-monorepo/packages/phpunit-symfony-web-test/src/AbstractWebTestCase.php" line="578" class="Tourze\LarkAppBotBundle\Tests\Controller\Admin\MessageRecordCrudControllerTest" classname="Tourze.LarkAppBotBundle.Tests.Controller.Admin.MessageRecordCrudControllerTest" assertions="3" time="0.029774"/>
      <testcase name="testControllerClassShouldBeFinal" file="/home/admin/work/source/php-monorepo/packages/phpunit-symfony-web-test/src/AbstractWebTestCase.php" line="588" class="Tourze\LarkAppBotBundle\Tests\Controller\Admin\MessageRecordCrudControllerTest" classname="Tourze.LarkAppBotBundle.Tests.Controller.Admin.MessageRecordCrudControllerTest" assertions="4" time="0.032270"/>
      <testcase name="testControllerShouldHaveInvokeMethod" file="/home/admin/work/source/php-monorepo/packages/phpunit-symfony-web-test/src/AbstractWebTestCase.php" line="609" class="Tourze\LarkAppBotBundle\Tests\Controller\Admin\MessageRecordCrudControllerTest" classname="Tourze.LarkAppBotBundle.Tests.Controller.Admin.MessageRecordCrudControllerTest" assertions="3" time="0.034680"/>
      <testcase name="testControllerClassShouldNotHaveRouteAttribute" file="/home/admin/work/source/php-monorepo/packages/phpunit-symfony-web-test/src/AbstractWebTestCase.php" line="626" class="Tourze\LarkAppBotBundle\Tests\Controller\Admin\MessageRecordCrudControllerTest" classname="Tourze.LarkAppBotBundle.Tests.Controller.Admin.MessageRecordCrudControllerTest" assertions="3" time="0.032051"/>
      <testcase name="testInvokeFunctionHasRouteAttribute" file="/home/admin/work/source/php-monorepo/packages/phpunit-symfony-web-test/src/AbstractWebTestCase.php" line="654" class="Tourze\LarkAppBotBundle\Tests\Controller\Admin\MessageRecordCrudControllerTest" classname="Tourze.LarkAppBotBundle.Tests.Controller.Admin.MessageRecordCrudControllerTest" assertions="3" time="0.034503"/>
      <testcase name="testEnsureTestMethodNotAllowed" file="/home/admin/work/source/php-monorepo/packages/phpunit-symfony-web-test/src/AbstractWebTestCase.php" line="695" class="Tourze\LarkAppBotBundle\Tests\Controller\Admin\MessageRecordCrudControllerTest" classname="Tourze.LarkAppBotBundle.Tests.Controller.Admin.MessageRecordCrudControllerTest" assertions="5" time="0.037785"/>
      <testcase name="mustCoverAbstractCrudController" file="/home/admin/work/source/php-monorepo/packages/phpunit-symfony-web-test/src/AbstractEasyAdminControllerTestCase.php" line="112" class="Tourze\LarkAppBotBundle\Tests\Controller\Admin\MessageRecordCrudControllerTest" classname="Tourze.LarkAppBotBundle.Tests.Controller.Admin.MessageRecordCrudControllerTest" assertions="3" time="0.035831"/>
      <testcase name="testAdminCrudAttributeDoesNotUseAdminPrefix" file="/home/admin/work/source/php-monorepo/packages/phpunit-symfony-web-test/src/AbstractEasyAdminControllerTestCase.php" line="121" class="Tourze\LarkAppBotBundle\Tests\Controller\Admin\MessageRecordCrudControllerTest" classname="Tourze.LarkAppBotBundle.Tests.Controller.Admin.MessageRecordCrudControllerTest" assertions="15" time="0.034345"/>
      <testcase name="testUnauthenticatedAccessDenied" file="/home/admin/work/source/php-monorepo/packages/phpunit-symfony-web-test/src/AbstractEasyAdminControllerTestCase.php" line="285" class="Tourze\LarkAppBotBundle\Tests\Controller\Admin\MessageRecordCrudControllerTest" classname="Tourze.LarkAppBotBundle.Tests.Controller.Admin.MessageRecordCrudControllerTest" assertions="3" time="0.090660"/>
      <testsuite name="Tourze\LarkAppBotBundle\Tests\Controller\Admin\MessageRecordCrudControllerTest::testMethodNotAllowed" tests="1" assertions="3" errors="0" failures="0" skipped="0" time="0.038125">
        <testcase name="testMethodNotAllowed with data set &quot;INVALID method&quot;" file="/home/admin/work/source/php-monorepo/packages/phpunit-symfony-web-test/src/AbstractEasyAdminControllerTestCase.php" line="303" class="Tourze\LarkAppBotBundle\Tests\Controller\Admin\MessageRecordCrudControllerTest" classname="Tourze.LarkAppBotBundle.Tests.Controller.Admin.MessageRecordCrudControllerTest" assertions="3" time="0.038125"/>
      </testsuite>
      <testcase name="testHasConfigureFieldsMethod" file="/home/admin/work/source/php-monorepo/packages/phpunit-symfony-web-test/src/AbstractEasyAdminControllerTestCase.php" line="309" class="Tourze\LarkAppBotBundle\Tests\Controller\Admin\MessageRecordCrudControllerTest" classname="Tourze.LarkAppBotBundle.Tests.Controller.Admin.MessageRecordCrudControllerTest" assertions="3" time="0.038491"/>
      <testcase name="testHasConfigureFiltersMethod" file="/home/admin/work/source/php-monorepo/packages/phpunit-symfony-web-test/src/AbstractEasyAdminControllerTestCase.php" line="317" class="Tourze\LarkAppBotBundle\Tests\Controller\Admin\MessageRecordCrudControllerTest" classname="Tourze.LarkAppBotBundle.Tests.Controller.Admin.MessageRecordCrudControllerTest" assertions="3" time="0.039747"/>
      <testcase name="testHasConfigureCrudMethod" file="/home/admin/work/source/php-monorepo/packages/phpunit-symfony-web-test/src/AbstractEasyAdminControllerTestCase.php" line="325" class="Tourze\LarkAppBotBundle\Tests\Controller\Admin\MessageRecordCrudControllerTest" classname="Tourze.LarkAppBotBundle.Tests.Controller.Admin.MessageRecordCrudControllerTest" assertions="3" time="0.033502"/>
      <testcase name="testIndexListShouldNotDisplayInaccessible" file="/home/admin/work/source/php-monorepo/packages/phpunit-symfony-web-test/src/AbstractEasyAdminControllerTestCase.php" line="332" class="Tourze\LarkAppBotBundle\Tests\Controller\Admin\MessageRecordCrudControllerTest" classname="Tourze.LarkAppBotBundle.Tests.Controller.Admin.MessageRecordCrudControllerTest" assertions="4" time="0.151059"/>
      <testcase name="testIndexPageHeadersProviderHasData" file="/home/admin/work/source/php-monorepo/packages/phpunit-symfony-web-test/src/AbstractEasyAdminControllerTestCase.php" line="362" class="Tourze\LarkAppBotBundle\Tests\Controller\Admin\MessageRecordCrudControllerTest" classname="Tourze.LarkAppBotBundle.Tests.Controller.Admin.MessageRecordCrudControllerTest" assertions="22" time="0.035073"/>
      <testsuite name="Tourze\LarkAppBotBundle\Tests\Controller\Admin\MessageRecordCrudControllerTest::testIndexPageShowsConfiguredColumns" tests="8" assertions="40" errors="0" failures="0" skipped="0" time="1.164022">
        <testcase name="testIndexPageShowsConfiguredColumns with data set &quot;ID&quot;" file="/home/admin/work/source/php-monorepo/packages/phpunit-symfony-web-test/src/AbstractEasyAdminControllerTestCase.php" line="398" class="Tourze\LarkAppBotBundle\Tests\Controller\Admin\MessageRecordCrudControllerTest" classname="Tourze.LarkAppBotBundle.Tests.Controller.Admin.MessageRecordCrudControllerTest" assertions="5" time="0.145805"/>
        <testcase name="testIndexPageShowsConfiguredColumns with data set &quot;消息ID&quot;" file="/home/admin/work/source/php-monorepo/packages/phpunit-symfony-web-test/src/AbstractEasyAdminControllerTestCase.php" line="398" class="Tourze\LarkAppBotBundle\Tests\Controller\Admin\MessageRecordCrudControllerTest" classname="Tourze.LarkAppBotBundle.Tests.Controller.Admin.MessageRecordCrudControllerTest" assertions="5" time="0.143667"/>
        <testcase name="testIndexPageShowsConfiguredColumns with data set &quot;聊天ID&quot;" file="/home/admin/work/source/php-monorepo/packages/phpunit-symfony-web-test/src/AbstractEasyAdminControllerTestCase.php" line="398" class="Tourze\LarkAppBotBundle\Tests\Controller\Admin\MessageRecordCrudControllerTest" classname="Tourze.LarkAppBotBundle.Tests.Controller.Admin.MessageRecordCrudControllerTest" assertions="5" time="0.147801"/>
        <testcase name="testIndexPageShowsConfiguredColumns with data set &quot;聊天类型&quot;" file="/home/admin/work/source/php-monorepo/packages/phpunit-symfony-web-test/src/AbstractEasyAdminControllerTestCase.php" line="398" class="Tourze\LarkAppBotBundle\Tests\Controller\Admin\MessageRecordCrudControllerTest" classname="Tourze.LarkAppBotBundle.Tests.Controller.Admin.MessageRecordCrudControllerTest" assertions="5" time="0.145845"/>
        <testcase name="testIndexPageShowsConfiguredColumns with data set &quot;发送者ID&quot;" file="/home/admin/work/source/php-monorepo/packages/phpunit-symfony-web-test/src/AbstractEasyAdminControllerTestCase.php" line="398" class="Tourze\LarkAppBotBundle\Tests\Controller\Admin\MessageRecordCrudControllerTest" classname="Tourze.LarkAppBotBundle.Tests.Controller.Admin.MessageRecordCrudControllerTest" assertions="5" time="0.146432"/>
        <testcase name="testIndexPageShowsConfiguredColumns with data set &quot;发送者类型&quot;" file="/home/admin/work/source/php-monorepo/packages/phpunit-symfony-web-test/src/AbstractEasyAdminControllerTestCase.php" line="398" class="Tourze\LarkAppBotBundle\Tests\Controller\Admin\MessageRecordCrudControllerTest" classname="Tourze.LarkAppBotBundle.Tests.Controller.Admin.MessageRecordCrudControllerTest" assertions="5" time="0.145412"/>
        <testcase name="testIndexPageShowsConfiguredColumns with data set &quot;消息类型&quot;" file="/home/admin/work/source/php-monorepo/packages/phpunit-symfony-web-test/src/AbstractEasyAdminControllerTestCase.php" line="398" class="Tourze\LarkAppBotBundle\Tests\Controller\Admin\MessageRecordCrudControllerTest" classname="Tourze.LarkAppBotBundle.Tests.Controller.Admin.MessageRecordCrudControllerTest" assertions="5" time="0.142124"/>
        <testcase name="testIndexPageShowsConfiguredColumns with data set &quot;创建时间&quot;" file="/home/admin/work/source/php-monorepo/packages/phpunit-symfony-web-test/src/AbstractEasyAdminControllerTestCase.php" line="398" class="Tourze\LarkAppBotBundle\Tests\Controller\Admin\MessageRecordCrudControllerTest" classname="Tourze.LarkAppBotBundle.Tests.Controller.Admin.MessageRecordCrudControllerTest" assertions="5" time="0.146937"/>
      </testsuite>
      <testsuite name="Tourze\LarkAppBotBundle\Tests\Controller\Admin\MessageRecordCrudControllerTest::testNewPageShowsConfiguredFields" tests="1" assertions="3" errors="0" failures="0" skipped="0" time="0.057549">
        <testcase name="testNewPageShowsConfiguredFields with data set &quot;disabled&quot;" file="/home/admin/work/source/php-monorepo/packages/phpunit-symfony-web-test/src/AbstractEasyAdminControllerTestCase.php" line="416" class="Tourze\LarkAppBotBundle\Tests\Controller\Admin\MessageRecordCrudControllerTest" classname="Tourze.LarkAppBotBundle.Tests.Controller.Admin.MessageRecordCrudControllerTest" assertions="3" time="0.057549"/>
      </testsuite>
      <testcase name="testNewPageFieldsProviderHasData" file="/home/admin/work/source/php-monorepo/packages/phpunit-symfony-web-test/src/AbstractEasyAdminControllerTestCase.php" line="473" class="Tourze\LarkAppBotBundle\Tests\Controller\Admin\MessageRecordCrudControllerTest" classname="Tourze.LarkAppBotBundle.Tests.Controller.Admin.MessageRecordCrudControllerTest" assertions="2" time="0.033548">
        <skipped/>
      </testcase>
      <testcase name="testEditPageAttributesProviderHasData" file="/home/admin/work/source/php-monorepo/packages/phpunit-symfony-web-test/src/AbstractEasyAdminControllerTestCase.php" line="504" class="Tourze\LarkAppBotBundle\Tests\Controller\Admin\MessageRecordCrudControllerTest" classname="Tourze.LarkAppBotBundle.Tests.Controller.Admin.MessageRecordCrudControllerTest" assertions="2" time="0.055859">
        <skipped/>
      </testcase>
      <testsuite name="Tourze\LarkAppBotBundle\Tests\Controller\Admin\MessageRecordCrudControllerTest::testEditPageShowsConfiguredFields" tests="1" assertions="3" errors="0" failures="0" skipped="1" time="0.059215">
        <testcase name="testEditPageShowsConfiguredFields with data set &quot;disabled&quot;" file="/home/admin/work/source/php-monorepo/packages/phpunit-symfony-web-test/src/AbstractEasyAdminControllerTestCase.php" line="532" class="Tourze\LarkAppBotBundle\Tests\Controller\Admin\MessageRecordCrudControllerTest" classname="Tourze.LarkAppBotBundle.Tests.Controller.Admin.MessageRecordCrudControllerTest" assertions="3" time="0.059215">
          <skipped/>
        </testcase>
      </testsuite>
      <testcase name="testEditPagePrefillsExistingData" file="/home/admin/work/source/php-monorepo/packages/phpunit-symfony-web-test/src/AbstractEasyAdminControllerTestCase.php" line="567" class="Tourze\LarkAppBotBundle\Tests\Controller\Admin\MessageRecordCrudControllerTest" classname="Tourze.LarkAppBotBundle.Tests.Controller.Admin.MessageRecordCrudControllerTest" assertions="2" time="0.055737">
        <skipped/>
      </testcase>
      <testcase name="ensureAdminActionAttributesAreValid" file="/home/admin/work/source/php-monorepo/packages/phpunit-symfony-web-test/src/AbstractEasyAdminControllerTestCase.php" line="597" class="Tourze\LarkAppBotBundle\Tests\Controller\Admin\MessageRecordCrudControllerTest" classname="Tourze.LarkAppBotBundle.Tests.Controller.Admin.MessageRecordCrudControllerTest" assertions="3" time="0.033381"/>
      <testcase name="testIndexRowActionLinksShouldNotReturn500" file="/home/admin/work/source/php-monorepo/packages/phpunit-symfony-web-test/src/AbstractEasyAdminControllerTestCase.php" line="648" class="Tourze\LarkAppBotBundle\Tests\Controller\Admin\MessageRecordCrudControllerTest" classname="Tourze.LarkAppBotBundle.Tests.Controller.Admin.MessageRecordCrudControllerTest" assertions="13" time="0.273502"/>
      <testcase name="testIndexPage" file="/home/admin/work/source/php-monorepo/packages/lark-app-bot-bundle/tests/Controller/Admin/MessageRecordCrudControllerTest.php" line="54" class="Tourze\LarkAppBotBundle\Tests\Controller\Admin\MessageRecordCrudControllerTest" classname="Tourze.LarkAppBotBundle.Tests.Controller.Admin.MessageRecordCrudControllerTest" assertions="3" time="0.126438"/>
      <testcase name="testEntityFqcnConfiguration" file="/home/admin/work/source/php-monorepo/packages/lark-app-bot-bundle/tests/Controller/Admin/MessageRecordCrudControllerTest.php" line="69" class="Tourze\LarkAppBotBundle\Tests\Controller\Admin\MessageRecordCrudControllerTest" classname="Tourze.LarkAppBotBundle.Tests.Controller.Admin.MessageRecordCrudControllerTest" assertions="3" time="0.048977"/>
      <testcase name="testConfigureFields" file="/home/admin/work/source/php-monorepo/packages/lark-app-bot-bundle/tests/Controller/Admin/MessageRecordCrudControllerTest.php" line="75" class="Tourze\LarkAppBotBundle\Tests\Controller\Admin\MessageRecordCrudControllerTest" classname="Tourze.LarkAppBotBundle.Tests.Controller.Admin.MessageRecordCrudControllerTest" assertions="4" time="0.050121"/>
      <testcase name="testDetailFieldsIncludeContent" file="/home/admin/work/source/php-monorepo/packages/lark-app-bot-bundle/tests/Controller/Admin/MessageRecordCrudControllerTest.php" line="90" class="Tourze\LarkAppBotBundle\Tests\Controller\Admin\MessageRecordCrudControllerTest" classname="Tourze.LarkAppBotBundle.Tests.Controller.Admin.MessageRecordCrudControllerTest" assertions="3" time="0.049607"/>
      <testcase name="testChoiceFieldsConfiguration" file="/home/admin/work/source/php-monorepo/packages/lark-app-bot-bundle/tests/Controller/Admin/MessageRecordCrudControllerTest.php" line="110" class="Tourze\LarkAppBotBundle\Tests\Controller\Admin\MessageRecordCrudControllerTest" classname="Tourze.LarkAppBotBundle.Tests.Controller.Admin.MessageRecordCrudControllerTest" assertions="5" time="0.049682"/>
      <testcase name="testConfigureActions" file="/home/admin/work/source/php-monorepo/packages/lark-app-bot-bundle/tests/Controller/Admin/MessageRecordCrudControllerTest.php" line="133" class="Tourze\LarkAppBotBundle\Tests\Controller\Admin\MessageRecordCrudControllerTest" classname="Tourze.LarkAppBotBundle.Tests.Controller.Admin.MessageRecordCrudControllerTest" assertions="3" time="0.049138"/>
      <testcase name="testConfigureCrud" file="/home/admin/work/source/php-monorepo/packages/lark-app-bot-bundle/tests/Controller/Admin/MessageRecordCrudControllerTest.php" line="144" class="Tourze\LarkAppBotBundle\Tests\Controller\Admin\MessageRecordCrudControllerTest" classname="Tourze.LarkAppBotBundle.Tests.Controller.Admin.MessageRecordCrudControllerTest" assertions="3" time="0.049841"/>
      <testcase name="testConfigureFilters" file="/home/admin/work/source/php-monorepo/packages/lark-app-bot-bundle/tests/Controller/Admin/MessageRecordCrudControllerTest.php" line="155" class="Tourze\LarkAppBotBundle\Tests\Controller\Admin\MessageRecordCrudControllerTest" classname="Tourze.LarkAppBotBundle.Tests.Controller.Admin.MessageRecordCrudControllerTest" assertions="3" time="0.048026"/>
      <testcase name="testReadOnlyConfiguration" file="/home/admin/work/source/php-monorepo/packages/lark-app-bot-bundle/tests/Controller/Admin/MessageRecordCrudControllerTest.php" line="169" class="Tourze\LarkAppBotBundle\Tests\Controller\Admin\MessageRecordCrudControllerTest" classname="Tourze.LarkAppBotBundle.Tests.Controller.Admin.MessageRecordCrudControllerTest" assertions="3" time="0.048755"/>
      <testcase name="testMessageTypeFieldConfiguration" file="/home/admin/work/source/php-monorepo/packages/lark-app-bot-bundle/tests/Controller/Admin/MessageRecordCrudControllerTest.php" line="185" class="Tourze\LarkAppBotBundle\Tests\Controller\Admin\MessageRecordCrudControllerTest" classname="Tourze.LarkAppBotBundle.Tests.Controller.Admin.MessageRecordCrudControllerTest" assertions="4" time="0.049289"/>
      <testcase name="testDetailAccess" file="/home/admin/work/source/php-monorepo/packages/lark-app-bot-bundle/tests/Controller/Admin/MessageRecordCrudControllerTest.php" line="212" class="Tourze\LarkAppBotBundle\Tests\Controller\Admin\MessageRecordCrudControllerTest" classname="Tourze.LarkAppBotBundle.Tests.Controller.Admin.MessageRecordCrudControllerTest" assertions="4" time="0.085157"/>
      <testcase name="testChatAndSenderTypeFields" file="/home/admin/work/source/php-monorepo/packages/lark-app-bot-bundle/tests/Controller/Admin/MessageRecordCrudControllerTest.php" line="244" class="Tourze\LarkAppBotBundle\Tests\Controller\Admin\MessageRecordCrudControllerTest" classname="Tourze.LarkAppBotBundle.Tests.Controller.Admin.MessageRecordCrudControllerTest" assertions="7" time="0.049155"/>
    </testsuite>
    <testsuite name="Tourze\LarkAppBotBundle\Tests\Controller\Admin\UserSyncCrudControllerTest" file="/home/admin/work/source/php-monorepo/packages/lark-app-bot-bundle/tests/Controller/Admin/UserSyncCrudControllerTest.php" tests="59" assertions="384" errors="0" failures="0" skipped="0" time="9.038393">
      <testcase name="testShouldHaveRunTestsInSeparateProcesses" file="/home/admin/work/source/php-monorepo/packages/phpunit-symfony-web-test/src/AbstractWebTestCase.php" line="578" class="Tourze\LarkAppBotBundle\Tests\Controller\Admin\UserSyncCrudControllerTest" classname="Tourze.LarkAppBotBundle.Tests.Controller.Admin.UserSyncCrudControllerTest" assertions="3" time="0.046749"/>
      <testcase name="testControllerClassShouldBeFinal" file="/home/admin/work/source/php-monorepo/packages/phpunit-symfony-web-test/src/AbstractWebTestCase.php" line="588" class="Tourze\LarkAppBotBundle\Tests\Controller\Admin\UserSyncCrudControllerTest" classname="Tourze.LarkAppBotBundle.Tests.Controller.Admin.UserSyncCrudControllerTest" assertions="4" time="0.049099"/>
      <testcase name="testControllerShouldHaveInvokeMethod" file="/home/admin/work/source/php-monorepo/packages/phpunit-symfony-web-test/src/AbstractWebTestCase.php" line="609" class="Tourze\LarkAppBotBundle\Tests\Controller\Admin\UserSyncCrudControllerTest" classname="Tourze.LarkAppBotBundle.Tests.Controller.Admin.UserSyncCrudControllerTest" assertions="3" time="0.048752"/>
      <testcase name="testControllerClassShouldNotHaveRouteAttribute" file="/home/admin/work/source/php-monorepo/packages/phpunit-symfony-web-test/src/AbstractWebTestCase.php" line="626" class="Tourze\LarkAppBotBundle\Tests\Controller\Admin\UserSyncCrudControllerTest" classname="Tourze.LarkAppBotBundle.Tests.Controller.Admin.UserSyncCrudControllerTest" assertions="3" time="0.049179"/>
      <testcase name="testInvokeFunctionHasRouteAttribute" file="/home/admin/work/source/php-monorepo/packages/phpunit-symfony-web-test/src/AbstractWebTestCase.php" line="654" class="Tourze\LarkAppBotBundle\Tests\Controller\Admin\UserSyncCrudControllerTest" classname="Tourze.LarkAppBotBundle.Tests.Controller.Admin.UserSyncCrudControllerTest" assertions="3" time="0.048733"/>
      <testcase name="testEnsureTestMethodNotAllowed" file="/home/admin/work/source/php-monorepo/packages/phpunit-symfony-web-test/src/AbstractWebTestCase.php" line="695" class="Tourze\LarkAppBotBundle\Tests\Controller\Admin\UserSyncCrudControllerTest" classname="Tourze.LarkAppBotBundle.Tests.Controller.Admin.UserSyncCrudControllerTest" assertions="5" time="0.047574"/>
      <testcase name="mustCoverAbstractCrudController" file="/home/admin/work/source/php-monorepo/packages/phpunit-symfony-web-test/src/AbstractEasyAdminControllerTestCase.php" line="112" class="Tourze\LarkAppBotBundle\Tests\Controller\Admin\UserSyncCrudControllerTest" classname="Tourze.LarkAppBotBundle.Tests.Controller.Admin.UserSyncCrudControllerTest" assertions="3" time="0.048523"/>
      <testcase name="testAdminCrudAttributeDoesNotUseAdminPrefix" file="/home/admin/work/source/php-monorepo/packages/phpunit-symfony-web-test/src/AbstractEasyAdminControllerTestCase.php" line="121" class="Tourze\LarkAppBotBundle\Tests\Controller\Admin\UserSyncCrudControllerTest" classname="Tourze.LarkAppBotBundle.Tests.Controller.Admin.UserSyncCrudControllerTest" assertions="15" time="0.049354"/>
      <testcase name="testUnauthenticatedAccessDenied" file="/home/admin/work/source/php-monorepo/packages/phpunit-symfony-web-test/src/AbstractEasyAdminControllerTestCase.php" line="285" class="Tourze\LarkAppBotBundle\Tests\Controller\Admin\UserSyncCrudControllerTest" classname="Tourze.LarkAppBotBundle.Tests.Controller.Admin.UserSyncCrudControllerTest" assertions="3" time="0.145391"/>
      <testsuite name="Tourze\LarkAppBotBundle\Tests\Controller\Admin\UserSyncCrudControllerTest::testMethodNotAllowed" tests="1" assertions="3" errors="0" failures="0" skipped="0" time="0.048408">
        <testcase name="testMethodNotAllowed with data set &quot;INVALID method&quot;" file="/home/admin/work/source/php-monorepo/packages/phpunit-symfony-web-test/src/AbstractEasyAdminControllerTestCase.php" line="303" class="Tourze\LarkAppBotBundle\Tests\Controller\Admin\UserSyncCrudControllerTest" classname="Tourze.LarkAppBotBundle.Tests.Controller.Admin.UserSyncCrudControllerTest" assertions="3" time="0.048408"/>
      </testsuite>
      <testcase name="testHasConfigureFieldsMethod" file="/home/admin/work/source/php-monorepo/packages/phpunit-symfony-web-test/src/AbstractEasyAdminControllerTestCase.php" line="309" class="Tourze\LarkAppBotBundle\Tests\Controller\Admin\UserSyncCrudControllerTest" classname="Tourze.LarkAppBotBundle.Tests.Controller.Admin.UserSyncCrudControllerTest" assertions="3" time="0.048931"/>
      <testcase name="testHasConfigureFiltersMethod" file="/home/admin/work/source/php-monorepo/packages/phpunit-symfony-web-test/src/AbstractEasyAdminControllerTestCase.php" line="317" class="Tourze\LarkAppBotBundle\Tests\Controller\Admin\UserSyncCrudControllerTest" classname="Tourze.LarkAppBotBundle.Tests.Controller.Admin.UserSyncCrudControllerTest" assertions="3" time="0.048452"/>
      <testcase name="testHasConfigureCrudMethod" file="/home/admin/work/source/php-monorepo/packages/phpunit-symfony-web-test/src/AbstractEasyAdminControllerTestCase.php" line="325" class="Tourze\LarkAppBotBundle\Tests\Controller\Admin\UserSyncCrudControllerTest" classname="Tourze.LarkAppBotBundle.Tests.Controller.Admin.UserSyncCrudControllerTest" assertions="3" time="0.048496"/>
      <testcase name="testIndexListShouldNotDisplayInaccessible" file="/home/admin/work/source/php-monorepo/packages/phpunit-symfony-web-test/src/AbstractEasyAdminControllerTestCase.php" line="332" class="Tourze\LarkAppBotBundle\Tests\Controller\Admin\UserSyncCrudControllerTest" classname="Tourze.LarkAppBotBundle.Tests.Controller.Admin.UserSyncCrudControllerTest" assertions="4" time="0.222110"/>
      <testcase name="testIndexPageHeadersProviderHasData" file="/home/admin/work/source/php-monorepo/packages/phpunit-symfony-web-test/src/AbstractEasyAdminControllerTestCase.php" line="362" class="Tourze\LarkAppBotBundle\Tests\Controller\Admin\UserSyncCrudControllerTest" classname="Tourze.LarkAppBotBundle.Tests.Controller.Admin.UserSyncCrudControllerTest" assertions="26" time="0.052872"/>
      <testsuite name="Tourze\LarkAppBotBundle\Tests\Controller\Admin\UserSyncCrudControllerTest::testIndexPageShowsConfiguredColumns" tests="5" assertions="25" errors="0" failures="0" skipped="0" time="1.105169">
        <testcase name="testIndexPageShowsConfiguredColumns with data set &quot;ID&quot;" file="/home/admin/work/source/php-monorepo/packages/phpunit-symfony-web-test/src/AbstractEasyAdminControllerTestCase.php" line="398" class="Tourze\LarkAppBotBundle\Tests\Controller\Admin\UserSyncCrudControllerTest" classname="Tourze.LarkAppBotBundle.Tests.Controller.Admin.UserSyncCrudControllerTest" assertions="5" time="0.223850"/>
        <testcase name="testIndexPageShowsConfiguredColumns with data set &quot;飞书用户ID&quot;" file="/home/admin/work/source/php-monorepo/packages/phpunit-symfony-web-test/src/AbstractEasyAdminControllerTestCase.php" line="398" class="Tourze\LarkAppBotBundle\Tests\Controller\Admin\UserSyncCrudControllerTest" classname="Tourze.LarkAppBotBundle.Tests.Controller.Admin.UserSyncCrudControllerTest" assertions="5" time="0.223612"/>
        <testcase name="testIndexPageShowsConfiguredColumns with data set &quot;用户名&quot;" file="/home/admin/work/source/php-monorepo/packages/phpunit-symfony-web-test/src/AbstractEasyAdminControllerTestCase.php" line="398" class="Tourze\LarkAppBotBundle\Tests\Controller\Admin\UserSyncCrudControllerTest" classname="Tourze.LarkAppBotBundle.Tests.Controller.Admin.UserSyncCrudControllerTest" assertions="5" time="0.223980"/>
        <testcase name="testIndexPageShowsConfiguredColumns with data set &quot;同步状态&quot;" file="/home/admin/work/source/php-monorepo/packages/phpunit-symfony-web-test/src/AbstractEasyAdminControllerTestCase.php" line="398" class="Tourze\LarkAppBotBundle\Tests\Controller\Admin\UserSyncCrudControllerTest" classname="Tourze.LarkAppBotBundle.Tests.Controller.Admin.UserSyncCrudControllerTest" assertions="5" time="0.216134"/>
        <testcase name="testIndexPageShowsConfiguredColumns with data set &quot;创建时间&quot;" file="/home/admin/work/source/php-monorepo/packages/phpunit-symfony-web-test/src/AbstractEasyAdminControllerTestCase.php" line="398" class="Tourze\LarkAppBotBundle\Tests\Controller\Admin\UserSyncCrudControllerTest" classname="Tourze.LarkAppBotBundle.Tests.Controller.Admin.UserSyncCrudControllerTest" assertions="5" time="0.217593"/>
      </testsuite>
      <testsuite name="Tourze\LarkAppBotBundle\Tests\Controller\Admin\UserSyncCrudControllerTest::testNewPageShowsConfiguredFields" tests="10" assertions="60" errors="0" failures="0" skipped="0" time="2.010202">
        <testcase name="testNewPageShowsConfiguredFields with data set &quot;userId&quot;" file="/home/admin/work/source/php-monorepo/packages/phpunit-symfony-web-test/src/AbstractEasyAdminControllerTestCase.php" line="416" class="Tourze\LarkAppBotBundle\Tests\Controller\Admin\UserSyncCrudControllerTest" classname="Tourze.LarkAppBotBundle.Tests.Controller.Admin.UserSyncCrudControllerTest" assertions="6" time="0.203895"/>
        <testcase name="testNewPageShowsConfiguredFields with data set &quot;openId&quot;" file="/home/admin/work/source/php-monorepo/packages/phpunit-symfony-web-test/src/AbstractEasyAdminControllerTestCase.php" line="416" class="Tourze\LarkAppBotBundle\Tests\Controller\Admin\UserSyncCrudControllerTest" classname="Tourze.LarkAppBotBundle.Tests.Controller.Admin.UserSyncCrudControllerTest" assertions="6" time="0.200623"/>
        <testcase name="testNewPageShowsConfiguredFields with data set &quot;unionId&quot;" file="/home/admin/work/source/php-monorepo/packages/phpunit-symfony-web-test/src/AbstractEasyAdminControllerTestCase.php" line="416" class="Tourze\LarkAppBotBundle\Tests\Controller\Admin\UserSyncCrudControllerTest" classname="Tourze.LarkAppBotBundle.Tests.Controller.Admin.UserSyncCrudControllerTest" assertions="6" time="0.196937"/>
        <testcase name="testNewPageShowsConfiguredFields with data set &quot;name&quot;" file="/home/admin/work/source/php-monorepo/packages/phpunit-symfony-web-test/src/AbstractEasyAdminControllerTestCase.php" line="416" class="Tourze\LarkAppBotBundle\Tests\Controller\Admin\UserSyncCrudControllerTest" classname="Tourze.LarkAppBotBundle.Tests.Controller.Admin.UserSyncCrudControllerTest" assertions="6" time="0.200372"/>
        <testcase name="testNewPageShowsConfiguredFields with data set &quot;email&quot;" file="/home/admin/work/source/php-monorepo/packages/phpunit-symfony-web-test/src/AbstractEasyAdminControllerTestCase.php" line="416" class="Tourze\LarkAppBotBundle\Tests\Controller\Admin\UserSyncCrudControllerTest" classname="Tourze.LarkAppBotBundle.Tests.Controller.Admin.UserSyncCrudControllerTest" assertions="6" time="0.204858"/>
        <testcase name="testNewPageShowsConfiguredFields with data set &quot;mobile&quot;" file="/home/admin/work/source/php-monorepo/packages/phpunit-symfony-web-test/src/AbstractEasyAdminControllerTestCase.php" line="416" class="Tourze\LarkAppBotBundle\Tests\Controller\Admin\UserSyncCrudControllerTest" classname="Tourze.LarkAppBotBundle.Tests.Controller.Admin.UserSyncCrudControllerTest" assertions="6" time="0.198984"/>
        <testcase name="testNewPageShowsConfiguredFields with data set &quot;departmentIds&quot;" file="/home/admin/work/source/php-monorepo/packages/phpunit-symfony-web-test/src/AbstractEasyAdminControllerTestCase.php" line="416" class="Tourze\LarkAppBotBundle\Tests\Controller\Admin\UserSyncCrudControllerTest" classname="Tourze.LarkAppBotBundle.Tests.Controller.Admin.UserSyncCrudControllerTest" assertions="6" time="0.202859"/>
        <testcase name="testNewPageShowsConfiguredFields with data set &quot;syncStatus&quot;" file="/home/admin/work/source/php-monorepo/packages/phpunit-symfony-web-test/src/AbstractEasyAdminControllerTestCase.php" line="416" class="Tourze\LarkAppBotBundle\Tests\Controller\Admin\UserSyncCrudControllerTest" classname="Tourze.LarkAppBotBundle.Tests.Controller.Admin.UserSyncCrudControllerTest" assertions="6" time="0.198078"/>
        <testcase name="testNewPageShowsConfiguredFields with data set &quot;syncAt&quot;" file="/home/admin/work/source/php-monorepo/packages/phpunit-symfony-web-test/src/AbstractEasyAdminControllerTestCase.php" line="416" class="Tourze\LarkAppBotBundle\Tests\Controller\Admin\UserSyncCrudControllerTest" classname="Tourze.LarkAppBotBundle.Tests.Controller.Admin.UserSyncCrudControllerTest" assertions="6" time="0.204163"/>
        <testcase name="testNewPageShowsConfiguredFields with data set &quot;errorMessage&quot;" file="/home/admin/work/source/php-monorepo/packages/phpunit-symfony-web-test/src/AbstractEasyAdminControllerTestCase.php" line="416" class="Tourze\LarkAppBotBundle\Tests\Controller\Admin\UserSyncCrudControllerTest" classname="Tourze.LarkAppBotBundle.Tests.Controller.Admin.UserSyncCrudControllerTest" assertions="6" time="0.199432"/>
      </testsuite>
      <testcase name="testNewPageFieldsProviderHasData" file="/home/admin/work/source/php-monorepo/packages/phpunit-symfony-web-test/src/AbstractEasyAdminControllerTestCase.php" line="473" class="Tourze\LarkAppBotBundle\Tests\Controller\Admin\UserSyncCrudControllerTest" classname="Tourze.LarkAppBotBundle.Tests.Controller.Admin.UserSyncCrudControllerTest" assertions="31" time="0.062023"/>
      <testcase name="testEditPageAttributesProviderHasData" file="/home/admin/work/source/php-monorepo/packages/phpunit-symfony-web-test/src/AbstractEasyAdminControllerTestCase.php" line="504" class="Tourze\LarkAppBotBundle\Tests\Controller\Admin\UserSyncCrudControllerTest" classname="Tourze.LarkAppBotBundle.Tests.Controller.Admin.UserSyncCrudControllerTest" assertions="30" time="0.092630"/>
      <testsuite name="Tourze\LarkAppBotBundle\Tests\Controller\Admin\UserSyncCrudControllerTest::testEditPageShowsConfiguredFields" tests="10" assertions="70" errors="0" failures="0" skipped="0" time="3.533753">
        <testcase name="testEditPageShowsConfiguredFields with data set &quot;userId&quot;" file="/home/admin/work/source/php-monorepo/packages/phpunit-symfony-web-test/src/AbstractEasyAdminControllerTestCase.php" line="532" class="Tourze\LarkAppBotBundle\Tests\Controller\Admin\UserSyncCrudControllerTest" classname="Tourze.LarkAppBotBundle.Tests.Controller.Admin.UserSyncCrudControllerTest" assertions="7" time="0.266903"/>
        <testcase name="testEditPageShowsConfiguredFields with data set &quot;openId&quot;" file="/home/admin/work/source/php-monorepo/packages/phpunit-symfony-web-test/src/AbstractEasyAdminControllerTestCase.php" line="532" class="Tourze\LarkAppBotBundle\Tests\Controller\Admin\UserSyncCrudControllerTest" classname="Tourze.LarkAppBotBundle.Tests.Controller.Admin.UserSyncCrudControllerTest" assertions="7" time="0.969816"/>
        <testcase name="testEditPageShowsConfiguredFields with data set &quot;unionId&quot;" file="/home/admin/work/source/php-monorepo/packages/phpunit-symfony-web-test/src/AbstractEasyAdminControllerTestCase.php" line="532" class="Tourze\LarkAppBotBundle\Tests\Controller\Admin\UserSyncCrudControllerTest" classname="Tourze.LarkAppBotBundle.Tests.Controller.Admin.UserSyncCrudControllerTest" assertions="7" time="0.640623"/>
        <testcase name="testEditPageShowsConfiguredFields with data set &quot;name&quot;" file="/home/admin/work/source/php-monorepo/packages/phpunit-symfony-web-test/src/AbstractEasyAdminControllerTestCase.php" line="532" class="Tourze\LarkAppBotBundle\Tests\Controller\Admin\UserSyncCrudControllerTest" classname="Tourze.LarkAppBotBundle.Tests.Controller.Admin.UserSyncCrudControllerTest" assertions="7" time="0.263193"/>
        <testcase name="testEditPageShowsConfiguredFields with data set &quot;email&quot;" file="/home/admin/work/source/php-monorepo/packages/phpunit-symfony-web-test/src/AbstractEasyAdminControllerTestCase.php" line="532" class="Tourze\LarkAppBotBundle\Tests\Controller\Admin\UserSyncCrudControllerTest" classname="Tourze.LarkAppBotBundle.Tests.Controller.Admin.UserSyncCrudControllerTest" assertions="7" time="0.268396"/>
        <testcase name="testEditPageShowsConfiguredFields with data set &quot;mobile&quot;" file="/home/admin/work/source/php-monorepo/packages/phpunit-symfony-web-test/src/AbstractEasyAdminControllerTestCase.php" line="532" class="Tourze\LarkAppBotBundle\Tests\Controller\Admin\UserSyncCrudControllerTest" classname="Tourze.LarkAppBotBundle.Tests.Controller.Admin.UserSyncCrudControllerTest" assertions="7" time="0.258093"/>
        <testcase name="testEditPageShowsConfiguredFields with data set &quot;departmentIds&quot;" file="/home/admin/work/source/php-monorepo/packages/phpunit-symfony-web-test/src/AbstractEasyAdminControllerTestCase.php" line="532" class="Tourze\LarkAppBotBundle\Tests\Controller\Admin\UserSyncCrudControllerTest" classname="Tourze.LarkAppBotBundle.Tests.Controller.Admin.UserSyncCrudControllerTest" assertions="7" time="0.272861"/>
        <testcase name="testEditPageShowsConfiguredFields with data set &quot;syncStatus&quot;" file="/home/admin/work/source/php-monorepo/packages/phpunit-symfony-web-test/src/AbstractEasyAdminControllerTestCase.php" line="532" class="Tourze\LarkAppBotBundle\Tests\Controller\Admin\UserSyncCrudControllerTest" classname="Tourze.LarkAppBotBundle.Tests.Controller.Admin.UserSyncCrudControllerTest" assertions="7" time="0.167169"/>
        <testcase name="testEditPageShowsConfiguredFields with data set &quot;syncAt&quot;" file="/home/admin/work/source/php-monorepo/packages/phpunit-symfony-web-test/src/AbstractEasyAdminControllerTestCase.php" line="532" class="Tourze\LarkAppBotBundle\Tests\Controller\Admin\UserSyncCrudControllerTest" classname="Tourze.LarkAppBotBundle.Tests.Controller.Admin.UserSyncCrudControllerTest" assertions="7" time="0.163566"/>
        <testcase name="testEditPageShowsConfiguredFields with data set &quot;errorMessage&quot;" file="/home/admin/work/source/php-monorepo/packages/phpunit-symfony-web-test/src/AbstractEasyAdminControllerTestCase.php" line="532" class="Tourze\LarkAppBotBundle\Tests\Controller\Admin\UserSyncCrudControllerTest" classname="Tourze.LarkAppBotBundle.Tests.Controller.Admin.UserSyncCrudControllerTest" assertions="7" time="0.263134"/>
      </testsuite>
      <testcase name="testEditPagePrefillsExistingData" file="/home/admin/work/source/php-monorepo/packages/phpunit-symfony-web-test/src/AbstractEasyAdminControllerTestCase.php" line="567" class="Tourze\LarkAppBotBundle\Tests\Controller\Admin\UserSyncCrudControllerTest" classname="Tourze.LarkAppBotBundle.Tests.Controller.Admin.UserSyncCrudControllerTest" assertions="5" time="0.163387"/>
      <testcase name="ensureAdminActionAttributesAreValid" file="/home/admin/work/source/php-monorepo/packages/phpunit-symfony-web-test/src/AbstractEasyAdminControllerTestCase.php" line="597" class="Tourze\LarkAppBotBundle\Tests\Controller\Admin\UserSyncCrudControllerTest" classname="Tourze.LarkAppBotBundle.Tests.Controller.Admin.UserSyncCrudControllerTest" assertions="3" time="0.034979"/>
      <testcase name="testIndexRowActionLinksShouldNotReturn500" file="/home/admin/work/source/php-monorepo/packages/phpunit-symfony-web-test/src/AbstractEasyAdminControllerTestCase.php" line="648" class="Tourze\LarkAppBotBundle\Tests\Controller\Admin\UserSyncCrudControllerTest" classname="Tourze.LarkAppBotBundle.Tests.Controller.Admin.UserSyncCrudControllerTest" assertions="23" time="0.411664"/>
      <testcase name="testIndexPage" file="/home/admin/work/source/php-monorepo/packages/lark-app-bot-bundle/tests/Controller/Admin/UserSyncCrudControllerTest.php" line="59" class="Tourze\LarkAppBotBundle\Tests\Controller\Admin\UserSyncCrudControllerTest" classname="Tourze.LarkAppBotBundle.Tests.Controller.Admin.UserSyncCrudControllerTest" assertions="3" time="0.089414"/>
      <testcase name="testEntityFqcnConfiguration" file="/home/admin/work/source/php-monorepo/packages/lark-app-bot-bundle/tests/Controller/Admin/UserSyncCrudControllerTest.php" line="74" class="Tourze\LarkAppBotBundle\Tests\Controller\Admin\UserSyncCrudControllerTest" classname="Tourze.LarkAppBotBundle.Tests.Controller.Admin.UserSyncCrudControllerTest" assertions="3" time="0.030377"/>
      <testcase name="testCreateUserSync" file="/home/admin/work/source/php-monorepo/packages/lark-app-bot-bundle/tests/Controller/Admin/UserSyncCrudControllerTest.php" line="80" class="Tourze\LarkAppBotBundle\Tests\Controller\Admin\UserSyncCrudControllerTest" classname="Tourze.LarkAppBotBundle.Tests.Controller.Admin.UserSyncCrudControllerTest" assertions="6" time="0.032313"/>
      <testcase name="testEditUserSync" file="/home/admin/work/source/php-monorepo/packages/lark-app-bot-bundle/tests/Controller/Admin/UserSyncCrudControllerTest.php" line="102" class="Tourze\LarkAppBotBundle\Tests\Controller\Admin\UserSyncCrudControllerTest" classname="Tourze.LarkAppBotBundle.Tests.Controller.Admin.UserSyncCrudControllerTest" assertions="3" time="0.031437"/>
      <testcase name="testDetailUserSync" file="/home/admin/work/source/php-monorepo/packages/lark-app-bot-bundle/tests/Controller/Admin/UserSyncCrudControllerTest.php" line="111" class="Tourze\LarkAppBotBundle\Tests\Controller\Admin\UserSyncCrudControllerTest" classname="Tourze.LarkAppBotBundle.Tests.Controller.Admin.UserSyncCrudControllerTest" assertions="5" time="0.032543"/>
      <testcase name="testSyncStatusFieldConfiguration" file="/home/admin/work/source/php-monorepo/packages/lark-app-bot-bundle/tests/Controller/Admin/UserSyncCrudControllerTest.php" line="132" class="Tourze\LarkAppBotBundle\Tests\Controller\Admin\UserSyncCrudControllerTest" classname="Tourze.LarkAppBotBundle.Tests.Controller.Admin.UserSyncCrudControllerTest" assertions="4" time="0.032016"/>
      <testcase name="testEmailFieldConfiguration" file="/home/admin/work/source/php-monorepo/packages/lark-app-bot-bundle/tests/Controller/Admin/UserSyncCrudControllerTest.php" line="153" class="Tourze\LarkAppBotBundle\Tests\Controller\Admin\UserSyncCrudControllerTest" classname="Tourze.LarkAppBotBundle.Tests.Controller.Admin.UserSyncCrudControllerTest" assertions="4" time="0.034821"/>
      <testcase name="testConfigureActions" file="/home/admin/work/source/php-monorepo/packages/lark-app-bot-bundle/tests/Controller/Admin/UserSyncCrudControllerTest.php" line="174" class="Tourze\LarkAppBotBundle\Tests\Controller\Admin\UserSyncCrudControllerTest" classname="Tourze.LarkAppBotBundle.Tests.Controller.Admin.UserSyncCrudControllerTest" assertions="3" time="0.032662"/>
      <testcase name="testConfigureCrud" file="/home/admin/work/source/php-monorepo/packages/lark-app-bot-bundle/tests/Controller/Admin/UserSyncCrudControllerTest.php" line="184" class="Tourze\LarkAppBotBundle\Tests\Controller\Admin\UserSyncCrudControllerTest" classname="Tourze.LarkAppBotBundle.Tests.Controller.Admin.UserSyncCrudControllerTest" assertions="3" time="0.032394"/>
      <testcase name="testConfigureFilters" file="/home/admin/work/source/php-monorepo/packages/lark-app-bot-bundle/tests/Controller/Admin/UserSyncCrudControllerTest.php" line="194" class="Tourze\LarkAppBotBundle\Tests\Controller\Admin\UserSyncCrudControllerTest" classname="Tourze.LarkAppBotBundle.Tests.Controller.Admin.UserSyncCrudControllerTest" assertions="3" time="0.030717"/>
      <testcase name="testFieldVisibilityAcrossPages" file="/home/admin/work/source/php-monorepo/packages/lark-app-bot-bundle/tests/Controller/Admin/UserSyncCrudControllerTest.php" line="207" class="Tourze\LarkAppBotBundle\Tests\Controller\Admin\UserSyncCrudControllerTest" classname="Tourze.LarkAppBotBundle.Tests.Controller.Admin.UserSyncCrudControllerTest" assertions="4" time="0.031976"/>
      <testcase name="testDepartmentIdsFieldConfiguration" file="/home/admin/work/source/php-monorepo/packages/lark-app-bot-bundle/tests/Controller/Admin/UserSyncCrudControllerTest.php" line="238" class="Tourze\LarkAppBotBundle\Tests\Controller\Admin\UserSyncCrudControllerTest" classname="Tourze.LarkAppBotBundle.Tests.Controller.Admin.UserSyncCrudControllerTest" assertions="4" time="0.031401"/>
      <testcase name="testValidationErrors" file="/home/admin/work/source/php-monorepo/packages/lark-app-bot-bundle/tests/Controller/Admin/UserSyncCrudControllerTest.php" line="262" class="Tourze\LarkAppBotBundle\Tests\Controller\Admin\UserSyncCrudControllerTest" classname="Tourze.LarkAppBotBundle.Tests.Controller.Admin.UserSyncCrudControllerTest" assertions="5" time="0.149058"/>
      <testcase name="testSyncStatusFilter" file="/home/admin/work/source/php-monorepo/packages/lark-app-bot-bundle/tests/Controller/Admin/UserSyncCrudControllerTest.php" line="306" class="Tourze\LarkAppBotBundle\Tests\Controller\Admin\UserSyncCrudControllerTest" classname="Tourze.LarkAppBotBundle.Tests.Controller.Admin.UserSyncCrudControllerTest" assertions="3" time="0.030834"/>
    </testsuite>
    <testsuite name="Tourze\LarkAppBotBundle\Tests\Controller\WebhookControllerTest" file="/home/admin/work/source/php-monorepo/packages/lark-app-bot-bundle/tests/Controller/WebhookControllerTest.php" tests="23" assertions="34" errors="0" failures="0" skipped="0" time="1.804867">
      <testcase name="testShouldHaveRunTestsInSeparateProcesses" file="/home/admin/work/source/php-monorepo/packages/phpunit-symfony-web-test/src/AbstractWebTestCase.php" line="578" class="Tourze\LarkAppBotBundle\Tests\Controller\WebhookControllerTest" classname="Tourze.LarkAppBotBundle.Tests.Controller.WebhookControllerTest" assertions="1" time="0.002195"/>
      <testcase name="testControllerClassShouldBeFinal" file="/home/admin/work/source/php-monorepo/packages/phpunit-symfony-web-test/src/AbstractWebTestCase.php" line="588" class="Tourze\LarkAppBotBundle\Tests\Controller\WebhookControllerTest" classname="Tourze.LarkAppBotBundle.Tests.Controller.WebhookControllerTest" assertions="2" time="0.002653"/>
      <testcase name="testControllerShouldHaveInvokeMethod" file="/home/admin/work/source/php-monorepo/packages/phpunit-symfony-web-test/src/AbstractWebTestCase.php" line="609" class="Tourze\LarkAppBotBundle\Tests\Controller\WebhookControllerTest" classname="Tourze.LarkAppBotBundle.Tests.Controller.WebhookControllerTest" assertions="2" time="0.003114"/>
      <testcase name="testControllerClassShouldNotHaveRouteAttribute" file="/home/admin/work/source/php-monorepo/packages/phpunit-symfony-web-test/src/AbstractWebTestCase.php" line="626" class="Tourze\LarkAppBotBundle\Tests\Controller\WebhookControllerTest" classname="Tourze.LarkAppBotBundle.Tests.Controller.WebhookControllerTest" assertions="2" time="0.003522"/>
      <testcase name="testInvokeFunctionHasRouteAttribute" file="/home/admin/work/source/php-monorepo/packages/phpunit-symfony-web-test/src/AbstractWebTestCase.php" line="654" class="Tourze\LarkAppBotBundle\Tests\Controller\WebhookControllerTest" classname="Tourze.LarkAppBotBundle.Tests.Controller.WebhookControllerTest" assertions="3" time="0.003486"/>
      <testcase name="testEnsureTestMethodNotAllowed" file="/home/admin/work/source/php-monorepo/packages/phpunit-symfony-web-test/src/AbstractWebTestCase.php" line="695" class="Tourze\LarkAppBotBundle\Tests\Controller\WebhookControllerTest" classname="Tourze.LarkAppBotBundle.Tests.Controller.WebhookControllerTest" assertions="3" time="0.002246"/>
      <testcase name="testGET" file="/home/admin/work/source/php-monorepo/packages/lark-app-bot-bundle/tests/Controller/WebhookControllerTest.php" line="29" class="Tourze\LarkAppBotBundle\Tests\Controller\WebhookControllerTest" classname="Tourze.LarkAppBotBundle.Tests.Controller.WebhookControllerTest" assertions="1" time="0.680072"/>
      <testcase name="testPOST" file="/home/admin/work/source/php-monorepo/packages/lark-app-bot-bundle/tests/Controller/WebhookControllerTest.php" line="43" class="Tourze\LarkAppBotBundle\Tests\Controller\WebhookControllerTest" classname="Tourze.LarkAppBotBundle.Tests.Controller.WebhookControllerTest" assertions="1" time="0.224479"/>
      <testcase name="testPostMethodWithValidSignatureHandled" file="/home/admin/work/source/php-monorepo/packages/lark-app-bot-bundle/tests/Controller/WebhookControllerTest.php" line="62" class="Tourze\LarkAppBotBundle\Tests\Controller\WebhookControllerTest" classname="Tourze.LarkAppBotBundle.Tests.Controller.WebhookControllerTest" assertions="3" time="0.044155"/>
      <testcase name="testControllerHandlesInvalidJson" file="/home/admin/work/source/php-monorepo/packages/lark-app-bot-bundle/tests/Controller/WebhookControllerTest.php" line="94" class="Tourze\LarkAppBotBundle\Tests\Controller\WebhookControllerTest" classname="Tourze.LarkAppBotBundle.Tests.Controller.WebhookControllerTest" assertions="1" time="0.042226"/>
      <testcase name="testPUT" file="/home/admin/work/source/php-monorepo/packages/lark-app-bot-bundle/tests/Controller/WebhookControllerTest.php" line="107" class="Tourze\LarkAppBotBundle\Tests\Controller\WebhookControllerTest" classname="Tourze.LarkAppBotBundle.Tests.Controller.WebhookControllerTest" assertions="1" time="0.069336"/>
      <testcase name="testDELETE" file="/home/admin/work/source/php-monorepo/packages/lark-app-bot-bundle/tests/Controller/WebhookControllerTest.php" line="121" class="Tourze\LarkAppBotBundle\Tests\Controller\WebhookControllerTest" classname="Tourze.LarkAppBotBundle.Tests.Controller.WebhookControllerTest" assertions="1" time="0.067805"/>
      <testcase name="testPATCH" file="/home/admin/work/source/php-monorepo/packages/lark-app-bot-bundle/tests/Controller/WebhookControllerTest.php" line="135" class="Tourze\LarkAppBotBundle\Tests\Controller\WebhookControllerTest" classname="Tourze.LarkAppBotBundle.Tests.Controller.WebhookControllerTest" assertions="1" time="0.069559"/>
      <testcase name="testOPTIONS" file="/home/admin/work/source/php-monorepo/packages/lark-app-bot-bundle/tests/Controller/WebhookControllerTest.php" line="149" class="Tourze\LarkAppBotBundle\Tests\Controller\WebhookControllerTest" classname="Tourze.LarkAppBotBundle.Tests.Controller.WebhookControllerTest" assertions="1" time="0.071400"/>
      <testcase name="testControllerHandlesEventCallback" file="/home/admin/work/source/php-monorepo/packages/lark-app-bot-bundle/tests/Controller/WebhookControllerTest.php" line="163" class="Tourze\LarkAppBotBundle\Tests\Controller\WebhookControllerTest" classname="Tourze.LarkAppBotBundle.Tests.Controller.WebhookControllerTest" assertions="3" time="0.043399"/>
      <testcase name="testControllerHandlesExpiredTimestamp" file="/home/admin/work/source/php-monorepo/packages/lark-app-bot-bundle/tests/Controller/WebhookControllerTest.php" line="203" class="Tourze\LarkAppBotBundle\Tests\Controller\WebhookControllerTest" classname="Tourze.LarkAppBotBundle.Tests.Controller.WebhookControllerTest" assertions="1" time="0.042630"/>
      <testcase name="testControllerHandlesInvalidSignature" file="/home/admin/work/source/php-monorepo/packages/lark-app-bot-bundle/tests/Controller/WebhookControllerTest.php" line="232" class="Tourze\LarkAppBotBundle\Tests\Controller\WebhookControllerTest" classname="Tourze.LarkAppBotBundle.Tests.Controller.WebhookControllerTest" assertions="1" time="0.043211"/>
      <testcase name="testControllerHandlesMissingHeaders" file="/home/admin/work/source/php-monorepo/packages/lark-app-bot-bundle/tests/Controller/WebhookControllerTest.php" line="258" class="Tourze\LarkAppBotBundle\Tests\Controller\WebhookControllerTest" classname="Tourze.LarkAppBotBundle.Tests.Controller.WebhookControllerTest" assertions="1" time="0.042494"/>
      <testsuite name="Tourze\LarkAppBotBundle\Tests\Controller\WebhookControllerTest::testMethodNotAllowed" tests="5" assertions="5" errors="0" failures="0" skipped="0" time="0.346885">
        <testcase name="testMethodNotAllowed with data set &quot;GET method&quot;" file="/home/admin/work/source/php-monorepo/packages/lark-app-bot-bundle/tests/Controller/WebhookControllerTest.php" line="281" class="Tourze\LarkAppBotBundle\Tests\Controller\WebhookControllerTest" classname="Tourze.LarkAppBotBundle.Tests.Controller.WebhookControllerTest" assertions="1" time="0.068970"/>
        <testcase name="testMethodNotAllowed with data set &quot;PUT method&quot;" file="/home/admin/work/source/php-monorepo/packages/lark-app-bot-bundle/tests/Controller/WebhookControllerTest.php" line="281" class="Tourze\LarkAppBotBundle\Tests\Controller\WebhookControllerTest" classname="Tourze.LarkAppBotBundle.Tests.Controller.WebhookControllerTest" assertions="1" time="0.068695"/>
        <testcase name="testMethodNotAllowed with data set &quot;DELETE method&quot;" file="/home/admin/work/source/php-monorepo/packages/lark-app-bot-bundle/tests/Controller/WebhookControllerTest.php" line="281" class="Tourze\LarkAppBotBundle\Tests\Controller\WebhookControllerTest" classname="Tourze.LarkAppBotBundle.Tests.Controller.WebhookControllerTest" assertions="1" time="0.070170"/>
        <testcase name="testMethodNotAllowed with data set &quot;TRACE method&quot;" file="/home/admin/work/source/php-monorepo/packages/lark-app-bot-bundle/tests/Controller/WebhookControllerTest.php" line="281" class="Tourze\LarkAppBotBundle\Tests\Controller\WebhookControllerTest" classname="Tourze.LarkAppBotBundle.Tests.Controller.WebhookControllerTest" assertions="1" time="0.069376"/>
        <testcase name="testMethodNotAllowed with data set &quot;PURGE method&quot;" file="/home/admin/work/source/php-monorepo/packages/lark-app-bot-bundle/tests/Controller/WebhookControllerTest.php" line="281" class="Tourze\LarkAppBotBundle\Tests\Controller\WebhookControllerTest" classname="Tourze.LarkAppBotBundle.Tests.Controller.WebhookControllerTest" assertions="1" time="0.069674"/>
      </testsuite>
    </testsuite>
    <testsuite name="Tourze\LarkAppBotBundle\Tests\DependencyInjection\LarkAppBotExtensionTest" file="/home/admin/work/source/php-monorepo/packages/lark-app-bot-bundle/tests/DependencyInjection/LarkAppBotExtensionTest.php" tests="7" assertions="455" errors="0" failures="0" skipped="0" time="0.070567">
      <testcase name="testShouldNotHaveRunTestsInSeparateProcesses" file="/home/admin/work/source/php-monorepo/packages/phpunit-symfony-unit-test/src/AbstractDependencyInjectionExtensionTestCase.php" line="20" class="Tourze\LarkAppBotBundle\Tests\DependencyInjection\LarkAppBotExtensionTest" classname="Tourze.LarkAppBotBundle.Tests.DependencyInjection.LarkAppBotExtensionTest" assertions="1" time="0.000744"/>
      <testcase name="testExtendsCorrectBaseClass" file="/home/admin/work/source/php-monorepo/packages/phpunit-symfony-unit-test/src/AbstractDependencyInjectionExtensionTestCase.php" line="30" class="Tourze\LarkAppBotBundle\Tests\DependencyInjection\LarkAppBotExtensionTest" classname="Tourze.LarkAppBotBundle.Tests.DependencyInjection.LarkAppBotExtensionTest" assertions="2" time="0.000333"/>
      <testcase name="testLoadShouldRegisterServices" file="/home/admin/work/source/php-monorepo/packages/phpunit-symfony-unit-test/src/AbstractDependencyInjectionExtensionTestCase.php" line="60" class="Tourze\LarkAppBotBundle\Tests\DependencyInjection\LarkAppBotExtensionTest" classname="Tourze.LarkAppBotBundle.Tests.DependencyInjection.LarkAppBotExtensionTest" assertions="129" time="0.042101"/>
      <testcase name="testServiceInjectedLoggerMustUseWithMonologChannelAttribute" file="/home/admin/work/source/php-monorepo/packages/phpunit-symfony-unit-test/src/AbstractDependencyInjectionExtensionTestCase.php" line="102" class="Tourze\LarkAppBotBundle\Tests\DependencyInjection\LarkAppBotExtensionTest" classname="Tourze.LarkAppBotBundle.Tests.DependencyInjection.LarkAppBotExtensionTest" assertions="6" time="0.009710"/>
      <testcase name="noRegisteredServicesAreBundle" file="/home/admin/work/source/php-monorepo/packages/phpunit-symfony-unit-test/src/AbstractDependencyInjectionExtensionTestCase.php" line="162" class="Tourze\LarkAppBotBundle\Tests\DependencyInjection\LarkAppBotExtensionTest" classname="Tourze.LarkAppBotBundle.Tests.DependencyInjection.LarkAppBotExtensionTest" assertions="158" time="0.008863"/>
      <testcase name="noRegisteredServicesAreEntity" file="/home/admin/work/source/php-monorepo/packages/phpunit-symfony-unit-test/src/AbstractDependencyInjectionExtensionTestCase.php" line="196" class="Tourze\LarkAppBotBundle\Tests\DependencyInjection\LarkAppBotExtensionTest" classname="Tourze.LarkAppBotBundle.Tests.DependencyInjection.LarkAppBotExtensionTest" assertions="158" time="0.008766"/>
      <testcase name="testExtensionInstantiation" file="/home/admin/work/source/php-monorepo/packages/lark-app-bot-bundle/tests/DependencyInjection/LarkAppBotExtensionTest.php" line="24" class="Tourze\LarkAppBotBundle\Tests\DependencyInjection\LarkAppBotExtensionTest" classname="Tourze.LarkAppBotBundle.Tests.DependencyInjection.LarkAppBotExtensionTest" assertions="1" time="0.000050"/>
    </testsuite>
    <testsuite name="Tourze\LarkAppBotBundle\Tests\Entity\ApiLogTest" file="/home/admin/work/source/php-monorepo/packages/lark-app-bot-bundle/tests/Entity/ApiLogTest.php" tests="17" assertions="52" errors="0" failures="0" skipped="0" time="0.001020">
      <testcase name="testShouldNotHaveRunTestsInSeparateProcesses" file="/home/admin/work/source/php-monorepo/packages/phpunit-doctrine-entity/src/AbstractEntityTestCase.php" line="28" class="Tourze\LarkAppBotBundle\Tests\Entity\ApiLogTest" classname="Tourze.LarkAppBotBundle.Tests.Entity.ApiLogTest" assertions="1" time="0.000057"/>
      <testcase name="testIsEntityClass" file="/home/admin/work/source/php-monorepo/packages/phpunit-doctrine-entity/src/AbstractEntityTestCase.php" line="38" class="Tourze\LarkAppBotBundle\Tests\Entity\ApiLogTest" classname="Tourze.LarkAppBotBundle.Tests.Entity.ApiLogTest" assertions="3" time="0.000098"/>
      <testcase name="testDisallowUseMultipleCoversClass" file="/home/admin/work/source/php-monorepo/packages/phpunit-doctrine-entity/src/AbstractEntityTestCase.php" line="52" class="Tourze\LarkAppBotBundle\Tests\Entity\ApiLogTest" classname="Tourze.LarkAppBotBundle.Tests.Entity.ApiLogTest" assertions="1" time="0.000103"/>
      <testsuite name="Tourze\LarkAppBotBundle\Tests\Entity\ApiLogTest::testGettersAndSetters" tests="7" assertions="21" errors="0" failures="0" skipped="0" time="0.000339">
        <testcase name="testGettersAndSetters with data set #0" file="/home/admin/work/source/php-monorepo/packages/phpunit-doctrine-entity/src/AbstractEntityTestCase.php" line="65" class="Tourze\LarkAppBotBundle\Tests\Entity\ApiLogTest" classname="Tourze.LarkAppBotBundle.Tests.Entity.ApiLogTest" assertions="3" time="0.000087"/>
        <testcase name="testGettersAndSetters with data set #1" file="/home/admin/work/source/php-monorepo/packages/phpunit-doctrine-entity/src/AbstractEntityTestCase.php" line="65" class="Tourze\LarkAppBotBundle\Tests\Entity\ApiLogTest" classname="Tourze.LarkAppBotBundle.Tests.Entity.ApiLogTest" assertions="3" time="0.000044"/>
        <testcase name="testGettersAndSetters with data set #2" file="/home/admin/work/source/php-monorepo/packages/phpunit-doctrine-entity/src/AbstractEntityTestCase.php" line="65" class="Tourze\LarkAppBotBundle\Tests\Entity\ApiLogTest" classname="Tourze.LarkAppBotBundle.Tests.Entity.ApiLogTest" assertions="3" time="0.000046"/>
        <testcase name="testGettersAndSetters with data set #3" file="/home/admin/work/source/php-monorepo/packages/phpunit-doctrine-entity/src/AbstractEntityTestCase.php" line="65" class="Tourze\LarkAppBotBundle\Tests\Entity\ApiLogTest" classname="Tourze.LarkAppBotBundle.Tests.Entity.ApiLogTest" assertions="3" time="0.000045"/>
        <testcase name="testGettersAndSetters with data set #4" file="/home/admin/work/source/php-monorepo/packages/phpunit-doctrine-entity/src/AbstractEntityTestCase.php" line="65" class="Tourze\LarkAppBotBundle\Tests\Entity\ApiLogTest" classname="Tourze.LarkAppBotBundle.Tests.Entity.ApiLogTest" assertions="3" time="0.000040"/>
        <testcase name="testGettersAndSetters with data set #5" file="/home/admin/work/source/php-monorepo/packages/phpunit-doctrine-entity/src/AbstractEntityTestCase.php" line="65" class="Tourze\LarkAppBotBundle\Tests\Entity\ApiLogTest" classname="Tourze.LarkAppBotBundle.Tests.Entity.ApiLogTest" assertions="3" time="0.000039"/>
        <testcase name="testGettersAndSetters with data set #6" file="/home/admin/work/source/php-monorepo/packages/phpunit-doctrine-entity/src/AbstractEntityTestCase.php" line="65" class="Tourze\LarkAppBotBundle\Tests\Entity\ApiLogTest" classname="Tourze.LarkAppBotBundle.Tests.Entity.ApiLogTest" assertions="3" time="0.000037"/>
      </testsuite>
      <testcase name="preferUseIndexColumnAttributeToDefineIndexWhenOnlyOneColumn" file="/home/admin/work/source/php-monorepo/packages/phpunit-doctrine-entity/src/AbstractEntityTestCase.php" line="112" class="Tourze\LarkAppBotBundle\Tests\Entity\ApiLogTest" classname="Tourze.LarkAppBotBundle.Tests.Entity.ApiLogTest" assertions="3" time="0.000050"/>
      <testcase name="testApiLogCanBeCreatedWithDefaultValues" file="/home/admin/work/source/php-monorepo/packages/lark-app-bot-bundle/tests/Entity/ApiLogTest.php" line="33" class="Tourze\LarkAppBotBundle\Tests\Entity\ApiLogTest" classname="Tourze.LarkAppBotBundle.Tests.Entity.ApiLogTest" assertions="10" time="0.000198"/>
      <testcase name="testApiLogSettersAndGetters" file="/home/admin/work/source/php-monorepo/packages/lark-app-bot-bundle/tests/Entity/ApiLogTest.php" line="48" class="Tourze\LarkAppBotBundle\Tests\Entity\ApiLogTest" classname="Tourze.LarkAppBotBundle.Tests.Entity.ApiLogTest" assertions="8" time="0.000050"/>
      <testcase name="testToStringMethod" file="/home/admin/work/source/php-monorepo/packages/lark-app-bot-bundle/tests/Entity/ApiLogTest.php" line="74" class="Tourze\LarkAppBotBundle\Tests\Entity\ApiLogTest" classname="Tourze.LarkAppBotBundle.Tests.Entity.ApiLogTest" assertions="1" time="0.000032"/>
      <testcase name="testRequestDataCanBeNull" file="/home/admin/work/source/php-monorepo/packages/lark-app-bot-bundle/tests/Entity/ApiLogTest.php" line="84" class="Tourze\LarkAppBotBundle\Tests\Entity\ApiLogTest" classname="Tourze.LarkAppBotBundle.Tests.Entity.ApiLogTest" assertions="1" time="0.000031"/>
      <testcase name="testResponseDataCanBeNull" file="/home/admin/work/source/php-monorepo/packages/lark-app-bot-bundle/tests/Entity/ApiLogTest.php" line="92" class="Tourze\LarkAppBotBundle\Tests\Entity\ApiLogTest" classname="Tourze.LarkAppBotBundle.Tests.Entity.ApiLogTest" assertions="1" time="0.000034"/>
      <testcase name="testComplexJsonDataStorage" file="/home/admin/work/source/php-monorepo/packages/lark-app-bot-bundle/tests/Entity/ApiLogTest.php" line="100" class="Tourze\LarkAppBotBundle\Tests\Entity\ApiLogTest" classname="Tourze.LarkAppBotBundle.Tests.Entity.ApiLogTest" assertions="2" time="0.000030"/>
    </testsuite>
    <testsuite name="Tourze\LarkAppBotBundle\Tests\Entity\BotConfigurationTest" file="/home/admin/work/source/php-monorepo/packages/lark-app-bot-bundle/tests/Entity/BotConfigurationTest.php" tests="15" assertions="44" errors="0" failures="0" skipped="0" time="0.000581">
      <testcase name="testShouldNotHaveRunTestsInSeparateProcesses" file="/home/admin/work/source/php-monorepo/packages/phpunit-doctrine-entity/src/AbstractEntityTestCase.php" line="28" class="Tourze\LarkAppBotBundle\Tests\Entity\BotConfigurationTest" classname="Tourze.LarkAppBotBundle.Tests.Entity.BotConfigurationTest" assertions="1" time="0.000049"/>
      <testcase name="testIsEntityClass" file="/home/admin/work/source/php-monorepo/packages/phpunit-doctrine-entity/src/AbstractEntityTestCase.php" line="38" class="Tourze\LarkAppBotBundle\Tests\Entity\BotConfigurationTest" classname="Tourze.LarkAppBotBundle.Tests.Entity.BotConfigurationTest" assertions="3" time="0.000036"/>
      <testcase name="testDisallowUseMultipleCoversClass" file="/home/admin/work/source/php-monorepo/packages/phpunit-doctrine-entity/src/AbstractEntityTestCase.php" line="52" class="Tourze\LarkAppBotBundle\Tests\Entity\BotConfigurationTest" classname="Tourze.LarkAppBotBundle.Tests.Entity.BotConfigurationTest" assertions="1" time="0.000034"/>
      <testsuite name="Tourze\LarkAppBotBundle\Tests\Entity\BotConfigurationTest::testGettersAndSetters" tests="6" assertions="18" errors="0" failures="0" skipped="0" time="0.000248">
        <testcase name="testGettersAndSetters with data set #0" file="/home/admin/work/source/php-monorepo/packages/phpunit-doctrine-entity/src/AbstractEntityTestCase.php" line="65" class="Tourze\LarkAppBotBundle\Tests\Entity\BotConfigurationTest" classname="Tourze.LarkAppBotBundle.Tests.Entity.BotConfigurationTest" assertions="3" time="0.000047"/>
        <testcase name="testGettersAndSetters with data set #1" file="/home/admin/work/source/php-monorepo/packages/phpunit-doctrine-entity/src/AbstractEntityTestCase.php" line="65" class="Tourze\LarkAppBotBundle\Tests\Entity\BotConfigurationTest" classname="Tourze.LarkAppBotBundle.Tests.Entity.BotConfigurationTest" assertions="3" time="0.000039"/>
        <testcase name="testGettersAndSetters with data set #2" file="/home/admin/work/source/php-monorepo/packages/phpunit-doctrine-entity/src/AbstractEntityTestCase.php" line="65" class="Tourze\LarkAppBotBundle\Tests\Entity\BotConfigurationTest" classname="Tourze.LarkAppBotBundle.Tests.Entity.BotConfigurationTest" assertions="3" time="0.000036"/>
        <testcase name="testGettersAndSetters with data set #3" file="/home/admin/work/source/php-monorepo/packages/phpunit-doctrine-entity/src/AbstractEntityTestCase.php" line="65" class="Tourze\LarkAppBotBundle\Tests\Entity\BotConfigurationTest" classname="Tourze.LarkAppBotBundle.Tests.Entity.BotConfigurationTest" assertions="3" time="0.000037"/>
        <testcase name="testGettersAndSetters with data set #4" file="/home/admin/work/source/php-monorepo/packages/phpunit-doctrine-entity/src/AbstractEntityTestCase.php" line="65" class="Tourze\LarkAppBotBundle\Tests\Entity\BotConfigurationTest" classname="Tourze.LarkAppBotBundle.Tests.Entity.BotConfigurationTest" assertions="3" time="0.000050"/>
        <testcase name="testGettersAndSetters with data set #5" file="/home/admin/work/source/php-monorepo/packages/phpunit-doctrine-entity/src/AbstractEntityTestCase.php" line="65" class="Tourze\LarkAppBotBundle\Tests\Entity\BotConfigurationTest" classname="Tourze.LarkAppBotBundle.Tests.Entity.BotConfigurationTest" assertions="3" time="0.000039"/>
      </testsuite>
      <testcase name="preferUseIndexColumnAttributeToDefineIndexWhenOnlyOneColumn" file="/home/admin/work/source/php-monorepo/packages/phpunit-doctrine-entity/src/AbstractEntityTestCase.php" line="112" class="Tourze\LarkAppBotBundle\Tests\Entity\BotConfigurationTest" classname="Tourze.LarkAppBotBundle.Tests.Entity.BotConfigurationTest" assertions="3" time="0.000049"/>
      <testcase name="testBotConfigurationCanBeCreatedWithDefaultValues" file="/home/admin/work/source/php-monorepo/packages/lark-app-bot-bundle/tests/Entity/BotConfigurationTest.php" line="32" class="Tourze\LarkAppBotBundle\Tests\Entity\BotConfigurationTest" classname="Tourze.LarkAppBotBundle.Tests.Entity.BotConfigurationTest" assertions="7" time="0.000038"/>
      <testcase name="testBotConfigurationSettersAndGetters" file="/home/admin/work/source/php-monorepo/packages/lark-app-bot-bundle/tests/Entity/BotConfigurationTest.php" line="45" class="Tourze\LarkAppBotBundle\Tests\Entity\BotConfigurationTest" classname="Tourze.LarkAppBotBundle.Tests.Entity.BotConfigurationTest" assertions="6" time="0.000038"/>
      <testcase name="testToStringMethod" file="/home/admin/work/source/php-monorepo/packages/lark-app-bot-bundle/tests/Entity/BotConfigurationTest.php" line="64" class="Tourze\LarkAppBotBundle\Tests\Entity\BotConfigurationTest" classname="Tourze.LarkAppBotBundle.Tests.Entity.BotConfigurationTest" assertions="1" time="0.000031"/>
      <testcase name="testDescriptionCanBeNull" file="/home/admin/work/source/php-monorepo/packages/lark-app-bot-bundle/tests/Entity/BotConfigurationTest.php" line="73" class="Tourze\LarkAppBotBundle\Tests\Entity\BotConfigurationTest" classname="Tourze.LarkAppBotBundle.Tests.Entity.BotConfigurationTest" assertions="1" time="0.000030"/>
      <testcase name="testIsActiveToggle" file="/home/admin/work/source/php-monorepo/packages/lark-app-bot-bundle/tests/Entity/BotConfigurationTest.php" line="81" class="Tourze\LarkAppBotBundle\Tests\Entity\BotConfigurationTest" classname="Tourze.LarkAppBotBundle.Tests.Entity.BotConfigurationTest" assertions="3" time="0.000028"/>
    </testsuite>
    <testsuite name="Tourze\LarkAppBotBundle\Tests\Entity\GroupInfoTest" file="/home/admin/work/source/php-monorepo/packages/lark-app-bot-bundle/tests/Entity/GroupInfoTest.php" tests="21" assertions="59" errors="0" failures="0" skipped="0" time="0.000744">
      <testcase name="testShouldNotHaveRunTestsInSeparateProcesses" file="/home/admin/work/source/php-monorepo/packages/phpunit-doctrine-entity/src/AbstractEntityTestCase.php" line="28" class="Tourze\LarkAppBotBundle\Tests\Entity\GroupInfoTest" classname="Tourze.LarkAppBotBundle.Tests.Entity.GroupInfoTest" assertions="1" time="0.000047"/>
      <testcase name="testIsEntityClass" file="/home/admin/work/source/php-monorepo/packages/phpunit-doctrine-entity/src/AbstractEntityTestCase.php" line="38" class="Tourze\LarkAppBotBundle\Tests\Entity\GroupInfoTest" classname="Tourze.LarkAppBotBundle.Tests.Entity.GroupInfoTest" assertions="3" time="0.000035"/>
      <testcase name="testDisallowUseMultipleCoversClass" file="/home/admin/work/source/php-monorepo/packages/phpunit-doctrine-entity/src/AbstractEntityTestCase.php" line="52" class="Tourze\LarkAppBotBundle\Tests\Entity\GroupInfoTest" classname="Tourze.LarkAppBotBundle.Tests.Entity.GroupInfoTest" assertions="1" time="0.000032"/>
      <testsuite name="Tourze\LarkAppBotBundle\Tests\Entity\GroupInfoTest::testGettersAndSetters" tests="8" assertions="24" errors="0" failures="0" skipped="0" time="0.000310">
        <testcase name="testGettersAndSetters with data set #0" file="/home/admin/work/source/php-monorepo/packages/phpunit-doctrine-entity/src/AbstractEntityTestCase.php" line="65" class="Tourze\LarkAppBotBundle\Tests\Entity\GroupInfoTest" classname="Tourze.LarkAppBotBundle.Tests.Entity.GroupInfoTest" assertions="3" time="0.000041"/>
        <testcase name="testGettersAndSetters with data set #1" file="/home/admin/work/source/php-monorepo/packages/phpunit-doctrine-entity/src/AbstractEntityTestCase.php" line="65" class="Tourze\LarkAppBotBundle\Tests\Entity\GroupInfoTest" classname="Tourze.LarkAppBotBundle.Tests.Entity.GroupInfoTest" assertions="3" time="0.000037"/>
        <testcase name="testGettersAndSetters with data set #2" file="/home/admin/work/source/php-monorepo/packages/phpunit-doctrine-entity/src/AbstractEntityTestCase.php" line="65" class="Tourze\LarkAppBotBundle\Tests\Entity\GroupInfoTest" classname="Tourze.LarkAppBotBundle.Tests.Entity.GroupInfoTest" assertions="3" time="0.000036"/>
        <testcase name="testGettersAndSetters with data set #3" file="/home/admin/work/source/php-monorepo/packages/phpunit-doctrine-entity/src/AbstractEntityTestCase.php" line="65" class="Tourze\LarkAppBotBundle\Tests\Entity\GroupInfoTest" classname="Tourze.LarkAppBotBundle.Tests.Entity.GroupInfoTest" assertions="3" time="0.000037"/>
        <testcase name="testGettersAndSetters with data set #4" file="/home/admin/work/source/php-monorepo/packages/phpunit-doctrine-entity/src/AbstractEntityTestCase.php" line="65" class="Tourze\LarkAppBotBundle\Tests\Entity\GroupInfoTest" classname="Tourze.LarkAppBotBundle.Tests.Entity.GroupInfoTest" assertions="3" time="0.000036"/>
        <testcase name="testGettersAndSetters with data set #5" file="/home/admin/work/source/php-monorepo/packages/phpunit-doctrine-entity/src/AbstractEntityTestCase.php" line="65" class="Tourze\LarkAppBotBundle\Tests\Entity\GroupInfoTest" classname="Tourze.LarkAppBotBundle.Tests.Entity.GroupInfoTest" assertions="3" time="0.000037"/>
        <testcase name="testGettersAndSetters with data set #6" file="/home/admin/work/source/php-monorepo/packages/phpunit-doctrine-entity/src/AbstractEntityTestCase.php" line="65" class="Tourze\LarkAppBotBundle\Tests\Entity\GroupInfoTest" classname="Tourze.LarkAppBotBundle.Tests.Entity.GroupInfoTest" assertions="3" time="0.000044"/>
        <testcase name="testGettersAndSetters with data set #7" file="/home/admin/work/source/php-monorepo/packages/phpunit-doctrine-entity/src/AbstractEntityTestCase.php" line="65" class="Tourze\LarkAppBotBundle\Tests\Entity\GroupInfoTest" classname="Tourze.LarkAppBotBundle.Tests.Entity.GroupInfoTest" assertions="3" time="0.000043"/>
      </testsuite>
      <testcase name="preferUseIndexColumnAttributeToDefineIndexWhenOnlyOneColumn" file="/home/admin/work/source/php-monorepo/packages/phpunit-doctrine-entity/src/AbstractEntityTestCase.php" line="112" class="Tourze\LarkAppBotBundle\Tests\Entity\GroupInfoTest" classname="Tourze.LarkAppBotBundle.Tests.Entity.GroupInfoTest" assertions="3" time="0.000041"/>
      <testcase name="testGroupInfoCanBeCreatedWithDefaultValues" file="/home/admin/work/source/php-monorepo/packages/lark-app-bot-bundle/tests/Entity/GroupInfoTest.php" line="34" class="Tourze\LarkAppBotBundle\Tests\Entity\GroupInfoTest" classname="Tourze.LarkAppBotBundle.Tests.Entity.GroupInfoTest" assertions="9" time="0.000042"/>
      <testcase name="testGroupInfoSettersAndGetters" file="/home/admin/work/source/php-monorepo/packages/lark-app-bot-bundle/tests/Entity/GroupInfoTest.php" line="49" class="Tourze\LarkAppBotBundle\Tests\Entity\GroupInfoTest" classname="Tourze.LarkAppBotBundle.Tests.Entity.GroupInfoTest" assertions="8" time="0.000032"/>
      <testcase name="testSetNameWithNullValue" file="/home/admin/work/source/php-monorepo/packages/lark-app-bot-bundle/tests/Entity/GroupInfoTest.php" line="72" class="Tourze\LarkAppBotBundle\Tests\Entity\GroupInfoTest" classname="Tourze.LarkAppBotBundle.Tests.Entity.GroupInfoTest" assertions="1" time="0.000032"/>
      <testcase name="testToStringMethod" file="/home/admin/work/source/php-monorepo/packages/lark-app-bot-bundle/tests/Entity/GroupInfoTest.php" line="82" class="Tourze\LarkAppBotBundle\Tests\Entity\GroupInfoTest" classname="Tourze.LarkAppBotBundle.Tests.Entity.GroupInfoTest" assertions="1" time="0.000028"/>
      <testcase name="testDescriptionCanBeNull" file="/home/admin/work/source/php-monorepo/packages/lark-app-bot-bundle/tests/Entity/GroupInfoTest.php" line="91" class="Tourze\LarkAppBotBundle\Tests\Entity\GroupInfoTest" classname="Tourze.LarkAppBotBundle.Tests.Entity.GroupInfoTest" assertions="1" time="0.000029"/>
      <testcase name="testOwnerIdCanBeNull" file="/home/admin/work/source/php-monorepo/packages/lark-app-bot-bundle/tests/Entity/GroupInfoTest.php" line="99" class="Tourze\LarkAppBotBundle\Tests\Entity\GroupInfoTest" classname="Tourze.LarkAppBotBundle.Tests.Entity.GroupInfoTest" assertions="1" time="0.000028"/>
      <testcase name="testChatTypeCanBeNull" file="/home/admin/work/source/php-monorepo/packages/lark-app-bot-bundle/tests/Entity/GroupInfoTest.php" line="107" class="Tourze\LarkAppBotBundle\Tests\Entity\GroupInfoTest" classname="Tourze.LarkAppBotBundle.Tests.Entity.GroupInfoTest" assertions="1" time="0.000027"/>
      <testcase name="testExternalFlagToggle" file="/home/admin/work/source/php-monorepo/packages/lark-app-bot-bundle/tests/Entity/GroupInfoTest.php" line="115" class="Tourze\LarkAppBotBundle\Tests\Entity\GroupInfoTest" classname="Tourze.LarkAppBotBundle.Tests.Entity.GroupInfoTest" assertions="3" time="0.000028"/>
      <testcase name="testMemberAndBotCounts" file="/home/admin/work/source/php-monorepo/packages/lark-app-bot-bundle/tests/Entity/GroupInfoTest.php" line="129" class="Tourze\LarkAppBotBundle\Tests\Entity\GroupInfoTest" classname="Tourze.LarkAppBotBundle.Tests.Entity.GroupInfoTest" assertions="2" time="0.000033"/>
    </testsuite>
    <testsuite name="Tourze\LarkAppBotBundle\Tests\Entity\MessageRecordTest" file="/home/admin/work/source/php-monorepo/packages/lark-app-bot-bundle/tests/Entity/MessageRecordTest.php" tests="16" assertions="49" errors="0" failures="0" skipped="0" time="0.000592">
      <testcase name="testShouldNotHaveRunTestsInSeparateProcesses" file="/home/admin/work/source/php-monorepo/packages/phpunit-doctrine-entity/src/AbstractEntityTestCase.php" line="28" class="Tourze\LarkAppBotBundle\Tests\Entity\MessageRecordTest" classname="Tourze.LarkAppBotBundle.Tests.Entity.MessageRecordTest" assertions="1" time="0.000045"/>
      <testcase name="testIsEntityClass" file="/home/admin/work/source/php-monorepo/packages/phpunit-doctrine-entity/src/AbstractEntityTestCase.php" line="38" class="Tourze\LarkAppBotBundle\Tests\Entity\MessageRecordTest" classname="Tourze.LarkAppBotBundle.Tests.Entity.MessageRecordTest" assertions="3" time="0.000035"/>
      <testcase name="testDisallowUseMultipleCoversClass" file="/home/admin/work/source/php-monorepo/packages/phpunit-doctrine-entity/src/AbstractEntityTestCase.php" line="52" class="Tourze\LarkAppBotBundle\Tests\Entity\MessageRecordTest" classname="Tourze.LarkAppBotBundle.Tests.Entity.MessageRecordTest" assertions="1" time="0.000031"/>
      <testsuite name="Tourze\LarkAppBotBundle\Tests\Entity\MessageRecordTest::testGettersAndSetters" tests="7" assertions="21" errors="0" failures="0" skipped="0" time="0.000279">
        <testcase name="testGettersAndSetters with data set #0" file="/home/admin/work/source/php-monorepo/packages/phpunit-doctrine-entity/src/AbstractEntityTestCase.php" line="65" class="Tourze\LarkAppBotBundle\Tests\Entity\MessageRecordTest" classname="Tourze.LarkAppBotBundle.Tests.Entity.MessageRecordTest" assertions="3" time="0.000042"/>
        <testcase name="testGettersAndSetters with data set #1" file="/home/admin/work/source/php-monorepo/packages/phpunit-doctrine-entity/src/AbstractEntityTestCase.php" line="65" class="Tourze\LarkAppBotBundle\Tests\Entity\MessageRecordTest" classname="Tourze.LarkAppBotBundle.Tests.Entity.MessageRecordTest" assertions="3" time="0.000037"/>
        <testcase name="testGettersAndSetters with data set #2" file="/home/admin/work/source/php-monorepo/packages/phpunit-doctrine-entity/src/AbstractEntityTestCase.php" line="65" class="Tourze\LarkAppBotBundle\Tests\Entity\MessageRecordTest" classname="Tourze.LarkAppBotBundle.Tests.Entity.MessageRecordTest" assertions="3" time="0.000036"/>
        <testcase name="testGettersAndSetters with data set #3" file="/home/admin/work/source/php-monorepo/packages/phpunit-doctrine-entity/src/AbstractEntityTestCase.php" line="65" class="Tourze\LarkAppBotBundle\Tests\Entity\MessageRecordTest" classname="Tourze.LarkAppBotBundle.Tests.Entity.MessageRecordTest" assertions="3" time="0.000036"/>
        <testcase name="testGettersAndSetters with data set #4" file="/home/admin/work/source/php-monorepo/packages/phpunit-doctrine-entity/src/AbstractEntityTestCase.php" line="65" class="Tourze\LarkAppBotBundle\Tests\Entity\MessageRecordTest" classname="Tourze.LarkAppBotBundle.Tests.Entity.MessageRecordTest" assertions="3" time="0.000050"/>
        <testcase name="testGettersAndSetters with data set #5" file="/home/admin/work/source/php-monorepo/packages/phpunit-doctrine-entity/src/AbstractEntityTestCase.php" line="65" class="Tourze\LarkAppBotBundle\Tests\Entity\MessageRecordTest" classname="Tourze.LarkAppBotBundle.Tests.Entity.MessageRecordTest" assertions="3" time="0.000036"/>
        <testcase name="testGettersAndSetters with data set #6" file="/home/admin/work/source/php-monorepo/packages/phpunit-doctrine-entity/src/AbstractEntityTestCase.php" line="65" class="Tourze\LarkAppBotBundle\Tests\Entity\MessageRecordTest" classname="Tourze.LarkAppBotBundle.Tests.Entity.MessageRecordTest" assertions="3" time="0.000041"/>
      </testsuite>
      <testcase name="preferUseIndexColumnAttributeToDefineIndexWhenOnlyOneColumn" file="/home/admin/work/source/php-monorepo/packages/phpunit-doctrine-entity/src/AbstractEntityTestCase.php" line="112" class="Tourze\LarkAppBotBundle\Tests\Entity\MessageRecordTest" classname="Tourze.LarkAppBotBundle.Tests.Entity.MessageRecordTest" assertions="3" time="0.000042"/>
      <testcase name="testMessageRecordCanBeCreatedWithDefaultValues" file="/home/admin/work/source/php-monorepo/packages/lark-app-bot-bundle/tests/Entity/MessageRecordTest.php" line="33" class="Tourze\LarkAppBotBundle\Tests\Entity\MessageRecordTest" classname="Tourze.LarkAppBotBundle.Tests.Entity.MessageRecordTest" assertions="8" time="0.000036"/>
      <testcase name="testMessageRecordSettersAndGetters" file="/home/admin/work/source/php-monorepo/packages/lark-app-bot-bundle/tests/Entity/MessageRecordTest.php" line="47" class="Tourze\LarkAppBotBundle\Tests\Entity\MessageRecordTest" classname="Tourze.LarkAppBotBundle.Tests.Entity.MessageRecordTest" assertions="7" time="0.000035"/>
      <testcase name="testIsFromBotMethod" file="/home/admin/work/source/php-monorepo/packages/lark-app-bot-bundle/tests/Entity/MessageRecordTest.php" line="69" class="Tourze\LarkAppBotBundle\Tests\Entity\MessageRecordTest" classname="Tourze.LarkAppBotBundle.Tests.Entity.MessageRecordTest" assertions="2" time="0.000030"/>
      <testcase name="testIsGroupMessageMethod" file="/home/admin/work/source/php-monorepo/packages/lark-app-bot-bundle/tests/Entity/MessageRecordTest.php" line="80" class="Tourze\LarkAppBotBundle\Tests\Entity\MessageRecordTest" classname="Tourze.LarkAppBotBundle.Tests.Entity.MessageRecordTest" assertions="2" time="0.000029"/>
      <testcase name="testToStringMethod" file="/home/admin/work/source/php-monorepo/packages/lark-app-bot-bundle/tests/Entity/MessageRecordTest.php" line="91" class="Tourze\LarkAppBotBundle\Tests\Entity\MessageRecordTest" classname="Tourze.LarkAppBotBundle.Tests.Entity.MessageRecordTest" assertions="1" time="0.000031"/>
    </testsuite>
    <testsuite name="Tourze\LarkAppBotBundle\Tests\Entity\UserSyncTest" file="/home/admin/work/source/php-monorepo/packages/lark-app-bot-bundle/tests/Entity/UserSyncTest.php" tests="26" assertions="73" errors="0" failures="0" skipped="0" time="0.000911">
      <testcase name="testShouldNotHaveRunTestsInSeparateProcesses" file="/home/admin/work/source/php-monorepo/packages/phpunit-doctrine-entity/src/AbstractEntityTestCase.php" line="28" class="Tourze\LarkAppBotBundle\Tests\Entity\UserSyncTest" classname="Tourze.LarkAppBotBundle.Tests.Entity.UserSyncTest" assertions="1" time="0.000045"/>
      <testcase name="testIsEntityClass" file="/home/admin/work/source/php-monorepo/packages/phpunit-doctrine-entity/src/AbstractEntityTestCase.php" line="38" class="Tourze\LarkAppBotBundle\Tests\Entity\UserSyncTest" classname="Tourze.LarkAppBotBundle.Tests.Entity.UserSyncTest" assertions="3" time="0.000035"/>
      <testcase name="testDisallowUseMultipleCoversClass" file="/home/admin/work/source/php-monorepo/packages/phpunit-doctrine-entity/src/AbstractEntityTestCase.php" line="52" class="Tourze\LarkAppBotBundle\Tests\Entity\UserSyncTest" classname="Tourze.LarkAppBotBundle.Tests.Entity.UserSyncTest" assertions="1" time="0.000033"/>
      <testsuite name="Tourze\LarkAppBotBundle\Tests\Entity\UserSyncTest::testGettersAndSetters" tests="10" assertions="30" errors="0" failures="0" skipped="0" time="0.000393">
        <testcase name="testGettersAndSetters with data set #0" file="/home/admin/work/source/php-monorepo/packages/phpunit-doctrine-entity/src/AbstractEntityTestCase.php" line="65" class="Tourze\LarkAppBotBundle\Tests\Entity\UserSyncTest" classname="Tourze.LarkAppBotBundle.Tests.Entity.UserSyncTest" assertions="3" time="0.000041"/>
        <testcase name="testGettersAndSetters with data set #1" file="/home/admin/work/source/php-monorepo/packages/phpunit-doctrine-entity/src/AbstractEntityTestCase.php" line="65" class="Tourze\LarkAppBotBundle\Tests\Entity\UserSyncTest" classname="Tourze.LarkAppBotBundle.Tests.Entity.UserSyncTest" assertions="3" time="0.000037"/>
        <testcase name="testGettersAndSetters with data set #2" file="/home/admin/work/source/php-monorepo/packages/phpunit-doctrine-entity/src/AbstractEntityTestCase.php" line="65" class="Tourze\LarkAppBotBundle\Tests\Entity\UserSyncTest" classname="Tourze.LarkAppBotBundle.Tests.Entity.UserSyncTest" assertions="3" time="0.000036"/>
        <testcase name="testGettersAndSetters with data set #3" file="/home/admin/work/source/php-monorepo/packages/phpunit-doctrine-entity/src/AbstractEntityTestCase.php" line="65" class="Tourze\LarkAppBotBundle\Tests\Entity\UserSyncTest" classname="Tourze.LarkAppBotBundle.Tests.Entity.UserSyncTest" assertions="3" time="0.000035"/>
        <testcase name="testGettersAndSetters with data set #4" file="/home/admin/work/source/php-monorepo/packages/phpunit-doctrine-entity/src/AbstractEntityTestCase.php" line="65" class="Tourze\LarkAppBotBundle\Tests\Entity\UserSyncTest" classname="Tourze.LarkAppBotBundle.Tests.Entity.UserSyncTest" assertions="3" time="0.000036"/>
        <testcase name="testGettersAndSetters with data set #5" file="/home/admin/work/source/php-monorepo/packages/phpunit-doctrine-entity/src/AbstractEntityTestCase.php" line="65" class="Tourze\LarkAppBotBundle\Tests\Entity\UserSyncTest" classname="Tourze.LarkAppBotBundle.Tests.Entity.UserSyncTest" assertions="3" time="0.000039"/>
        <testcase name="testGettersAndSetters with data set #6" file="/home/admin/work/source/php-monorepo/packages/phpunit-doctrine-entity/src/AbstractEntityTestCase.php" line="65" class="Tourze\LarkAppBotBundle\Tests\Entity\UserSyncTest" classname="Tourze.LarkAppBotBundle.Tests.Entity.UserSyncTest" assertions="3" time="0.000051"/>
        <testcase name="testGettersAndSetters with data set #7" file="/home/admin/work/source/php-monorepo/packages/phpunit-doctrine-entity/src/AbstractEntityTestCase.php" line="65" class="Tourze\LarkAppBotBundle\Tests\Entity\UserSyncTest" classname="Tourze.LarkAppBotBundle.Tests.Entity.UserSyncTest" assertions="3" time="0.000045"/>
        <testcase name="testGettersAndSetters with data set #8" file="/home/admin/work/source/php-monorepo/packages/phpunit-doctrine-entity/src/AbstractEntityTestCase.php" line="65" class="Tourze\LarkAppBotBundle\Tests\Entity\UserSyncTest" classname="Tourze.LarkAppBotBundle.Tests.Entity.UserSyncTest" assertions="3" time="0.000038"/>
        <testcase name="testGettersAndSetters with data set #9" file="/home/admin/work/source/php-monorepo/packages/phpunit-doctrine-entity/src/AbstractEntityTestCase.php" line="65" class="Tourze\LarkAppBotBundle\Tests\Entity\UserSyncTest" classname="Tourze.LarkAppBotBundle.Tests.Entity.UserSyncTest" assertions="3" time="0.000036"/>
      </testsuite>
      <testcase name="preferUseIndexColumnAttributeToDefineIndexWhenOnlyOneColumn" file="/home/admin/work/source/php-monorepo/packages/phpunit-doctrine-entity/src/AbstractEntityTestCase.php" line="112" class="Tourze\LarkAppBotBundle\Tests\Entity\UserSyncTest" classname="Tourze.LarkAppBotBundle.Tests.Entity.UserSyncTest" assertions="3" time="0.000040"/>
      <testcase name="testUserSyncCanBeCreatedWithDefaultValues" file="/home/admin/work/source/php-monorepo/packages/lark-app-bot-bundle/tests/Entity/UserSyncTest.php" line="36" class="Tourze\LarkAppBotBundle\Tests\Entity\UserSyncTest" classname="Tourze.LarkAppBotBundle.Tests.Entity.UserSyncTest" assertions="11" time="0.000037"/>
      <testcase name="testUserSyncSettersAndGetters" file="/home/admin/work/source/php-monorepo/packages/lark-app-bot-bundle/tests/Entity/UserSyncTest.php" line="53" class="Tourze\LarkAppBotBundle\Tests\Entity\UserSyncTest" classname="Tourze.LarkAppBotBundle.Tests.Entity.UserSyncTest" assertions="10" time="0.000037"/>
      <testcase name="testToStringMethod" file="/home/admin/work/source/php-monorepo/packages/lark-app-bot-bundle/tests/Entity/UserSyncTest.php" line="82" class="Tourze\LarkAppBotBundle\Tests\Entity\UserSyncTest" classname="Tourze.LarkAppBotBundle.Tests.Entity.UserSyncTest" assertions="1" time="0.000030"/>
      <testcase name="testOpenIdCanBeNull" file="/home/admin/work/source/php-monorepo/packages/lark-app-bot-bundle/tests/Entity/UserSyncTest.php" line="91" class="Tourze\LarkAppBotBundle\Tests\Entity\UserSyncTest" classname="Tourze.LarkAppBotBundle.Tests.Entity.UserSyncTest" assertions="1" time="0.000029"/>
      <testcase name="testUnionIdCanBeNull" file="/home/admin/work/source/php-monorepo/packages/lark-app-bot-bundle/tests/Entity/UserSyncTest.php" line="99" class="Tourze\LarkAppBotBundle\Tests\Entity\UserSyncTest" classname="Tourze.LarkAppBotBundle.Tests.Entity.UserSyncTest" assertions="1" time="0.000028"/>
      <testcase name="testEmailCanBeNull" file="/home/admin/work/source/php-monorepo/packages/lark-app-bot-bundle/tests/Entity/UserSyncTest.php" line="107" class="Tourze\LarkAppBotBundle\Tests\Entity\UserSyncTest" classname="Tourze.LarkAppBotBundle.Tests.Entity.UserSyncTest" assertions="1" time="0.000029"/>
      <testcase name="testMobileCanBeNull" file="/home/admin/work/source/php-monorepo/packages/lark-app-bot-bundle/tests/Entity/UserSyncTest.php" line="115" class="Tourze\LarkAppBotBundle\Tests\Entity\UserSyncTest" classname="Tourze.LarkAppBotBundle.Tests.Entity.UserSyncTest" assertions="1" time="0.000027"/>
      <testcase name="testDepartmentIdsCanBeNull" file="/home/admin/work/source/php-monorepo/packages/lark-app-bot-bundle/tests/Entity/UserSyncTest.php" line="123" class="Tourze\LarkAppBotBundle\Tests\Entity\UserSyncTest" classname="Tourze.LarkAppBotBundle.Tests.Entity.UserSyncTest" assertions="1" time="0.000029"/>
      <testcase name="testSyncAtCanBeNull" file="/home/admin/work/source/php-monorepo/packages/lark-app-bot-bundle/tests/Entity/UserSyncTest.php" line="131" class="Tourze\LarkAppBotBundle\Tests\Entity\UserSyncTest" classname="Tourze.LarkAppBotBundle.Tests.Entity.UserSyncTest" assertions="1" time="0.000029"/>
      <testcase name="testErrorMessageCanBeNull" file="/home/admin/work/source/php-monorepo/packages/lark-app-bot-bundle/tests/Entity/UserSyncTest.php" line="139" class="Tourze\LarkAppBotBundle\Tests\Entity\UserSyncTest" classname="Tourze.LarkAppBotBundle.Tests.Entity.UserSyncTest" assertions="1" time="0.000028"/>
      <testcase name="testSyncStatusValues" file="/home/admin/work/source/php-monorepo/packages/lark-app-bot-bundle/tests/Entity/UserSyncTest.php" line="147" class="Tourze\LarkAppBotBundle\Tests\Entity\UserSyncTest" classname="Tourze.LarkAppBotBundle.Tests.Entity.UserSyncTest" assertions="3" time="0.000031"/>
      <testcase name="testDepartmentIdsArray" file="/home/admin/work/source/php-monorepo/packages/lark-app-bot-bundle/tests/Entity/UserSyncTest.php" line="162" class="Tourze\LarkAppBotBundle\Tests\Entity\UserSyncTest" classname="Tourze.LarkAppBotBundle.Tests.Entity.UserSyncTest" assertions="3" time="0.000031"/>
    </testsuite>
    <testsuite name="Tourze\LarkAppBotBundle\Tests\Event\AsyncEventMessageTest" file="/home/admin/work/source/php-monorepo/packages/lark-app-bot-bundle/tests/Event/AsyncEventMessageTest.php" tests="7" assertions="11" errors="0" failures="0" skipped="0" time="0.000271">
      <testcase name="testAsyncEventMessageCreation" file="/home/admin/work/source/php-monorepo/packages/lark-app-bot-bundle/tests/Event/AsyncEventMessageTest.php" line="17" class="Tourze\LarkAppBotBundle\Tests\Event\AsyncEventMessageTest" classname="Tourze.LarkAppBotBundle.Tests.Event.AsyncEventMessageTest" assertions="3" time="0.000080"/>
      <testcase name="testAsyncEventMessageCreationWithoutContext" file="/home/admin/work/source/php-monorepo/packages/lark-app-bot-bundle/tests/Event/AsyncEventMessageTest.php" line="34" class="Tourze\LarkAppBotBundle\Tests\Event\AsyncEventMessageTest" classname="Tourze.LarkAppBotBundle.Tests.Event.AsyncEventMessageTest" assertions="3" time="0.000037"/>
      <testcase name="testGetEventType" file="/home/admin/work/source/php-monorepo/packages/lark-app-bot-bundle/tests/Event/AsyncEventMessageTest.php" line="46" class="Tourze\LarkAppBotBundle\Tests\Event\AsyncEventMessageTest" classname="Tourze.LarkAppBotBundle.Tests.Event.AsyncEventMessageTest" assertions="1" time="0.000027"/>
      <testcase name="testGetEventData" file="/home/admin/work/source/php-monorepo/packages/lark-app-bot-bundle/tests/Event/AsyncEventMessageTest.php" line="53" class="Tourze\LarkAppBotBundle\Tests\Event\AsyncEventMessageTest" classname="Tourze.LarkAppBotBundle.Tests.Event.AsyncEventMessageTest" assertions="1" time="0.000041"/>
      <testcase name="testGetEventDataWithEmptyData" file="/home/admin/work/source/php-monorepo/packages/lark-app-bot-bundle/tests/Event/AsyncEventMessageTest.php" line="64" class="Tourze\LarkAppBotBundle\Tests\Event\AsyncEventMessageTest" classname="Tourze.LarkAppBotBundle.Tests.Event.AsyncEventMessageTest" assertions="1" time="0.000030"/>
      <testcase name="testGetContext" file="/home/admin/work/source/php-monorepo/packages/lark-app-bot-bundle/tests/Event/AsyncEventMessageTest.php" line="71" class="Tourze\LarkAppBotBundle\Tests\Event\AsyncEventMessageTest" classname="Tourze.LarkAppBotBundle.Tests.Event.AsyncEventMessageTest" assertions="1" time="0.000027"/>
      <testcase name="testGetContextWithEmptyContext" file="/home/admin/work/source/php-monorepo/packages/lark-app-bot-bundle/tests/Event/AsyncEventMessageTest.php" line="82" class="Tourze\LarkAppBotBundle\Tests\Event\AsyncEventMessageTest" classname="Tourze.LarkAppBotBundle.Tests.Event.AsyncEventMessageTest" assertions="1" time="0.000030"/>
    </testsuite>
    <testsuite name="Tourze\LarkAppBotBundle\Tests\Event\GenericEventTest" file="/home/admin/work/source/php-monorepo/packages/lark-app-bot-bundle/tests/Event/GenericEventTest.php" tests="9" assertions="23" errors="0" failures="0" skipped="0" time="0.000388">
      <testcase name="testShouldNotHaveRunTestsInSeparateProcesses" file="/home/admin/work/source/php-monorepo/packages/phpunit-symfony-unit-test/src/AbstractEventTestCase.php" line="17" class="Tourze\LarkAppBotBundle\Tests\Event\GenericEventTest" classname="Tourze.LarkAppBotBundle.Tests.Event.GenericEventTest" assertions="1" time="0.000045"/>
      <testcase name="testExtendsEvent" file="/home/admin/work/source/php-monorepo/packages/phpunit-symfony-unit-test/src/AbstractEventTestCase.php" line="27" class="Tourze\LarkAppBotBundle\Tests\Event\GenericEventTest" classname="Tourze.LarkAppBotBundle.Tests.Event.GenericEventTest" assertions="2" time="0.000132"/>
      <testcase name="testGenericEventCreation" file="/home/admin/work/source/php-monorepo/packages/lark-app-bot-bundle/tests/Event/GenericEventTest.php" line="17" class="Tourze\LarkAppBotBundle\Tests\Event\GenericEventTest" classname="Tourze.LarkAppBotBundle.Tests.Event.GenericEventTest" assertions="3" time="0.000036"/>
      <testcase name="testGet" file="/home/admin/work/source/php-monorepo/packages/lark-app-bot-bundle/tests/Event/GenericEventTest.php" line="36" class="Tourze\LarkAppBotBundle\Tests\Event\GenericEventTest" classname="Tourze.LarkAppBotBundle.Tests.Event.GenericEventTest" assertions="3" time="0.000030"/>
      <testcase name="testGetWithDefault" file="/home/admin/work/source/php-monorepo/packages/lark-app-bot-bundle/tests/Event/GenericEventTest.php" line="50" class="Tourze\LarkAppBotBundle\Tests\Event\GenericEventTest" classname="Tourze.LarkAppBotBundle.Tests.Event.GenericEventTest" assertions="4" time="0.000030"/>
      <testcase name="testGetWithExistingKey" file="/home/admin/work/source/php-monorepo/packages/lark-app-bot-bundle/tests/Event/GenericEventTest.php" line="60" class="Tourze\LarkAppBotBundle\Tests\Event\GenericEventTest" classname="Tourze.LarkAppBotBundle.Tests.Event.GenericEventTest" assertions="1" time="0.000031"/>
      <testcase name="testGetWithNullValue" file="/home/admin/work/source/php-monorepo/packages/lark-app-bot-bundle/tests/Event/GenericEventTest.php" line="69" class="Tourze\LarkAppBotBundle\Tests\Event\GenericEventTest" classname="Tourze.LarkAppBotBundle.Tests.Event.GenericEventTest" assertions="1" time="0.000027"/>
      <testcase name="testHas" file="/home/admin/work/source/php-monorepo/packages/lark-app-bot-bundle/tests/Event/GenericEventTest.php" line="78" class="Tourze\LarkAppBotBundle\Tests\Event\GenericEventTest" classname="Tourze.LarkAppBotBundle.Tests.Event.GenericEventTest" assertions="6" time="0.000031"/>
      <testcase name="testHasWithEmptyData" file="/home/admin/work/source/php-monorepo/packages/lark-app-bot-bundle/tests/Event/GenericEventTest.php" line="97" class="Tourze\LarkAppBotBundle\Tests\Event\GenericEventTest" classname="Tourze.LarkAppBotBundle.Tests.Event.GenericEventTest" assertions="2" time="0.000027"/>
    </testsuite>
    <testsuite name="Tourze\LarkAppBotBundle\Tests\Event\GroupEventTest" file="/home/admin/work/source/php-monorepo/packages/lark-app-bot-bundle/tests/Event/GroupEventTest.php" tests="13" assertions="18" errors="0" failures="0" skipped="0" time="0.000446">
      <testcase name="testShouldNotHaveRunTestsInSeparateProcesses" file="/home/admin/work/source/php-monorepo/packages/phpunit-symfony-unit-test/src/AbstractEventTestCase.php" line="17" class="Tourze\LarkAppBotBundle\Tests\Event\GroupEventTest" classname="Tourze.LarkAppBotBundle.Tests.Event.GroupEventTest" assertions="1" time="0.000043"/>
      <testcase name="testExtendsEvent" file="/home/admin/work/source/php-monorepo/packages/phpunit-symfony-unit-test/src/AbstractEventTestCase.php" line="27" class="Tourze\LarkAppBotBundle\Tests\Event\GroupEventTest" classname="Tourze.LarkAppBotBundle.Tests.Event.GroupEventTest" assertions="2" time="0.000070"/>
      <testcase name="testGroupEventCreation" file="/home/admin/work/source/php-monorepo/packages/lark-app-bot-bundle/tests/Event/GroupEventTest.php" line="17" class="Tourze\LarkAppBotBundle\Tests\Event\GroupEventTest" classname="Tourze.LarkAppBotBundle.Tests.Event.GroupEventTest" assertions="3" time="0.000033"/>
      <testcase name="testGetChatId" file="/home/admin/work/source/php-monorepo/packages/lark-app-bot-bundle/tests/Event/GroupEventTest.php" line="38" class="Tourze\LarkAppBotBundle\Tests\Event\GroupEventTest" classname="Tourze.LarkAppBotBundle.Tests.Event.GroupEventTest" assertions="1" time="0.000035"/>
      <testcase name="testGetChatIdWithMissingData" file="/home/admin/work/source/php-monorepo/packages/lark-app-bot-bundle/tests/Event/GroupEventTest.php" line="46" class="Tourze\LarkAppBotBundle\Tests\Event\GroupEventTest" classname="Tourze.LarkAppBotBundle.Tests.Event.GroupEventTest" assertions="1" time="0.000029"/>
      <testcase name="testGetOperatorId" file="/home/admin/work/source/php-monorepo/packages/lark-app-bot-bundle/tests/Event/GroupEventTest.php" line="53" class="Tourze\LarkAppBotBundle\Tests\Event\GroupEventTest" classname="Tourze.LarkAppBotBundle.Tests.Event.GroupEventTest" assertions="1" time="0.000028"/>
      <testcase name="testGetOperatorIdWithMissingData" file="/home/admin/work/source/php-monorepo/packages/lark-app-bot-bundle/tests/Event/GroupEventTest.php" line="61" class="Tourze\LarkAppBotBundle\Tests\Event\GroupEventTest" classname="Tourze.LarkAppBotBundle.Tests.Event.GroupEventTest" assertions="1" time="0.000030"/>
      <testcase name="testGetExternalLabel" file="/home/admin/work/source/php-monorepo/packages/lark-app-bot-bundle/tests/Event/GroupEventTest.php" line="68" class="Tourze\LarkAppBotBundle\Tests\Event\GroupEventTest" classname="Tourze.LarkAppBotBundle.Tests.Event.GroupEventTest" assertions="1" time="0.000029"/>
      <testcase name="testGetExternalLabelWithMissingData" file="/home/admin/work/source/php-monorepo/packages/lark-app-bot-bundle/tests/Event/GroupEventTest.php" line="76" class="Tourze\LarkAppBotBundle\Tests\Event\GroupEventTest" classname="Tourze.LarkAppBotBundle.Tests.Event.GroupEventTest" assertions="1" time="0.000031"/>
      <testcase name="testGetI18nNames" file="/home/admin/work/source/php-monorepo/packages/lark-app-bot-bundle/tests/Event/GroupEventTest.php" line="83" class="Tourze\LarkAppBotBundle\Tests\Event\GroupEventTest" classname="Tourze.LarkAppBotBundle.Tests.Event.GroupEventTest" assertions="1" time="0.000029"/>
      <testcase name="testGetI18nNamesWithMissingData" file="/home/admin/work/source/php-monorepo/packages/lark-app-bot-bundle/tests/Event/GroupEventTest.php" line="94" class="Tourze\LarkAppBotBundle\Tests\Event\GroupEventTest" classname="Tourze.LarkAppBotBundle.Tests.Event.GroupEventTest" assertions="1" time="0.000030"/>
      <testcase name="testIsDisbanded" file="/home/admin/work/source/php-monorepo/packages/lark-app-bot-bundle/tests/Event/GroupEventTest.php" line="101" class="Tourze\LarkAppBotBundle\Tests\Event\GroupEventTest" classname="Tourze.LarkAppBotBundle.Tests.Event.GroupEventTest" assertions="2" time="0.000028"/>
      <testcase name="testIsUpdated" file="/home/admin/work/source/php-monorepo/packages/lark-app-bot-bundle/tests/Event/GroupEventTest.php" line="110" class="Tourze\LarkAppBotBundle\Tests\Event\GroupEventTest" classname="Tourze.LarkAppBotBundle.Tests.Event.GroupEventTest" assertions="2" time="0.000031"/>
    </testsuite>
    <testsuite name="Tourze\LarkAppBotBundle\Tests\Event\GroupMemberEventTest" file="/home/admin/work/source/php-monorepo/packages/lark-app-bot-bundle/tests/Event/GroupMemberEventTest.php" tests="14" assertions="22" errors="0" failures="0" skipped="0" time="0.000475">
      <testcase name="testShouldNotHaveRunTestsInSeparateProcesses" file="/home/admin/work/source/php-monorepo/packages/phpunit-symfony-unit-test/src/AbstractEventTestCase.php" line="17" class="Tourze\LarkAppBotBundle\Tests\Event\GroupMemberEventTest" classname="Tourze.LarkAppBotBundle.Tests.Event.GroupMemberEventTest" assertions="1" time="0.000045"/>
      <testcase name="testExtendsEvent" file="/home/admin/work/source/php-monorepo/packages/phpunit-symfony-unit-test/src/AbstractEventTestCase.php" line="27" class="Tourze\LarkAppBotBundle\Tests\Event\GroupMemberEventTest" classname="Tourze.LarkAppBotBundle.Tests.Event.GroupMemberEventTest" assertions="2" time="0.000072"/>
      <testcase name="testGroupMemberEventCreation" file="/home/admin/work/source/php-monorepo/packages/lark-app-bot-bundle/tests/Event/GroupMemberEventTest.php" line="17" class="Tourze\LarkAppBotBundle\Tests\Event\GroupMemberEventTest" classname="Tourze.LarkAppBotBundle.Tests.Event.GroupMemberEventTest" assertions="3" time="0.000035"/>
      <testcase name="testGetChatId" file="/home/admin/work/source/php-monorepo/packages/lark-app-bot-bundle/tests/Event/GroupMemberEventTest.php" line="37" class="Tourze\LarkAppBotBundle\Tests\Event\GroupMemberEventTest" classname="Tourze.LarkAppBotBundle.Tests.Event.GroupMemberEventTest" assertions="1" time="0.000028"/>
      <testcase name="testGetChatIdWithMissingData" file="/home/admin/work/source/php-monorepo/packages/lark-app-bot-bundle/tests/Event/GroupMemberEventTest.php" line="45" class="Tourze\LarkAppBotBundle\Tests\Event\GroupMemberEventTest" classname="Tourze.LarkAppBotBundle.Tests.Event.GroupMemberEventTest" assertions="1" time="0.000029"/>
      <testcase name="testGetOperatorId" file="/home/admin/work/source/php-monorepo/packages/lark-app-bot-bundle/tests/Event/GroupMemberEventTest.php" line="52" class="Tourze\LarkAppBotBundle\Tests\Event\GroupMemberEventTest" classname="Tourze.LarkAppBotBundle.Tests.Event.GroupMemberEventTest" assertions="1" time="0.000028"/>
      <testcase name="testGetOperatorIdWithMissingData" file="/home/admin/work/source/php-monorepo/packages/lark-app-bot-bundle/tests/Event/GroupMemberEventTest.php" line="60" class="Tourze\LarkAppBotBundle\Tests\Event\GroupMemberEventTest" classname="Tourze.LarkAppBotBundle.Tests.Event.GroupMemberEventTest" assertions="1" time="0.000031"/>
      <testcase name="testGetUsers" file="/home/admin/work/source/php-monorepo/packages/lark-app-bot-bundle/tests/Event/GroupMemberEventTest.php" line="67" class="Tourze\LarkAppBotBundle\Tests\Event\GroupMemberEventTest" classname="Tourze.LarkAppBotBundle.Tests.Event.GroupMemberEventTest" assertions="1" time="0.000027"/>
      <testcase name="testGetUsersWithMissingData" file="/home/admin/work/source/php-monorepo/packages/lark-app-bot-bundle/tests/Event/GroupMemberEventTest.php" line="78" class="Tourze\LarkAppBotBundle\Tests\Event\GroupMemberEventTest" classname="Tourze.LarkAppBotBundle.Tests.Event.GroupMemberEventTest" assertions="1" time="0.000029"/>
      <testcase name="testIsBotAdded" file="/home/admin/work/source/php-monorepo/packages/lark-app-bot-bundle/tests/Event/GroupMemberEventTest.php" line="85" class="Tourze\LarkAppBotBundle\Tests\Event\GroupMemberEventTest" classname="Tourze.LarkAppBotBundle.Tests.Event.GroupMemberEventTest" assertions="2" time="0.000027"/>
      <testcase name="testIsBotDeleted" file="/home/admin/work/source/php-monorepo/packages/lark-app-bot-bundle/tests/Event/GroupMemberEventTest.php" line="94" class="Tourze\LarkAppBotBundle\Tests\Event\GroupMemberEventTest" classname="Tourze.LarkAppBotBundle.Tests.Event.GroupMemberEventTest" assertions="2" time="0.000026"/>
      <testcase name="testIsUserAdded" file="/home/admin/work/source/php-monorepo/packages/lark-app-bot-bundle/tests/Event/GroupMemberEventTest.php" line="103" class="Tourze\LarkAppBotBundle\Tests\Event\GroupMemberEventTest" classname="Tourze.LarkAppBotBundle.Tests.Event.GroupMemberEventTest" assertions="2" time="0.000039"/>
      <testcase name="testIsUserWithdrawn" file="/home/admin/work/source/php-monorepo/packages/lark-app-bot-bundle/tests/Event/GroupMemberEventTest.php" line="112" class="Tourze\LarkAppBotBundle\Tests\Event\GroupMemberEventTest" classname="Tourze.LarkAppBotBundle.Tests.Event.GroupMemberEventTest" assertions="2" time="0.000029"/>
      <testcase name="testIsUserDeleted" file="/home/admin/work/source/php-monorepo/packages/lark-app-bot-bundle/tests/Event/GroupMemberEventTest.php" line="121" class="Tourze\LarkAppBotBundle\Tests\Event\GroupMemberEventTest" classname="Tourze.LarkAppBotBundle.Tests.Event.GroupMemberEventTest" assertions="2" time="0.000029"/>
    </testsuite>
    <testsuite name="Tourze\LarkAppBotBundle\Tests\Event\LarkEventTest" file="/home/admin/work/source/php-monorepo/packages/lark-app-bot-bundle/tests/Event/LarkEventTest.php" tests="12" assertions="19" errors="0" failures="0" skipped="0" time="0.000423">
      <testcase name="testShouldNotHaveRunTestsInSeparateProcesses" file="/home/admin/work/source/php-monorepo/packages/phpunit-symfony-unit-test/src/AbstractEventTestCase.php" line="17" class="Tourze\LarkAppBotBundle\Tests\Event\LarkEventTest" classname="Tourze.LarkAppBotBundle.Tests.Event.LarkEventTest" assertions="1" time="0.000042"/>
      <testcase name="testExtendsEvent" file="/home/admin/work/source/php-monorepo/packages/phpunit-symfony-unit-test/src/AbstractEventTestCase.php" line="27" class="Tourze\LarkAppBotBundle\Tests\Event\LarkEventTest" classname="Tourze.LarkAppBotBundle.Tests.Event.LarkEventTest" assertions="2" time="0.000033"/>
      <testcase name="testLarkEventCreation" file="/home/admin/work/source/php-monorepo/packages/lark-app-bot-bundle/tests/Event/LarkEventTest.php" line="17" class="Tourze\LarkAppBotBundle\Tests\Event\LarkEventTest" classname="Tourze.LarkAppBotBundle.Tests.Event.LarkEventTest" assertions="3" time="0.000049"/>
      <testcase name="testGetEventId" file="/home/admin/work/source/php-monorepo/packages/lark-app-bot-bundle/tests/Event/LarkEventTest.php" line="36" class="Tourze\LarkAppBotBundle\Tests\Event\LarkEventTest" classname="Tourze.LarkAppBotBundle.Tests.Event.LarkEventTest" assertions="1" time="0.000028"/>
      <testcase name="testGetEventIdWithMissingData" file="/home/admin/work/source/php-monorepo/packages/lark-app-bot-bundle/tests/Event/LarkEventTest.php" line="44" class="Tourze\LarkAppBotBundle\Tests\Event\LarkEventTest" classname="Tourze.LarkAppBotBundle.Tests.Event.LarkEventTest" assertions="1" time="0.000035"/>
      <testcase name="testGetTenantKey" file="/home/admin/work/source/php-monorepo/packages/lark-app-bot-bundle/tests/Event/LarkEventTest.php" line="51" class="Tourze\LarkAppBotBundle\Tests\Event\LarkEventTest" classname="Tourze.LarkAppBotBundle.Tests.Event.LarkEventTest" assertions="1" time="0.000028"/>
      <testcase name="testGetTenantKeyWithMissingData" file="/home/admin/work/source/php-monorepo/packages/lark-app-bot-bundle/tests/Event/LarkEventTest.php" line="59" class="Tourze\LarkAppBotBundle\Tests\Event\LarkEventTest" classname="Tourze.LarkAppBotBundle.Tests.Event.LarkEventTest" assertions="1" time="0.000029"/>
      <testcase name="testGetAppId" file="/home/admin/work/source/php-monorepo/packages/lark-app-bot-bundle/tests/Event/LarkEventTest.php" line="66" class="Tourze\LarkAppBotBundle\Tests\Event\LarkEventTest" classname="Tourze.LarkAppBotBundle.Tests.Event.LarkEventTest" assertions="1" time="0.000027"/>
      <testcase name="testGetAppIdWithMissingData" file="/home/admin/work/source/php-monorepo/packages/lark-app-bot-bundle/tests/Event/LarkEventTest.php" line="74" class="Tourze\LarkAppBotBundle\Tests\Event\LarkEventTest" classname="Tourze.LarkAppBotBundle.Tests.Event.LarkEventTest" assertions="1" time="0.000033"/>
      <testcase name="testGetTimestamp" file="/home/admin/work/source/php-monorepo/packages/lark-app-bot-bundle/tests/Event/LarkEventTest.php" line="81" class="Tourze\LarkAppBotBundle\Tests\Event\LarkEventTest" classname="Tourze.LarkAppBotBundle.Tests.Event.LarkEventTest" assertions="1" time="0.000028"/>
      <testcase name="testGetTimestampWithMissingData" file="/home/admin/work/source/php-monorepo/packages/lark-app-bot-bundle/tests/Event/LarkEventTest.php" line="89" class="Tourze\LarkAppBotBundle\Tests\Event\LarkEventTest" classname="Tourze.LarkAppBotBundle.Tests.Event.LarkEventTest" assertions="3" time="0.000062"/>
      <testcase name="testIsRetry" file="/home/admin/work/source/php-monorepo/packages/lark-app-bot-bundle/tests/Event/LarkEventTest.php" line="99" class="Tourze\LarkAppBotBundle\Tests\Event\LarkEventTest" classname="Tourze.LarkAppBotBundle.Tests.Event.LarkEventTest" assertions="3" time="0.000029"/>
    </testsuite>
    <testsuite name="Tourze\LarkAppBotBundle\Tests\Event\MenuEventTest" file="/home/admin/work/source/php-monorepo/packages/lark-app-bot-bundle/tests/Event/MenuEventTest.php" tests="11" assertions="23" errors="0" failures="0" skipped="0" time="0.000410">
      <testcase name="testShouldNotHaveRunTestsInSeparateProcesses" file="/home/admin/work/source/php-monorepo/packages/phpunit-symfony-unit-test/src/AbstractEventTestCase.php" line="17" class="Tourze\LarkAppBotBundle\Tests\Event\MenuEventTest" classname="Tourze.LarkAppBotBundle.Tests.Event.MenuEventTest" assertions="1" time="0.000044"/>
      <testcase name="testExtendsEvent" file="/home/admin/work/source/php-monorepo/packages/phpunit-symfony-unit-test/src/AbstractEventTestCase.php" line="27" class="Tourze\LarkAppBotBundle\Tests\Event\MenuEventTest" classname="Tourze.LarkAppBotBundle.Tests.Event.MenuEventTest" assertions="2" time="0.000083"/>
      <testcase name="testMenuEventCreation" file="/home/admin/work/source/php-monorepo/packages/lark-app-bot-bundle/tests/Event/MenuEventTest.php" line="19" class="Tourze\LarkAppBotBundle\Tests\Event\MenuEventTest" classname="Tourze.LarkAppBotBundle.Tests.Event.MenuEventTest" assertions="3" time="0.000034"/>
      <testcase name="testGetOperator" file="/home/admin/work/source/php-monorepo/packages/lark-app-bot-bundle/tests/Event/MenuEventTest.php" line="43" class="Tourze\LarkAppBotBundle\Tests\Event\MenuEventTest" classname="Tourze.LarkAppBotBundle.Tests.Event.MenuEventTest" assertions="4" time="0.000041"/>
      <testcase name="testGetOperatorIds" file="/home/admin/work/source/php-monorepo/packages/lark-app-bot-bundle/tests/Event/MenuEventTest.php" line="64" class="Tourze\LarkAppBotBundle\Tests\Event\MenuEventTest" classname="Tourze.LarkAppBotBundle.Tests.Event.MenuEventTest" assertions="3" time="0.000030"/>
      <testcase name="testGetOperatorIdsWithMissingData" file="/home/admin/work/source/php-monorepo/packages/lark-app-bot-bundle/tests/Event/MenuEventTest.php" line="82" class="Tourze\LarkAppBotBundle\Tests\Event\MenuEventTest" classname="Tourze.LarkAppBotBundle.Tests.Event.MenuEventTest" assertions="3" time="0.000033"/>
      <testcase name="testGetEventKey" file="/home/admin/work/source/php-monorepo/packages/lark-app-bot-bundle/tests/Event/MenuEventTest.php" line="97" class="Tourze\LarkAppBotBundle\Tests\Event\MenuEventTest" classname="Tourze.LarkAppBotBundle.Tests.Event.MenuEventTest" assertions="1" time="0.000027"/>
      <testcase name="testGetEventKeyWithMissingData" file="/home/admin/work/source/php-monorepo/packages/lark-app-bot-bundle/tests/Event/MenuEventTest.php" line="107" class="Tourze\LarkAppBotBundle\Tests\Event\MenuEventTest" classname="Tourze.LarkAppBotBundle.Tests.Event.MenuEventTest" assertions="1" time="0.000030"/>
      <testcase name="testGetEventTimestamp" file="/home/admin/work/source/php-monorepo/packages/lark-app-bot-bundle/tests/Event/MenuEventTest.php" line="113" class="Tourze\LarkAppBotBundle\Tests\Event\MenuEventTest" classname="Tourze.LarkAppBotBundle.Tests.Event.MenuEventTest" assertions="1" time="0.000028"/>
      <testcase name="testGetEventTimestampDefault" file="/home/admin/work/source/php-monorepo/packages/lark-app-bot-bundle/tests/Event/MenuEventTest.php" line="122" class="Tourze\LarkAppBotBundle\Tests\Event\MenuEventTest" classname="Tourze.LarkAppBotBundle.Tests.Event.MenuEventTest" assertions="1" time="0.000029"/>
      <testcase name="testIsUserOperation" file="/home/admin/work/source/php-monorepo/packages/lark-app-bot-bundle/tests/Event/MenuEventTest.php" line="131" class="Tourze\LarkAppBotBundle\Tests\Event\MenuEventTest" classname="Tourze.LarkAppBotBundle.Tests.Event.MenuEventTest" assertions="3" time="0.000032"/>
    </testsuite>
    <testsuite name="Tourze\LarkAppBotBundle\Tests\Event\MessageEventTest" file="/home/admin/work/source/php-monorepo/packages/lark-app-bot-bundle/tests/Event/MessageEventTest.php" tests="24" assertions="32" errors="0" failures="0" skipped="0" time="0.000834">
      <testcase name="testShouldNotHaveRunTestsInSeparateProcesses" file="/home/admin/work/source/php-monorepo/packages/phpunit-symfony-unit-test/src/AbstractEventTestCase.php" line="17" class="Tourze\LarkAppBotBundle\Tests\Event\MessageEventTest" classname="Tourze.LarkAppBotBundle.Tests.Event.MessageEventTest" assertions="1" time="0.000042"/>
      <testcase name="testExtendsEvent" file="/home/admin/work/source/php-monorepo/packages/phpunit-symfony-unit-test/src/AbstractEventTestCase.php" line="27" class="Tourze\LarkAppBotBundle\Tests\Event\MessageEventTest" classname="Tourze.LarkAppBotBundle.Tests.Event.MessageEventTest" assertions="2" time="0.000127"/>
      <testcase name="testMessageEventCreation" file="/home/admin/work/source/php-monorepo/packages/lark-app-bot-bundle/tests/Event/MessageEventTest.php" line="17" class="Tourze\LarkAppBotBundle\Tests\Event\MessageEventTest" classname="Tourze.LarkAppBotBundle.Tests.Event.MessageEventTest" assertions="3" time="0.000033"/>
      <testcase name="testGetMessageId" file="/home/admin/work/source/php-monorepo/packages/lark-app-bot-bundle/tests/Event/MessageEventTest.php" line="53" class="Tourze\LarkAppBotBundle\Tests\Event\MessageEventTest" classname="Tourze.LarkAppBotBundle.Tests.Event.MessageEventTest" assertions="1" time="0.000028"/>
      <testcase name="testGetMessageIdWithMissingData" file="/home/admin/work/source/php-monorepo/packages/lark-app-bot-bundle/tests/Event/MessageEventTest.php" line="61" class="Tourze\LarkAppBotBundle\Tests\Event\MessageEventTest" classname="Tourze.LarkAppBotBundle.Tests.Event.MessageEventTest" assertions="1" time="0.000031"/>
      <testcase name="testGetRootId" file="/home/admin/work/source/php-monorepo/packages/lark-app-bot-bundle/tests/Event/MessageEventTest.php" line="68" class="Tourze\LarkAppBotBundle\Tests\Event\MessageEventTest" classname="Tourze.LarkAppBotBundle.Tests.Event.MessageEventTest" assertions="1" time="0.000027"/>
      <testcase name="testGetParentId" file="/home/admin/work/source/php-monorepo/packages/lark-app-bot-bundle/tests/Event/MessageEventTest.php" line="76" class="Tourze\LarkAppBotBundle\Tests\Event\MessageEventTest" classname="Tourze.LarkAppBotBundle.Tests.Event.MessageEventTest" assertions="1" time="0.000027"/>
      <testcase name="testGetChatId" file="/home/admin/work/source/php-monorepo/packages/lark-app-bot-bundle/tests/Event/MessageEventTest.php" line="84" class="Tourze\LarkAppBotBundle\Tests\Event\MessageEventTest" classname="Tourze.LarkAppBotBundle.Tests.Event.MessageEventTest" assertions="1" time="0.000028"/>
      <testcase name="testGetChatType" file="/home/admin/work/source/php-monorepo/packages/lark-app-bot-bundle/tests/Event/MessageEventTest.php" line="92" class="Tourze\LarkAppBotBundle\Tests\Event\MessageEventTest" classname="Tourze.LarkAppBotBundle.Tests.Event.MessageEventTest" assertions="1" time="0.000026"/>
      <testcase name="testGetMessageType" file="/home/admin/work/source/php-monorepo/packages/lark-app-bot-bundle/tests/Event/MessageEventTest.php" line="100" class="Tourze\LarkAppBotBundle\Tests\Event\MessageEventTest" classname="Tourze.LarkAppBotBundle.Tests.Event.MessageEventTest" assertions="1" time="0.000028"/>
      <testcase name="testGetContent" file="/home/admin/work/source/php-monorepo/packages/lark-app-bot-bundle/tests/Event/MessageEventTest.php" line="108" class="Tourze\LarkAppBotBundle\Tests\Event\MessageEventTest" classname="Tourze.LarkAppBotBundle.Tests.Event.MessageEventTest" assertions="1" time="0.000030"/>
      <testcase name="testGetMentions" file="/home/admin/work/source/php-monorepo/packages/lark-app-bot-bundle/tests/Event/MessageEventTest.php" line="116" class="Tourze\LarkAppBotBundle\Tests\Event\MessageEventTest" classname="Tourze.LarkAppBotBundle.Tests.Event.MessageEventTest" assertions="1" time="0.000037"/>
      <testcase name="testGetSender" file="/home/admin/work/source/php-monorepo/packages/lark-app-bot-bundle/tests/Event/MessageEventTest.php" line="129" class="Tourze\LarkAppBotBundle\Tests\Event\MessageEventTest" classname="Tourze.LarkAppBotBundle.Tests.Event.MessageEventTest" assertions="1" time="0.000032"/>
      <testcase name="testGetSenderId" file="/home/admin/work/source/php-monorepo/packages/lark-app-bot-bundle/tests/Event/MessageEventTest.php" line="144" class="Tourze\LarkAppBotBundle\Tests\Event\MessageEventTest" classname="Tourze.LarkAppBotBundle.Tests.Event.MessageEventTest" assertions="1" time="0.000027"/>
      <testcase name="testGetSenderIdWithMissingData" file="/home/admin/work/source/php-monorepo/packages/lark-app-bot-bundle/tests/Event/MessageEventTest.php" line="155" class="Tourze\LarkAppBotBundle\Tests\Event\MessageEventTest" classname="Tourze.LarkAppBotBundle.Tests.Event.MessageEventTest" assertions="1" time="0.000029"/>
      <testcase name="testGetSenderType" file="/home/admin/work/source/php-monorepo/packages/lark-app-bot-bundle/tests/Event/MessageEventTest.php" line="162" class="Tourze\LarkAppBotBundle\Tests\Event\MessageEventTest" classname="Tourze.LarkAppBotBundle.Tests.Event.MessageEventTest" assertions="1" time="0.000029"/>
      <testcase name="testGetSenderTypeDefault" file="/home/admin/work/source/php-monorepo/packages/lark-app-bot-bundle/tests/Event/MessageEventTest.php" line="172" class="Tourze\LarkAppBotBundle\Tests\Event\MessageEventTest" classname="Tourze.LarkAppBotBundle.Tests.Event.MessageEventTest" assertions="1" time="0.000028"/>
      <testcase name="testIsGroupMessage" file="/home/admin/work/source/php-monorepo/packages/lark-app-bot-bundle/tests/Event/MessageEventTest.php" line="179" class="Tourze\LarkAppBotBundle\Tests\Event\MessageEventTest" classname="Tourze.LarkAppBotBundle.Tests.Event.MessageEventTest" assertions="3" time="0.000030"/>
      <testcase name="testIsPrivateMessage" file="/home/admin/work/source/php-monorepo/packages/lark-app-bot-bundle/tests/Event/MessageEventTest.php" line="191" class="Tourze\LarkAppBotBundle\Tests\Event\MessageEventTest" classname="Tourze.LarkAppBotBundle.Tests.Event.MessageEventTest" assertions="2" time="0.000029"/>
      <testcase name="testIsMentionedBot" file="/home/admin/work/source/php-monorepo/packages/lark-app-bot-bundle/tests/Event/MessageEventTest.php" line="200" class="Tourze\LarkAppBotBundle\Tests\Event\MessageEventTest" classname="Tourze.LarkAppBotBundle.Tests.Event.MessageEventTest" assertions="3" time="0.000032"/>
      <testcase name="testGetPlainTextWithTextMessage" file="/home/admin/work/source/php-monorepo/packages/lark-app-bot-bundle/tests/Event/MessageEventTest.php" line="221" class="Tourze\LarkAppBotBundle\Tests\Event\MessageEventTest" classname="Tourze.LarkAppBotBundle.Tests.Event.MessageEventTest" assertions="1" time="0.000036"/>
      <testcase name="testGetPlainTextWithNonTextMessage" file="/home/admin/work/source/php-monorepo/packages/lark-app-bot-bundle/tests/Event/MessageEventTest.php" line="231" class="Tourze\LarkAppBotBundle\Tests\Event\MessageEventTest" classname="Tourze.LarkAppBotBundle.Tests.Event.MessageEventTest" assertions="1" time="0.000030"/>
      <testcase name="testGetPlainTextWithInvalidJson" file="/home/admin/work/source/php-monorepo/packages/lark-app-bot-bundle/tests/Event/MessageEventTest.php" line="241" class="Tourze\LarkAppBotBundle\Tests\Event\MessageEventTest" classname="Tourze.LarkAppBotBundle.Tests.Event.MessageEventTest" assertions="1" time="0.000037"/>
      <testcase name="testGetPlainTextWithMissingTextKey" file="/home/admin/work/source/php-monorepo/packages/lark-app-bot-bundle/tests/Event/MessageEventTest.php" line="251" class="Tourze\LarkAppBotBundle\Tests\Event\MessageEventTest" classname="Tourze.LarkAppBotBundle.Tests.Event.MessageEventTest" assertions="1" time="0.000032"/>
    </testsuite>
    <testsuite name="Tourze\LarkAppBotBundle\Tests\Event\MessageReactionEventTest" file="/home/admin/work/source/php-monorepo/packages/lark-app-bot-bundle/tests/Event/MessageReactionEventTest.php" tests="16" assertions="21" errors="0" failures="0" skipped="0" time="0.000545">
      <testcase name="testShouldNotHaveRunTestsInSeparateProcesses" file="/home/admin/work/source/php-monorepo/packages/phpunit-symfony-unit-test/src/AbstractEventTestCase.php" line="17" class="Tourze\LarkAppBotBundle\Tests\Event\MessageReactionEventTest" classname="Tourze.LarkAppBotBundle.Tests.Event.MessageReactionEventTest" assertions="1" time="0.000043"/>
      <testcase name="testExtendsEvent" file="/home/admin/work/source/php-monorepo/packages/phpunit-symfony-unit-test/src/AbstractEventTestCase.php" line="27" class="Tourze\LarkAppBotBundle\Tests\Event\MessageReactionEventTest" classname="Tourze.LarkAppBotBundle.Tests.Event.MessageReactionEventTest" assertions="2" time="0.000074"/>
      <testcase name="testMessageReactionEventCreation" file="/home/admin/work/source/php-monorepo/packages/lark-app-bot-bundle/tests/Event/MessageReactionEventTest.php" line="17" class="Tourze\LarkAppBotBundle\Tests\Event\MessageReactionEventTest" classname="Tourze.LarkAppBotBundle.Tests.Event.MessageReactionEventTest" assertions="3" time="0.000035"/>
      <testcase name="testGetMessageId" file="/home/admin/work/source/php-monorepo/packages/lark-app-bot-bundle/tests/Event/MessageReactionEventTest.php" line="36" class="Tourze\LarkAppBotBundle\Tests\Event\MessageReactionEventTest" classname="Tourze.LarkAppBotBundle.Tests.Event.MessageReactionEventTest" assertions="1" time="0.000030"/>
      <testcase name="testGetMessageIdWithMissingData" file="/home/admin/work/source/php-monorepo/packages/lark-app-bot-bundle/tests/Event/MessageReactionEventTest.php" line="44" class="Tourze\LarkAppBotBundle\Tests\Event\MessageReactionEventTest" classname="Tourze.LarkAppBotBundle.Tests.Event.MessageReactionEventTest" assertions="1" time="0.000030"/>
      <testcase name="testGetReactionType" file="/home/admin/work/source/php-monorepo/packages/lark-app-bot-bundle/tests/Event/MessageReactionEventTest.php" line="51" class="Tourze\LarkAppBotBundle\Tests\Event\MessageReactionEventTest" classname="Tourze.LarkAppBotBundle.Tests.Event.MessageReactionEventTest" assertions="1" time="0.000030"/>
      <testcase name="testGetReactionTypeWithMissingData" file="/home/admin/work/source/php-monorepo/packages/lark-app-bot-bundle/tests/Event/MessageReactionEventTest.php" line="60" class="Tourze\LarkAppBotBundle\Tests\Event\MessageReactionEventTest" classname="Tourze.LarkAppBotBundle.Tests.Event.MessageReactionEventTest" assertions="1" time="0.000033"/>
      <testcase name="testGetOperatorId" file="/home/admin/work/source/php-monorepo/packages/lark-app-bot-bundle/tests/Event/MessageReactionEventTest.php" line="67" class="Tourze\LarkAppBotBundle\Tests\Event\MessageReactionEventTest" classname="Tourze.LarkAppBotBundle.Tests.Event.MessageReactionEventTest" assertions="1" time="0.000031"/>
      <testcase name="testGetOperatorIdWithMissingData" file="/home/admin/work/source/php-monorepo/packages/lark-app-bot-bundle/tests/Event/MessageReactionEventTest.php" line="75" class="Tourze\LarkAppBotBundle\Tests\Event\MessageReactionEventTest" classname="Tourze.LarkAppBotBundle.Tests.Event.MessageReactionEventTest" assertions="1" time="0.000032"/>
      <testcase name="testGetActionTime" file="/home/admin/work/source/php-monorepo/packages/lark-app-bot-bundle/tests/Event/MessageReactionEventTest.php" line="82" class="Tourze\LarkAppBotBundle\Tests\Event\MessageReactionEventTest" classname="Tourze.LarkAppBotBundle.Tests.Event.MessageReactionEventTest" assertions="1" time="0.000030"/>
      <testcase name="testGetActionTimeWithMissingData" file="/home/admin/work/source/php-monorepo/packages/lark-app-bot-bundle/tests/Event/MessageReactionEventTest.php" line="90" class="Tourze\LarkAppBotBundle\Tests\Event\MessageReactionEventTest" classname="Tourze.LarkAppBotBundle.Tests.Event.MessageReactionEventTest" assertions="1" time="0.000029"/>
      <testcase name="testIsCreated" file="/home/admin/work/source/php-monorepo/packages/lark-app-bot-bundle/tests/Event/MessageReactionEventTest.php" line="97" class="Tourze\LarkAppBotBundle\Tests\Event\MessageReactionEventTest" classname="Tourze.LarkAppBotBundle.Tests.Event.MessageReactionEventTest" assertions="2" time="0.000030"/>
      <testcase name="testIsDeleted" file="/home/admin/work/source/php-monorepo/packages/lark-app-bot-bundle/tests/Event/MessageReactionEventTest.php" line="106" class="Tourze\LarkAppBotBundle\Tests\Event\MessageReactionEventTest" classname="Tourze.LarkAppBotBundle.Tests.Event.MessageReactionEventTest" assertions="2" time="0.000027"/>
      <testcase name="testGetEmojiType" file="/home/admin/work/source/php-monorepo/packages/lark-app-bot-bundle/tests/Event/MessageReactionEventTest.php" line="115" class="Tourze\LarkAppBotBundle\Tests\Event\MessageReactionEventTest" classname="Tourze.LarkAppBotBundle.Tests.Event.MessageReactionEventTest" assertions="1" time="0.000027"/>
      <testcase name="testGetEmojiTypeWithMissingData" file="/home/admin/work/source/php-monorepo/packages/lark-app-bot-bundle/tests/Event/MessageReactionEventTest.php" line="123" class="Tourze\LarkAppBotBundle\Tests\Event\MessageReactionEventTest" classname="Tourze.LarkAppBotBundle.Tests.Event.MessageReactionEventTest" assertions="1" time="0.000030"/>
      <testcase name="testGetEmojiTypeWithMissingEmojiType" file="/home/admin/work/source/php-monorepo/packages/lark-app-bot-bundle/tests/Event/MessageReactionEventTest.php" line="130" class="Tourze\LarkAppBotBundle\Tests\Event\MessageReactionEventTest" classname="Tourze.LarkAppBotBundle.Tests.Event.MessageReactionEventTest" assertions="1" time="0.000032"/>
    </testsuite>
    <testsuite name="Tourze\LarkAppBotBundle\Tests\Event\UrlVerificationEventTest" file="/home/admin/work/source/php-monorepo/packages/lark-app-bot-bundle/tests/Event/UrlVerificationEventTest.php" tests="7" assertions="9" errors="0" failures="0" skipped="0" time="0.000255">
      <testcase name="testShouldNotHaveRunTestsInSeparateProcesses" file="/home/admin/work/source/php-monorepo/packages/phpunit-symfony-unit-test/src/AbstractEventTestCase.php" line="17" class="Tourze\LarkAppBotBundle\Tests\Event\UrlVerificationEventTest" classname="Tourze.LarkAppBotBundle.Tests.Event.UrlVerificationEventTest" assertions="1" time="0.000045"/>
      <testcase name="testExtendsEvent" file="/home/admin/work/source/php-monorepo/packages/phpunit-symfony-unit-test/src/AbstractEventTestCase.php" line="27" class="Tourze\LarkAppBotBundle\Tests\Event\UrlVerificationEventTest" classname="Tourze.LarkAppBotBundle.Tests.Event.UrlVerificationEventTest" assertions="2" time="0.000062"/>
      <testcase name="testUrlVerificationEventCreation" file="/home/admin/work/source/php-monorepo/packages/lark-app-bot-bundle/tests/Event/UrlVerificationEventTest.php" line="17" class="Tourze\LarkAppBotBundle\Tests\Event\UrlVerificationEventTest" classname="Tourze.LarkAppBotBundle.Tests.Event.UrlVerificationEventTest" assertions="2" time="0.000033"/>
      <testcase name="testGetChallenge" file="/home/admin/work/source/php-monorepo/packages/lark-app-bot-bundle/tests/Event/UrlVerificationEventTest.php" line="29" class="Tourze\LarkAppBotBundle\Tests\Event\UrlVerificationEventTest" classname="Tourze.LarkAppBotBundle.Tests.Event.UrlVerificationEventTest" assertions="1" time="0.000029"/>
      <testcase name="testGetChallengeWithEmptyChallenge" file="/home/admin/work/source/php-monorepo/packages/lark-app-bot-bundle/tests/Event/UrlVerificationEventTest.php" line="36" class="Tourze\LarkAppBotBundle\Tests\Event\UrlVerificationEventTest" classname="Tourze.LarkAppBotBundle.Tests.Event.UrlVerificationEventTest" assertions="1" time="0.000031"/>
      <testcase name="testGetData" file="/home/admin/work/source/php-monorepo/packages/lark-app-bot-bundle/tests/Event/UrlVerificationEventTest.php" line="43" class="Tourze\LarkAppBotBundle\Tests\Event\UrlVerificationEventTest" classname="Tourze.LarkAppBotBundle.Tests.Event.UrlVerificationEventTest" assertions="1" time="0.000026"/>
      <testcase name="testGetDataWithEmptyData" file="/home/admin/work/source/php-monorepo/packages/lark-app-bot-bundle/tests/Event/UrlVerificationEventTest.php" line="53" class="Tourze\LarkAppBotBundle\Tests\Event\UrlVerificationEventTest" classname="Tourze.LarkAppBotBundle.Tests.Event.UrlVerificationEventTest" assertions="1" time="0.000029"/>
    </testsuite>
    <testsuite name="Tourze\LarkAppBotBundle\Tests\Event\UserEventTest" file="/home/admin/work/source/php-monorepo/packages/lark-app-bot-bundle/tests/Event/UserEventTest.php" tests="21" assertions="35" errors="0" failures="0" skipped="0" time="0.000691">
      <testcase name="testShouldNotHaveRunTestsInSeparateProcesses" file="/home/admin/work/source/php-monorepo/packages/phpunit-symfony-unit-test/src/AbstractEventTestCase.php" line="17" class="Tourze\LarkAppBotBundle\Tests\Event\UserEventTest" classname="Tourze.LarkAppBotBundle.Tests.Event.UserEventTest" assertions="1" time="0.000044"/>
      <testcase name="testExtendsEvent" file="/home/admin/work/source/php-monorepo/packages/phpunit-symfony-unit-test/src/AbstractEventTestCase.php" line="27" class="Tourze\LarkAppBotBundle\Tests\Event\UserEventTest" classname="Tourze.LarkAppBotBundle.Tests.Event.UserEventTest" assertions="2" time="0.000097"/>
      <testcase name="testUserEventCreation" file="/home/admin/work/source/php-monorepo/packages/lark-app-bot-bundle/tests/Event/UserEventTest.php" line="17" class="Tourze\LarkAppBotBundle\Tests\Event\UserEventTest" classname="Tourze.LarkAppBotBundle.Tests.Event.UserEventTest" assertions="4" time="0.000046"/>
      <testcase name="testGetUserId" file="/home/admin/work/source/php-monorepo/packages/lark-app-bot-bundle/tests/Event/UserEventTest.php" line="40" class="Tourze\LarkAppBotBundle\Tests\Event\UserEventTest" classname="Tourze.LarkAppBotBundle.Tests.Event.UserEventTest" assertions="1" time="0.000030"/>
      <testcase name="testGetUserIdWithMissingData" file="/home/admin/work/source/php-monorepo/packages/lark-app-bot-bundle/tests/Event/UserEventTest.php" line="48" class="Tourze\LarkAppBotBundle\Tests\Event\UserEventTest" classname="Tourze.LarkAppBotBundle.Tests.Event.UserEventTest" assertions="1" time="0.000030"/>
      <testcase name="testGetOpenId" file="/home/admin/work/source/php-monorepo/packages/lark-app-bot-bundle/tests/Event/UserEventTest.php" line="55" class="Tourze\LarkAppBotBundle\Tests\Event\UserEventTest" classname="Tourze.LarkAppBotBundle.Tests.Event.UserEventTest" assertions="1" time="0.000027"/>
      <testcase name="testGetOpenIdWithMissingData" file="/home/admin/work/source/php-monorepo/packages/lark-app-bot-bundle/tests/Event/UserEventTest.php" line="63" class="Tourze\LarkAppBotBundle\Tests\Event\UserEventTest" classname="Tourze.LarkAppBotBundle.Tests.Event.UserEventTest" assertions="1" time="0.000032"/>
      <testcase name="testGetUnionId" file="/home/admin/work/source/php-monorepo/packages/lark-app-bot-bundle/tests/Event/UserEventTest.php" line="70" class="Tourze\LarkAppBotBundle\Tests\Event\UserEventTest" classname="Tourze.LarkAppBotBundle.Tests.Event.UserEventTest" assertions="1" time="0.000028"/>
      <testcase name="testGetUnionIdWithMissingData" file="/home/admin/work/source/php-monorepo/packages/lark-app-bot-bundle/tests/Event/UserEventTest.php" line="78" class="Tourze\LarkAppBotBundle\Tests\Event\UserEventTest" classname="Tourze.LarkAppBotBundle.Tests.Event.UserEventTest" assertions="1" time="0.000028"/>
      <testcase name="testGetName" file="/home/admin/work/source/php-monorepo/packages/lark-app-bot-bundle/tests/Event/UserEventTest.php" line="85" class="Tourze\LarkAppBotBundle\Tests\Event\UserEventTest" classname="Tourze.LarkAppBotBundle.Tests.Event.UserEventTest" assertions="1" time="0.000028"/>
      <testcase name="testGetNameWithMissingData" file="/home/admin/work/source/php-monorepo/packages/lark-app-bot-bundle/tests/Event/UserEventTest.php" line="93" class="Tourze\LarkAppBotBundle\Tests\Event\UserEventTest" classname="Tourze.LarkAppBotBundle.Tests.Event.UserEventTest" assertions="1" time="0.000028"/>
      <testcase name="testGetEmail" file="/home/admin/work/source/php-monorepo/packages/lark-app-bot-bundle/tests/Event/UserEventTest.php" line="100" class="Tourze\LarkAppBotBundle\Tests\Event\UserEventTest" classname="Tourze.LarkAppBotBundle.Tests.Event.UserEventTest" assertions="1" time="0.000026"/>
      <testcase name="testGetEmailWithMissingData" file="/home/admin/work/source/php-monorepo/packages/lark-app-bot-bundle/tests/Event/UserEventTest.php" line="108" class="Tourze\LarkAppBotBundle\Tests\Event\UserEventTest" classname="Tourze.LarkAppBotBundle.Tests.Event.UserEventTest" assertions="1" time="0.000029"/>
      <testcase name="testGetMobile" file="/home/admin/work/source/php-monorepo/packages/lark-app-bot-bundle/tests/Event/UserEventTest.php" line="115" class="Tourze\LarkAppBotBundle\Tests\Event\UserEventTest" classname="Tourze.LarkAppBotBundle.Tests.Event.UserEventTest" assertions="1" time="0.000026"/>
      <testcase name="testGetMobileWithMissingData" file="/home/admin/work/source/php-monorepo/packages/lark-app-bot-bundle/tests/Event/UserEventTest.php" line="123" class="Tourze\LarkAppBotBundle\Tests\Event\UserEventTest" classname="Tourze.LarkAppBotBundle.Tests.Event.UserEventTest" assertions="1" time="0.000029"/>
      <testcase name="testGetDepartmentIds" file="/home/admin/work/source/php-monorepo/packages/lark-app-bot-bundle/tests/Event/UserEventTest.php" line="130" class="Tourze\LarkAppBotBundle\Tests\Event\UserEventTest" classname="Tourze.LarkAppBotBundle.Tests.Event.UserEventTest" assertions="1" time="0.000026"/>
      <testcase name="testGetDepartmentIdsWithMissingData" file="/home/admin/work/source/php-monorepo/packages/lark-app-bot-bundle/tests/Event/UserEventTest.php" line="139" class="Tourze\LarkAppBotBundle\Tests\Event\UserEventTest" classname="Tourze.LarkAppBotBundle.Tests.Event.UserEventTest" assertions="1" time="0.000030"/>
      <testcase name="testIsCreated" file="/home/admin/work/source/php-monorepo/packages/lark-app-bot-bundle/tests/Event/UserEventTest.php" line="146" class="Tourze\LarkAppBotBundle\Tests\Event\UserEventTest" classname="Tourze.LarkAppBotBundle.Tests.Event.UserEventTest" assertions="2" time="0.000028"/>
      <testcase name="testIsUpdated" file="/home/admin/work/source/php-monorepo/packages/lark-app-bot-bundle/tests/Event/UserEventTest.php" line="155" class="Tourze\LarkAppBotBundle\Tests\Event\UserEventTest" classname="Tourze.LarkAppBotBundle.Tests.Event.UserEventTest" assertions="2" time="0.000026"/>
      <testcase name="testIsDeleted" file="/home/admin/work/source/php-monorepo/packages/lark-app-bot-bundle/tests/Event/UserEventTest.php" line="164" class="Tourze\LarkAppBotBundle\Tests\Event\UserEventTest" classname="Tourze.LarkAppBotBundle.Tests.Event.UserEventTest" assertions="2" time="0.000026"/>
      <testcase name="testConstants" file="/home/admin/work/source/php-monorepo/packages/lark-app-bot-bundle/tests/Event/UserEventTest.php" line="173" class="Tourze\LarkAppBotBundle\Tests\Event\UserEventTest" classname="Tourze.LarkAppBotBundle.Tests.Event.UserEventTest" assertions="8" time="0.000027"/>
    </testsuite>
    <testsuite name="Tourze\LarkAppBotBundle\Tests\EventSubscriber\AsyncEventHandlerTest" file="/home/admin/work/source/php-monorepo/packages/lark-app-bot-bundle/tests/EventSubscriber/AsyncEventHandlerTest.php" tests="4" assertions="3" errors="0" failures="0" skipped="0" time="0.282583">
      <testcase name="testShouldHaveRunTestsInSeparateProcesses" file="/home/admin/work/source/php-monorepo/packages/phpunit-symfony-kernel-test/src/AbstractIntegrationTestCase.php" line="919" class="Tourze\LarkAppBotBundle\Tests\EventSubscriber\AsyncEventHandlerTest" classname="Tourze.LarkAppBotBundle.Tests.EventSubscriber.AsyncEventHandlerTest" assertions="1" time="0.069472"/>
      <testcase name="testCanBeCreatedFromContainer" file="/home/admin/work/source/php-monorepo/packages/lark-app-bot-bundle/tests/EventSubscriber/AsyncEventHandlerTest.php" line="19" class="Tourze\LarkAppBotBundle\Tests\EventSubscriber\AsyncEventHandlerTest" classname="Tourze.LarkAppBotBundle.Tests.EventSubscriber.AsyncEventHandlerTest" assertions="1" time="0.070237"/>
      <testcase name="testIsAsyncSupportedFromContainer" file="/home/admin/work/source/php-monorepo/packages/lark-app-bot-bundle/tests/EventSubscriber/AsyncEventHandlerTest.php" line="26" class="Tourze\LarkAppBotBundle\Tests\EventSubscriber\AsyncEventHandlerTest" classname="Tourze.LarkAppBotBundle.Tests.EventSubscriber.AsyncEventHandlerTest" assertions="1" time="0.070152"/>
      <testcase name="testDispatchAsync" file="/home/admin/work/source/php-monorepo/packages/lark-app-bot-bundle/tests/EventSubscriber/AsyncEventHandlerTest.php" line="35" class="Tourze\LarkAppBotBundle\Tests\EventSubscriber\AsyncEventHandlerTest" classname="Tourze.LarkAppBotBundle.Tests.EventSubscriber.AsyncEventHandlerTest" assertions="0" time="0.072722"/>
    </testsuite>
    <testsuite name="Tourze\LarkAppBotBundle\Tests\EventSubscriber\EventDispatcherTest" file="/home/admin/work/source/php-monorepo/packages/lark-app-bot-bundle/tests/EventSubscriber/EventDispatcherTest.php" tests="7" assertions="21" errors="0" failures="0" skipped="0" time="0.004236">
      <testcase name="testDispatchKnownEvent" file="/home/admin/work/source/php-monorepo/packages/lark-app-bot-bundle/tests/EventSubscriber/EventDispatcherTest.php" line="36" class="Tourze\LarkAppBotBundle\Tests\EventSubscriber\EventDispatcherTest" classname="Tourze.LarkAppBotBundle.Tests.EventSubscriber.EventDispatcherTest" assertions="2" time="0.003586"/>
      <testcase name="testDispatchUnknownEvent" file="/home/admin/work/source/php-monorepo/packages/lark-app-bot-bundle/tests/EventSubscriber/EventDispatcherTest.php" line="57" class="Tourze\LarkAppBotBundle\Tests\EventSubscriber\EventDispatcherTest" classname="Tourze.LarkAppBotBundle.Tests.EventSubscriber.EventDispatcherTest" assertions="2" time="0.000105"/>
      <testcase name="testAddListener" file="/home/admin/work/source/php-monorepo/packages/lark-app-bot-bundle/tests/EventSubscriber/EventDispatcherTest.php" line="75" class="Tourze\LarkAppBotBundle\Tests\EventSubscriber\EventDispatcherTest" classname="Tourze.LarkAppBotBundle.Tests.EventSubscriber.EventDispatcherTest" assertions="5" time="0.000242"/>
      <testcase name="testRemoveListener" file="/home/admin/work/source/php-monorepo/packages/lark-app-bot-bundle/tests/EventSubscriber/EventDispatcherTest.php" line="92" class="Tourze\LarkAppBotBundle\Tests\EventSubscriber\EventDispatcherTest" classname="Tourze.LarkAppBotBundle.Tests.EventSubscriber.EventDispatcherTest" assertions="5" time="0.000113"/>
      <testcase name="testHasListeners" file="/home/admin/work/source/php-monorepo/packages/lark-app-bot-bundle/tests/EventSubscriber/EventDispatcherTest.php" line="116" class="Tourze\LarkAppBotBundle\Tests\EventSubscriber\EventDispatcherTest" classname="Tourze.LarkAppBotBundle.Tests.EventSubscriber.EventDispatcherTest" assertions="3" time="0.000075"/>
      <testcase name="testGetSupportedEventTypes" file="/home/admin/work/source/php-monorepo/packages/lark-app-bot-bundle/tests/EventSubscriber/EventDispatcherTest.php" line="132" class="Tourze\LarkAppBotBundle\Tests\EventSubscriber\EventDispatcherTest" classname="Tourze.LarkAppBotBundle.Tests.EventSubscriber.EventDispatcherTest" assertions="3" time="0.000057"/>
      <testcase name="testRegisterEventMapping" file="/home/admin/work/source/php-monorepo/packages/lark-app-bot-bundle/tests/EventSubscriber/EventDispatcherTest.php" line="141" class="Tourze\LarkAppBotBundle\Tests\EventSubscriber\EventDispatcherTest" classname="Tourze.LarkAppBotBundle.Tests.EventSubscriber.EventDispatcherTest" assertions="1" time="0.000058"/>
    </testsuite>
    <testsuite name="Tourze\LarkAppBotBundle\Tests\EventSubscriber\MenuEventSubscriberTest" file="/home/admin/work/source/php-monorepo/packages/lark-app-bot-bundle/tests/EventSubscriber/MenuEventSubscriberTest.php" tests="4" assertions="9" errors="0" failures="0" skipped="0" time="0.302692">
      <testcase name="testShouldHaveRunTestsInSeparateProcesses" file="/home/admin/work/source/php-monorepo/packages/phpunit-symfony-kernel-test/src/AbstractIntegrationTestCase.php" line="919" class="Tourze\LarkAppBotBundle\Tests\EventSubscriber\MenuEventSubscriberTest" classname="Tourze.LarkAppBotBundle.Tests.EventSubscriber.MenuEventSubscriberTest" assertions="1" time="0.073315"/>
      <testcase name="testGetSubscribedEvents" file="/home/admin/work/source/php-monorepo/packages/lark-app-bot-bundle/tests/EventSubscriber/MenuEventSubscriberTest.php" line="28" class="Tourze\LarkAppBotBundle\Tests\EventSubscriber\MenuEventSubscriberTest" classname="Tourze.LarkAppBotBundle.Tests.EventSubscriber.MenuEventSubscriberTest" assertions="3" time="0.076257"/>
      <testcase name="testOnMenuEvent" file="/home/admin/work/source/php-monorepo/packages/lark-app-bot-bundle/tests/EventSubscriber/MenuEventSubscriberTest.php" line="37" class="Tourze\LarkAppBotBundle\Tests\EventSubscriber\MenuEventSubscriberTest" classname="Tourze.LarkAppBotBundle.Tests.EventSubscriber.MenuEventSubscriberTest" assertions="3" time="0.076786"/>
      <testcase name="testOnMenuEventWithException" file="/home/admin/work/source/php-monorepo/packages/lark-app-bot-bundle/tests/EventSubscriber/MenuEventSubscriberTest.php" line="70" class="Tourze\LarkAppBotBundle\Tests\EventSubscriber\MenuEventSubscriberTest" classname="Tourze.LarkAppBotBundle.Tests.EventSubscriber.MenuEventSubscriberTest" assertions="2" time="0.076334"/>
    </testsuite>
    <testsuite name="Tourze\LarkAppBotBundle\Tests\EventSubscriber\MessageEventSubscriberTest" file="/home/admin/work/source/php-monorepo/packages/lark-app-bot-bundle/tests/EventSubscriber/MessageEventSubscriberTest.php" tests="3" assertions="6" errors="0" failures="0" skipped="0" time="0.219401">
      <testcase name="testShouldHaveRunTestsInSeparateProcesses" file="/home/admin/work/source/php-monorepo/packages/phpunit-symfony-kernel-test/src/AbstractIntegrationTestCase.php" line="919" class="Tourze\LarkAppBotBundle\Tests\EventSubscriber\MessageEventSubscriberTest" classname="Tourze.LarkAppBotBundle.Tests.EventSubscriber.MessageEventSubscriberTest" assertions="1" time="0.074219"/>
      <testcase name="testOnMessage" file="/home/admin/work/source/php-monorepo/packages/lark-app-bot-bundle/tests/EventSubscriber/MessageEventSubscriberTest.php" line="25" class="Tourze\LarkAppBotBundle\Tests\EventSubscriber\MessageEventSubscriberTest" classname="Tourze.LarkAppBotBundle.Tests.EventSubscriber.MessageEventSubscriberTest" assertions="2" time="0.073851"/>
      <testcase name="testGetSubscribedEvents" file="/home/admin/work/source/php-monorepo/packages/lark-app-bot-bundle/tests/EventSubscriber/MessageEventSubscriberTest.php" line="53" class="Tourze\LarkAppBotBundle\Tests\EventSubscriber\MessageEventSubscriberTest" classname="Tourze.LarkAppBotBundle.Tests.EventSubscriber.MessageEventSubscriberTest" assertions="3" time="0.071331"/>
    </testsuite>
    <testsuite name="Tourze\LarkAppBotBundle\Tests\Exception\ApiExceptionTest" file="/home/admin/work/source/php-monorepo/packages/lark-app-bot-bundle/tests/Exception/ApiExceptionTest.php" tests="6" assertions="13" errors="0" failures="0" skipped="0" time="0.000489">
      <testcase name="testShouldNotHaveRunTestsInSeparateProcesses" file="/home/admin/work/source/php-monorepo/vendor/tourze/phpunit-base/src/AbstractExceptionTestCase.php" line="17" class="Tourze\LarkAppBotBundle\Tests\Exception\ApiExceptionTest" classname="Tourze.LarkAppBotBundle.Tests.Exception.ApiExceptionTest" assertions="1" time="0.000154"/>
      <testcase name="testBasicException" file="/home/admin/work/source/php-monorepo/packages/lark-app-bot-bundle/tests/Exception/ApiExceptionTest.php" line="18" class="Tourze\LarkAppBotBundle\Tests\Exception\ApiExceptionTest" classname="Tourze.LarkAppBotBundle.Tests.Exception.ApiExceptionTest" assertions="3" time="0.000193"/>
      <testcase name="testWithDetails" file="/home/admin/work/source/php-monorepo/packages/lark-app-bot-bundle/tests/Exception/ApiExceptionTest.php" line="27" class="Tourze\LarkAppBotBundle\Tests\Exception\ApiExceptionTest" classname="Tourze.LarkAppBotBundle.Tests.Exception.ApiExceptionTest" assertions="3" time="0.000040"/>
      <testcase name="testSettersAndGetters" file="/home/admin/work/source/php-monorepo/packages/lark-app-bot-bundle/tests/Exception/ApiExceptionTest.php" line="40" class="Tourze\LarkAppBotBundle\Tests\Exception\ApiExceptionTest" classname="Tourze.LarkAppBotBundle.Tests.Exception.ApiExceptionTest" assertions="2" time="0.000032"/>
      <testcase name="testWithPreviousException" file="/home/admin/work/source/php-monorepo/packages/lark-app-bot-bundle/tests/Exception/ApiExceptionTest.php" line="52" class="Tourze\LarkAppBotBundle\Tests\Exception\ApiExceptionTest" classname="Tourze.LarkAppBotBundle.Tests.Exception.ApiExceptionTest" assertions="1" time="0.000035"/>
      <testcase name="testApiExceptionWithDetails" file="/home/admin/work/source/php-monorepo/packages/lark-app-bot-bundle/tests/Exception/ApiExceptionTest.php" line="60" class="Tourze\LarkAppBotBundle\Tests\Exception\ApiExceptionTest" classname="Tourze.LarkAppBotBundle.Tests.Exception.ApiExceptionTest" assertions="3" time="0.000034"/>
    </testsuite>
    <testsuite name="Tourze\LarkAppBotBundle\Tests\Exception\AuthenticationExceptionTest" file="/home/admin/work/source/php-monorepo/packages/lark-app-bot-bundle/tests/Exception/AuthenticationExceptionTest.php" tests="3" assertions="6" errors="0" failures="0" skipped="0" time="0.000164">
      <testcase name="testShouldNotHaveRunTestsInSeparateProcesses" file="/home/admin/work/source/php-monorepo/vendor/tourze/phpunit-base/src/AbstractExceptionTestCase.php" line="17" class="Tourze\LarkAppBotBundle\Tests\Exception\AuthenticationExceptionTest" classname="Tourze.LarkAppBotBundle.Tests.Exception.AuthenticationExceptionTest" assertions="1" time="0.000070"/>
      <testcase name="testExceptionInstance" file="/home/admin/work/source/php-monorepo/packages/lark-app-bot-bundle/tests/Exception/AuthenticationExceptionTest.php" line="20" class="Tourze\LarkAppBotBundle\Tests\Exception\AuthenticationExceptionTest" classname="Tourze.LarkAppBotBundle.Tests.Exception.AuthenticationExceptionTest" assertions="3" time="0.000062"/>
      <testcase name="testExceptionWithDetails" file="/home/admin/work/source/php-monorepo/packages/lark-app-bot-bundle/tests/Exception/AuthenticationExceptionTest.php" line="29" class="Tourze\LarkAppBotBundle\Tests\Exception\AuthenticationExceptionTest" classname="Tourze.LarkAppBotBundle.Tests.Exception.AuthenticationExceptionTest" assertions="2" time="0.000032"/>
    </testsuite>
    <testsuite name="Tourze\LarkAppBotBundle\Tests\Exception\CacheExceptionTest" file="/home/admin/work/source/php-monorepo/packages/lark-app-bot-bundle/tests/Exception/CacheExceptionTest.php" tests="4" assertions="10" errors="0" failures="0" skipped="0" time="0.000160">
      <testcase name="testShouldNotHaveRunTestsInSeparateProcesses" file="/home/admin/work/source/php-monorepo/vendor/tourze/phpunit-base/src/AbstractExceptionTestCase.php" line="17" class="Tourze\LarkAppBotBundle\Tests\Exception\CacheExceptionTest" classname="Tourze.LarkAppBotBundle.Tests.Exception.CacheExceptionTest" assertions="1" time="0.000046"/>
      <testcase name="testException" file="/home/admin/work/source/php-monorepo/packages/lark-app-bot-bundle/tests/Exception/CacheExceptionTest.php" line="17" class="Tourze\LarkAppBotBundle\Tests\Exception\CacheExceptionTest" classname="Tourze.LarkAppBotBundle.Tests.Exception.CacheExceptionTest" assertions="4" time="0.000047"/>
      <testcase name="testExceptionWithCode" file="/home/admin/work/source/php-monorepo/packages/lark-app-bot-bundle/tests/Exception/CacheExceptionTest.php" line="27" class="Tourze\LarkAppBotBundle\Tests\Exception\CacheExceptionTest" classname="Tourze.LarkAppBotBundle.Tests.Exception.CacheExceptionTest" assertions="2" time="0.000031"/>
      <testcase name="testExceptionWithPrevious" file="/home/admin/work/source/php-monorepo/packages/lark-app-bot-bundle/tests/Exception/CacheExceptionTest.php" line="35" class="Tourze\LarkAppBotBundle\Tests\Exception\CacheExceptionTest" classname="Tourze.LarkAppBotBundle.Tests.Exception.CacheExceptionTest" assertions="3" time="0.000036"/>
    </testsuite>
    <testsuite name="Tourze\LarkAppBotBundle\Tests\Exception\CircuitBreakerOpenExceptionTest" file="/home/admin/work/source/php-monorepo/packages/lark-app-bot-bundle/tests/Exception/CircuitBreakerOpenExceptionTest.php" tests="2" assertions="3" errors="0" failures="0" skipped="0" time="0.000090">
      <testcase name="testShouldNotHaveRunTestsInSeparateProcesses" file="/home/admin/work/source/php-monorepo/vendor/tourze/phpunit-base/src/AbstractExceptionTestCase.php" line="17" class="Tourze\LarkAppBotBundle\Tests\Exception\CircuitBreakerOpenExceptionTest" classname="Tourze.LarkAppBotBundle.Tests.Exception.CircuitBreakerOpenExceptionTest" assertions="1" time="0.000044"/>
      <testcase name="testException" file="/home/admin/work/source/php-monorepo/packages/lark-app-bot-bundle/tests/Exception/CircuitBreakerOpenExceptionTest.php" line="18" class="Tourze\LarkAppBotBundle\Tests\Exception\CircuitBreakerOpenExceptionTest" classname="Tourze.LarkAppBotBundle.Tests.Exception.CircuitBreakerOpenExceptionTest" assertions="2" time="0.000046"/>
    </testsuite>
    <testsuite name="Tourze\LarkAppBotBundle\Tests\Exception\ConfigurationExceptionTest" file="/home/admin/work/source/php-monorepo/packages/lark-app-bot-bundle/tests/Exception/ConfigurationExceptionTest.php" tests="3" assertions="5" errors="0" failures="0" skipped="0" time="0.000137">
      <testcase name="testShouldNotHaveRunTestsInSeparateProcesses" file="/home/admin/work/source/php-monorepo/vendor/tourze/phpunit-base/src/AbstractExceptionTestCase.php" line="17" class="Tourze\LarkAppBotBundle\Tests\Exception\ConfigurationExceptionTest" classname="Tourze.LarkAppBotBundle.Tests.Exception.ConfigurationExceptionTest" assertions="1" time="0.000043"/>
      <testcase name="testExceptionInstance" file="/home/admin/work/source/php-monorepo/packages/lark-app-bot-bundle/tests/Exception/ConfigurationExceptionTest.php" line="18" class="Tourze\LarkAppBotBundle\Tests\Exception\ConfigurationExceptionTest" classname="Tourze.LarkAppBotBundle.Tests.Exception.ConfigurationExceptionTest" assertions="3" time="0.000063"/>
      <testcase name="testExceptionForMissingConfig" file="/home/admin/work/source/php-monorepo/packages/lark-app-bot-bundle/tests/Exception/ConfigurationExceptionTest.php" line="27" class="Tourze\LarkAppBotBundle\Tests\Exception\ConfigurationExceptionTest" classname="Tourze.LarkAppBotBundle.Tests.Exception.ConfigurationExceptionTest" assertions="1" time="0.000031"/>
    </testsuite>
    <testsuite name="Tourze\LarkAppBotBundle\Tests\Exception\EncryptionExceptionTest" file="/home/admin/work/source/php-monorepo/packages/lark-app-bot-bundle/tests/Exception/EncryptionExceptionTest.php" tests="4" assertions="5" errors="0" failures="0" skipped="0" time="0.000155">
      <testcase name="testShouldNotHaveRunTestsInSeparateProcesses" file="/home/admin/work/source/php-monorepo/vendor/tourze/phpunit-base/src/AbstractExceptionTestCase.php" line="17" class="Tourze\LarkAppBotBundle\Tests\Exception\EncryptionExceptionTest" classname="Tourze.LarkAppBotBundle.Tests.Exception.EncryptionExceptionTest" assertions="1" time="0.000049"/>
      <testcase name="testExceptionInstance" file="/home/admin/work/source/php-monorepo/packages/lark-app-bot-bundle/tests/Exception/EncryptionExceptionTest.php" line="18" class="Tourze\LarkAppBotBundle\Tests\Exception\EncryptionExceptionTest" classname="Tourze.LarkAppBotBundle.Tests.Exception.EncryptionExceptionTest" assertions="2" time="0.000044"/>
      <testcase name="testExceptionWithCode" file="/home/admin/work/source/php-monorepo/packages/lark-app-bot-bundle/tests/Exception/EncryptionExceptionTest.php" line="26" class="Tourze\LarkAppBotBundle\Tests\Exception\EncryptionExceptionTest" classname="Tourze.LarkAppBotBundle.Tests.Exception.EncryptionExceptionTest" assertions="1" time="0.000030"/>
      <testcase name="testExceptionWithPrevious" file="/home/admin/work/source/php-monorepo/packages/lark-app-bot-bundle/tests/Exception/EncryptionExceptionTest.php" line="33" class="Tourze\LarkAppBotBundle\Tests\Exception\EncryptionExceptionTest" classname="Tourze.LarkAppBotBundle.Tests.Exception.EncryptionExceptionTest" assertions="1" time="0.000032"/>
    </testsuite>
    <testsuite name="Tourze\LarkAppBotBundle\Tests\Exception\ExceptionHandlerTest" file="/home/admin/work/source/php-monorepo/packages/lark-app-bot-bundle/tests/Exception/ExceptionHandlerTest.php" tests="11" assertions="97" errors="0" failures="0" skipped="0" time="1.131091">
      <testcase name="testShouldHaveRunTestsInSeparateProcesses" file="/home/admin/work/source/php-monorepo/packages/phpunit-symfony-kernel-test/src/AbstractIntegrationTestCase.php" line="919" class="Tourze\LarkAppBotBundle\Tests\Exception\ExceptionHandlerTest" classname="Tourze.LarkAppBotBundle.Tests.Exception.ExceptionHandlerTest" assertions="1" time="0.070727"/>
      <testcase name="testOnKernelExceptionWithLarkException" file="/home/admin/work/source/php-monorepo/packages/lark-app-bot-bundle/tests/Exception/ExceptionHandlerTest.php" line="30" class="Tourze\LarkAppBotBundle\Tests\Exception\ExceptionHandlerTest" classname="Tourze.LarkAppBotBundle.Tests.Exception.ExceptionHandlerTest" assertions="12" time="0.072535"/>
      <testcase name="testOnKernelExceptionWithApiException" file="/home/admin/work/source/php-monorepo/packages/lark-app-bot-bundle/tests/Exception/ExceptionHandlerTest.php" line="58" class="Tourze\LarkAppBotBundle\Tests\Exception\ExceptionHandlerTest" classname="Tourze.LarkAppBotBundle.Tests.Exception.ExceptionHandlerTest" assertions="12" time="0.077749"/>
      <testcase name="testOnKernelExceptionWithAuthenticationException" file="/home/admin/work/source/php-monorepo/packages/lark-app-bot-bundle/tests/Exception/ExceptionHandlerTest.php" line="86" class="Tourze\LarkAppBotBundle\Tests\Exception\ExceptionHandlerTest" classname="Tourze.LarkAppBotBundle.Tests.Exception.ExceptionHandlerTest" assertions="12" time="0.117097"/>
      <testcase name="testOnKernelExceptionWithRateLimitException" file="/home/admin/work/source/php-monorepo/packages/lark-app-bot-bundle/tests/Exception/ExceptionHandlerTest.php" line="112" class="Tourze\LarkAppBotBundle\Tests\Exception\ExceptionHandlerTest" classname="Tourze.LarkAppBotBundle.Tests.Exception.ExceptionHandlerTest" assertions="12" time="0.114308"/>
      <testcase name="testOnKernelExceptionWithValidationException" file="/home/admin/work/source/php-monorepo/packages/lark-app-bot-bundle/tests/Exception/ExceptionHandlerTest.php" line="139" class="Tourze\LarkAppBotBundle\Tests\Exception\ExceptionHandlerTest" classname="Tourze.LarkAppBotBundle.Tests.Exception.ExceptionHandlerTest" assertions="12" time="0.114139"/>
      <testcase name="testOnKernelExceptionWithConfigurationException" file="/home/admin/work/source/php-monorepo/packages/lark-app-bot-bundle/tests/Exception/ExceptionHandlerTest.php" line="166" class="Tourze\LarkAppBotBundle\Tests\Exception\ExceptionHandlerTest" classname="Tourze.LarkAppBotBundle.Tests.Exception.ExceptionHandlerTest" assertions="8" time="0.115617"/>
      <testcase name="testOnKernelExceptionWithGenericException" file="/home/admin/work/source/php-monorepo/packages/lark-app-bot-bundle/tests/Exception/ExceptionHandlerTest.php" line="189" class="Tourze\LarkAppBotBundle\Tests\Exception\ExceptionHandlerTest" classname="Tourze.LarkAppBotBundle.Tests.Exception.ExceptionHandlerTest" assertions="1" time="0.114273"/>
      <testcase name="testHandleWithLarkException" file="/home/admin/work/source/php-monorepo/packages/lark-app-bot-bundle/tests/Exception/ExceptionHandlerTest.php" line="201" class="Tourze\LarkAppBotBundle\Tests\Exception\ExceptionHandlerTest" classname="Tourze.LarkAppBotBundle.Tests.Exception.ExceptionHandlerTest" assertions="11" time="0.111588"/>
      <testcase name="testHandleWithGenericException" file="/home/admin/work/source/php-monorepo/packages/lark-app-bot-bundle/tests/Exception/ExceptionHandlerTest.php" line="221" class="Tourze\LarkAppBotBundle\Tests\Exception\ExceptionHandlerTest" classname="Tourze.LarkAppBotBundle.Tests.Exception.ExceptionHandlerTest" assertions="5" time="0.111341"/>
      <testcase name="testDebugModeIncludesMoreDetails" file="/home/admin/work/source/php-monorepo/packages/lark-app-bot-bundle/tests/Exception/ExceptionHandlerTest.php" line="235" class="Tourze\LarkAppBotBundle\Tests\Exception\ExceptionHandlerTest" classname="Tourze.LarkAppBotBundle.Tests.Exception.ExceptionHandlerTest" assertions="11" time="0.111717"/>
    </testsuite>
    <testsuite name="Tourze\LarkAppBotBundle\Tests\Exception\GenericApiExceptionTest" file="/home/admin/work/source/php-monorepo/packages/lark-app-bot-bundle/tests/Exception/GenericApiExceptionTest.php" tests="2" assertions="3" errors="0" failures="0" skipped="0" time="0.000295">
      <testcase name="testShouldNotHaveRunTestsInSeparateProcesses" file="/home/admin/work/source/php-monorepo/vendor/tourze/phpunit-base/src/AbstractExceptionTestCase.php" line="17" class="Tourze\LarkAppBotBundle\Tests\Exception\GenericApiExceptionTest" classname="Tourze.LarkAppBotBundle.Tests.Exception.GenericApiExceptionTest" assertions="1" time="0.000212"/>
      <testcase name="testConstruct" file="/home/admin/work/source/php-monorepo/packages/lark-app-bot-bundle/tests/Exception/GenericApiExceptionTest.php" line="14" class="Tourze\LarkAppBotBundle\Tests\Exception\GenericApiExceptionTest" classname="Tourze.LarkAppBotBundle.Tests.Exception.GenericApiExceptionTest" assertions="2" time="0.000083"/>
    </testsuite>
    <testsuite name="Tourze\LarkAppBotBundle\Tests\Exception\InvalidAuditFormatExceptionTest" file="/home/admin/work/source/php-monorepo/packages/lark-app-bot-bundle/tests/Exception/InvalidAuditFormatExceptionTest.php" tests="4" assertions="5" errors="0" failures="0" skipped="0" time="0.000335">
      <testcase name="testShouldNotHaveRunTestsInSeparateProcesses" file="/home/admin/work/source/php-monorepo/vendor/tourze/phpunit-base/src/AbstractExceptionTestCase.php" line="17" class="Tourze\LarkAppBotBundle\Tests\Exception\InvalidAuditFormatExceptionTest" classname="Tourze.LarkAppBotBundle.Tests.Exception.InvalidAuditFormatExceptionTest" assertions="1" time="0.000078"/>
      <testcase name="testExceptionInstance" file="/home/admin/work/source/php-monorepo/packages/lark-app-bot-bundle/tests/Exception/InvalidAuditFormatExceptionTest.php" line="18" class="Tourze\LarkAppBotBundle\Tests\Exception\InvalidAuditFormatExceptionTest" classname="Tourze.LarkAppBotBundle.Tests.Exception.InvalidAuditFormatExceptionTest" assertions="2" time="0.000142"/>
      <testcase name="testExceptionWithCode" file="/home/admin/work/source/php-monorepo/packages/lark-app-bot-bundle/tests/Exception/InvalidAuditFormatExceptionTest.php" line="26" class="Tourze\LarkAppBotBundle\Tests\Exception\InvalidAuditFormatExceptionTest" classname="Tourze.LarkAppBotBundle.Tests.Exception.InvalidAuditFormatExceptionTest" assertions="1" time="0.000058"/>
      <testcase name="testExceptionWithPrevious" file="/home/admin/work/source/php-monorepo/packages/lark-app-bot-bundle/tests/Exception/InvalidAuditFormatExceptionTest.php" line="33" class="Tourze\LarkAppBotBundle\Tests\Exception\InvalidAuditFormatExceptionTest" classname="Tourze.LarkAppBotBundle.Tests.Exception.InvalidAuditFormatExceptionTest" assertions="1" time="0.000056"/>
    </testsuite>
    <testsuite name="Tourze\LarkAppBotBundle\Tests\Exception\InvalidCacheStrategyExceptionTest" file="/home/admin/work/source/php-monorepo/packages/lark-app-bot-bundle/tests/Exception/InvalidCacheStrategyExceptionTest.php" tests="2" assertions="3" errors="0" failures="0" skipped="0" time="0.000162">
      <testcase name="testShouldNotHaveRunTestsInSeparateProcesses" file="/home/admin/work/source/php-monorepo/vendor/tourze/phpunit-base/src/AbstractExceptionTestCase.php" line="17" class="Tourze\LarkAppBotBundle\Tests\Exception\InvalidCacheStrategyExceptionTest" classname="Tourze.LarkAppBotBundle.Tests.Exception.InvalidCacheStrategyExceptionTest" assertions="1" time="0.000077"/>
      <testcase name="testException" file="/home/admin/work/source/php-monorepo/packages/lark-app-bot-bundle/tests/Exception/InvalidCacheStrategyExceptionTest.php" line="18" class="Tourze\LarkAppBotBundle\Tests\Exception\InvalidCacheStrategyExceptionTest" classname="Tourze.LarkAppBotBundle.Tests.Exception.InvalidCacheStrategyExceptionTest" assertions="2" time="0.000085"/>
    </testsuite>
    <testsuite name="Tourze\LarkAppBotBundle\Tests\Exception\InvalidCommandUsageExceptionTest" file="/home/admin/work/source/php-monorepo/packages/lark-app-bot-bundle/tests/Exception/InvalidCommandUsageExceptionTest.php" tests="7" assertions="8" errors="0" failures="0" skipped="0" time="0.000692">
      <testcase name="testShouldNotHaveRunTestsInSeparateProcesses" file="/home/admin/work/source/php-monorepo/vendor/tourze/phpunit-base/src/AbstractExceptionTestCase.php" line="17" class="Tourze\LarkAppBotBundle\Tests\Exception\InvalidCommandUsageExceptionTest" classname="Tourze.LarkAppBotBundle.Tests.Exception.InvalidCommandUsageExceptionTest" assertions="1" time="0.000071"/>
      <testcase name="testInvalidValue" file="/home/admin/work/source/php-monorepo/packages/lark-app-bot-bundle/tests/Exception/InvalidCommandUsageExceptionTest.php" line="17" class="Tourze\LarkAppBotBundle\Tests\Exception\InvalidCommandUsageExceptionTest" classname="Tourze.LarkAppBotBundle.Tests.Exception.InvalidCommandUsageExceptionTest" assertions="1" time="0.000332"/>
      <testcase name="testInvalidValueWithoutReason" file="/home/admin/work/source/php-monorepo/packages/lark-app-bot-bundle/tests/Exception/InvalidCommandUsageExceptionTest.php" line="24" class="Tourze\LarkAppBotBundle\Tests\Exception\InvalidCommandUsageExceptionTest" classname="Tourze.LarkAppBotBundle.Tests.Exception.InvalidCommandUsageExceptionTest" assertions="2" time="0.000071"/>
      <testcase name="testInvalidValueWithArrayValue" file="/home/admin/work/source/php-monorepo/packages/lark-app-bot-bundle/tests/Exception/InvalidCommandUsageExceptionTest.php" line="32" class="Tourze\LarkAppBotBundle\Tests\Exception\InvalidCommandUsageExceptionTest" classname="Tourze.LarkAppBotBundle.Tests.Exception.InvalidCommandUsageExceptionTest" assertions="1" time="0.000055"/>
      <testcase name="testMissingRequired" file="/home/admin/work/source/php-monorepo/packages/lark-app-bot-bundle/tests/Exception/InvalidCommandUsageExceptionTest.php" line="39" class="Tourze\LarkAppBotBundle\Tests\Exception\InvalidCommandUsageExceptionTest" classname="Tourze.LarkAppBotBundle.Tests.Exception.InvalidCommandUsageExceptionTest" assertions="1" time="0.000057"/>
      <testcase name="testInvalidOption" file="/home/admin/work/source/php-monorepo/packages/lark-app-bot-bundle/tests/Exception/InvalidCommandUsageExceptionTest.php" line="46" class="Tourze\LarkAppBotBundle\Tests\Exception\InvalidCommandUsageExceptionTest" classname="Tourze.LarkAppBotBundle.Tests.Exception.InvalidCommandUsageExceptionTest" assertions="1" time="0.000052"/>
      <testcase name="testInvalidOptionWithoutValidValues" file="/home/admin/work/source/php-monorepo/packages/lark-app-bot-bundle/tests/Exception/InvalidCommandUsageExceptionTest.php" line="54" class="Tourze\LarkAppBotBundle\Tests\Exception\InvalidCommandUsageExceptionTest" classname="Tourze.LarkAppBotBundle.Tests.Exception.InvalidCommandUsageExceptionTest" assertions="1" time="0.000053"/>
    </testsuite>
    <testsuite name="Tourze\LarkAppBotBundle\Tests\Exception\InvalidDebugActionExceptionTest" file="/home/admin/work/source/php-monorepo/packages/lark-app-bot-bundle/tests/Exception/InvalidDebugActionExceptionTest.php" tests="4" assertions="5" errors="0" failures="0" skipped="0" time="0.000279">
      <testcase name="testShouldNotHaveRunTestsInSeparateProcesses" file="/home/admin/work/source/php-monorepo/vendor/tourze/phpunit-base/src/AbstractExceptionTestCase.php" line="17" class="Tourze\LarkAppBotBundle\Tests\Exception\InvalidDebugActionExceptionTest" classname="Tourze.LarkAppBotBundle.Tests.Exception.InvalidDebugActionExceptionTest" assertions="1" time="0.000071"/>
      <testcase name="testExceptionInstance" file="/home/admin/work/source/php-monorepo/packages/lark-app-bot-bundle/tests/Exception/InvalidDebugActionExceptionTest.php" line="18" class="Tourze\LarkAppBotBundle\Tests\Exception\InvalidDebugActionExceptionTest" classname="Tourze.LarkAppBotBundle.Tests.Exception.InvalidDebugActionExceptionTest" assertions="2" time="0.000092"/>
      <testcase name="testExceptionWithCode" file="/home/admin/work/source/php-monorepo/packages/lark-app-bot-bundle/tests/Exception/InvalidDebugActionExceptionTest.php" line="26" class="Tourze\LarkAppBotBundle\Tests\Exception\InvalidDebugActionExceptionTest" classname="Tourze.LarkAppBotBundle.Tests.Exception.InvalidDebugActionExceptionTest" assertions="1" time="0.000050"/>
      <testcase name="testExceptionWithPrevious" file="/home/admin/work/source/php-monorepo/packages/lark-app-bot-bundle/tests/Exception/InvalidDebugActionExceptionTest.php" line="34" class="Tourze\LarkAppBotBundle\Tests\Exception\InvalidDebugActionExceptionTest" classname="Tourze.LarkAppBotBundle.Tests.Exception.InvalidDebugActionExceptionTest" assertions="1" time="0.000065"/>
    </testsuite>
    <testsuite name="Tourze\LarkAppBotBundle\Tests\Exception\InvalidRegexPatternExceptionTest" file="/home/admin/work/source/php-monorepo/packages/lark-app-bot-bundle/tests/Exception/InvalidRegexPatternExceptionTest.php" tests="5" assertions="6" errors="0" failures="0" skipped="0" time="0.000339">
      <testcase name="testShouldNotHaveRunTestsInSeparateProcesses" file="/home/admin/work/source/php-monorepo/vendor/tourze/phpunit-base/src/AbstractExceptionTestCase.php" line="17" class="Tourze\LarkAppBotBundle\Tests\Exception\InvalidRegexPatternExceptionTest" classname="Tourze.LarkAppBotBundle.Tests.Exception.InvalidRegexPatternExceptionTest" assertions="1" time="0.000068"/>
      <testcase name="testForPatternCreatesExceptionWithCorrectMessage" file="/home/admin/work/source/php-monorepo/packages/lark-app-bot-bundle/tests/Exception/InvalidRegexPatternExceptionTest.php" line="19" class="Tourze\LarkAppBotBundle\Tests\Exception\InvalidRegexPatternExceptionTest" classname="Tourze.LarkAppBotBundle.Tests.Exception.InvalidRegexPatternExceptionTest" assertions="2" time="0.000111"/>
      <testcase name="testForPatternHandlesEmptyPattern" file="/home/admin/work/source/php-monorepo/packages/lark-app-bot-bundle/tests/Exception/InvalidRegexPatternExceptionTest.php" line="29" class="Tourze\LarkAppBotBundle\Tests\Exception\InvalidRegexPatternExceptionTest" classname="Tourze.LarkAppBotBundle.Tests.Exception.InvalidRegexPatternExceptionTest" assertions="1" time="0.000057"/>
      <testcase name="testForPatternHandlesSpecialCharacters" file="/home/admin/work/source/php-monorepo/packages/lark-app-bot-bundle/tests/Exception/InvalidRegexPatternExceptionTest.php" line="38" class="Tourze\LarkAppBotBundle\Tests\Exception\InvalidRegexPatternExceptionTest" classname="Tourze.LarkAppBotBundle.Tests.Exception.InvalidRegexPatternExceptionTest" assertions="1" time="0.000051"/>
      <testcase name="testForPatternHandlesUnicodePattern" file="/home/admin/work/source/php-monorepo/packages/lark-app-bot-bundle/tests/Exception/InvalidRegexPatternExceptionTest.php" line="47" class="Tourze\LarkAppBotBundle\Tests\Exception\InvalidRegexPatternExceptionTest" classname="Tourze.LarkAppBotBundle.Tests.Exception.InvalidRegexPatternExceptionTest" assertions="1" time="0.000052"/>
    </testsuite>
    <testsuite name="Tourze\LarkAppBotBundle\Tests\Exception\InvalidTestExceptionTest" file="/home/admin/work/source/php-monorepo/packages/lark-app-bot-bundle/tests/Exception/InvalidTestExceptionTest.php" tests="10" assertions="15" errors="0" failures="0" skipped="0" time="0.000574">
      <testcase name="testShouldNotHaveRunTestsInSeparateProcesses" file="/home/admin/work/source/php-monorepo/vendor/tourze/phpunit-base/src/AbstractExceptionTestCase.php" line="17" class="Tourze\LarkAppBotBundle\Tests\Exception\InvalidTestExceptionTest" classname="Tourze.LarkAppBotBundle.Tests.Exception.InvalidTestExceptionTest" assertions="1" time="0.000066"/>
      <testcase name="testConstructor" file="/home/admin/work/source/php-monorepo/packages/lark-app-bot-bundle/tests/Exception/InvalidTestExceptionTest.php" line="17" class="Tourze\LarkAppBotBundle\Tests\Exception\InvalidTestExceptionTest" classname="Tourze.LarkAppBotBundle.Tests.Exception.InvalidTestExceptionTest" assertions="2" time="0.000090"/>
      <testcase name="testUnknownTest" file="/home/admin/work/source/php-monorepo/packages/lark-app-bot-bundle/tests/Exception/InvalidTestExceptionTest.php" line="25" class="Tourze\LarkAppBotBundle\Tests\Exception\InvalidTestExceptionTest" classname="Tourze.LarkAppBotBundle.Tests.Exception.InvalidTestExceptionTest" assertions="2" time="0.000050"/>
      <testcase name="testDisabledTest" file="/home/admin/work/source/php-monorepo/packages/lark-app-bot-bundle/tests/Exception/InvalidTestExceptionTest.php" line="34" class="Tourze\LarkAppBotBundle\Tests\Exception\InvalidTestExceptionTest" classname="Tourze.LarkAppBotBundle.Tests.Exception.InvalidTestExceptionTest" assertions="2" time="0.000057"/>
      <testcase name="testUnknownTestWithEmptyName" file="/home/admin/work/source/php-monorepo/packages/lark-app-bot-bundle/tests/Exception/InvalidTestExceptionTest.php" line="43" class="Tourze\LarkAppBotBundle\Tests\Exception\InvalidTestExceptionTest" classname="Tourze.LarkAppBotBundle.Tests.Exception.InvalidTestExceptionTest" assertions="1" time="0.000053"/>
      <testcase name="testDisabledTestWithEmptyName" file="/home/admin/work/source/php-monorepo/packages/lark-app-bot-bundle/tests/Exception/InvalidTestExceptionTest.php" line="50" class="Tourze\LarkAppBotBundle\Tests\Exception\InvalidTestExceptionTest" classname="Tourze.LarkAppBotBundle.Tests.Exception.InvalidTestExceptionTest" assertions="1" time="0.000049"/>
      <testcase name="testUnknownTestWithSpecialCharacters" file="/home/admin/work/source/php-monorepo/packages/lark-app-bot-bundle/tests/Exception/InvalidTestExceptionTest.php" line="57" class="Tourze\LarkAppBotBundle\Tests\Exception\InvalidTestExceptionTest" classname="Tourze.LarkAppBotBundle.Tests.Exception.InvalidTestExceptionTest" assertions="1" time="0.000055"/>
      <testcase name="testDisabledTestWithSpecialCharacters" file="/home/admin/work/source/php-monorepo/packages/lark-app-bot-bundle/tests/Exception/InvalidTestExceptionTest.php" line="65" class="Tourze\LarkAppBotBundle\Tests\Exception\InvalidTestExceptionTest" classname="Tourze.LarkAppBotBundle.Tests.Exception.InvalidTestExceptionTest" assertions="1" time="0.000051"/>
      <testcase name="testExceptionInheritance" file="/home/admin/work/source/php-monorepo/packages/lark-app-bot-bundle/tests/Exception/InvalidTestExceptionTest.php" line="73" class="Tourze\LarkAppBotBundle\Tests\Exception\InvalidTestExceptionTest" classname="Tourze.LarkAppBotBundle.Tests.Exception.InvalidTestExceptionTest" assertions="2" time="0.000047"/>
      <testcase name="testWithPreviousException" file="/home/admin/work/source/php-monorepo/packages/lark-app-bot-bundle/tests/Exception/InvalidTestExceptionTest.php" line="81" class="Tourze\LarkAppBotBundle\Tests\Exception\InvalidTestExceptionTest" classname="Tourze.LarkAppBotBundle.Tests.Exception.InvalidTestExceptionTest" assertions="2" time="0.000056"/>
    </testsuite>
    <testsuite name="Tourze\LarkAppBotBundle\Tests\Exception\InvalidTestScenarioExceptionTest" file="/home/admin/work/source/php-monorepo/packages/lark-app-bot-bundle/tests/Exception/InvalidTestScenarioExceptionTest.php" tests="4" assertions="5" errors="0" failures="0" skipped="0" time="0.000244">
      <testcase name="testShouldNotHaveRunTestsInSeparateProcesses" file="/home/admin/work/source/php-monorepo/vendor/tourze/phpunit-base/src/AbstractExceptionTestCase.php" line="17" class="Tourze\LarkAppBotBundle\Tests\Exception\InvalidTestScenarioExceptionTest" classname="Tourze.LarkAppBotBundle.Tests.Exception.InvalidTestScenarioExceptionTest" assertions="1" time="0.000069"/>
      <testcase name="testExceptionInstance" file="/home/admin/work/source/php-monorepo/packages/lark-app-bot-bundle/tests/Exception/InvalidTestScenarioExceptionTest.php" line="18" class="Tourze\LarkAppBotBundle\Tests\Exception\InvalidTestScenarioExceptionTest" classname="Tourze.LarkAppBotBundle.Tests.Exception.InvalidTestScenarioExceptionTest" assertions="2" time="0.000078"/>
      <testcase name="testExceptionWithCode" file="/home/admin/work/source/php-monorepo/packages/lark-app-bot-bundle/tests/Exception/InvalidTestScenarioExceptionTest.php" line="26" class="Tourze\LarkAppBotBundle\Tests\Exception\InvalidTestScenarioExceptionTest" classname="Tourze.LarkAppBotBundle.Tests.Exception.InvalidTestScenarioExceptionTest" assertions="1" time="0.000048"/>
      <testcase name="testExceptionWithPrevious" file="/home/admin/work/source/php-monorepo/packages/lark-app-bot-bundle/tests/Exception/InvalidTestScenarioExceptionTest.php" line="33" class="Tourze\LarkAppBotBundle\Tests\Exception\InvalidTestScenarioExceptionTest" classname="Tourze.LarkAppBotBundle.Tests.Exception.InvalidTestScenarioExceptionTest" assertions="1" time="0.000049"/>
    </testsuite>
    <testsuite name="Tourze\LarkAppBotBundle\Tests\Exception\JsonEncodingExceptionTest" file="/home/admin/work/source/php-monorepo/packages/lark-app-bot-bundle/tests/Exception/JsonEncodingExceptionTest.php" tests="6" assertions="7" errors="0" failures="0" skipped="0" time="0.000399">
      <testcase name="testShouldNotHaveRunTestsInSeparateProcesses" file="/home/admin/work/source/php-monorepo/vendor/tourze/phpunit-base/src/AbstractExceptionTestCase.php" line="17" class="Tourze\LarkAppBotBundle\Tests\Exception\JsonEncodingExceptionTest" classname="Tourze.LarkAppBotBundle.Tests.Exception.JsonEncodingExceptionTest" assertions="1" time="0.000078"/>
      <testcase name="testFromErrorCreatesExceptionWithGenericMessageWhenNoError" file="/home/admin/work/source/php-monorepo/packages/lark-app-bot-bundle/tests/Exception/JsonEncodingExceptionTest.php" line="19" class="Tourze\LarkAppBotBundle\Tests\Exception\JsonEncodingExceptionTest" classname="Tourze.LarkAppBotBundle.Tests.Exception.JsonEncodingExceptionTest" assertions="2" time="0.000098"/>
      <testcase name="testFromErrorCreatesExceptionWithGenericMessageWhenNullError" file="/home/admin/work/source/php-monorepo/packages/lark-app-bot-bundle/tests/Exception/JsonEncodingExceptionTest.php" line="27" class="Tourze\LarkAppBotBundle\Tests\Exception\JsonEncodingExceptionTest" classname="Tourze.LarkAppBotBundle.Tests.Exception.JsonEncodingExceptionTest" assertions="1" time="0.000060"/>
      <testcase name="testFromErrorIncludesErrorMessageWhenProvided" file="/home/admin/work/source/php-monorepo/packages/lark-app-bot-bundle/tests/Exception/JsonEncodingExceptionTest.php" line="34" class="Tourze\LarkAppBotBundle\Tests\Exception\JsonEncodingExceptionTest" classname="Tourze.LarkAppBotBundle.Tests.Exception.JsonEncodingExceptionTest" assertions="1" time="0.000062"/>
      <testcase name="testFromErrorHandlesEmptyErrorString" file="/home/admin/work/source/php-monorepo/packages/lark-app-bot-bundle/tests/Exception/JsonEncodingExceptionTest.php" line="43" class="Tourze\LarkAppBotBundle\Tests\Exception\JsonEncodingExceptionTest" classname="Tourze.LarkAppBotBundle.Tests.Exception.JsonEncodingExceptionTest" assertions="1" time="0.000050"/>
      <testcase name="testFromErrorHandlesUnicodeErrorMessage" file="/home/admin/work/source/php-monorepo/packages/lark-app-bot-bundle/tests/Exception/JsonEncodingExceptionTest.php" line="52" class="Tourze\LarkAppBotBundle\Tests\Exception\JsonEncodingExceptionTest" classname="Tourze.LarkAppBotBundle.Tests.Exception.JsonEncodingExceptionTest" assertions="1" time="0.000052"/>
    </testsuite>
    <testsuite name="Tourze\LarkAppBotBundle\Tests\Exception\LarkExceptionTest" file="/home/admin/work/source/php-monorepo/packages/lark-app-bot-bundle/tests/Exception/LarkExceptionTest.php" tests="4" assertions="6" errors="0" failures="0" skipped="0" time="0.000226">
      <testcase name="testShouldNotHaveRunTestsInSeparateProcesses" file="/home/admin/work/source/php-monorepo/vendor/tourze/phpunit-base/src/AbstractExceptionTestCase.php" line="17" class="Tourze\LarkAppBotBundle\Tests\Exception\LarkExceptionTest" classname="Tourze.LarkAppBotBundle.Tests.Exception.LarkExceptionTest" assertions="1" time="0.000070"/>
      <testcase name="testExceptionInstance" file="/home/admin/work/source/php-monorepo/packages/lark-app-bot-bundle/tests/Exception/LarkExceptionTest.php" line="19" class="Tourze\LarkAppBotBundle\Tests\Exception\LarkExceptionTest" classname="Tourze.LarkAppBotBundle.Tests.Exception.LarkExceptionTest" assertions="3" time="0.000058"/>
      <testcase name="testExceptionWithCode" file="/home/admin/work/source/php-monorepo/packages/lark-app-bot-bundle/tests/Exception/LarkExceptionTest.php" line="28" class="Tourze\LarkAppBotBundle\Tests\Exception\LarkExceptionTest" classname="Tourze.LarkAppBotBundle.Tests.Exception.LarkExceptionTest" assertions="1" time="0.000047"/>
      <testcase name="testExceptionWithPrevious" file="/home/admin/work/source/php-monorepo/packages/lark-app-bot-bundle/tests/Exception/LarkExceptionTest.php" line="35" class="Tourze\LarkAppBotBundle\Tests\Exception\LarkExceptionTest" classname="Tourze.LarkAppBotBundle.Tests.Exception.LarkExceptionTest" assertions="1" time="0.000052"/>
    </testsuite>
    <testsuite name="Tourze\LarkAppBotBundle\Tests\Exception\PerformanceExceptionTest" file="/home/admin/work/source/php-monorepo/packages/lark-app-bot-bundle/tests/Exception/PerformanceExceptionTest.php" tests="12" assertions="17" errors="0" failures="0" skipped="0" time="0.000645">
      <testcase name="testShouldNotHaveRunTestsInSeparateProcesses" file="/home/admin/work/source/php-monorepo/vendor/tourze/phpunit-base/src/AbstractExceptionTestCase.php" line="17" class="Tourze\LarkAppBotBundle\Tests\Exception\PerformanceExceptionTest" classname="Tourze.LarkAppBotBundle.Tests.Exception.PerformanceExceptionTest" assertions="1" time="0.000066"/>
      <testcase name="testExceptionInstance" file="/home/admin/work/source/php-monorepo/packages/lark-app-bot-bundle/tests/Exception/PerformanceExceptionTest.php" line="19" class="Tourze\LarkAppBotBundle\Tests\Exception\PerformanceExceptionTest" classname="Tourze.LarkAppBotBundle.Tests.Exception.PerformanceExceptionTest" assertions="2" time="0.000095"/>
      <testcase name="testSendFailed" file="/home/admin/work/source/php-monorepo/packages/lark-app-bot-bundle/tests/Exception/PerformanceExceptionTest.php" line="27" class="Tourze\LarkAppBotBundle\Tests\Exception\PerformanceExceptionTest" classname="Tourze.LarkAppBotBundle.Tests.Exception.PerformanceExceptionTest" assertions="2" time="0.000049"/>
      <testcase name="testSendFailedWithCustomMessage" file="/home/admin/work/source/php-monorepo/packages/lark-app-bot-bundle/tests/Exception/PerformanceExceptionTest.php" line="35" class="Tourze\LarkAppBotBundle\Tests\Exception\PerformanceExceptionTest" classname="Tourze.LarkAppBotBundle.Tests.Exception.PerformanceExceptionTest" assertions="1" time="0.000049"/>
      <testcase name="testProcessingFailed" file="/home/admin/work/source/php-monorepo/packages/lark-app-bot-bundle/tests/Exception/PerformanceExceptionTest.php" line="42" class="Tourze\LarkAppBotBundle\Tests\Exception\PerformanceExceptionTest" classname="Tourze.LarkAppBotBundle.Tests.Exception.PerformanceExceptionTest" assertions="2" time="0.000049"/>
      <testcase name="testProcessingFailedWithCustomMessage" file="/home/admin/work/source/php-monorepo/packages/lark-app-bot-bundle/tests/Exception/PerformanceExceptionTest.php" line="50" class="Tourze\LarkAppBotBundle\Tests\Exception\PerformanceExceptionTest" classname="Tourze.LarkAppBotBundle.Tests.Exception.PerformanceExceptionTest" assertions="1" time="0.000050"/>
      <testcase name="testWebhookFailed" file="/home/admin/work/source/php-monorepo/packages/lark-app-bot-bundle/tests/Exception/PerformanceExceptionTest.php" line="57" class="Tourze\LarkAppBotBundle\Tests\Exception\PerformanceExceptionTest" classname="Tourze.LarkAppBotBundle.Tests.Exception.PerformanceExceptionTest" assertions="2" time="0.000044"/>
      <testcase name="testWebhookFailedWithCustomMessage" file="/home/admin/work/source/php-monorepo/packages/lark-app-bot-bundle/tests/Exception/PerformanceExceptionTest.php" line="65" class="Tourze\LarkAppBotBundle\Tests\Exception\PerformanceExceptionTest" classname="Tourze.LarkAppBotBundle.Tests.Exception.PerformanceExceptionTest" assertions="1" time="0.000051"/>
      <testcase name="testCacheError" file="/home/admin/work/source/php-monorepo/packages/lark-app-bot-bundle/tests/Exception/PerformanceExceptionTest.php" line="72" class="Tourze\LarkAppBotBundle\Tests\Exception\PerformanceExceptionTest" classname="Tourze.LarkAppBotBundle.Tests.Exception.PerformanceExceptionTest" assertions="2" time="0.000045"/>
      <testcase name="testCacheErrorWithCustomMessage" file="/home/admin/work/source/php-monorepo/packages/lark-app-bot-bundle/tests/Exception/PerformanceExceptionTest.php" line="80" class="Tourze\LarkAppBotBundle\Tests\Exception\PerformanceExceptionTest" classname="Tourze.LarkAppBotBundle.Tests.Exception.PerformanceExceptionTest" assertions="1" time="0.000053"/>
      <testcase name="testExceptionWithCode" file="/home/admin/work/source/php-monorepo/packages/lark-app-bot-bundle/tests/Exception/PerformanceExceptionTest.php" line="87" class="Tourze\LarkAppBotBundle\Tests\Exception\PerformanceExceptionTest" classname="Tourze.LarkAppBotBundle.Tests.Exception.PerformanceExceptionTest" assertions="1" time="0.000047"/>
      <testcase name="testExceptionWithPrevious" file="/home/admin/work/source/php-monorepo/packages/lark-app-bot-bundle/tests/Exception/PerformanceExceptionTest.php" line="94" class="Tourze\LarkAppBotBundle\Tests\Exception\PerformanceExceptionTest" classname="Tourze.LarkAppBotBundle.Tests.Exception.PerformanceExceptionTest" assertions="1" time="0.000047"/>
    </testsuite>
    <testsuite name="Tourze\LarkAppBotBundle\Tests\Exception\RateLimitExceptionTest" file="/home/admin/work/source/php-monorepo/packages/lark-app-bot-bundle/tests/Exception/RateLimitExceptionTest.php" tests="4" assertions="5" errors="0" failures="0" skipped="0" time="0.000305">
      <testcase name="testShouldNotHaveRunTestsInSeparateProcesses" file="/home/admin/work/source/php-monorepo/vendor/tourze/phpunit-base/src/AbstractExceptionTestCase.php" line="17" class="Tourze\LarkAppBotBundle\Tests\Exception\RateLimitExceptionTest" classname="Tourze.LarkAppBotBundle.Tests.Exception.RateLimitExceptionTest" assertions="1" time="0.000071"/>
      <testcase name="testExceptionInstance" file="/home/admin/work/source/php-monorepo/packages/lark-app-bot-bundle/tests/Exception/RateLimitExceptionTest.php" line="18" class="Tourze\LarkAppBotBundle\Tests\Exception\RateLimitExceptionTest" classname="Tourze.LarkAppBotBundle.Tests.Exception.RateLimitExceptionTest" assertions="2" time="0.000130"/>
      <testcase name="testExceptionWithCode" file="/home/admin/work/source/php-monorepo/packages/lark-app-bot-bundle/tests/Exception/RateLimitExceptionTest.php" line="26" class="Tourze\LarkAppBotBundle\Tests\Exception\RateLimitExceptionTest" classname="Tourze.LarkAppBotBundle.Tests.Exception.RateLimitExceptionTest" assertions="1" time="0.000053"/>
      <testcase name="testExceptionWithPrevious" file="/home/admin/work/source/php-monorepo/packages/lark-app-bot-bundle/tests/Exception/RateLimitExceptionTest.php" line="33" class="Tourze\LarkAppBotBundle\Tests\Exception\RateLimitExceptionTest" classname="Tourze.LarkAppBotBundle.Tests.Exception.RateLimitExceptionTest" assertions="1" time="0.000050"/>
    </testsuite>
    <testsuite name="Tourze\LarkAppBotBundle\Tests\Exception\UnsupportedTypeExceptionTest" file="/home/admin/work/source/php-monorepo/packages/lark-app-bot-bundle/tests/Exception/UnsupportedTypeExceptionTest.php" tests="9" assertions="22" errors="0" failures="0" skipped="0" time="0.000558">
      <testcase name="testShouldNotHaveRunTestsInSeparateProcesses" file="/home/admin/work/source/php-monorepo/vendor/tourze/phpunit-base/src/AbstractExceptionTestCase.php" line="17" class="Tourze\LarkAppBotBundle\Tests\Exception\UnsupportedTypeExceptionTest" classname="Tourze.LarkAppBotBundle.Tests.Exception.UnsupportedTypeExceptionTest" assertions="1" time="0.000069"/>
      <testcase name="testExceptionInstance" file="/home/admin/work/source/php-monorepo/packages/lark-app-bot-bundle/tests/Exception/UnsupportedTypeExceptionTest.php" line="17" class="Tourze\LarkAppBotBundle\Tests\Exception\UnsupportedTypeExceptionTest" classname="Tourze.LarkAppBotBundle.Tests.Exception.UnsupportedTypeExceptionTest" assertions="2" time="0.000117"/>
      <testcase name="testExceptionWithCode" file="/home/admin/work/source/php-monorepo/packages/lark-app-bot-bundle/tests/Exception/UnsupportedTypeExceptionTest.php" line="25" class="Tourze\LarkAppBotBundle\Tests\Exception\UnsupportedTypeExceptionTest" classname="Tourze.LarkAppBotBundle.Tests.Exception.UnsupportedTypeExceptionTest" assertions="1" time="0.000050"/>
      <testcase name="testExceptionWithPrevious" file="/home/admin/work/source/php-monorepo/packages/lark-app-bot-bundle/tests/Exception/UnsupportedTypeExceptionTest.php" line="32" class="Tourze\LarkAppBotBundle\Tests\Exception\UnsupportedTypeExceptionTest" classname="Tourze.LarkAppBotBundle.Tests.Exception.UnsupportedTypeExceptionTest" assertions="1" time="0.000055"/>
      <testcase name="testCreate" file="/home/admin/work/source/php-monorepo/packages/lark-app-bot-bundle/tests/Exception/UnsupportedTypeExceptionTest.php" line="40" class="Tourze\LarkAppBotBundle\Tests\Exception\UnsupportedTypeExceptionTest" classname="Tourze.LarkAppBotBundle.Tests.Exception.UnsupportedTypeExceptionTest" assertions="4" time="0.000052"/>
      <testcase name="testForUserIdType" file="/home/admin/work/source/php-monorepo/packages/lark-app-bot-bundle/tests/Exception/UnsupportedTypeExceptionTest.php" line="50" class="Tourze\LarkAppBotBundle\Tests\Exception\UnsupportedTypeExceptionTest" classname="Tourze.LarkAppBotBundle.Tests.Exception.UnsupportedTypeExceptionTest" assertions="4" time="0.000062"/>
      <testcase name="testForMemberType" file="/home/admin/work/source/php-monorepo/packages/lark-app-bot-bundle/tests/Exception/UnsupportedTypeExceptionTest.php" line="60" class="Tourze\LarkAppBotBundle\Tests\Exception\UnsupportedTypeExceptionTest" classname="Tourze.LarkAppBotBundle.Tests.Exception.UnsupportedTypeExceptionTest" assertions="3" time="0.000055"/>
      <testcase name="testForOutputFormat" file="/home/admin/work/source/php-monorepo/packages/lark-app-bot-bundle/tests/Exception/UnsupportedTypeExceptionTest.php" line="69" class="Tourze\LarkAppBotBundle\Tests\Exception\UnsupportedTypeExceptionTest" classname="Tourze.LarkAppBotBundle.Tests.Exception.UnsupportedTypeExceptionTest" assertions="3" time="0.000048"/>
      <testcase name="testForFileFormat" file="/home/admin/work/source/php-monorepo/packages/lark-app-bot-bundle/tests/Exception/UnsupportedTypeExceptionTest.php" line="78" class="Tourze\LarkAppBotBundle\Tests\Exception\UnsupportedTypeExceptionTest" classname="Tourze.LarkAppBotBundle.Tests.Exception.UnsupportedTypeExceptionTest" assertions="3" time="0.000049"/>
    </testsuite>
    <testsuite name="Tourze\LarkAppBotBundle\Tests\Exception\ValidationExceptionTest" file="/home/admin/work/source/php-monorepo/packages/lark-app-bot-bundle/tests/Exception/ValidationExceptionTest.php" tests="4" assertions="5" errors="0" failures="0" skipped="0" time="0.000331">
      <testcase name="testShouldNotHaveRunTestsInSeparateProcesses" file="/home/admin/work/source/php-monorepo/vendor/tourze/phpunit-base/src/AbstractExceptionTestCase.php" line="17" class="Tourze\LarkAppBotBundle\Tests\Exception\ValidationExceptionTest" classname="Tourze.LarkAppBotBundle.Tests.Exception.ValidationExceptionTest" assertions="1" time="0.000067"/>
      <testcase name="testExceptionInstance" file="/home/admin/work/source/php-monorepo/packages/lark-app-bot-bundle/tests/Exception/ValidationExceptionTest.php" line="18" class="Tourze\LarkAppBotBundle\Tests\Exception\ValidationExceptionTest" classname="Tourze.LarkAppBotBundle.Tests.Exception.ValidationExceptionTest" assertions="2" time="0.000163"/>
      <testcase name="testExceptionWithCode" file="/home/admin/work/source/php-monorepo/packages/lark-app-bot-bundle/tests/Exception/ValidationExceptionTest.php" line="26" class="Tourze\LarkAppBotBundle\Tests\Exception\ValidationExceptionTest" classname="Tourze.LarkAppBotBundle.Tests.Exception.ValidationExceptionTest" assertions="1" time="0.000052"/>
      <testcase name="testExceptionWithPrevious" file="/home/admin/work/source/php-monorepo/packages/lark-app-bot-bundle/tests/Exception/ValidationExceptionTest.php" line="33" class="Tourze\LarkAppBotBundle\Tests\Exception\ValidationExceptionTest" classname="Tourze.LarkAppBotBundle.Tests.Exception.ValidationExceptionTest" assertions="1" time="0.000049"/>
    </testsuite>
    <testsuite name="Tourze\LarkAppBotBundle\Tests\LarkAppBotBundleTest" file="/home/admin/work/source/php-monorepo/packages/lark-app-bot-bundle/tests/LarkAppBotBundleTest.php" tests="12" assertions="42" errors="0" failures="0" skipped="0" time="1.352498">
      <testcase name="testShouldHaveRunTestsInSeparateProcesses" file="/home/admin/work/source/php-monorepo/packages/phpunit-symfony-kernel-test/src/AbstractIntegrationTestCase.php" line="919" class="Tourze\LarkAppBotBundle\Tests\LarkAppBotBundleTest" classname="Tourze.LarkAppBotBundle.Tests.LarkAppBotBundleTest" assertions="1" time="0.111066"/>
      <testcase name="dontOverrideGetPathMethod" file="/home/admin/work/source/php-monorepo/packages/phpunit-symfony-kernel-test/src/AbstractBundleTestCase.php" line="40" class="Tourze\LarkAppBotBundle\Tests\LarkAppBotBundleTest" classname="Tourze.LarkAppBotBundle.Tests.LarkAppBotBundleTest" assertions="3" time="0.112371"/>
      <testcase name="dontOverrideGetContainerExtensionMethod" file="/home/admin/work/source/php-monorepo/packages/phpunit-symfony-kernel-test/src/AbstractBundleTestCase.php" line="54" class="Tourze\LarkAppBotBundle\Tests\LarkAppBotBundleTest" classname="Tourze.LarkAppBotBundle.Tests.LarkAppBotBundleTest" assertions="3" time="0.110907"/>
      <testcase name="testBundleRegisteredKeyExists" file="/home/admin/work/source/php-monorepo/packages/phpunit-symfony-kernel-test/src/AbstractBundleTestCase.php" line="65" class="Tourze\LarkAppBotBundle\Tests\LarkAppBotBundleTest" classname="Tourze.LarkAppBotBundle.Tests.LarkAppBotBundleTest" assertions="3" time="0.111214"/>
      <testcase name="testBundleRegisteredValueExists" file="/home/admin/work/source/php-monorepo/packages/phpunit-symfony-kernel-test/src/AbstractBundleTestCase.php" line="73" class="Tourze\LarkAppBotBundle\Tests\LarkAppBotBundleTest" classname="Tourze.LarkAppBotBundle.Tests.LarkAppBotBundleTest" assertions="3" time="0.113914"/>
      <testcase name="testDependenciesRegistered" file="/home/admin/work/source/php-monorepo/packages/phpunit-symfony-kernel-test/src/AbstractBundleTestCase.php" line="85" class="Tourze\LarkAppBotBundle\Tests\LarkAppBotBundleTest" classname="Tourze.LarkAppBotBundle.Tests.LarkAppBotBundleTest" assertions="7" time="0.111648"/>
      <testcase name="testBundleBuild" file="/home/admin/work/source/php-monorepo/packages/phpunit-symfony-kernel-test/src/AbstractBundleTestCase.php" line="105" class="Tourze\LarkAppBotBundle\Tests\LarkAppBotBundleTest" classname="Tourze.LarkAppBotBundle.Tests.LarkAppBotBundleTest" assertions="5" time="0.117113"/>
      <testcase name="testBundleHasContainerExtension" file="/home/admin/work/source/php-monorepo/packages/phpunit-symfony-kernel-test/src/AbstractBundleTestCase.php" line="124" class="Tourze\LarkAppBotBundle\Tests\LarkAppBotBundleTest" classname="Tourze.LarkAppBotBundle.Tests.LarkAppBotBundleTest" assertions="3" time="0.113218"/>
      <testcase name="testGetBundleDependenciesIsStaticMethod" file="/home/admin/work/source/php-monorepo/packages/phpunit-symfony-kernel-test/src/AbstractBundleTestCase.php" line="135" class="Tourze\LarkAppBotBundle\Tests\LarkAppBotBundleTest" classname="Tourze.LarkAppBotBundle.Tests.LarkAppBotBundleTest" assertions="4" time="0.111568"/>
      <testcase name="testBootShouldNoError" file="/home/admin/work/source/php-monorepo/packages/phpunit-symfony-kernel-test/src/AbstractBundleTestCase.php" line="151" class="Tourze\LarkAppBotBundle\Tests\LarkAppBotBundleTest" classname="Tourze.LarkAppBotBundle.Tests.LarkAppBotBundleTest" assertions="2" time="0.111078"/>
      <testcase name="testBundleCanBeInstantiatedMultipleTimes" file="/home/admin/work/source/php-monorepo/packages/phpunit-symfony-kernel-test/src/AbstractBundleTestCase.php" line="161" class="Tourze\LarkAppBotBundle\Tests\LarkAppBotBundleTest" classname="Tourze.LarkAppBotBundle.Tests.LarkAppBotBundleTest" assertions="5" time="0.113872"/>
      <testcase name="testBundleHasCorrespondingExtension" file="/home/admin/work/source/php-monorepo/packages/phpunit-symfony-kernel-test/src/AbstractBundleTestCase.php" line="174" class="Tourze\LarkAppBotBundle\Tests\LarkAppBotBundleTest" classname="Tourze.LarkAppBotBundle.Tests.LarkAppBotBundleTest" assertions="3" time="0.114529"/>
    </testsuite>
    <testsuite name="Tourze\LarkAppBotBundle\Tests\Repository\ApiLogRepositoryTest" file="/home/admin/work/source/php-monorepo/packages/lark-app-bot-bundle/tests/Repository/ApiLogRepositoryTest.php" tests="61" assertions="176" errors="0" failures="0" skipped="0" time="8.580698">
      <testcase name="testShouldHaveRunTestsInSeparateProcesses" file="/home/admin/work/source/php-monorepo/packages/phpunit-symfony-kernel-test/src/AbstractIntegrationTestCase.php" line="919" class="Tourze\LarkAppBotBundle\Tests\Repository\ApiLogRepositoryTest" classname="Tourze.LarkAppBotBundle.Tests.Repository.ApiLogRepositoryTest" assertions="1" time="0.113757"/>
      <testcase name="testRepositoryClassShouldHaveAsRepositoryAttribute" file="/home/admin/work/source/php-monorepo/packages/phpunit-symfony-kernel-test/src/AbstractRepositoryTestCase.php" line="32" class="Tourze\LarkAppBotBundle\Tests\Repository\ApiLogRepositoryTest" classname="Tourze.LarkAppBotBundle.Tests.Repository.ApiLogRepositoryTest" assertions="1" time="0.113935"/>
      <testcase name="testCreateNewEntityShouldNotBePersisted" file="/home/admin/work/source/php-monorepo/packages/phpunit-symfony-kernel-test/src/AbstractRepositoryTestCase.php" line="48" class="Tourze\LarkAppBotBundle\Tests\Repository\ApiLogRepositoryTest" classname="Tourze.LarkAppBotBundle.Tests.Repository.ApiLogRepositoryTest" assertions="2" time="0.111443"/>
      <testcase name="testCreateNewEntityShouldPersistedSuccess" file="/home/admin/work/source/php-monorepo/packages/phpunit-symfony-kernel-test/src/AbstractRepositoryTestCase.php" line="62" class="Tourze\LarkAppBotBundle\Tests\Repository\ApiLogRepositoryTest" classname="Tourze.LarkAppBotBundle.Tests.Repository.ApiLogRepositoryTest" assertions="2" time="0.147722"/>
      <testcase name="testCreateNewEntityAndDetachShouldNotInIdentityMap" file="/home/admin/work/source/php-monorepo/packages/phpunit-symfony-kernel-test/src/AbstractRepositoryTestCase.php" line="83" class="Tourze\LarkAppBotBundle\Tests\Repository\ApiLogRepositoryTest" classname="Tourze.LarkAppBotBundle.Tests.Repository.ApiLogRepositoryTest" assertions="3" time="0.148614"/>
      <testsuite name="Tourze\LarkAppBotBundle\Tests\Repository\ApiLogRepositoryTest::testFindByWithNonExistentFieldShouldThrowException" tests="4" assertions="4" errors="0" failures="0" skipped="0" time="0.813129">
        <testcase name="testFindByWithNonExistentFieldShouldThrowException with data set #0" file="/home/admin/work/source/php-monorepo/packages/phpunit-symfony-kernel-test/src/AbstractRepositoryTestCase.php" line="104" class="Tourze\LarkAppBotBundle\Tests\Repository\ApiLogRepositoryTest" classname="Tourze.LarkAppBotBundle.Tests.Repository.ApiLogRepositoryTest" assertions="1" time="0.120329"/>
        <testcase name="testFindByWithNonExistentFieldShouldThrowException with data set #1" file="/home/admin/work/source/php-monorepo/packages/phpunit-symfony-kernel-test/src/AbstractRepositoryTestCase.php" line="104" class="Tourze\LarkAppBotBundle\Tests\Repository\ApiLogRepositoryTest" classname="Tourze.LarkAppBotBundle.Tests.Repository.ApiLogRepositoryTest" assertions="1" time="0.117083"/>
        <testcase name="testFindByWithNonExistentFieldShouldThrowException with data set #2" file="/home/admin/work/source/php-monorepo/packages/phpunit-symfony-kernel-test/src/AbstractRepositoryTestCase.php" line="104" class="Tourze\LarkAppBotBundle\Tests\Repository\ApiLogRepositoryTest" classname="Tourze.LarkAppBotBundle.Tests.Repository.ApiLogRepositoryTest" assertions="1" time="0.121082"/>
        <testcase name="testFindByWithNonExistentFieldShouldThrowException with data set #3" file="/home/admin/work/source/php-monorepo/packages/phpunit-symfony-kernel-test/src/AbstractRepositoryTestCase.php" line="104" class="Tourze\LarkAppBotBundle\Tests\Repository\ApiLogRepositoryTest" classname="Tourze.LarkAppBotBundle.Tests.Repository.ApiLogRepositoryTest" assertions="1" time="0.454635"/>
      </testsuite>
      <testcase name="testFindByWithNonMatchingCriteriaShouldReturnEmptyArray" file="/home/admin/work/source/php-monorepo/packages/phpunit-symfony-kernel-test/src/AbstractRepositoryTestCase.php" line="114" class="Tourze\LarkAppBotBundle\Tests\Repository\ApiLogRepositoryTest" classname="Tourze.LarkAppBotBundle.Tests.Repository.ApiLogRepositoryTest" assertions="2" time="0.122902"/>
      <testcase name="testFindByWithMatchingCriteriaShouldReturnArrayOfEntities" file="/home/admin/work/source/php-monorepo/packages/phpunit-symfony-kernel-test/src/AbstractRepositoryTestCase.php" line="122" class="Tourze\LarkAppBotBundle\Tests\Repository\ApiLogRepositoryTest" classname="Tourze.LarkAppBotBundle.Tests.Repository.ApiLogRepositoryTest" assertions="4" time="0.168084"/>
      <testcase name="testFindByShouldRespectOrderByClause" file="/home/admin/work/source/php-monorepo/packages/phpunit-symfony-kernel-test/src/AbstractRepositoryTestCase.php" line="150" class="Tourze\LarkAppBotBundle\Tests\Repository\ApiLogRepositoryTest" classname="Tourze.LarkAppBotBundle.Tests.Repository.ApiLogRepositoryTest" assertions="6" time="1.920520"/>
      <testcase name="testFindOneByWithNonMatchingCriteriaShouldReturnNull" file="/home/admin/work/source/php-monorepo/packages/phpunit-symfony-kernel-test/src/AbstractRepositoryTestCase.php" line="180" class="Tourze\LarkAppBotBundle\Tests\Repository\ApiLogRepositoryTest" classname="Tourze.LarkAppBotBundle.Tests.Repository.ApiLogRepositoryTest" assertions="1" time="0.122924"/>
      <testcase name="testFindOneByWithNonExistentFieldShouldThrowException" file="/home/admin/work/source/php-monorepo/packages/phpunit-symfony-kernel-test/src/AbstractRepositoryTestCase.php" line="191" class="Tourze\LarkAppBotBundle\Tests\Repository\ApiLogRepositoryTest" classname="Tourze.LarkAppBotBundle.Tests.Repository.ApiLogRepositoryTest" assertions="1" time="0.117058"/>
      <testcase name="testFindOneByWithMatchingCriteriaShouldReturnEntity" file="/home/admin/work/source/php-monorepo/packages/phpunit-symfony-kernel-test/src/AbstractRepositoryTestCase.php" line="197" class="Tourze\LarkAppBotBundle\Tests\Repository\ApiLogRepositoryTest" classname="Tourze.LarkAppBotBundle.Tests.Repository.ApiLogRepositoryTest" assertions="2" time="0.142018"/>
      <testsuite name="Tourze\LarkAppBotBundle\Tests\Repository\ApiLogRepositoryTest::testFindOneByShouldSortOrder" tests="12" assertions="12" errors="0" failures="0" skipped="0" time="1.438856">
        <testcase name="testFindOneByShouldSortOrder with data set &quot;single field id&quot;" file="/home/admin/work/source/php-monorepo/packages/phpunit-symfony-kernel-test/src/AbstractRepositoryTestCase.php" line="220" class="Tourze\LarkAppBotBundle\Tests\Repository\ApiLogRepositoryTest" classname="Tourze.LarkAppBotBundle.Tests.Repository.ApiLogRepositoryTest" assertions="1" time="0.119920"/>
        <testcase name="testFindOneByShouldSortOrder with data set &quot;single field endpoint&quot;" file="/home/admin/work/source/php-monorepo/packages/phpunit-symfony-kernel-test/src/AbstractRepositoryTestCase.php" line="220" class="Tourze\LarkAppBotBundle\Tests\Repository\ApiLogRepositoryTest" classname="Tourze.LarkAppBotBundle.Tests.Repository.ApiLogRepositoryTest" assertions="1" time="0.118525"/>
        <testcase name="testFindOneByShouldSortOrder with data set &quot;single field method&quot;" file="/home/admin/work/source/php-monorepo/packages/phpunit-symfony-kernel-test/src/AbstractRepositoryTestCase.php" line="220" class="Tourze\LarkAppBotBundle\Tests\Repository\ApiLogRepositoryTest" classname="Tourze.LarkAppBotBundle.Tests.Repository.ApiLogRepositoryTest" assertions="1" time="0.118032"/>
        <testcase name="testFindOneByShouldSortOrder with data set &quot;single field statusCode&quot;" file="/home/admin/work/source/php-monorepo/packages/phpunit-symfony-kernel-test/src/AbstractRepositoryTestCase.php" line="220" class="Tourze\LarkAppBotBundle\Tests\Repository\ApiLogRepositoryTest" classname="Tourze.LarkAppBotBundle.Tests.Repository.ApiLogRepositoryTest" assertions="1" time="0.119728"/>
        <testcase name="testFindOneByShouldSortOrder with data set &quot;single field responseTime&quot;" file="/home/admin/work/source/php-monorepo/packages/phpunit-symfony-kernel-test/src/AbstractRepositoryTestCase.php" line="220" class="Tourze\LarkAppBotBundle\Tests\Repository\ApiLogRepositoryTest" classname="Tourze.LarkAppBotBundle.Tests.Repository.ApiLogRepositoryTest" assertions="1" time="0.120819"/>
        <testcase name="testFindOneByShouldSortOrder with data set &quot;single field userId&quot;" file="/home/admin/work/source/php-monorepo/packages/phpunit-symfony-kernel-test/src/AbstractRepositoryTestCase.php" line="220" class="Tourze\LarkAppBotBundle\Tests\Repository\ApiLogRepositoryTest" classname="Tourze.LarkAppBotBundle.Tests.Repository.ApiLogRepositoryTest" assertions="1" time="0.121555"/>
        <testcase name="testFindOneByShouldSortOrder with data set &quot;single field createTime&quot;" file="/home/admin/work/source/php-monorepo/packages/phpunit-symfony-kernel-test/src/AbstractRepositoryTestCase.php" line="220" class="Tourze\LarkAppBotBundle\Tests\Repository\ApiLogRepositoryTest" classname="Tourze.LarkAppBotBundle.Tests.Repository.ApiLogRepositoryTest" assertions="1" time="0.118896"/>
        <testcase name="testFindOneByShouldSortOrder with data set &quot;2 fields id, endpoint&quot;" file="/home/admin/work/source/php-monorepo/packages/phpunit-symfony-kernel-test/src/AbstractRepositoryTestCase.php" line="220" class="Tourze\LarkAppBotBundle\Tests\Repository\ApiLogRepositoryTest" classname="Tourze.LarkAppBotBundle.Tests.Repository.ApiLogRepositoryTest" assertions="1" time="0.118809"/>
        <testcase name="testFindOneByShouldSortOrder with data set &quot;2 fields id, createTime&quot;" file="/home/admin/work/source/php-monorepo/packages/phpunit-symfony-kernel-test/src/AbstractRepositoryTestCase.php" line="220" class="Tourze\LarkAppBotBundle\Tests\Repository\ApiLogRepositoryTest" classname="Tourze.LarkAppBotBundle.Tests.Repository.ApiLogRepositoryTest" assertions="1" time="0.120846"/>
        <testcase name="testFindOneByShouldSortOrder with data set &quot;2 fields method, statusCode&quot;" file="/home/admin/work/source/php-monorepo/packages/phpunit-symfony-kernel-test/src/AbstractRepositoryTestCase.php" line="220" class="Tourze\LarkAppBotBundle\Tests\Repository\ApiLogRepositoryTest" classname="Tourze.LarkAppBotBundle.Tests.Repository.ApiLogRepositoryTest" assertions="1" time="0.119854"/>
        <testcase name="testFindOneByShouldSortOrder with data set &quot;3 fields id, endpoint, method&quot;" file="/home/admin/work/source/php-monorepo/packages/phpunit-symfony-kernel-test/src/AbstractRepositoryTestCase.php" line="220" class="Tourze\LarkAppBotBundle\Tests\Repository\ApiLogRepositoryTest" classname="Tourze.LarkAppBotBundle.Tests.Repository.ApiLogRepositoryTest" assertions="1" time="0.121362"/>
        <testcase name="testFindOneByShouldSortOrder with data set &quot;all 7 fields&quot;" file="/home/admin/work/source/php-monorepo/packages/phpunit-symfony-kernel-test/src/AbstractRepositoryTestCase.php" line="220" class="Tourze\LarkAppBotBundle\Tests\Repository\ApiLogRepositoryTest" classname="Tourze.LarkAppBotBundle.Tests.Repository.ApiLogRepositoryTest" assertions="1" time="0.120508"/>
      </testsuite>
      <testcase name="testFindAllWhenNoRecordsExistShouldReturnEmptyArray" file="/home/admin/work/source/php-monorepo/packages/phpunit-symfony-kernel-test/src/AbstractRepositoryTestCase.php" line="359" class="Tourze\LarkAppBotBundle\Tests\Repository\ApiLogRepositoryTest" classname="Tourze.LarkAppBotBundle.Tests.Repository.ApiLogRepositoryTest" assertions="1" time="0.140616"/>
      <testcase name="testFindAllWhenRecordsExistShouldReturnArrayOfEntities" file="/home/admin/work/source/php-monorepo/packages/phpunit-symfony-kernel-test/src/AbstractRepositoryTestCase.php" line="374" class="Tourze\LarkAppBotBundle\Tests\Repository\ApiLogRepositoryTest" classname="Tourze.LarkAppBotBundle.Tests.Repository.ApiLogRepositoryTest" assertions="3" time="0.109069"/>
      <testcase name="testFindWithNonExistentIdShouldReturnNull" file="/home/admin/work/source/php-monorepo/packages/phpunit-symfony-kernel-test/src/AbstractRepositoryTestCase.php" line="394" class="Tourze\LarkAppBotBundle\Tests\Repository\ApiLogRepositoryTest" classname="Tourze.LarkAppBotBundle.Tests.Repository.ApiLogRepositoryTest" assertions="1" time="0.075693"/>
      <testcase name="testFindWithZeroIdShouldReturnNull" file="/home/admin/work/source/php-monorepo/packages/phpunit-symfony-kernel-test/src/AbstractRepositoryTestCase.php" line="401" class="Tourze\LarkAppBotBundle\Tests\Repository\ApiLogRepositoryTest" classname="Tourze.LarkAppBotBundle.Tests.Repository.ApiLogRepositoryTest" assertions="1" time="0.079132"/>
      <testcase name="testFindWithNegativeIdShouldReturnNull" file="/home/admin/work/source/php-monorepo/packages/phpunit-symfony-kernel-test/src/AbstractRepositoryTestCase.php" line="408" class="Tourze\LarkAppBotBundle\Tests\Repository\ApiLogRepositoryTest" classname="Tourze.LarkAppBotBundle.Tests.Repository.ApiLogRepositoryTest" assertions="1" time="0.077859"/>
      <testcase name="testFindWithNullIdShouldThrowException" file="/home/admin/work/source/php-monorepo/packages/phpunit-symfony-kernel-test/src/AbstractRepositoryTestCase.php" line="415" class="Tourze\LarkAppBotBundle\Tests\Repository\ApiLogRepositoryTest" classname="Tourze.LarkAppBotBundle.Tests.Repository.ApiLogRepositoryTest" assertions="1" time="0.074141"/>
      <testcase name="testFindWithExistingIdShouldReturnEntity" file="/home/admin/work/source/php-monorepo/packages/phpunit-symfony-kernel-test/src/AbstractRepositoryTestCase.php" line="422" class="Tourze\LarkAppBotBundle\Tests\Repository\ApiLogRepositoryTest" classname="Tourze.LarkAppBotBundle.Tests.Repository.ApiLogRepositoryTest" assertions="3" time="0.089814"/>
      <testcase name="testCountWithDataFixtureShouldReturnGreaterThanZero" file="/home/admin/work/source/php-monorepo/packages/phpunit-symfony-kernel-test/src/AbstractRepositoryTestCase.php" line="440" class="Tourze\LarkAppBotBundle\Tests\Repository\ApiLogRepositoryTest" classname="Tourze.LarkAppBotBundle.Tests.Repository.ApiLogRepositoryTest" assertions="1" time="0.075740"/>
      <testcase name="testCountWithNotFoundShouldReturnZero" file="/home/admin/work/source/php-monorepo/packages/phpunit-symfony-kernel-test/src/AbstractRepositoryTestCase.php" line="449" class="Tourze\LarkAppBotBundle\Tests\Repository\ApiLogRepositoryTest" classname="Tourze.LarkAppBotBundle.Tests.Repository.ApiLogRepositoryTest" assertions="1" time="0.075659"/>
      <testsuite name="Tourze\LarkAppBotBundle\Tests\Repository\ApiLogRepositoryTest::testCountWithNonExistentFieldShouldThrowException" tests="4" assertions="4" errors="0" failures="0" skipped="0" time="0.297177">
        <testcase name="testCountWithNonExistentFieldShouldThrowException with data set #0" file="/home/admin/work/source/php-monorepo/packages/phpunit-symfony-kernel-test/src/AbstractRepositoryTestCase.php" line="463" class="Tourze\LarkAppBotBundle\Tests\Repository\ApiLogRepositoryTest" classname="Tourze.LarkAppBotBundle.Tests.Repository.ApiLogRepositoryTest" assertions="1" time="0.074329"/>
        <testcase name="testCountWithNonExistentFieldShouldThrowException with data set #1" file="/home/admin/work/source/php-monorepo/packages/phpunit-symfony-kernel-test/src/AbstractRepositoryTestCase.php" line="463" class="Tourze\LarkAppBotBundle\Tests\Repository\ApiLogRepositoryTest" classname="Tourze.LarkAppBotBundle.Tests.Repository.ApiLogRepositoryTest" assertions="1" time="0.074940"/>
        <testcase name="testCountWithNonExistentFieldShouldThrowException with data set #2" file="/home/admin/work/source/php-monorepo/packages/phpunit-symfony-kernel-test/src/AbstractRepositoryTestCase.php" line="463" class="Tourze\LarkAppBotBundle\Tests\Repository\ApiLogRepositoryTest" classname="Tourze.LarkAppBotBundle.Tests.Repository.ApiLogRepositoryTest" assertions="1" time="0.074348"/>
        <testcase name="testCountWithNonExistentFieldShouldThrowException with data set #3" file="/home/admin/work/source/php-monorepo/packages/phpunit-symfony-kernel-test/src/AbstractRepositoryTestCase.php" line="463" class="Tourze\LarkAppBotBundle\Tests\Repository\ApiLogRepositoryTest" classname="Tourze.LarkAppBotBundle.Tests.Repository.ApiLogRepositoryTest" assertions="1" time="0.073560"/>
      </testsuite>
      <testcase name="testSaveMethodShouldExists" file="/home/admin/work/source/php-monorepo/packages/phpunit-symfony-kernel-test/src/AbstractRepositoryTestCase.php" line="470" class="Tourze\LarkAppBotBundle\Tests\Repository\ApiLogRepositoryTest" classname="Tourze.LarkAppBotBundle.Tests.Repository.ApiLogRepositoryTest" assertions="13" time="0.072959"/>
      <testcase name="testSaveWithFlushTrueShouldPersistAndFlush" file="/home/admin/work/source/php-monorepo/packages/phpunit-symfony-kernel-test/src/AbstractRepositoryTestCase.php" line="552" class="Tourze\LarkAppBotBundle\Tests\Repository\ApiLogRepositoryTest" classname="Tourze.LarkAppBotBundle.Tests.Repository.ApiLogRepositoryTest" assertions="2" time="0.089418"/>
      <testcase name="testSaveWithFlushFalseShouldNotImmediatelyPersist" file="/home/admin/work/source/php-monorepo/packages/phpunit-symfony-kernel-test/src/AbstractRepositoryTestCase.php" line="565" class="Tourze\LarkAppBotBundle\Tests\Repository\ApiLogRepositoryTest" classname="Tourze.LarkAppBotBundle.Tests.Repository.ApiLogRepositoryTest" assertions="1" time="0.095381"/>
      <testcase name="testRemoveMethodShouldExists" file="/home/admin/work/source/php-monorepo/packages/phpunit-symfony-kernel-test/src/AbstractRepositoryTestCase.php" line="584" class="Tourze\LarkAppBotBundle\Tests\Repository\ApiLogRepositoryTest" classname="Tourze.LarkAppBotBundle.Tests.Repository.ApiLogRepositoryTest" assertions="13" time="0.073822"/>
      <testcase name="testRemoveWithFlush" file="/home/admin/work/source/php-monorepo/packages/phpunit-symfony-kernel-test/src/AbstractRepositoryTestCase.php" line="666" class="Tourze\LarkAppBotBundle\Tests\Repository\ApiLogRepositoryTest" classname="Tourze.LarkAppBotBundle.Tests.Repository.ApiLogRepositoryTest" assertions="1" time="0.095326"/>
      <testcase name="testRemoveWithoutFlush" file="/home/admin/work/source/php-monorepo/packages/phpunit-symfony-kernel-test/src/AbstractRepositoryTestCase.php" line="680" class="Tourze\LarkAppBotBundle\Tests\Repository\ApiLogRepositoryTest" classname="Tourze.LarkAppBotBundle.Tests.Repository.ApiLogRepositoryTest" assertions="1" time="0.093647"/>
      <testcase name="testSaveAndFindApiLogShouldWorkCorrectly" file="/home/admin/work/source/php-monorepo/packages/lark-app-bot-bundle/tests/Repository/ApiLogRepositoryTest.php" line="20" class="Tourze\LarkAppBotBundle\Tests\Repository\ApiLogRepositoryTest" classname="Tourze.LarkAppBotBundle.Tests.Repository.ApiLogRepositoryTest" assertions="3" time="0.095378"/>
      <testcase name="testFindByEndpointShouldReturnCorrectLogs" file="/home/admin/work/source/php-monorepo/packages/lark-app-bot-bundle/tests/Repository/ApiLogRepositoryTest.php" line="36" class="Tourze\LarkAppBotBundle\Tests\Repository\ApiLogRepositoryTest" classname="Tourze.LarkAppBotBundle.Tests.Repository.ApiLogRepositoryTest" assertions="4" time="0.100941"/>
      <testcase name="testFindByMethodShouldReturnCorrectLogs" file="/home/admin/work/source/php-monorepo/packages/lark-app-bot-bundle/tests/Repository/ApiLogRepositoryTest.php" line="60" class="Tourze\LarkAppBotBundle\Tests\Repository\ApiLogRepositoryTest" classname="Tourze.LarkAppBotBundle.Tests.Repository.ApiLogRepositoryTest" assertions="6" time="0.098968"/>
      <testcase name="testFindByStatusCodeShouldReturnCorrectLogs" file="/home/admin/work/source/php-monorepo/packages/lark-app-bot-bundle/tests/Repository/ApiLogRepositoryTest.php" line="80" class="Tourze\LarkAppBotBundle\Tests\Repository\ApiLogRepositoryTest" classname="Tourze.LarkAppBotBundle.Tests.Repository.ApiLogRepositoryTest" assertions="4" time="0.098793"/>
      <testcase name="testFindErrorLogsShouldReturnOnly4xxAnd5xxStatusCodes" file="/home/admin/work/source/php-monorepo/packages/lark-app-bot-bundle/tests/Repository/ApiLogRepositoryTest.php" line="100" class="Tourze\LarkAppBotBundle\Tests\Repository\ApiLogRepositoryTest" classname="Tourze.LarkAppBotBundle.Tests.Repository.ApiLogRepositoryTest" assertions="14" time="0.098674"/>
      <testcase name="testFindSuccessLogsShouldReturnOnly2xxStatusCodes" file="/home/admin/work/source/php-monorepo/packages/lark-app-bot-bundle/tests/Repository/ApiLogRepositoryTest.php" line="132" class="Tourze\LarkAppBotBundle\Tests\Repository\ApiLogRepositoryTest" classname="Tourze.LarkAppBotBundle.Tests.Repository.ApiLogRepositoryTest" assertions="21" time="0.098794"/>
      <testcase name="testFindByUserIdShouldReturnCorrectLogs" file="/home/admin/work/source/php-monorepo/packages/lark-app-bot-bundle/tests/Repository/ApiLogRepositoryTest.php" line="160" class="Tourze\LarkAppBotBundle\Tests\Repository\ApiLogRepositoryTest" classname="Tourze.LarkAppBotBundle.Tests.Repository.ApiLogRepositoryTest" assertions="3" time="0.098978"/>
      <testcase name="testFindByDateRangeShouldReturnLogsInRange" file="/home/admin/work/source/php-monorepo/packages/lark-app-bot-bundle/tests/Repository/ApiLogRepositoryTest.php" line="180" class="Tourze\LarkAppBotBundle\Tests\Repository\ApiLogRepositoryTest" classname="Tourze.LarkAppBotBundle.Tests.Repository.ApiLogRepositoryTest" assertions="2" time="0.094441"/>
      <testcase name="testFindSlowRequestsShouldReturnSlowLogs" file="/home/admin/work/source/php-monorepo/packages/lark-app-bot-bundle/tests/Repository/ApiLogRepositoryTest.php" line="196" class="Tourze\LarkAppBotBundle\Tests\Repository\ApiLogRepositoryTest" classname="Tourze.LarkAppBotBundle.Tests.Repository.ApiLogRepositoryTest" assertions="9" time="0.099297"/>
      <testcase name="testCountApiCallsShouldReturnCorrectCount" file="/home/admin/work/source/php-monorepo/packages/lark-app-bot-bundle/tests/Repository/ApiLogRepositoryTest.php" line="224" class="Tourze\LarkAppBotBundle\Tests\Repository\ApiLogRepositoryTest" classname="Tourze.LarkAppBotBundle.Tests.Repository.ApiLogRepositoryTest" assertions="1" time="0.100877"/>
      <testcase name="testCountApiCallsByDateRangeShouldReturnCorrectCount" file="/home/admin/work/source/php-monorepo/packages/lark-app-bot-bundle/tests/Repository/ApiLogRepositoryTest.php" line="239" class="Tourze\LarkAppBotBundle\Tests\Repository\ApiLogRepositoryTest" classname="Tourze.LarkAppBotBundle.Tests.Repository.ApiLogRepositoryTest" assertions="2" time="0.099541"/>
      <testcase name="testGetTopEndpointsShouldReturnStatistics" file="/home/admin/work/source/php-monorepo/packages/lark-app-bot-bundle/tests/Repository/ApiLogRepositoryTest.php" line="255" class="Tourze\LarkAppBotBundle\Tests\Repository\ApiLogRepositoryTest" classname="Tourze.LarkAppBotBundle.Tests.Repository.ApiLogRepositoryTest" assertions="7" time="0.101789"/>
      <testcase name="testGetStatusCodeDistributionShouldReturnStatistics" file="/home/admin/work/source/php-monorepo/packages/lark-app-bot-bundle/tests/Repository/ApiLogRepositoryTest.php" line="278" class="Tourze\LarkAppBotBundle\Tests\Repository\ApiLogRepositoryTest" classname="Tourze.LarkAppBotBundle.Tests.Repository.ApiLogRepositoryTest" assertions="4" time="0.100393"/>
      <testcase name="testGetAverageResponseTimeShouldReturnCorrectAverage" file="/home/admin/work/source/php-monorepo/packages/lark-app-bot-bundle/tests/Repository/ApiLogRepositoryTest.php" line="294" class="Tourze\LarkAppBotBundle\Tests\Repository\ApiLogRepositoryTest" classname="Tourze.LarkAppBotBundle.Tests.Repository.ApiLogRepositoryTest" assertions="4" time="0.097694"/>
      <testcase name="testSearchByEndpointShouldReturnMatchingLogs" file="/home/admin/work/source/php-monorepo/packages/lark-app-bot-bundle/tests/Repository/ApiLogRepositoryTest.php" line="316" class="Tourze\LarkAppBotBundle\Tests\Repository\ApiLogRepositoryTest" classname="Tourze.LarkAppBotBundle.Tests.Repository.ApiLogRepositoryTest" assertions="3" time="0.099724"/>
    </testsuite>
    <testsuite name="Tourze\LarkAppBotBundle\Tests\Repository\BotConfigurationRepositoryTest" file="/home/admin/work/source/php-monorepo/packages/lark-app-bot-bundle/tests/Repository/BotConfigurationRepositoryTest.php" tests="63" assertions="169" errors="0" failures="0" skipped="0" time="7.026814">
      <testcase name="testShouldHaveRunTestsInSeparateProcesses" file="/home/admin/work/source/php-monorepo/packages/phpunit-symfony-kernel-test/src/AbstractIntegrationTestCase.php" line="919" class="Tourze\LarkAppBotBundle\Tests\Repository\BotConfigurationRepositoryTest" classname="Tourze.LarkAppBotBundle.Tests.Repository.BotConfigurationRepositoryTest" assertions="1" time="0.073682"/>
      <testcase name="testRepositoryClassShouldHaveAsRepositoryAttribute" file="/home/admin/work/source/php-monorepo/packages/phpunit-symfony-kernel-test/src/AbstractRepositoryTestCase.php" line="32" class="Tourze\LarkAppBotBundle\Tests\Repository\BotConfigurationRepositoryTest" classname="Tourze.LarkAppBotBundle.Tests.Repository.BotConfigurationRepositoryTest" assertions="1" time="0.074435"/>
      <testcase name="testCreateNewEntityShouldNotBePersisted" file="/home/admin/work/source/php-monorepo/packages/phpunit-symfony-kernel-test/src/AbstractRepositoryTestCase.php" line="48" class="Tourze\LarkAppBotBundle\Tests\Repository\BotConfigurationRepositoryTest" classname="Tourze.LarkAppBotBundle.Tests.Repository.BotConfigurationRepositoryTest" assertions="2" time="0.073872"/>
      <testcase name="testCreateNewEntityShouldPersistedSuccess" file="/home/admin/work/source/php-monorepo/packages/phpunit-symfony-kernel-test/src/AbstractRepositoryTestCase.php" line="62" class="Tourze\LarkAppBotBundle\Tests\Repository\BotConfigurationRepositoryTest" classname="Tourze.LarkAppBotBundle.Tests.Repository.BotConfigurationRepositoryTest" assertions="2" time="0.103979"/>
      <testcase name="testCreateNewEntityAndDetachShouldNotInIdentityMap" file="/home/admin/work/source/php-monorepo/packages/phpunit-symfony-kernel-test/src/AbstractRepositoryTestCase.php" line="83" class="Tourze\LarkAppBotBundle\Tests\Repository\BotConfigurationRepositoryTest" classname="Tourze.LarkAppBotBundle.Tests.Repository.BotConfigurationRepositoryTest" assertions="3" time="0.102322"/>
      <testsuite name="Tourze\LarkAppBotBundle\Tests\Repository\BotConfigurationRepositoryTest::testFindByWithNonExistentFieldShouldThrowException" tests="4" assertions="4" errors="0" failures="0" skipped="0" time="0.297424">
        <testcase name="testFindByWithNonExistentFieldShouldThrowException with data set #0" file="/home/admin/work/source/php-monorepo/packages/phpunit-symfony-kernel-test/src/AbstractRepositoryTestCase.php" line="104" class="Tourze\LarkAppBotBundle\Tests\Repository\BotConfigurationRepositoryTest" classname="Tourze.LarkAppBotBundle.Tests.Repository.BotConfigurationRepositoryTest" assertions="1" time="0.074158"/>
        <testcase name="testFindByWithNonExistentFieldShouldThrowException with data set #1" file="/home/admin/work/source/php-monorepo/packages/phpunit-symfony-kernel-test/src/AbstractRepositoryTestCase.php" line="104" class="Tourze\LarkAppBotBundle\Tests\Repository\BotConfigurationRepositoryTest" classname="Tourze.LarkAppBotBundle.Tests.Repository.BotConfigurationRepositoryTest" assertions="1" time="0.074577"/>
        <testcase name="testFindByWithNonExistentFieldShouldThrowException with data set #2" file="/home/admin/work/source/php-monorepo/packages/phpunit-symfony-kernel-test/src/AbstractRepositoryTestCase.php" line="104" class="Tourze\LarkAppBotBundle\Tests\Repository\BotConfigurationRepositoryTest" classname="Tourze.LarkAppBotBundle.Tests.Repository.BotConfigurationRepositoryTest" assertions="1" time="0.073729"/>
        <testcase name="testFindByWithNonExistentFieldShouldThrowException with data set #3" file="/home/admin/work/source/php-monorepo/packages/phpunit-symfony-kernel-test/src/AbstractRepositoryTestCase.php" line="104" class="Tourze\LarkAppBotBundle\Tests\Repository\BotConfigurationRepositoryTest" classname="Tourze.LarkAppBotBundle.Tests.Repository.BotConfigurationRepositoryTest" assertions="1" time="0.074960"/>
      </testsuite>
      <testcase name="testFindByWithNonMatchingCriteriaShouldReturnEmptyArray" file="/home/admin/work/source/php-monorepo/packages/phpunit-symfony-kernel-test/src/AbstractRepositoryTestCase.php" line="114" class="Tourze\LarkAppBotBundle\Tests\Repository\BotConfigurationRepositoryTest" classname="Tourze.LarkAppBotBundle.Tests.Repository.BotConfigurationRepositoryTest" assertions="2" time="0.078143"/>
      <testcase name="testFindByWithMatchingCriteriaShouldReturnArrayOfEntities" file="/home/admin/work/source/php-monorepo/packages/phpunit-symfony-kernel-test/src/AbstractRepositoryTestCase.php" line="122" class="Tourze\LarkAppBotBundle\Tests\Repository\BotConfigurationRepositoryTest" classname="Tourze.LarkAppBotBundle.Tests.Repository.BotConfigurationRepositoryTest" assertions="4" time="0.102848"/>
      <testcase name="testFindByShouldRespectOrderByClause" file="/home/admin/work/source/php-monorepo/packages/phpunit-symfony-kernel-test/src/AbstractRepositoryTestCase.php" line="150" class="Tourze\LarkAppBotBundle\Tests\Repository\BotConfigurationRepositoryTest" classname="Tourze.LarkAppBotBundle.Tests.Repository.BotConfigurationRepositoryTest" assertions="6" time="0.102588"/>
      <testcase name="testFindOneByWithNonMatchingCriteriaShouldReturnNull" file="/home/admin/work/source/php-monorepo/packages/phpunit-symfony-kernel-test/src/AbstractRepositoryTestCase.php" line="180" class="Tourze\LarkAppBotBundle\Tests\Repository\BotConfigurationRepositoryTest" classname="Tourze.LarkAppBotBundle.Tests.Repository.BotConfigurationRepositoryTest" assertions="1" time="0.076574"/>
      <testcase name="testFindOneByWithNonExistentFieldShouldThrowException" file="/home/admin/work/source/php-monorepo/packages/phpunit-symfony-kernel-test/src/AbstractRepositoryTestCase.php" line="191" class="Tourze\LarkAppBotBundle\Tests\Repository\BotConfigurationRepositoryTest" classname="Tourze.LarkAppBotBundle.Tests.Repository.BotConfigurationRepositoryTest" assertions="1" time="0.075009"/>
      <testcase name="testFindOneByWithMatchingCriteriaShouldReturnEntity" file="/home/admin/work/source/php-monorepo/packages/phpunit-symfony-kernel-test/src/AbstractRepositoryTestCase.php" line="197" class="Tourze\LarkAppBotBundle\Tests\Repository\BotConfigurationRepositoryTest" classname="Tourze.LarkAppBotBundle.Tests.Repository.BotConfigurationRepositoryTest" assertions="2" time="0.465886"/>
      <testsuite name="Tourze\LarkAppBotBundle\Tests\Repository\BotConfigurationRepositoryTest::testFindOneByShouldSortOrder" tests="13" assertions="13" errors="0" failures="0" skipped="0" time="1.051975">
        <testcase name="testFindOneByShouldSortOrder with data set &quot;single field id&quot;" file="/home/admin/work/source/php-monorepo/packages/phpunit-symfony-kernel-test/src/AbstractRepositoryTestCase.php" line="220" class="Tourze\LarkAppBotBundle\Tests\Repository\BotConfigurationRepositoryTest" classname="Tourze.LarkAppBotBundle.Tests.Repository.BotConfigurationRepositoryTest" assertions="1" time="0.073213"/>
        <testcase name="testFindOneByShouldSortOrder with data set &quot;single field appId&quot;" file="/home/admin/work/source/php-monorepo/packages/phpunit-symfony-kernel-test/src/AbstractRepositoryTestCase.php" line="220" class="Tourze\LarkAppBotBundle\Tests\Repository\BotConfigurationRepositoryTest" classname="Tourze.LarkAppBotBundle.Tests.Repository.BotConfigurationRepositoryTest" assertions="1" time="0.075919"/>
        <testcase name="testFindOneByShouldSortOrder with data set &quot;single field name&quot;" file="/home/admin/work/source/php-monorepo/packages/phpunit-symfony-kernel-test/src/AbstractRepositoryTestCase.php" line="220" class="Tourze\LarkAppBotBundle\Tests\Repository\BotConfigurationRepositoryTest" classname="Tourze.LarkAppBotBundle.Tests.Repository.BotConfigurationRepositoryTest" assertions="1" time="0.077222"/>
        <testcase name="testFindOneByShouldSortOrder with data set &quot;single field configKey&quot;" file="/home/admin/work/source/php-monorepo/packages/phpunit-symfony-kernel-test/src/AbstractRepositoryTestCase.php" line="220" class="Tourze\LarkAppBotBundle\Tests\Repository\BotConfigurationRepositoryTest" classname="Tourze.LarkAppBotBundle.Tests.Repository.BotConfigurationRepositoryTest" assertions="1" time="0.078473"/>
        <testcase name="testFindOneByShouldSortOrder with data set &quot;single field description&quot;" file="/home/admin/work/source/php-monorepo/packages/phpunit-symfony-kernel-test/src/AbstractRepositoryTestCase.php" line="220" class="Tourze\LarkAppBotBundle\Tests\Repository\BotConfigurationRepositoryTest" classname="Tourze.LarkAppBotBundle.Tests.Repository.BotConfigurationRepositoryTest" assertions="1" time="0.077947"/>
        <testcase name="testFindOneByShouldSortOrder with data set &quot;single field isActive&quot;" file="/home/admin/work/source/php-monorepo/packages/phpunit-symfony-kernel-test/src/AbstractRepositoryTestCase.php" line="220" class="Tourze\LarkAppBotBundle\Tests\Repository\BotConfigurationRepositoryTest" classname="Tourze.LarkAppBotBundle.Tests.Repository.BotConfigurationRepositoryTest" assertions="1" time="0.081175"/>
        <testcase name="testFindOneByShouldSortOrder with data set &quot;single field createTime&quot;" file="/home/admin/work/source/php-monorepo/packages/phpunit-symfony-kernel-test/src/AbstractRepositoryTestCase.php" line="220" class="Tourze\LarkAppBotBundle\Tests\Repository\BotConfigurationRepositoryTest" classname="Tourze.LarkAppBotBundle.Tests.Repository.BotConfigurationRepositoryTest" assertions="1" time="0.078749"/>
        <testcase name="testFindOneByShouldSortOrder with data set &quot;single field updateTime&quot;" file="/home/admin/work/source/php-monorepo/packages/phpunit-symfony-kernel-test/src/AbstractRepositoryTestCase.php" line="220" class="Tourze\LarkAppBotBundle\Tests\Repository\BotConfigurationRepositoryTest" classname="Tourze.LarkAppBotBundle.Tests.Repository.BotConfigurationRepositoryTest" assertions="1" time="0.083464"/>
        <testcase name="testFindOneByShouldSortOrder with data set &quot;2 fields id, appId&quot;" file="/home/admin/work/source/php-monorepo/packages/phpunit-symfony-kernel-test/src/AbstractRepositoryTestCase.php" line="220" class="Tourze\LarkAppBotBundle\Tests\Repository\BotConfigurationRepositoryTest" classname="Tourze.LarkAppBotBundle.Tests.Repository.BotConfigurationRepositoryTest" assertions="1" time="0.081667"/>
        <testcase name="testFindOneByShouldSortOrder with data set &quot;2 fields id, updateTime&quot;" file="/home/admin/work/source/php-monorepo/packages/phpunit-symfony-kernel-test/src/AbstractRepositoryTestCase.php" line="220" class="Tourze\LarkAppBotBundle\Tests\Repository\BotConfigurationRepositoryTest" classname="Tourze.LarkAppBotBundle.Tests.Repository.BotConfigurationRepositoryTest" assertions="1" time="0.093065"/>
        <testcase name="testFindOneByShouldSortOrder with data set &quot;2 fields configKey, description&quot;" file="/home/admin/work/source/php-monorepo/packages/phpunit-symfony-kernel-test/src/AbstractRepositoryTestCase.php" line="220" class="Tourze\LarkAppBotBundle\Tests\Repository\BotConfigurationRepositoryTest" classname="Tourze.LarkAppBotBundle.Tests.Repository.BotConfigurationRepositoryTest" assertions="1" time="0.086571"/>
        <testcase name="testFindOneByShouldSortOrder with data set &quot;3 fields id, appId, name&quot;" file="/home/admin/work/source/php-monorepo/packages/phpunit-symfony-kernel-test/src/AbstractRepositoryTestCase.php" line="220" class="Tourze\LarkAppBotBundle\Tests\Repository\BotConfigurationRepositoryTest" classname="Tourze.LarkAppBotBundle.Tests.Repository.BotConfigurationRepositoryTest" assertions="1" time="0.078134"/>
        <testcase name="testFindOneByShouldSortOrder with data set &quot;all 8 fields&quot;" file="/home/admin/work/source/php-monorepo/packages/phpunit-symfony-kernel-test/src/AbstractRepositoryTestCase.php" line="220" class="Tourze\LarkAppBotBundle\Tests\Repository\BotConfigurationRepositoryTest" classname="Tourze.LarkAppBotBundle.Tests.Repository.BotConfigurationRepositoryTest" assertions="1" time="0.086377"/>
      </testsuite>
      <testcase name="testFindAllWhenNoRecordsExistShouldReturnEmptyArray" file="/home/admin/work/source/php-monorepo/packages/phpunit-symfony-kernel-test/src/AbstractRepositoryTestCase.php" line="359" class="Tourze\LarkAppBotBundle\Tests\Repository\BotConfigurationRepositoryTest" classname="Tourze.LarkAppBotBundle.Tests.Repository.BotConfigurationRepositoryTest" assertions="1" time="0.103287"/>
      <testcase name="testFindAllWhenRecordsExistShouldReturnArrayOfEntities" file="/home/admin/work/source/php-monorepo/packages/phpunit-symfony-kernel-test/src/AbstractRepositoryTestCase.php" line="374" class="Tourze\LarkAppBotBundle\Tests\Repository\BotConfigurationRepositoryTest" classname="Tourze.LarkAppBotBundle.Tests.Repository.BotConfigurationRepositoryTest" assertions="3" time="0.105745"/>
      <testcase name="testFindWithNonExistentIdShouldReturnNull" file="/home/admin/work/source/php-monorepo/packages/phpunit-symfony-kernel-test/src/AbstractRepositoryTestCase.php" line="394" class="Tourze\LarkAppBotBundle\Tests\Repository\BotConfigurationRepositoryTest" classname="Tourze.LarkAppBotBundle.Tests.Repository.BotConfigurationRepositoryTest" assertions="1" time="0.081240"/>
      <testcase name="testFindWithZeroIdShouldReturnNull" file="/home/admin/work/source/php-monorepo/packages/phpunit-symfony-kernel-test/src/AbstractRepositoryTestCase.php" line="401" class="Tourze\LarkAppBotBundle\Tests\Repository\BotConfigurationRepositoryTest" classname="Tourze.LarkAppBotBundle.Tests.Repository.BotConfigurationRepositoryTest" assertions="1" time="0.080970"/>
      <testcase name="testFindWithNegativeIdShouldReturnNull" file="/home/admin/work/source/php-monorepo/packages/phpunit-symfony-kernel-test/src/AbstractRepositoryTestCase.php" line="408" class="Tourze\LarkAppBotBundle\Tests\Repository\BotConfigurationRepositoryTest" classname="Tourze.LarkAppBotBundle.Tests.Repository.BotConfigurationRepositoryTest" assertions="1" time="0.080785"/>
      <testcase name="testFindWithNullIdShouldThrowException" file="/home/admin/work/source/php-monorepo/packages/phpunit-symfony-kernel-test/src/AbstractRepositoryTestCase.php" line="415" class="Tourze\LarkAppBotBundle\Tests\Repository\BotConfigurationRepositoryTest" classname="Tourze.LarkAppBotBundle.Tests.Repository.BotConfigurationRepositoryTest" assertions="1" time="0.077124"/>
      <testcase name="testFindWithExistingIdShouldReturnEntity" file="/home/admin/work/source/php-monorepo/packages/phpunit-symfony-kernel-test/src/AbstractRepositoryTestCase.php" line="422" class="Tourze\LarkAppBotBundle\Tests\Repository\BotConfigurationRepositoryTest" classname="Tourze.LarkAppBotBundle.Tests.Repository.BotConfigurationRepositoryTest" assertions="3" time="0.100096"/>
      <testcase name="testCountWithDataFixtureShouldReturnGreaterThanZero" file="/home/admin/work/source/php-monorepo/packages/phpunit-symfony-kernel-test/src/AbstractRepositoryTestCase.php" line="440" class="Tourze\LarkAppBotBundle\Tests\Repository\BotConfigurationRepositoryTest" classname="Tourze.LarkAppBotBundle.Tests.Repository.BotConfigurationRepositoryTest" assertions="1" time="0.075796"/>
      <testcase name="testCountWithNotFoundShouldReturnZero" file="/home/admin/work/source/php-monorepo/packages/phpunit-symfony-kernel-test/src/AbstractRepositoryTestCase.php" line="449" class="Tourze\LarkAppBotBundle\Tests\Repository\BotConfigurationRepositoryTest" classname="Tourze.LarkAppBotBundle.Tests.Repository.BotConfigurationRepositoryTest" assertions="1" time="0.076030"/>
      <testsuite name="Tourze\LarkAppBotBundle\Tests\Repository\BotConfigurationRepositoryTest::testCountWithNonExistentFieldShouldThrowException" tests="4" assertions="4" errors="0" failures="0" skipped="0" time="0.304106">
        <testcase name="testCountWithNonExistentFieldShouldThrowException with data set #0" file="/home/admin/work/source/php-monorepo/packages/phpunit-symfony-kernel-test/src/AbstractRepositoryTestCase.php" line="463" class="Tourze\LarkAppBotBundle\Tests\Repository\BotConfigurationRepositoryTest" classname="Tourze.LarkAppBotBundle.Tests.Repository.BotConfigurationRepositoryTest" assertions="1" time="0.075451"/>
        <testcase name="testCountWithNonExistentFieldShouldThrowException with data set #1" file="/home/admin/work/source/php-monorepo/packages/phpunit-symfony-kernel-test/src/AbstractRepositoryTestCase.php" line="463" class="Tourze\LarkAppBotBundle\Tests\Repository\BotConfigurationRepositoryTest" classname="Tourze.LarkAppBotBundle.Tests.Repository.BotConfigurationRepositoryTest" assertions="1" time="0.074648"/>
        <testcase name="testCountWithNonExistentFieldShouldThrowException with data set #2" file="/home/admin/work/source/php-monorepo/packages/phpunit-symfony-kernel-test/src/AbstractRepositoryTestCase.php" line="463" class="Tourze\LarkAppBotBundle\Tests\Repository\BotConfigurationRepositoryTest" classname="Tourze.LarkAppBotBundle.Tests.Repository.BotConfigurationRepositoryTest" assertions="1" time="0.076476"/>
        <testcase name="testCountWithNonExistentFieldShouldThrowException with data set #3" file="/home/admin/work/source/php-monorepo/packages/phpunit-symfony-kernel-test/src/AbstractRepositoryTestCase.php" line="463" class="Tourze\LarkAppBotBundle\Tests\Repository\BotConfigurationRepositoryTest" classname="Tourze.LarkAppBotBundle.Tests.Repository.BotConfigurationRepositoryTest" assertions="1" time="0.077531"/>
      </testsuite>
      <testcase name="testSaveMethodShouldExists" file="/home/admin/work/source/php-monorepo/packages/phpunit-symfony-kernel-test/src/AbstractRepositoryTestCase.php" line="470" class="Tourze\LarkAppBotBundle\Tests\Repository\BotConfigurationRepositoryTest" classname="Tourze.LarkAppBotBundle.Tests.Repository.BotConfigurationRepositoryTest" assertions="13" time="0.080111"/>
      <testcase name="testSaveWithFlushTrueShouldPersistAndFlush" file="/home/admin/work/source/php-monorepo/packages/phpunit-symfony-kernel-test/src/AbstractRepositoryTestCase.php" line="552" class="Tourze\LarkAppBotBundle\Tests\Repository\BotConfigurationRepositoryTest" classname="Tourze.LarkAppBotBundle.Tests.Repository.BotConfigurationRepositoryTest" assertions="2" time="0.144128"/>
      <testcase name="testSaveWithFlushFalseShouldNotImmediatelyPersist" file="/home/admin/work/source/php-monorepo/packages/phpunit-symfony-kernel-test/src/AbstractRepositoryTestCase.php" line="565" class="Tourze\LarkAppBotBundle\Tests\Repository\BotConfigurationRepositoryTest" classname="Tourze.LarkAppBotBundle.Tests.Repository.BotConfigurationRepositoryTest" assertions="1" time="0.107347"/>
      <testcase name="testRemoveMethodShouldExists" file="/home/admin/work/source/php-monorepo/packages/phpunit-symfony-kernel-test/src/AbstractRepositoryTestCase.php" line="584" class="Tourze\LarkAppBotBundle\Tests\Repository\BotConfigurationRepositoryTest" classname="Tourze.LarkAppBotBundle.Tests.Repository.BotConfigurationRepositoryTest" assertions="13" time="0.076072"/>
      <testcase name="testRemoveWithFlush" file="/home/admin/work/source/php-monorepo/packages/phpunit-symfony-kernel-test/src/AbstractRepositoryTestCase.php" line="666" class="Tourze\LarkAppBotBundle\Tests\Repository\BotConfigurationRepositoryTest" classname="Tourze.LarkAppBotBundle.Tests.Repository.BotConfigurationRepositoryTest" assertions="1" time="0.107209"/>
      <testcase name="testRemoveWithoutFlush" file="/home/admin/work/source/php-monorepo/packages/phpunit-symfony-kernel-test/src/AbstractRepositoryTestCase.php" line="680" class="Tourze\LarkAppBotBundle\Tests\Repository\BotConfigurationRepositoryTest" classname="Tourze.LarkAppBotBundle.Tests.Repository.BotConfigurationRepositoryTest" assertions="1" time="0.099058"/>
      <testcase name="testSaveAndFindBotConfigurationShouldWorkCorrectly" file="/home/admin/work/source/php-monorepo/packages/lark-app-bot-bundle/tests/Repository/BotConfigurationRepositoryTest.php" line="20" class="Tourze\LarkAppBotBundle\Tests\Repository\BotConfigurationRepositoryTest" classname="Tourze.LarkAppBotBundle.Tests.Repository.BotConfigurationRepositoryTest" assertions="3" time="0.161332"/>
      <testcase name="testFindByAppIdAndKeyShouldReturnCorrectConfig" file="/home/admin/work/source/php-monorepo/packages/lark-app-bot-bundle/tests/Repository/BotConfigurationRepositoryTest.php" line="36" class="Tourze\LarkAppBotBundle\Tests\Repository\BotConfigurationRepositoryTest" classname="Tourze.LarkAppBotBundle.Tests.Repository.BotConfigurationRepositoryTest" assertions="4" time="0.168594"/>
      <testcase name="testFindByAppIdShouldReturnAllConfigsForApp" file="/home/admin/work/source/php-monorepo/packages/lark-app-bot-bundle/tests/Repository/BotConfigurationRepositoryTest.php" line="57" class="Tourze\LarkAppBotBundle\Tests\Repository\BotConfigurationRepositoryTest" classname="Tourze.LarkAppBotBundle.Tests.Repository.BotConfigurationRepositoryTest" assertions="6" time="0.176146"/>
      <testcase name="testFindActiveByAppIdShouldReturnOnlyActiveConfigs" file="/home/admin/work/source/php-monorepo/packages/lark-app-bot-bundle/tests/Repository/BotConfigurationRepositoryTest.php" line="86" class="Tourze\LarkAppBotBundle\Tests\Repository\BotConfigurationRepositoryTest" classname="Tourze.LarkAppBotBundle.Tests.Repository.BotConfigurationRepositoryTest" assertions="5" time="0.164514"/>
      <testcase name="testFindActiveConfigurationsShouldReturnOnlyActiveConfigs" file="/home/admin/work/source/php-monorepo/packages/lark-app-bot-bundle/tests/Repository/BotConfigurationRepositoryTest.php" line="116" class="Tourze\LarkAppBotBundle\Tests\Repository\BotConfigurationRepositoryTest" classname="Tourze.LarkAppBotBundle.Tests.Repository.BotConfigurationRepositoryTest" assertions="13" time="0.165906"/>
      <testcase name="testFindInactiveConfigurationsShouldReturnOnlyInactiveConfigs" file="/home/admin/work/source/php-monorepo/packages/lark-app-bot-bundle/tests/Repository/BotConfigurationRepositoryTest.php" line="142" class="Tourze\LarkAppBotBundle\Tests\Repository\BotConfigurationRepositoryTest" classname="Tourze.LarkAppBotBundle.Tests.Repository.BotConfigurationRepositoryTest" assertions="5" time="0.164791"/>
      <testcase name="testSearchByConfigKeyShouldReturnMatchingConfigs" file="/home/admin/work/source/php-monorepo/packages/lark-app-bot-bundle/tests/Repository/BotConfigurationRepositoryTest.php" line="168" class="Tourze\LarkAppBotBundle\Tests\Repository\BotConfigurationRepositoryTest" classname="Tourze.LarkAppBotBundle.Tests.Repository.BotConfigurationRepositoryTest" assertions="3" time="0.168168"/>
      <testcase name="testSearchByNameShouldReturnMatchingConfigs" file="/home/admin/work/source/php-monorepo/packages/lark-app-bot-bundle/tests/Repository/BotConfigurationRepositoryTest.php" line="188" class="Tourze\LarkAppBotBundle\Tests\Repository\BotConfigurationRepositoryTest" classname="Tourze.LarkAppBotBundle.Tests.Repository.BotConfigurationRepositoryTest" assertions="3" time="0.166649"/>
      <testcase name="testGetDistinctAppIdsShouldReturnUniqueAppIds" file="/home/admin/work/source/php-monorepo/packages/lark-app-bot-bundle/tests/Repository/BotConfigurationRepositoryTest.php" line="208" class="Tourze\LarkAppBotBundle\Tests\Repository\BotConfigurationRepositoryTest" classname="Tourze.LarkAppBotBundle.Tests.Repository.BotConfigurationRepositoryTest" assertions="6" time="0.165508"/>
      <testcase name="testCountConfigurationsByAppIdShouldReturnCorrectCounts" file="/home/admin/work/source/php-monorepo/packages/lark-app-bot-bundle/tests/Repository/BotConfigurationRepositoryTest.php" line="241" class="Tourze\LarkAppBotBundle\Tests\Repository\BotConfigurationRepositoryTest" classname="Tourze.LarkAppBotBundle.Tests.Repository.BotConfigurationRepositoryTest" assertions="6" time="0.165533"/>
      <testcase name="testGetActivationStatsShouldReturnCorrectStats" file="/home/admin/work/source/php-monorepo/packages/lark-app-bot-bundle/tests/Repository/BotConfigurationRepositoryTest.php" line="264" class="Tourze\LarkAppBotBundle\Tests\Repository\BotConfigurationRepositoryTest" classname="Tourze.LarkAppBotBundle.Tests.Repository.BotConfigurationRepositoryTest" assertions="9" time="0.183304"/>
      <testcase name="testUniqueConstraintShouldPreventDuplicateAppIdConfigKey" file="/home/admin/work/source/php-monorepo/packages/lark-app-bot-bundle/tests/Repository/BotConfigurationRepositoryTest.php" line="291" class="Tourze\LarkAppBotBundle\Tests\Repository\BotConfigurationRepositoryTest" classname="Tourze.LarkAppBotBundle.Tests.Repository.BotConfigurationRepositoryTest" assertions="3" time="0.156800"/>
      <testcase name="testSaveMethodShouldPersistEntity" file="/home/admin/work/source/php-monorepo/packages/lark-app-bot-bundle/tests/Repository/BotConfigurationRepositoryTest.php" line="317" class="Tourze\LarkAppBotBundle\Tests\Repository\BotConfigurationRepositoryTest" classname="Tourze.LarkAppBotBundle.Tests.Repository.BotConfigurationRepositoryTest" assertions="4" time="0.161122"/>
      <testcase name="testSaveMethodWithFlushShouldPersistAndFlushEntity" file="/home/admin/work/source/php-monorepo/packages/lark-app-bot-bundle/tests/Repository/BotConfigurationRepositoryTest.php" line="337" class="Tourze\LarkAppBotBundle\Tests\Repository\BotConfigurationRepositoryTest" classname="Tourze.LarkAppBotBundle.Tests.Repository.BotConfigurationRepositoryTest" assertions="3" time="0.153752"/>
      <testcase name="testRemoveMethodShouldDeleteEntity" file="/home/admin/work/source/php-monorepo/packages/lark-app-bot-bundle/tests/Repository/BotConfigurationRepositoryTest.php" line="352" class="Tourze\LarkAppBotBundle\Tests\Repository\BotConfigurationRepositoryTest" classname="Tourze.LarkAppBotBundle.Tests.Repository.BotConfigurationRepositoryTest" assertions="3" time="0.162858"/>
      <testcase name="testRemoveMethodWithoutFlushShouldNotDeleteImmediately" file="/home/admin/work/source/php-monorepo/packages/lark-app-bot-bundle/tests/Repository/BotConfigurationRepositoryTest.php" line="374" class="Tourze\LarkAppBotBundle\Tests\Repository\BotConfigurationRepositoryTest" classname="Tourze.LarkAppBotBundle.Tests.Repository.BotConfigurationRepositoryTest" assertions="3" time="0.163997"/>
    </testsuite>
    <testsuite name="Tourze\LarkAppBotBundle\Tests\Repository\GroupInfoRepositoryTest" file="/home/admin/work/source/php-monorepo/packages/lark-app-bot-bundle/tests/Repository/GroupInfoRepositoryTest.php" tests="62" assertions="195" errors="0" failures="0" skipped="0" time="7.655988">
      <testcase name="testShouldHaveRunTestsInSeparateProcesses" file="/home/admin/work/source/php-monorepo/packages/phpunit-symfony-kernel-test/src/AbstractIntegrationTestCase.php" line="919" class="Tourze\LarkAppBotBundle\Tests\Repository\GroupInfoRepositoryTest" classname="Tourze.LarkAppBotBundle.Tests.Repository.GroupInfoRepositoryTest" assertions="1" time="0.116182"/>
      <testcase name="testRepositoryClassShouldHaveAsRepositoryAttribute" file="/home/admin/work/source/php-monorepo/packages/phpunit-symfony-kernel-test/src/AbstractRepositoryTestCase.php" line="32" class="Tourze\LarkAppBotBundle\Tests\Repository\GroupInfoRepositoryTest" classname="Tourze.LarkAppBotBundle.Tests.Repository.GroupInfoRepositoryTest" assertions="1" time="0.118210"/>
      <testcase name="testCreateNewEntityShouldNotBePersisted" file="/home/admin/work/source/php-monorepo/packages/phpunit-symfony-kernel-test/src/AbstractRepositoryTestCase.php" line="48" class="Tourze\LarkAppBotBundle\Tests\Repository\GroupInfoRepositoryTest" classname="Tourze.LarkAppBotBundle.Tests.Repository.GroupInfoRepositoryTest" assertions="2" time="0.116006"/>
      <testcase name="testCreateNewEntityShouldPersistedSuccess" file="/home/admin/work/source/php-monorepo/packages/phpunit-symfony-kernel-test/src/AbstractRepositoryTestCase.php" line="62" class="Tourze\LarkAppBotBundle\Tests\Repository\GroupInfoRepositoryTest" classname="Tourze.LarkAppBotBundle.Tests.Repository.GroupInfoRepositoryTest" assertions="2" time="0.160156"/>
      <testcase name="testCreateNewEntityAndDetachShouldNotInIdentityMap" file="/home/admin/work/source/php-monorepo/packages/phpunit-symfony-kernel-test/src/AbstractRepositoryTestCase.php" line="83" class="Tourze\LarkAppBotBundle\Tests\Repository\GroupInfoRepositoryTest" classname="Tourze.LarkAppBotBundle.Tests.Repository.GroupInfoRepositoryTest" assertions="3" time="0.158314"/>
      <testsuite name="Tourze\LarkAppBotBundle\Tests\Repository\GroupInfoRepositoryTest::testFindByWithNonExistentFieldShouldThrowException" tests="4" assertions="4" errors="0" failures="0" skipped="0" time="0.474449">
        <testcase name="testFindByWithNonExistentFieldShouldThrowException with data set #0" file="/home/admin/work/source/php-monorepo/packages/phpunit-symfony-kernel-test/src/AbstractRepositoryTestCase.php" line="104" class="Tourze\LarkAppBotBundle\Tests\Repository\GroupInfoRepositoryTest" classname="Tourze.LarkAppBotBundle.Tests.Repository.GroupInfoRepositoryTest" assertions="1" time="0.121705"/>
        <testcase name="testFindByWithNonExistentFieldShouldThrowException with data set #1" file="/home/admin/work/source/php-monorepo/packages/phpunit-symfony-kernel-test/src/AbstractRepositoryTestCase.php" line="104" class="Tourze\LarkAppBotBundle\Tests\Repository\GroupInfoRepositoryTest" classname="Tourze.LarkAppBotBundle.Tests.Repository.GroupInfoRepositoryTest" assertions="1" time="0.118434"/>
        <testcase name="testFindByWithNonExistentFieldShouldThrowException with data set #2" file="/home/admin/work/source/php-monorepo/packages/phpunit-symfony-kernel-test/src/AbstractRepositoryTestCase.php" line="104" class="Tourze\LarkAppBotBundle\Tests\Repository\GroupInfoRepositoryTest" classname="Tourze.LarkAppBotBundle.Tests.Repository.GroupInfoRepositoryTest" assertions="1" time="0.117604"/>
        <testcase name="testFindByWithNonExistentFieldShouldThrowException with data set #3" file="/home/admin/work/source/php-monorepo/packages/phpunit-symfony-kernel-test/src/AbstractRepositoryTestCase.php" line="104" class="Tourze\LarkAppBotBundle\Tests\Repository\GroupInfoRepositoryTest" classname="Tourze.LarkAppBotBundle.Tests.Repository.GroupInfoRepositoryTest" assertions="1" time="0.116706"/>
      </testsuite>
      <testcase name="testFindByWithNonMatchingCriteriaShouldReturnEmptyArray" file="/home/admin/work/source/php-monorepo/packages/phpunit-symfony-kernel-test/src/AbstractRepositoryTestCase.php" line="114" class="Tourze\LarkAppBotBundle\Tests\Repository\GroupInfoRepositoryTest" classname="Tourze.LarkAppBotBundle.Tests.Repository.GroupInfoRepositoryTest" assertions="2" time="0.122696"/>
      <testcase name="testFindByWithMatchingCriteriaShouldReturnArrayOfEntities" file="/home/admin/work/source/php-monorepo/packages/phpunit-symfony-kernel-test/src/AbstractRepositoryTestCase.php" line="122" class="Tourze\LarkAppBotBundle\Tests\Repository\GroupInfoRepositoryTest" classname="Tourze.LarkAppBotBundle.Tests.Repository.GroupInfoRepositoryTest" assertions="4" time="0.162912"/>
      <testcase name="testFindByShouldRespectOrderByClause" file="/home/admin/work/source/php-monorepo/packages/phpunit-symfony-kernel-test/src/AbstractRepositoryTestCase.php" line="150" class="Tourze\LarkAppBotBundle\Tests\Repository\GroupInfoRepositoryTest" classname="Tourze.LarkAppBotBundle.Tests.Repository.GroupInfoRepositoryTest" assertions="6" time="0.167202"/>
      <testcase name="testFindOneByWithNonMatchingCriteriaShouldReturnNull" file="/home/admin/work/source/php-monorepo/packages/phpunit-symfony-kernel-test/src/AbstractRepositoryTestCase.php" line="180" class="Tourze\LarkAppBotBundle\Tests\Repository\GroupInfoRepositoryTest" classname="Tourze.LarkAppBotBundle.Tests.Repository.GroupInfoRepositoryTest" assertions="1" time="0.120693"/>
      <testcase name="testFindOneByWithNonExistentFieldShouldThrowException" file="/home/admin/work/source/php-monorepo/packages/phpunit-symfony-kernel-test/src/AbstractRepositoryTestCase.php" line="191" class="Tourze\LarkAppBotBundle\Tests\Repository\GroupInfoRepositoryTest" classname="Tourze.LarkAppBotBundle.Tests.Repository.GroupInfoRepositoryTest" assertions="1" time="0.115239"/>
      <testcase name="testFindOneByWithMatchingCriteriaShouldReturnEntity" file="/home/admin/work/source/php-monorepo/packages/phpunit-symfony-kernel-test/src/AbstractRepositoryTestCase.php" line="197" class="Tourze\LarkAppBotBundle\Tests\Repository\GroupInfoRepositoryTest" classname="Tourze.LarkAppBotBundle.Tests.Repository.GroupInfoRepositoryTest" assertions="2" time="0.159864"/>
      <testsuite name="Tourze\LarkAppBotBundle\Tests\Repository\GroupInfoRepositoryTest::testFindOneByShouldSortOrder" tests="15" assertions="15" errors="0" failures="0" skipped="0" time="1.841976">
        <testcase name="testFindOneByShouldSortOrder with data set &quot;single field id&quot;" file="/home/admin/work/source/php-monorepo/packages/phpunit-symfony-kernel-test/src/AbstractRepositoryTestCase.php" line="220" class="Tourze\LarkAppBotBundle\Tests\Repository\GroupInfoRepositoryTest" classname="Tourze.LarkAppBotBundle.Tests.Repository.GroupInfoRepositoryTest" assertions="1" time="0.121391"/>
        <testcase name="testFindOneByShouldSortOrder with data set &quot;single field chatId&quot;" file="/home/admin/work/source/php-monorepo/packages/phpunit-symfony-kernel-test/src/AbstractRepositoryTestCase.php" line="220" class="Tourze\LarkAppBotBundle\Tests\Repository\GroupInfoRepositoryTest" classname="Tourze.LarkAppBotBundle.Tests.Repository.GroupInfoRepositoryTest" assertions="1" time="0.120033"/>
        <testcase name="testFindOneByShouldSortOrder with data set &quot;single field name&quot;" file="/home/admin/work/source/php-monorepo/packages/phpunit-symfony-kernel-test/src/AbstractRepositoryTestCase.php" line="220" class="Tourze\LarkAppBotBundle\Tests\Repository\GroupInfoRepositoryTest" classname="Tourze.LarkAppBotBundle.Tests.Repository.GroupInfoRepositoryTest" assertions="1" time="0.121278"/>
        <testcase name="testFindOneByShouldSortOrder with data set &quot;single field ownerId&quot;" file="/home/admin/work/source/php-monorepo/packages/phpunit-symfony-kernel-test/src/AbstractRepositoryTestCase.php" line="220" class="Tourze\LarkAppBotBundle\Tests\Repository\GroupInfoRepositoryTest" classname="Tourze.LarkAppBotBundle.Tests.Repository.GroupInfoRepositoryTest" assertions="1" time="0.118483"/>
        <testcase name="testFindOneByShouldSortOrder with data set &quot;single field memberCount&quot;" file="/home/admin/work/source/php-monorepo/packages/phpunit-symfony-kernel-test/src/AbstractRepositoryTestCase.php" line="220" class="Tourze\LarkAppBotBundle\Tests\Repository\GroupInfoRepositoryTest" classname="Tourze.LarkAppBotBundle.Tests.Repository.GroupInfoRepositoryTest" assertions="1" time="0.124296"/>
        <testcase name="testFindOneByShouldSortOrder with data set &quot;single field botCount&quot;" file="/home/admin/work/source/php-monorepo/packages/phpunit-symfony-kernel-test/src/AbstractRepositoryTestCase.php" line="220" class="Tourze\LarkAppBotBundle\Tests\Repository\GroupInfoRepositoryTest" classname="Tourze.LarkAppBotBundle.Tests.Repository.GroupInfoRepositoryTest" assertions="1" time="0.122946"/>
        <testcase name="testFindOneByShouldSortOrder with data set &quot;single field chatType&quot;" file="/home/admin/work/source/php-monorepo/packages/phpunit-symfony-kernel-test/src/AbstractRepositoryTestCase.php" line="220" class="Tourze\LarkAppBotBundle\Tests\Repository\GroupInfoRepositoryTest" classname="Tourze.LarkAppBotBundle.Tests.Repository.GroupInfoRepositoryTest" assertions="1" time="0.119145"/>
        <testcase name="testFindOneByShouldSortOrder with data set &quot;single field external&quot;" file="/home/admin/work/source/php-monorepo/packages/phpunit-symfony-kernel-test/src/AbstractRepositoryTestCase.php" line="220" class="Tourze\LarkAppBotBundle\Tests\Repository\GroupInfoRepositoryTest" classname="Tourze.LarkAppBotBundle.Tests.Repository.GroupInfoRepositoryTest" assertions="1" time="0.124776"/>
        <testcase name="testFindOneByShouldSortOrder with data set &quot;single field createTime&quot;" file="/home/admin/work/source/php-monorepo/packages/phpunit-symfony-kernel-test/src/AbstractRepositoryTestCase.php" line="220" class="Tourze\LarkAppBotBundle\Tests\Repository\GroupInfoRepositoryTest" classname="Tourze.LarkAppBotBundle.Tests.Repository.GroupInfoRepositoryTest" assertions="1" time="0.124113"/>
        <testcase name="testFindOneByShouldSortOrder with data set &quot;single field updateTime&quot;" file="/home/admin/work/source/php-monorepo/packages/phpunit-symfony-kernel-test/src/AbstractRepositoryTestCase.php" line="220" class="Tourze\LarkAppBotBundle\Tests\Repository\GroupInfoRepositoryTest" classname="Tourze.LarkAppBotBundle.Tests.Repository.GroupInfoRepositoryTest" assertions="1" time="0.121568"/>
        <testcase name="testFindOneByShouldSortOrder with data set &quot;2 fields id, chatId&quot;" file="/home/admin/work/source/php-monorepo/packages/phpunit-symfony-kernel-test/src/AbstractRepositoryTestCase.php" line="220" class="Tourze\LarkAppBotBundle\Tests\Repository\GroupInfoRepositoryTest" classname="Tourze.LarkAppBotBundle.Tests.Repository.GroupInfoRepositoryTest" assertions="1" time="0.127172"/>
        <testcase name="testFindOneByShouldSortOrder with data set &quot;2 fields id, updateTime&quot;" file="/home/admin/work/source/php-monorepo/packages/phpunit-symfony-kernel-test/src/AbstractRepositoryTestCase.php" line="220" class="Tourze\LarkAppBotBundle\Tests\Repository\GroupInfoRepositoryTest" classname="Tourze.LarkAppBotBundle.Tests.Repository.GroupInfoRepositoryTest" assertions="1" time="0.121960"/>
        <testcase name="testFindOneByShouldSortOrder with data set &quot;2 fields memberCount, botCount&quot;" file="/home/admin/work/source/php-monorepo/packages/phpunit-symfony-kernel-test/src/AbstractRepositoryTestCase.php" line="220" class="Tourze\LarkAppBotBundle\Tests\Repository\GroupInfoRepositoryTest" classname="Tourze.LarkAppBotBundle.Tests.Repository.GroupInfoRepositoryTest" assertions="1" time="0.128927"/>
        <testcase name="testFindOneByShouldSortOrder with data set &quot;3 fields id, chatId, name&quot;" file="/home/admin/work/source/php-monorepo/packages/phpunit-symfony-kernel-test/src/AbstractRepositoryTestCase.php" line="220" class="Tourze\LarkAppBotBundle\Tests\Repository\GroupInfoRepositoryTest" classname="Tourze.LarkAppBotBundle.Tests.Repository.GroupInfoRepositoryTest" assertions="1" time="0.123257"/>
        <testcase name="testFindOneByShouldSortOrder with data set &quot;all 10 fields&quot;" file="/home/admin/work/source/php-monorepo/packages/phpunit-symfony-kernel-test/src/AbstractRepositoryTestCase.php" line="220" class="Tourze\LarkAppBotBundle\Tests\Repository\GroupInfoRepositoryTest" classname="Tourze.LarkAppBotBundle.Tests.Repository.GroupInfoRepositoryTest" assertions="1" time="0.122632"/>
      </testsuite>
      <testcase name="testFindAllWhenNoRecordsExistShouldReturnEmptyArray" file="/home/admin/work/source/php-monorepo/packages/phpunit-symfony-kernel-test/src/AbstractRepositoryTestCase.php" line="359" class="Tourze\LarkAppBotBundle\Tests\Repository\GroupInfoRepositoryTest" classname="Tourze.LarkAppBotBundle.Tests.Repository.GroupInfoRepositoryTest" assertions="1" time="0.145986"/>
      <testcase name="testFindAllWhenRecordsExistShouldReturnArrayOfEntities" file="/home/admin/work/source/php-monorepo/packages/phpunit-symfony-kernel-test/src/AbstractRepositoryTestCase.php" line="374" class="Tourze\LarkAppBotBundle\Tests\Repository\GroupInfoRepositoryTest" classname="Tourze.LarkAppBotBundle.Tests.Repository.GroupInfoRepositoryTest" assertions="3" time="0.163045"/>
      <testcase name="testFindWithNonExistentIdShouldReturnNull" file="/home/admin/work/source/php-monorepo/packages/phpunit-symfony-kernel-test/src/AbstractRepositoryTestCase.php" line="394" class="Tourze\LarkAppBotBundle\Tests\Repository\GroupInfoRepositoryTest" classname="Tourze.LarkAppBotBundle.Tests.Repository.GroupInfoRepositoryTest" assertions="1" time="0.121243"/>
      <testcase name="testFindWithZeroIdShouldReturnNull" file="/home/admin/work/source/php-monorepo/packages/phpunit-symfony-kernel-test/src/AbstractRepositoryTestCase.php" line="401" class="Tourze\LarkAppBotBundle\Tests\Repository\GroupInfoRepositoryTest" classname="Tourze.LarkAppBotBundle.Tests.Repository.GroupInfoRepositoryTest" assertions="1" time="0.123951"/>
      <testcase name="testFindWithNegativeIdShouldReturnNull" file="/home/admin/work/source/php-monorepo/packages/phpunit-symfony-kernel-test/src/AbstractRepositoryTestCase.php" line="408" class="Tourze\LarkAppBotBundle\Tests\Repository\GroupInfoRepositoryTest" classname="Tourze.LarkAppBotBundle.Tests.Repository.GroupInfoRepositoryTest" assertions="1" time="0.120151"/>
      <testcase name="testFindWithNullIdShouldThrowException" file="/home/admin/work/source/php-monorepo/packages/phpunit-symfony-kernel-test/src/AbstractRepositoryTestCase.php" line="415" class="Tourze\LarkAppBotBundle\Tests\Repository\GroupInfoRepositoryTest" classname="Tourze.LarkAppBotBundle.Tests.Repository.GroupInfoRepositoryTest" assertions="1" time="0.115044"/>
      <testcase name="testFindWithExistingIdShouldReturnEntity" file="/home/admin/work/source/php-monorepo/packages/phpunit-symfony-kernel-test/src/AbstractRepositoryTestCase.php" line="422" class="Tourze\LarkAppBotBundle\Tests\Repository\GroupInfoRepositoryTest" classname="Tourze.LarkAppBotBundle.Tests.Repository.GroupInfoRepositoryTest" assertions="3" time="0.157313"/>
      <testcase name="testCountWithDataFixtureShouldReturnGreaterThanZero" file="/home/admin/work/source/php-monorepo/packages/phpunit-symfony-kernel-test/src/AbstractRepositoryTestCase.php" line="440" class="Tourze\LarkAppBotBundle\Tests\Repository\GroupInfoRepositoryTest" classname="Tourze.LarkAppBotBundle.Tests.Repository.GroupInfoRepositoryTest" assertions="1" time="0.079590"/>
      <testcase name="testCountWithNotFoundShouldReturnZero" file="/home/admin/work/source/php-monorepo/packages/phpunit-symfony-kernel-test/src/AbstractRepositoryTestCase.php" line="449" class="Tourze\LarkAppBotBundle\Tests\Repository\GroupInfoRepositoryTest" classname="Tourze.LarkAppBotBundle.Tests.Repository.GroupInfoRepositoryTest" assertions="1" time="0.082227"/>
      <testsuite name="Tourze\LarkAppBotBundle\Tests\Repository\GroupInfoRepositoryTest::testCountWithNonExistentFieldShouldThrowException" tests="4" assertions="4" errors="0" failures="0" skipped="0" time="0.320033">
        <testcase name="testCountWithNonExistentFieldShouldThrowException with data set #0" file="/home/admin/work/source/php-monorepo/packages/phpunit-symfony-kernel-test/src/AbstractRepositoryTestCase.php" line="463" class="Tourze\LarkAppBotBundle\Tests\Repository\GroupInfoRepositoryTest" classname="Tourze.LarkAppBotBundle.Tests.Repository.GroupInfoRepositoryTest" assertions="1" time="0.082689"/>
        <testcase name="testCountWithNonExistentFieldShouldThrowException with data set #1" file="/home/admin/work/source/php-monorepo/packages/phpunit-symfony-kernel-test/src/AbstractRepositoryTestCase.php" line="463" class="Tourze\LarkAppBotBundle\Tests\Repository\GroupInfoRepositoryTest" classname="Tourze.LarkAppBotBundle.Tests.Repository.GroupInfoRepositoryTest" assertions="1" time="0.076722"/>
        <testcase name="testCountWithNonExistentFieldShouldThrowException with data set #2" file="/home/admin/work/source/php-monorepo/packages/phpunit-symfony-kernel-test/src/AbstractRepositoryTestCase.php" line="463" class="Tourze\LarkAppBotBundle\Tests\Repository\GroupInfoRepositoryTest" classname="Tourze.LarkAppBotBundle.Tests.Repository.GroupInfoRepositoryTest" assertions="1" time="0.081240"/>
        <testcase name="testCountWithNonExistentFieldShouldThrowException with data set #3" file="/home/admin/work/source/php-monorepo/packages/phpunit-symfony-kernel-test/src/AbstractRepositoryTestCase.php" line="463" class="Tourze\LarkAppBotBundle\Tests\Repository\GroupInfoRepositoryTest" classname="Tourze.LarkAppBotBundle.Tests.Repository.GroupInfoRepositoryTest" assertions="1" time="0.079381"/>
      </testsuite>
      <testcase name="testSaveMethodShouldExists" file="/home/admin/work/source/php-monorepo/packages/phpunit-symfony-kernel-test/src/AbstractRepositoryTestCase.php" line="470" class="Tourze\LarkAppBotBundle\Tests\Repository\GroupInfoRepositoryTest" classname="Tourze.LarkAppBotBundle.Tests.Repository.GroupInfoRepositoryTest" assertions="13" time="0.079095"/>
      <testcase name="testSaveWithFlushTrueShouldPersistAndFlush" file="/home/admin/work/source/php-monorepo/packages/phpunit-symfony-kernel-test/src/AbstractRepositoryTestCase.php" line="552" class="Tourze\LarkAppBotBundle\Tests\Repository\GroupInfoRepositoryTest" classname="Tourze.LarkAppBotBundle.Tests.Repository.GroupInfoRepositoryTest" assertions="2" time="0.107908"/>
      <testcase name="testSaveWithFlushFalseShouldNotImmediatelyPersist" file="/home/admin/work/source/php-monorepo/packages/phpunit-symfony-kernel-test/src/AbstractRepositoryTestCase.php" line="565" class="Tourze\LarkAppBotBundle\Tests\Repository\GroupInfoRepositoryTest" classname="Tourze.LarkAppBotBundle.Tests.Repository.GroupInfoRepositoryTest" assertions="1" time="0.106007"/>
      <testcase name="testRemoveMethodShouldExists" file="/home/admin/work/source/php-monorepo/packages/phpunit-symfony-kernel-test/src/AbstractRepositoryTestCase.php" line="584" class="Tourze\LarkAppBotBundle\Tests\Repository\GroupInfoRepositoryTest" classname="Tourze.LarkAppBotBundle.Tests.Repository.GroupInfoRepositoryTest" assertions="13" time="0.075842"/>
      <testcase name="testRemoveWithFlush" file="/home/admin/work/source/php-monorepo/packages/phpunit-symfony-kernel-test/src/AbstractRepositoryTestCase.php" line="666" class="Tourze\LarkAppBotBundle\Tests\Repository\GroupInfoRepositoryTest" classname="Tourze.LarkAppBotBundle.Tests.Repository.GroupInfoRepositoryTest" assertions="1" time="0.112601"/>
      <testcase name="testRemoveWithoutFlush" file="/home/admin/work/source/php-monorepo/packages/phpunit-symfony-kernel-test/src/AbstractRepositoryTestCase.php" line="680" class="Tourze\LarkAppBotBundle\Tests\Repository\GroupInfoRepositoryTest" classname="Tourze.LarkAppBotBundle.Tests.Repository.GroupInfoRepositoryTest" assertions="1" time="0.107354"/>
      <testcase name="testSaveAndFindGroupInfoShouldWorkCorrectly" file="/home/admin/work/source/php-monorepo/packages/lark-app-bot-bundle/tests/Repository/GroupInfoRepositoryTest.php" line="20" class="Tourze\LarkAppBotBundle\Tests\Repository\GroupInfoRepositoryTest" classname="Tourze.LarkAppBotBundle.Tests.Repository.GroupInfoRepositoryTest" assertions="3" time="0.119063"/>
      <testcase name="testFindByChatIdShouldReturnCorrectGroup" file="/home/admin/work/source/php-monorepo/packages/lark-app-bot-bundle/tests/Repository/GroupInfoRepositoryTest.php" line="36" class="Tourze\LarkAppBotBundle\Tests\Repository\GroupInfoRepositoryTest" classname="Tourze.LarkAppBotBundle.Tests.Repository.GroupInfoRepositoryTest" assertions="3" time="0.132490"/>
      <testcase name="testFindByOwnerIdShouldReturnOwnerGroups" file="/home/admin/work/source/php-monorepo/packages/lark-app-bot-bundle/tests/Repository/GroupInfoRepositoryTest.php" line="54" class="Tourze\LarkAppBotBundle\Tests\Repository\GroupInfoRepositoryTest" classname="Tourze.LarkAppBotBundle.Tests.Repository.GroupInfoRepositoryTest" assertions="6" time="0.149986"/>
      <testcase name="testFindByChatTypeShouldReturnCorrectGroups" file="/home/admin/work/source/php-monorepo/packages/lark-app-bot-bundle/tests/Repository/GroupInfoRepositoryTest.php" line="81" class="Tourze\LarkAppBotBundle\Tests\Repository\GroupInfoRepositoryTest" classname="Tourze.LarkAppBotBundle.Tests.Repository.GroupInfoRepositoryTest" assertions="13" time="0.182925"/>
      <testcase name="testFindExternalGroupsShouldReturnOnlyExternalGroups" file="/home/admin/work/source/php-monorepo/packages/lark-app-bot-bundle/tests/Repository/GroupInfoRepositoryTest.php" line="101" class="Tourze\LarkAppBotBundle\Tests\Repository\GroupInfoRepositoryTest" classname="Tourze.LarkAppBotBundle.Tests.Repository.GroupInfoRepositoryTest" assertions="6" time="0.129171"/>
      <testcase name="testFindInternalGroupsShouldReturnOnlyInternalGroups" file="/home/admin/work/source/php-monorepo/packages/lark-app-bot-bundle/tests/Repository/GroupInfoRepositoryTest.php" line="127" class="Tourze\LarkAppBotBundle\Tests\Repository\GroupInfoRepositoryTest" classname="Tourze.LarkAppBotBundle.Tests.Repository.GroupInfoRepositoryTest" assertions="12" time="0.159062"/>
      <testcase name="testFindByMemberCountRangeShouldReturnGroupsInRange" file="/home/admin/work/source/php-monorepo/packages/lark-app-bot-bundle/tests/Repository/GroupInfoRepositoryTest.php" line="153" class="Tourze\LarkAppBotBundle\Tests\Repository\GroupInfoRepositoryTest" classname="Tourze.LarkAppBotBundle.Tests.Repository.GroupInfoRepositoryTest" assertions="32" time="0.136535"/>
      <testcase name="testFindLargeGroupsShouldReturnGroupsWithManyMembers" file="/home/admin/work/source/php-monorepo/packages/lark-app-bot-bundle/tests/Repository/GroupInfoRepositoryTest.php" line="186" class="Tourze\LarkAppBotBundle\Tests\Repository\GroupInfoRepositoryTest" classname="Tourze.LarkAppBotBundle.Tests.Repository.GroupInfoRepositoryTest" assertions="7" time="0.124461"/>
      <testcase name="testSearchByNameShouldReturnMatchingGroups" file="/home/admin/work/source/php-monorepo/packages/lark-app-bot-bundle/tests/Repository/GroupInfoRepositoryTest.php" line="212" class="Tourze\LarkAppBotBundle\Tests\Repository\GroupInfoRepositoryTest" classname="Tourze.LarkAppBotBundle.Tests.Repository.GroupInfoRepositoryTest" assertions="3" time="0.128054"/>
      <testcase name="testCountGroupsShouldReturnCorrectCount" file="/home/admin/work/source/php-monorepo/packages/lark-app-bot-bundle/tests/Repository/GroupInfoRepositoryTest.php" line="232" class="Tourze\LarkAppBotBundle\Tests\Repository\GroupInfoRepositoryTest" classname="Tourze.LarkAppBotBundle.Tests.Repository.GroupInfoRepositoryTest" assertions="1" time="0.142142"/>
      <testcase name="testCountExternalGroupsShouldReturnCorrectCount" file="/home/admin/work/source/php-monorepo/packages/lark-app-bot-bundle/tests/Repository/GroupInfoRepositoryTest.php" line="247" class="Tourze\LarkAppBotBundle\Tests\Repository\GroupInfoRepositoryTest" classname="Tourze.LarkAppBotBundle.Tests.Repository.GroupInfoRepositoryTest" assertions="3" time="0.136677"/>
      <testcase name="testGetMemberCountStatsShouldReturnCorrectStats" file="/home/admin/work/source/php-monorepo/packages/lark-app-bot-bundle/tests/Repository/GroupInfoRepositoryTest.php" line="272" class="Tourze\LarkAppBotBundle\Tests\Repository\GroupInfoRepositoryTest" classname="Tourze.LarkAppBotBundle.Tests.Repository.GroupInfoRepositoryTest" assertions="11" time="0.137663"/>
      <testcase name="testUniqueChatIdConstraintShouldPreventDuplicates" file="/home/admin/work/source/php-monorepo/packages/lark-app-bot-bundle/tests/Repository/GroupInfoRepositoryTest.php" line="303" class="Tourze\LarkAppBotBundle\Tests\Repository\GroupInfoRepositoryTest" classname="Tourze.LarkAppBotBundle.Tests.Repository.GroupInfoRepositoryTest" assertions="3" time="0.126472"/>
    </testsuite>
    <testsuite name="Tourze\LarkAppBotBundle\Tests\Repository\MessageRecordRepositoryTest" file="/home/admin/work/source/php-monorepo/packages/lark-app-bot-bundle/tests/Repository/MessageRecordRepositoryTest.php" tests="60" assertions="146" errors="0" failures="0" skipped="0" time="6.539082">
      <testcase name="testShouldHaveRunTestsInSeparateProcesses" file="/home/admin/work/source/php-monorepo/packages/phpunit-symfony-kernel-test/src/AbstractIntegrationTestCase.php" line="919" class="Tourze\LarkAppBotBundle\Tests\Repository\MessageRecordRepositoryTest" classname="Tourze.LarkAppBotBundle.Tests.Repository.MessageRecordRepositoryTest" assertions="1" time="0.090777"/>
      <testcase name="testRepositoryClassShouldHaveAsRepositoryAttribute" file="/home/admin/work/source/php-monorepo/packages/phpunit-symfony-kernel-test/src/AbstractRepositoryTestCase.php" line="32" class="Tourze\LarkAppBotBundle\Tests\Repository\MessageRecordRepositoryTest" classname="Tourze.LarkAppBotBundle.Tests.Repository.MessageRecordRepositoryTest" assertions="1" time="0.091297"/>
      <testcase name="testCreateNewEntityShouldNotBePersisted" file="/home/admin/work/source/php-monorepo/packages/phpunit-symfony-kernel-test/src/AbstractRepositoryTestCase.php" line="48" class="Tourze\LarkAppBotBundle\Tests\Repository\MessageRecordRepositoryTest" classname="Tourze.LarkAppBotBundle.Tests.Repository.MessageRecordRepositoryTest" assertions="2" time="0.093088"/>
      <testcase name="testCreateNewEntityShouldPersistedSuccess" file="/home/admin/work/source/php-monorepo/packages/phpunit-symfony-kernel-test/src/AbstractRepositoryTestCase.php" line="62" class="Tourze\LarkAppBotBundle\Tests\Repository\MessageRecordRepositoryTest" classname="Tourze.LarkAppBotBundle.Tests.Repository.MessageRecordRepositoryTest" assertions="2" time="0.131283"/>
      <testcase name="testCreateNewEntityAndDetachShouldNotInIdentityMap" file="/home/admin/work/source/php-monorepo/packages/phpunit-symfony-kernel-test/src/AbstractRepositoryTestCase.php" line="83" class="Tourze\LarkAppBotBundle\Tests\Repository\MessageRecordRepositoryTest" classname="Tourze.LarkAppBotBundle.Tests.Repository.MessageRecordRepositoryTest" assertions="3" time="0.126576"/>
      <testsuite name="Tourze\LarkAppBotBundle\Tests\Repository\MessageRecordRepositoryTest::testFindByWithNonExistentFieldShouldThrowException" tests="4" assertions="4" errors="0" failures="0" skipped="0" time="0.381617">
        <testcase name="testFindByWithNonExistentFieldShouldThrowException with data set #0" file="/home/admin/work/source/php-monorepo/packages/phpunit-symfony-kernel-test/src/AbstractRepositoryTestCase.php" line="104" class="Tourze\LarkAppBotBundle\Tests\Repository\MessageRecordRepositoryTest" classname="Tourze.LarkAppBotBundle.Tests.Repository.MessageRecordRepositoryTest" assertions="1" time="0.095816"/>
        <testcase name="testFindByWithNonExistentFieldShouldThrowException with data set #1" file="/home/admin/work/source/php-monorepo/packages/phpunit-symfony-kernel-test/src/AbstractRepositoryTestCase.php" line="104" class="Tourze\LarkAppBotBundle\Tests\Repository\MessageRecordRepositoryTest" classname="Tourze.LarkAppBotBundle.Tests.Repository.MessageRecordRepositoryTest" assertions="1" time="0.096046"/>
        <testcase name="testFindByWithNonExistentFieldShouldThrowException with data set #2" file="/home/admin/work/source/php-monorepo/packages/phpunit-symfony-kernel-test/src/AbstractRepositoryTestCase.php" line="104" class="Tourze\LarkAppBotBundle\Tests\Repository\MessageRecordRepositoryTest" classname="Tourze.LarkAppBotBundle.Tests.Repository.MessageRecordRepositoryTest" assertions="1" time="0.094878"/>
        <testcase name="testFindByWithNonExistentFieldShouldThrowException with data set #3" file="/home/admin/work/source/php-monorepo/packages/phpunit-symfony-kernel-test/src/AbstractRepositoryTestCase.php" line="104" class="Tourze\LarkAppBotBundle\Tests\Repository\MessageRecordRepositoryTest" classname="Tourze.LarkAppBotBundle.Tests.Repository.MessageRecordRepositoryTest" assertions="1" time="0.094878"/>
      </testsuite>
      <testcase name="testFindByWithNonMatchingCriteriaShouldReturnEmptyArray" file="/home/admin/work/source/php-monorepo/packages/phpunit-symfony-kernel-test/src/AbstractRepositoryTestCase.php" line="114" class="Tourze\LarkAppBotBundle\Tests\Repository\MessageRecordRepositoryTest" classname="Tourze.LarkAppBotBundle.Tests.Repository.MessageRecordRepositoryTest" assertions="2" time="0.095549"/>
      <testcase name="testFindByWithMatchingCriteriaShouldReturnArrayOfEntities" file="/home/admin/work/source/php-monorepo/packages/phpunit-symfony-kernel-test/src/AbstractRepositoryTestCase.php" line="122" class="Tourze\LarkAppBotBundle\Tests\Repository\MessageRecordRepositoryTest" classname="Tourze.LarkAppBotBundle.Tests.Repository.MessageRecordRepositoryTest" assertions="4" time="0.132439"/>
      <testcase name="testFindByShouldRespectOrderByClause" file="/home/admin/work/source/php-monorepo/packages/phpunit-symfony-kernel-test/src/AbstractRepositoryTestCase.php" line="150" class="Tourze\LarkAppBotBundle\Tests\Repository\MessageRecordRepositoryTest" classname="Tourze.LarkAppBotBundle.Tests.Repository.MessageRecordRepositoryTest" assertions="6" time="0.129541"/>
      <testcase name="testFindOneByWithNonMatchingCriteriaShouldReturnNull" file="/home/admin/work/source/php-monorepo/packages/phpunit-symfony-kernel-test/src/AbstractRepositoryTestCase.php" line="180" class="Tourze\LarkAppBotBundle\Tests\Repository\MessageRecordRepositoryTest" classname="Tourze.LarkAppBotBundle.Tests.Repository.MessageRecordRepositoryTest" assertions="1" time="0.099469"/>
      <testcase name="testFindOneByWithNonExistentFieldShouldThrowException" file="/home/admin/work/source/php-monorepo/packages/phpunit-symfony-kernel-test/src/AbstractRepositoryTestCase.php" line="191" class="Tourze\LarkAppBotBundle\Tests\Repository\MessageRecordRepositoryTest" classname="Tourze.LarkAppBotBundle.Tests.Repository.MessageRecordRepositoryTest" assertions="1" time="0.100540"/>
      <testcase name="testFindOneByWithMatchingCriteriaShouldReturnEntity" file="/home/admin/work/source/php-monorepo/packages/phpunit-symfony-kernel-test/src/AbstractRepositoryTestCase.php" line="197" class="Tourze\LarkAppBotBundle\Tests\Repository\MessageRecordRepositoryTest" classname="Tourze.LarkAppBotBundle.Tests.Repository.MessageRecordRepositoryTest" assertions="2" time="0.132737"/>
      <testsuite name="Tourze\LarkAppBotBundle\Tests\Repository\MessageRecordRepositoryTest::testFindOneByShouldSortOrder" tests="14" assertions="14" errors="0" failures="0" skipped="0" time="1.218469">
        <testcase name="testFindOneByShouldSortOrder with data set &quot;single field id&quot;" file="/home/admin/work/source/php-monorepo/packages/phpunit-symfony-kernel-test/src/AbstractRepositoryTestCase.php" line="220" class="Tourze\LarkAppBotBundle\Tests\Repository\MessageRecordRepositoryTest" classname="Tourze.LarkAppBotBundle.Tests.Repository.MessageRecordRepositoryTest" assertions="1" time="0.102817"/>
        <testcase name="testFindOneByShouldSortOrder with data set &quot;single field messageId&quot;" file="/home/admin/work/source/php-monorepo/packages/phpunit-symfony-kernel-test/src/AbstractRepositoryTestCase.php" line="220" class="Tourze\LarkAppBotBundle\Tests\Repository\MessageRecordRepositoryTest" classname="Tourze.LarkAppBotBundle.Tests.Repository.MessageRecordRepositoryTest" assertions="1" time="0.100308"/>
        <testcase name="testFindOneByShouldSortOrder with data set &quot;single field chatId&quot;" file="/home/admin/work/source/php-monorepo/packages/phpunit-symfony-kernel-test/src/AbstractRepositoryTestCase.php" line="220" class="Tourze\LarkAppBotBundle\Tests\Repository\MessageRecordRepositoryTest" classname="Tourze.LarkAppBotBundle.Tests.Repository.MessageRecordRepositoryTest" assertions="1" time="0.101569"/>
        <testcase name="testFindOneByShouldSortOrder with data set &quot;single field chatType&quot;" file="/home/admin/work/source/php-monorepo/packages/phpunit-symfony-kernel-test/src/AbstractRepositoryTestCase.php" line="220" class="Tourze\LarkAppBotBundle\Tests\Repository\MessageRecordRepositoryTest" classname="Tourze.LarkAppBotBundle.Tests.Repository.MessageRecordRepositoryTest" assertions="1" time="0.094319"/>
        <testcase name="testFindOneByShouldSortOrder with data set &quot;single field senderId&quot;" file="/home/admin/work/source/php-monorepo/packages/phpunit-symfony-kernel-test/src/AbstractRepositoryTestCase.php" line="220" class="Tourze\LarkAppBotBundle\Tests\Repository\MessageRecordRepositoryTest" classname="Tourze.LarkAppBotBundle.Tests.Repository.MessageRecordRepositoryTest" assertions="1" time="0.082731"/>
        <testcase name="testFindOneByShouldSortOrder with data set &quot;single field senderType&quot;" file="/home/admin/work/source/php-monorepo/packages/phpunit-symfony-kernel-test/src/AbstractRepositoryTestCase.php" line="220" class="Tourze\LarkAppBotBundle\Tests\Repository\MessageRecordRepositoryTest" classname="Tourze.LarkAppBotBundle.Tests.Repository.MessageRecordRepositoryTest" assertions="1" time="0.086128"/>
        <testcase name="testFindOneByShouldSortOrder with data set &quot;single field messageType&quot;" file="/home/admin/work/source/php-monorepo/packages/phpunit-symfony-kernel-test/src/AbstractRepositoryTestCase.php" line="220" class="Tourze\LarkAppBotBundle\Tests\Repository\MessageRecordRepositoryTest" classname="Tourze.LarkAppBotBundle.Tests.Repository.MessageRecordRepositoryTest" assertions="1" time="0.082821"/>
        <testcase name="testFindOneByShouldSortOrder with data set &quot;single field createTime&quot;" file="/home/admin/work/source/php-monorepo/packages/phpunit-symfony-kernel-test/src/AbstractRepositoryTestCase.php" line="220" class="Tourze\LarkAppBotBundle\Tests\Repository\MessageRecordRepositoryTest" classname="Tourze.LarkAppBotBundle.Tests.Repository.MessageRecordRepositoryTest" assertions="1" time="0.084950"/>
        <testcase name="testFindOneByShouldSortOrder with data set &quot;single field updateTime&quot;" file="/home/admin/work/source/php-monorepo/packages/phpunit-symfony-kernel-test/src/AbstractRepositoryTestCase.php" line="220" class="Tourze\LarkAppBotBundle\Tests\Repository\MessageRecordRepositoryTest" classname="Tourze.LarkAppBotBundle.Tests.Repository.MessageRecordRepositoryTest" assertions="1" time="0.080750"/>
        <testcase name="testFindOneByShouldSortOrder with data set &quot;2 fields id, messageId&quot;" file="/home/admin/work/source/php-monorepo/packages/phpunit-symfony-kernel-test/src/AbstractRepositoryTestCase.php" line="220" class="Tourze\LarkAppBotBundle\Tests\Repository\MessageRecordRepositoryTest" classname="Tourze.LarkAppBotBundle.Tests.Repository.MessageRecordRepositoryTest" assertions="1" time="0.080383"/>
        <testcase name="testFindOneByShouldSortOrder with data set &quot;2 fields id, updateTime&quot;" file="/home/admin/work/source/php-monorepo/packages/phpunit-symfony-kernel-test/src/AbstractRepositoryTestCase.php" line="220" class="Tourze\LarkAppBotBundle\Tests\Repository\MessageRecordRepositoryTest" classname="Tourze.LarkAppBotBundle.Tests.Repository.MessageRecordRepositoryTest" assertions="1" time="0.081205"/>
        <testcase name="testFindOneByShouldSortOrder with data set &quot;2 fields chatType, senderId&quot;" file="/home/admin/work/source/php-monorepo/packages/phpunit-symfony-kernel-test/src/AbstractRepositoryTestCase.php" line="220" class="Tourze\LarkAppBotBundle\Tests\Repository\MessageRecordRepositoryTest" classname="Tourze.LarkAppBotBundle.Tests.Repository.MessageRecordRepositoryTest" assertions="1" time="0.080306"/>
        <testcase name="testFindOneByShouldSortOrder with data set &quot;3 fields id, messageId, chatId&quot;" file="/home/admin/work/source/php-monorepo/packages/phpunit-symfony-kernel-test/src/AbstractRepositoryTestCase.php" line="220" class="Tourze\LarkAppBotBundle\Tests\Repository\MessageRecordRepositoryTest" classname="Tourze.LarkAppBotBundle.Tests.Repository.MessageRecordRepositoryTest" assertions="1" time="0.080304"/>
        <testcase name="testFindOneByShouldSortOrder with data set &quot;all 9 fields&quot;" file="/home/admin/work/source/php-monorepo/packages/phpunit-symfony-kernel-test/src/AbstractRepositoryTestCase.php" line="220" class="Tourze\LarkAppBotBundle\Tests\Repository\MessageRecordRepositoryTest" classname="Tourze.LarkAppBotBundle.Tests.Repository.MessageRecordRepositoryTest" assertions="1" time="0.079878"/>
      </testsuite>
      <testcase name="testFindAllWhenNoRecordsExistShouldReturnEmptyArray" file="/home/admin/work/source/php-monorepo/packages/phpunit-symfony-kernel-test/src/AbstractRepositoryTestCase.php" line="359" class="Tourze\LarkAppBotBundle\Tests\Repository\MessageRecordRepositoryTest" classname="Tourze.LarkAppBotBundle.Tests.Repository.MessageRecordRepositoryTest" assertions="1" time="0.100652"/>
      <testcase name="testFindAllWhenRecordsExistShouldReturnArrayOfEntities" file="/home/admin/work/source/php-monorepo/packages/phpunit-symfony-kernel-test/src/AbstractRepositoryTestCase.php" line="374" class="Tourze\LarkAppBotBundle\Tests\Repository\MessageRecordRepositoryTest" classname="Tourze.LarkAppBotBundle.Tests.Repository.MessageRecordRepositoryTest" assertions="3" time="0.108468"/>
      <testcase name="testFindWithNonExistentIdShouldReturnNull" file="/home/admin/work/source/php-monorepo/packages/phpunit-symfony-kernel-test/src/AbstractRepositoryTestCase.php" line="394" class="Tourze\LarkAppBotBundle\Tests\Repository\MessageRecordRepositoryTest" classname="Tourze.LarkAppBotBundle.Tests.Repository.MessageRecordRepositoryTest" assertions="1" time="0.080009"/>
      <testcase name="testFindWithZeroIdShouldReturnNull" file="/home/admin/work/source/php-monorepo/packages/phpunit-symfony-kernel-test/src/AbstractRepositoryTestCase.php" line="401" class="Tourze\LarkAppBotBundle\Tests\Repository\MessageRecordRepositoryTest" classname="Tourze.LarkAppBotBundle.Tests.Repository.MessageRecordRepositoryTest" assertions="1" time="0.078043"/>
      <testcase name="testFindWithNegativeIdShouldReturnNull" file="/home/admin/work/source/php-monorepo/packages/phpunit-symfony-kernel-test/src/AbstractRepositoryTestCase.php" line="408" class="Tourze\LarkAppBotBundle\Tests\Repository\MessageRecordRepositoryTest" classname="Tourze.LarkAppBotBundle.Tests.Repository.MessageRecordRepositoryTest" assertions="1" time="0.079516"/>
      <testcase name="testFindWithNullIdShouldThrowException" file="/home/admin/work/source/php-monorepo/packages/phpunit-symfony-kernel-test/src/AbstractRepositoryTestCase.php" line="415" class="Tourze\LarkAppBotBundle\Tests\Repository\MessageRecordRepositoryTest" classname="Tourze.LarkAppBotBundle.Tests.Repository.MessageRecordRepositoryTest" assertions="1" time="0.073507"/>
      <testcase name="testFindWithExistingIdShouldReturnEntity" file="/home/admin/work/source/php-monorepo/packages/phpunit-symfony-kernel-test/src/AbstractRepositoryTestCase.php" line="422" class="Tourze\LarkAppBotBundle\Tests\Repository\MessageRecordRepositoryTest" classname="Tourze.LarkAppBotBundle.Tests.Repository.MessageRecordRepositoryTest" assertions="3" time="0.104227"/>
      <testcase name="testCountWithDataFixtureShouldReturnGreaterThanZero" file="/home/admin/work/source/php-monorepo/packages/phpunit-symfony-kernel-test/src/AbstractRepositoryTestCase.php" line="440" class="Tourze\LarkAppBotBundle\Tests\Repository\MessageRecordRepositoryTest" classname="Tourze.LarkAppBotBundle.Tests.Repository.MessageRecordRepositoryTest" assertions="1" time="0.077737"/>
      <testcase name="testCountWithNotFoundShouldReturnZero" file="/home/admin/work/source/php-monorepo/packages/phpunit-symfony-kernel-test/src/AbstractRepositoryTestCase.php" line="449" class="Tourze\LarkAppBotBundle\Tests\Repository\MessageRecordRepositoryTest" classname="Tourze.LarkAppBotBundle.Tests.Repository.MessageRecordRepositoryTest" assertions="1" time="0.078712"/>
      <testsuite name="Tourze\LarkAppBotBundle\Tests\Repository\MessageRecordRepositoryTest::testCountWithNonExistentFieldShouldThrowException" tests="4" assertions="4" errors="0" failures="0" skipped="0" time="0.306348">
        <testcase name="testCountWithNonExistentFieldShouldThrowException with data set #0" file="/home/admin/work/source/php-monorepo/packages/phpunit-symfony-kernel-test/src/AbstractRepositoryTestCase.php" line="463" class="Tourze\LarkAppBotBundle\Tests\Repository\MessageRecordRepositoryTest" classname="Tourze.LarkAppBotBundle.Tests.Repository.MessageRecordRepositoryTest" assertions="1" time="0.075644"/>
        <testcase name="testCountWithNonExistentFieldShouldThrowException with data set #1" file="/home/admin/work/source/php-monorepo/packages/phpunit-symfony-kernel-test/src/AbstractRepositoryTestCase.php" line="463" class="Tourze\LarkAppBotBundle\Tests\Repository\MessageRecordRepositoryTest" classname="Tourze.LarkAppBotBundle.Tests.Repository.MessageRecordRepositoryTest" assertions="1" time="0.077678"/>
        <testcase name="testCountWithNonExistentFieldShouldThrowException with data set #2" file="/home/admin/work/source/php-monorepo/packages/phpunit-symfony-kernel-test/src/AbstractRepositoryTestCase.php" line="463" class="Tourze\LarkAppBotBundle\Tests\Repository\MessageRecordRepositoryTest" classname="Tourze.LarkAppBotBundle.Tests.Repository.MessageRecordRepositoryTest" assertions="1" time="0.076744"/>
        <testcase name="testCountWithNonExistentFieldShouldThrowException with data set #3" file="/home/admin/work/source/php-monorepo/packages/phpunit-symfony-kernel-test/src/AbstractRepositoryTestCase.php" line="463" class="Tourze\LarkAppBotBundle\Tests\Repository\MessageRecordRepositoryTest" classname="Tourze.LarkAppBotBundle.Tests.Repository.MessageRecordRepositoryTest" assertions="1" time="0.076282"/>
      </testsuite>
      <testcase name="testSaveMethodShouldExists" file="/home/admin/work/source/php-monorepo/packages/phpunit-symfony-kernel-test/src/AbstractRepositoryTestCase.php" line="470" class="Tourze\LarkAppBotBundle\Tests\Repository\MessageRecordRepositoryTest" classname="Tourze.LarkAppBotBundle.Tests.Repository.MessageRecordRepositoryTest" assertions="13" time="0.074515"/>
      <testcase name="testSaveWithFlushTrueShouldPersistAndFlush" file="/home/admin/work/source/php-monorepo/packages/phpunit-symfony-kernel-test/src/AbstractRepositoryTestCase.php" line="552" class="Tourze\LarkAppBotBundle\Tests\Repository\MessageRecordRepositoryTest" classname="Tourze.LarkAppBotBundle.Tests.Repository.MessageRecordRepositoryTest" assertions="2" time="0.107392"/>
      <testcase name="testSaveWithFlushFalseShouldNotImmediatelyPersist" file="/home/admin/work/source/php-monorepo/packages/phpunit-symfony-kernel-test/src/AbstractRepositoryTestCase.php" line="565" class="Tourze\LarkAppBotBundle\Tests\Repository\MessageRecordRepositoryTest" classname="Tourze.LarkAppBotBundle.Tests.Repository.MessageRecordRepositoryTest" assertions="1" time="0.103518"/>
      <testcase name="testRemoveMethodShouldExists" file="/home/admin/work/source/php-monorepo/packages/phpunit-symfony-kernel-test/src/AbstractRepositoryTestCase.php" line="584" class="Tourze\LarkAppBotBundle\Tests\Repository\MessageRecordRepositoryTest" classname="Tourze.LarkAppBotBundle.Tests.Repository.MessageRecordRepositoryTest" assertions="13" time="0.073772"/>
      <testcase name="testRemoveWithFlush" file="/home/admin/work/source/php-monorepo/packages/phpunit-symfony-kernel-test/src/AbstractRepositoryTestCase.php" line="666" class="Tourze\LarkAppBotBundle\Tests\Repository\MessageRecordRepositoryTest" classname="Tourze.LarkAppBotBundle.Tests.Repository.MessageRecordRepositoryTest" assertions="1" time="0.163651"/>
      <testcase name="testRemoveWithoutFlush" file="/home/admin/work/source/php-monorepo/packages/phpunit-symfony-kernel-test/src/AbstractRepositoryTestCase.php" line="680" class="Tourze\LarkAppBotBundle\Tests\Repository\MessageRecordRepositoryTest" classname="Tourze.LarkAppBotBundle.Tests.Repository.MessageRecordRepositoryTest" assertions="1" time="0.158147"/>
      <testcase name="testSaveAndFindMessageRecordShouldWorkCorrectly" file="/home/admin/work/source/php-monorepo/packages/lark-app-bot-bundle/tests/Repository/MessageRecordRepositoryTest.php" line="20" class="Tourze\LarkAppBotBundle\Tests\Repository\MessageRecordRepositoryTest" classname="Tourze.LarkAppBotBundle.Tests.Repository.MessageRecordRepositoryTest" assertions="3" time="0.161876"/>
      <testcase name="testFindByChatIdShouldReturnCorrectRecords" file="/home/admin/work/source/php-monorepo/packages/lark-app-bot-bundle/tests/Repository/MessageRecordRepositoryTest.php" line="36" class="Tourze\LarkAppBotBundle\Tests\Repository\MessageRecordRepositoryTest" classname="Tourze.LarkAppBotBundle.Tests.Repository.MessageRecordRepositoryTest" assertions="4" time="0.162511"/>
      <testcase name="testFindBotMessagesShouldReturnOnlyBotMessages" file="/home/admin/work/source/php-monorepo/packages/lark-app-bot-bundle/tests/Repository/MessageRecordRepositoryTest.php" line="60" class="Tourze\LarkAppBotBundle\Tests\Repository\MessageRecordRepositoryTest" classname="Tourze.LarkAppBotBundle.Tests.Repository.MessageRecordRepositoryTest" assertions="6" time="0.161890"/>
      <testcase name="testFindGroupMessagesShouldReturnOnlyGroupMessages" file="/home/admin/work/source/php-monorepo/packages/lark-app-bot-bundle/tests/Repository/MessageRecordRepositoryTest.php" line="87" class="Tourze\LarkAppBotBundle\Tests\Repository\MessageRecordRepositoryTest" classname="Tourze.LarkAppBotBundle.Tests.Repository.MessageRecordRepositoryTest" assertions="13" time="0.163645"/>
      <testcase name="testCountMessagesByDateRangeShouldReturnCorrectCount" file="/home/admin/work/source/php-monorepo/packages/lark-app-bot-bundle/tests/Repository/MessageRecordRepositoryTest.php" line="114" class="Tourze\LarkAppBotBundle\Tests\Repository\MessageRecordRepositoryTest" classname="Tourze.LarkAppBotBundle.Tests.Repository.MessageRecordRepositoryTest" assertions="2" time="0.165725"/>
      <testcase name="testFindBySenderIdShouldReturnCorrectRecords" file="/home/admin/work/source/php-monorepo/packages/lark-app-bot-bundle/tests/Repository/MessageRecordRepositoryTest.php" line="130" class="Tourze\LarkAppBotBundle\Tests\Repository\MessageRecordRepositoryTest" classname="Tourze.LarkAppBotBundle.Tests.Repository.MessageRecordRepositoryTest" assertions="6" time="0.165266"/>
      <testcase name="testFindByMessageTypeShouldReturnCorrectRecords" file="/home/admin/work/source/php-monorepo/packages/lark-app-bot-bundle/tests/Repository/MessageRecordRepositoryTest.php" line="157" class="Tourze\LarkAppBotBundle\Tests\Repository\MessageRecordRepositoryTest" classname="Tourze.LarkAppBotBundle.Tests.Repository.MessageRecordRepositoryTest" assertions="5" time="0.164807"/>
      <testcase name="testFindByMessageIdShouldReturnCorrectRecord" file="/home/admin/work/source/php-monorepo/packages/lark-app-bot-bundle/tests/Repository/MessageRecordRepositoryTest.php" line="184" class="Tourze\LarkAppBotBundle\Tests\Repository\MessageRecordRepositoryTest" classname="Tourze.LarkAppBotBundle.Tests.Repository.MessageRecordRepositoryTest" assertions="3" time="0.160551"/>
      <testcase name="testSaveMethodShouldPersistEntity" file="/home/admin/work/source/php-monorepo/packages/lark-app-bot-bundle/tests/Repository/MessageRecordRepositoryTest.php" line="202" class="Tourze\LarkAppBotBundle\Tests\Repository\MessageRecordRepositoryTest" classname="Tourze.LarkAppBotBundle.Tests.Repository.MessageRecordRepositoryTest" assertions="4" time="0.157575"/>
      <testcase name="testSaveMethodWithFlushShouldPersistAndFlushEntity" file="/home/admin/work/source/php-monorepo/packages/lark-app-bot-bundle/tests/Repository/MessageRecordRepositoryTest.php" line="222" class="Tourze\LarkAppBotBundle\Tests\Repository\MessageRecordRepositoryTest" classname="Tourze.LarkAppBotBundle.Tests.Repository.MessageRecordRepositoryTest" assertions="3" time="0.155435"/>
      <testcase name="testRemoveMethodShouldDeleteEntity" file="/home/admin/work/source/php-monorepo/packages/lark-app-bot-bundle/tests/Repository/MessageRecordRepositoryTest.php" line="237" class="Tourze\LarkAppBotBundle\Tests\Repository\MessageRecordRepositoryTest" classname="Tourze.LarkAppBotBundle.Tests.Repository.MessageRecordRepositoryTest" assertions="3" time="0.160994"/>
      <testcase name="testRemoveMethodWithoutFlushShouldNotDeleteImmediately" file="/home/admin/work/source/php-monorepo/packages/lark-app-bot-bundle/tests/Repository/MessageRecordRepositoryTest.php" line="259" class="Tourze\LarkAppBotBundle\Tests\Repository\MessageRecordRepositoryTest" classname="Tourze.LarkAppBotBundle.Tests.Repository.MessageRecordRepositoryTest" assertions="3" time="0.167209"/>
    </testsuite>
    <testsuite name="Tourze\LarkAppBotBundle\Tests\Repository\UserSyncRepositoryTest" file="/home/admin/work/source/php-monorepo/packages/lark-app-bot-bundle/tests/Repository/UserSyncRepositoryTest.php" tests="66" assertions="230" errors="0" failures="0" skipped="0" time="8.589210">
      <testcase name="testShouldHaveRunTestsInSeparateProcesses" file="/home/admin/work/source/php-monorepo/packages/phpunit-symfony-kernel-test/src/AbstractIntegrationTestCase.php" line="919" class="Tourze\LarkAppBotBundle\Tests\Repository\UserSyncRepositoryTest" classname="Tourze.LarkAppBotBundle.Tests.Repository.UserSyncRepositoryTest" assertions="1" time="0.117926"/>
      <testcase name="testRepositoryClassShouldHaveAsRepositoryAttribute" file="/home/admin/work/source/php-monorepo/packages/phpunit-symfony-kernel-test/src/AbstractRepositoryTestCase.php" line="32" class="Tourze\LarkAppBotBundle\Tests\Repository\UserSyncRepositoryTest" classname="Tourze.LarkAppBotBundle.Tests.Repository.UserSyncRepositoryTest" assertions="1" time="0.114288"/>
      <testcase name="testCreateNewEntityShouldNotBePersisted" file="/home/admin/work/source/php-monorepo/packages/phpunit-symfony-kernel-test/src/AbstractRepositoryTestCase.php" line="48" class="Tourze\LarkAppBotBundle\Tests\Repository\UserSyncRepositoryTest" classname="Tourze.LarkAppBotBundle.Tests.Repository.UserSyncRepositoryTest" assertions="2" time="0.115400"/>
      <testcase name="testCreateNewEntityShouldPersistedSuccess" file="/home/admin/work/source/php-monorepo/packages/phpunit-symfony-kernel-test/src/AbstractRepositoryTestCase.php" line="62" class="Tourze\LarkAppBotBundle\Tests\Repository\UserSyncRepositoryTest" classname="Tourze.LarkAppBotBundle.Tests.Repository.UserSyncRepositoryTest" assertions="2" time="0.155729"/>
      <testcase name="testCreateNewEntityAndDetachShouldNotInIdentityMap" file="/home/admin/work/source/php-monorepo/packages/phpunit-symfony-kernel-test/src/AbstractRepositoryTestCase.php" line="83" class="Tourze\LarkAppBotBundle\Tests\Repository\UserSyncRepositoryTest" classname="Tourze.LarkAppBotBundle.Tests.Repository.UserSyncRepositoryTest" assertions="3" time="0.160185"/>
      <testsuite name="Tourze\LarkAppBotBundle\Tests\Repository\UserSyncRepositoryTest::testFindByWithNonExistentFieldShouldThrowException" tests="4" assertions="4" errors="0" failures="0" skipped="0" time="0.472717">
        <testcase name="testFindByWithNonExistentFieldShouldThrowException with data set #0" file="/home/admin/work/source/php-monorepo/packages/phpunit-symfony-kernel-test/src/AbstractRepositoryTestCase.php" line="104" class="Tourze\LarkAppBotBundle\Tests\Repository\UserSyncRepositoryTest" classname="Tourze.LarkAppBotBundle.Tests.Repository.UserSyncRepositoryTest" assertions="1" time="0.119637"/>
        <testcase name="testFindByWithNonExistentFieldShouldThrowException with data set #1" file="/home/admin/work/source/php-monorepo/packages/phpunit-symfony-kernel-test/src/AbstractRepositoryTestCase.php" line="104" class="Tourze\LarkAppBotBundle\Tests\Repository\UserSyncRepositoryTest" classname="Tourze.LarkAppBotBundle.Tests.Repository.UserSyncRepositoryTest" assertions="1" time="0.116539"/>
        <testcase name="testFindByWithNonExistentFieldShouldThrowException with data set #2" file="/home/admin/work/source/php-monorepo/packages/phpunit-symfony-kernel-test/src/AbstractRepositoryTestCase.php" line="104" class="Tourze\LarkAppBotBundle\Tests\Repository\UserSyncRepositoryTest" classname="Tourze.LarkAppBotBundle.Tests.Repository.UserSyncRepositoryTest" assertions="1" time="0.118737"/>
        <testcase name="testFindByWithNonExistentFieldShouldThrowException with data set #3" file="/home/admin/work/source/php-monorepo/packages/phpunit-symfony-kernel-test/src/AbstractRepositoryTestCase.php" line="104" class="Tourze\LarkAppBotBundle\Tests\Repository\UserSyncRepositoryTest" classname="Tourze.LarkAppBotBundle.Tests.Repository.UserSyncRepositoryTest" assertions="1" time="0.117804"/>
      </testsuite>
      <testcase name="testFindByWithNonMatchingCriteriaShouldReturnEmptyArray" file="/home/admin/work/source/php-monorepo/packages/phpunit-symfony-kernel-test/src/AbstractRepositoryTestCase.php" line="114" class="Tourze\LarkAppBotBundle\Tests\Repository\UserSyncRepositoryTest" classname="Tourze.LarkAppBotBundle.Tests.Repository.UserSyncRepositoryTest" assertions="2" time="0.122682"/>
      <testcase name="testFindByWithMatchingCriteriaShouldReturnArrayOfEntities" file="/home/admin/work/source/php-monorepo/packages/phpunit-symfony-kernel-test/src/AbstractRepositoryTestCase.php" line="122" class="Tourze\LarkAppBotBundle\Tests\Repository\UserSyncRepositoryTest" classname="Tourze.LarkAppBotBundle.Tests.Repository.UserSyncRepositoryTest" assertions="4" time="0.200305"/>
      <testcase name="testFindByShouldRespectOrderByClause" file="/home/admin/work/source/php-monorepo/packages/phpunit-symfony-kernel-test/src/AbstractRepositoryTestCase.php" line="150" class="Tourze\LarkAppBotBundle\Tests\Repository\UserSyncRepositoryTest" classname="Tourze.LarkAppBotBundle.Tests.Repository.UserSyncRepositoryTest" assertions="6" time="0.162022"/>
      <testcase name="testFindOneByWithNonMatchingCriteriaShouldReturnNull" file="/home/admin/work/source/php-monorepo/packages/phpunit-symfony-kernel-test/src/AbstractRepositoryTestCase.php" line="180" class="Tourze\LarkAppBotBundle\Tests\Repository\UserSyncRepositoryTest" classname="Tourze.LarkAppBotBundle.Tests.Repository.UserSyncRepositoryTest" assertions="1" time="0.123786"/>
      <testcase name="testFindOneByWithNonExistentFieldShouldThrowException" file="/home/admin/work/source/php-monorepo/packages/phpunit-symfony-kernel-test/src/AbstractRepositoryTestCase.php" line="191" class="Tourze\LarkAppBotBundle\Tests\Repository\UserSyncRepositoryTest" classname="Tourze.LarkAppBotBundle.Tests.Repository.UserSyncRepositoryTest" assertions="1" time="0.122142"/>
      <testcase name="testFindOneByWithMatchingCriteriaShouldReturnEntity" file="/home/admin/work/source/php-monorepo/packages/phpunit-symfony-kernel-test/src/AbstractRepositoryTestCase.php" line="197" class="Tourze\LarkAppBotBundle\Tests\Repository\UserSyncRepositoryTest" classname="Tourze.LarkAppBotBundle.Tests.Repository.UserSyncRepositoryTest" assertions="2" time="0.163132"/>
      <testsuite name="Tourze\LarkAppBotBundle\Tests\Repository\UserSyncRepositoryTest::testFindOneByShouldSortOrder" tests="16" assertions="16" errors="0" failures="0" skipped="0" time="1.942084">
        <testcase name="testFindOneByShouldSortOrder with data set &quot;single field id&quot;" file="/home/admin/work/source/php-monorepo/packages/phpunit-symfony-kernel-test/src/AbstractRepositoryTestCase.php" line="220" class="Tourze\LarkAppBotBundle\Tests\Repository\UserSyncRepositoryTest" classname="Tourze.LarkAppBotBundle.Tests.Repository.UserSyncRepositoryTest" assertions="1" time="0.121589"/>
        <testcase name="testFindOneByShouldSortOrder with data set &quot;single field userId&quot;" file="/home/admin/work/source/php-monorepo/packages/phpunit-symfony-kernel-test/src/AbstractRepositoryTestCase.php" line="220" class="Tourze\LarkAppBotBundle\Tests\Repository\UserSyncRepositoryTest" classname="Tourze.LarkAppBotBundle.Tests.Repository.UserSyncRepositoryTest" assertions="1" time="0.121133"/>
        <testcase name="testFindOneByShouldSortOrder with data set &quot;single field openId&quot;" file="/home/admin/work/source/php-monorepo/packages/phpunit-symfony-kernel-test/src/AbstractRepositoryTestCase.php" line="220" class="Tourze\LarkAppBotBundle\Tests\Repository\UserSyncRepositoryTest" classname="Tourze.LarkAppBotBundle.Tests.Repository.UserSyncRepositoryTest" assertions="1" time="0.122368"/>
        <testcase name="testFindOneByShouldSortOrder with data set &quot;single field unionId&quot;" file="/home/admin/work/source/php-monorepo/packages/phpunit-symfony-kernel-test/src/AbstractRepositoryTestCase.php" line="220" class="Tourze\LarkAppBotBundle\Tests\Repository\UserSyncRepositoryTest" classname="Tourze.LarkAppBotBundle.Tests.Repository.UserSyncRepositoryTest" assertions="1" time="0.122594"/>
        <testcase name="testFindOneByShouldSortOrder with data set &quot;single field name&quot;" file="/home/admin/work/source/php-monorepo/packages/phpunit-symfony-kernel-test/src/AbstractRepositoryTestCase.php" line="220" class="Tourze\LarkAppBotBundle\Tests\Repository\UserSyncRepositoryTest" classname="Tourze.LarkAppBotBundle.Tests.Repository.UserSyncRepositoryTest" assertions="1" time="0.119392"/>
        <testcase name="testFindOneByShouldSortOrder with data set &quot;single field email&quot;" file="/home/admin/work/source/php-monorepo/packages/phpunit-symfony-kernel-test/src/AbstractRepositoryTestCase.php" line="220" class="Tourze\LarkAppBotBundle\Tests\Repository\UserSyncRepositoryTest" classname="Tourze.LarkAppBotBundle.Tests.Repository.UserSyncRepositoryTest" assertions="1" time="0.120882"/>
        <testcase name="testFindOneByShouldSortOrder with data set &quot;single field mobile&quot;" file="/home/admin/work/source/php-monorepo/packages/phpunit-symfony-kernel-test/src/AbstractRepositoryTestCase.php" line="220" class="Tourze\LarkAppBotBundle\Tests\Repository\UserSyncRepositoryTest" classname="Tourze.LarkAppBotBundle.Tests.Repository.UserSyncRepositoryTest" assertions="1" time="0.120905"/>
        <testcase name="testFindOneByShouldSortOrder with data set &quot;single field syncStatus&quot;" file="/home/admin/work/source/php-monorepo/packages/phpunit-symfony-kernel-test/src/AbstractRepositoryTestCase.php" line="220" class="Tourze\LarkAppBotBundle\Tests\Repository\UserSyncRepositoryTest" classname="Tourze.LarkAppBotBundle.Tests.Repository.UserSyncRepositoryTest" assertions="1" time="0.120085"/>
        <testcase name="testFindOneByShouldSortOrder with data set &quot;single field syncAt&quot;" file="/home/admin/work/source/php-monorepo/packages/phpunit-symfony-kernel-test/src/AbstractRepositoryTestCase.php" line="220" class="Tourze\LarkAppBotBundle\Tests\Repository\UserSyncRepositoryTest" classname="Tourze.LarkAppBotBundle.Tests.Repository.UserSyncRepositoryTest" assertions="1" time="0.120690"/>
        <testcase name="testFindOneByShouldSortOrder with data set &quot;single field createTime&quot;" file="/home/admin/work/source/php-monorepo/packages/phpunit-symfony-kernel-test/src/AbstractRepositoryTestCase.php" line="220" class="Tourze\LarkAppBotBundle\Tests\Repository\UserSyncRepositoryTest" classname="Tourze.LarkAppBotBundle.Tests.Repository.UserSyncRepositoryTest" assertions="1" time="0.120863"/>
        <testcase name="testFindOneByShouldSortOrder with data set &quot;single field updateTime&quot;" file="/home/admin/work/source/php-monorepo/packages/phpunit-symfony-kernel-test/src/AbstractRepositoryTestCase.php" line="220" class="Tourze\LarkAppBotBundle\Tests\Repository\UserSyncRepositoryTest" classname="Tourze.LarkAppBotBundle.Tests.Repository.UserSyncRepositoryTest" assertions="1" time="0.123388"/>
        <testcase name="testFindOneByShouldSortOrder with data set &quot;2 fields id, userId&quot;" file="/home/admin/work/source/php-monorepo/packages/phpunit-symfony-kernel-test/src/AbstractRepositoryTestCase.php" line="220" class="Tourze\LarkAppBotBundle\Tests\Repository\UserSyncRepositoryTest" classname="Tourze.LarkAppBotBundle.Tests.Repository.UserSyncRepositoryTest" assertions="1" time="0.122700"/>
        <testcase name="testFindOneByShouldSortOrder with data set &quot;2 fields id, updateTime&quot;" file="/home/admin/work/source/php-monorepo/packages/phpunit-symfony-kernel-test/src/AbstractRepositoryTestCase.php" line="220" class="Tourze\LarkAppBotBundle\Tests\Repository\UserSyncRepositoryTest" classname="Tourze.LarkAppBotBundle.Tests.Repository.UserSyncRepositoryTest" assertions="1" time="0.119745"/>
        <testcase name="testFindOneByShouldSortOrder with data set &quot;2 fields name, email&quot;" file="/home/admin/work/source/php-monorepo/packages/phpunit-symfony-kernel-test/src/AbstractRepositoryTestCase.php" line="220" class="Tourze\LarkAppBotBundle\Tests\Repository\UserSyncRepositoryTest" classname="Tourze.LarkAppBotBundle.Tests.Repository.UserSyncRepositoryTest" assertions="1" time="0.123670"/>
        <testcase name="testFindOneByShouldSortOrder with data set &quot;3 fields id, userId, openId&quot;" file="/home/admin/work/source/php-monorepo/packages/phpunit-symfony-kernel-test/src/AbstractRepositoryTestCase.php" line="220" class="Tourze\LarkAppBotBundle\Tests\Repository\UserSyncRepositoryTest" classname="Tourze.LarkAppBotBundle.Tests.Repository.UserSyncRepositoryTest" assertions="1" time="0.120726"/>
        <testcase name="testFindOneByShouldSortOrder with data set &quot;all 11 fields&quot;" file="/home/admin/work/source/php-monorepo/packages/phpunit-symfony-kernel-test/src/AbstractRepositoryTestCase.php" line="220" class="Tourze\LarkAppBotBundle\Tests\Repository\UserSyncRepositoryTest" classname="Tourze.LarkAppBotBundle.Tests.Repository.UserSyncRepositoryTest" assertions="1" time="0.121352"/>
      </testsuite>
      <testcase name="testFindAllWhenNoRecordsExistShouldReturnEmptyArray" file="/home/admin/work/source/php-monorepo/packages/phpunit-symfony-kernel-test/src/AbstractRepositoryTestCase.php" line="359" class="Tourze\LarkAppBotBundle\Tests\Repository\UserSyncRepositoryTest" classname="Tourze.LarkAppBotBundle.Tests.Repository.UserSyncRepositoryTest" assertions="1" time="0.153555"/>
      <testcase name="testFindAllWhenRecordsExistShouldReturnArrayOfEntities" file="/home/admin/work/source/php-monorepo/packages/phpunit-symfony-kernel-test/src/AbstractRepositoryTestCase.php" line="374" class="Tourze\LarkAppBotBundle\Tests\Repository\UserSyncRepositoryTest" classname="Tourze.LarkAppBotBundle.Tests.Repository.UserSyncRepositoryTest" assertions="3" time="0.154933"/>
      <testcase name="testFindWithNonExistentIdShouldReturnNull" file="/home/admin/work/source/php-monorepo/packages/phpunit-symfony-kernel-test/src/AbstractRepositoryTestCase.php" line="394" class="Tourze\LarkAppBotBundle\Tests\Repository\UserSyncRepositoryTest" classname="Tourze.LarkAppBotBundle.Tests.Repository.UserSyncRepositoryTest" assertions="1" time="0.120438"/>
      <testcase name="testFindWithZeroIdShouldReturnNull" file="/home/admin/work/source/php-monorepo/packages/phpunit-symfony-kernel-test/src/AbstractRepositoryTestCase.php" line="401" class="Tourze\LarkAppBotBundle\Tests\Repository\UserSyncRepositoryTest" classname="Tourze.LarkAppBotBundle.Tests.Repository.UserSyncRepositoryTest" assertions="1" time="0.121099"/>
      <testcase name="testFindWithNegativeIdShouldReturnNull" file="/home/admin/work/source/php-monorepo/packages/phpunit-symfony-kernel-test/src/AbstractRepositoryTestCase.php" line="408" class="Tourze\LarkAppBotBundle\Tests\Repository\UserSyncRepositoryTest" classname="Tourze.LarkAppBotBundle.Tests.Repository.UserSyncRepositoryTest" assertions="1" time="0.124095"/>
      <testcase name="testFindWithNullIdShouldThrowException" file="/home/admin/work/source/php-monorepo/packages/phpunit-symfony-kernel-test/src/AbstractRepositoryTestCase.php" line="415" class="Tourze\LarkAppBotBundle\Tests\Repository\UserSyncRepositoryTest" classname="Tourze.LarkAppBotBundle.Tests.Repository.UserSyncRepositoryTest" assertions="1" time="0.116095"/>
      <testcase name="testFindWithExistingIdShouldReturnEntity" file="/home/admin/work/source/php-monorepo/packages/phpunit-symfony-kernel-test/src/AbstractRepositoryTestCase.php" line="422" class="Tourze\LarkAppBotBundle\Tests\Repository\UserSyncRepositoryTest" classname="Tourze.LarkAppBotBundle.Tests.Repository.UserSyncRepositoryTest" assertions="3" time="0.155417"/>
      <testcase name="testCountWithDataFixtureShouldReturnGreaterThanZero" file="/home/admin/work/source/php-monorepo/packages/phpunit-symfony-kernel-test/src/AbstractRepositoryTestCase.php" line="440" class="Tourze\LarkAppBotBundle\Tests\Repository\UserSyncRepositoryTest" classname="Tourze.LarkAppBotBundle.Tests.Repository.UserSyncRepositoryTest" assertions="1" time="0.116543"/>
      <testcase name="testCountWithNotFoundShouldReturnZero" file="/home/admin/work/source/php-monorepo/packages/phpunit-symfony-kernel-test/src/AbstractRepositoryTestCase.php" line="449" class="Tourze\LarkAppBotBundle\Tests\Repository\UserSyncRepositoryTest" classname="Tourze.LarkAppBotBundle.Tests.Repository.UserSyncRepositoryTest" assertions="1" time="0.119345"/>
      <testsuite name="Tourze\LarkAppBotBundle\Tests\Repository\UserSyncRepositoryTest::testCountWithNonExistentFieldShouldThrowException" tests="4" assertions="4" errors="0" failures="0" skipped="0" time="0.468179">
        <testcase name="testCountWithNonExistentFieldShouldThrowException with data set #0" file="/home/admin/work/source/php-monorepo/packages/phpunit-symfony-kernel-test/src/AbstractRepositoryTestCase.php" line="463" class="Tourze\LarkAppBotBundle\Tests\Repository\UserSyncRepositoryTest" classname="Tourze.LarkAppBotBundle.Tests.Repository.UserSyncRepositoryTest" assertions="1" time="0.118212"/>
        <testcase name="testCountWithNonExistentFieldShouldThrowException with data set #1" file="/home/admin/work/source/php-monorepo/packages/phpunit-symfony-kernel-test/src/AbstractRepositoryTestCase.php" line="463" class="Tourze\LarkAppBotBundle\Tests\Repository\UserSyncRepositoryTest" classname="Tourze.LarkAppBotBundle.Tests.Repository.UserSyncRepositoryTest" assertions="1" time="0.116954"/>
        <testcase name="testCountWithNonExistentFieldShouldThrowException with data set #2" file="/home/admin/work/source/php-monorepo/packages/phpunit-symfony-kernel-test/src/AbstractRepositoryTestCase.php" line="463" class="Tourze\LarkAppBotBundle\Tests\Repository\UserSyncRepositoryTest" classname="Tourze.LarkAppBotBundle.Tests.Repository.UserSyncRepositoryTest" assertions="1" time="0.116471"/>
        <testcase name="testCountWithNonExistentFieldShouldThrowException with data set #3" file="/home/admin/work/source/php-monorepo/packages/phpunit-symfony-kernel-test/src/AbstractRepositoryTestCase.php" line="463" class="Tourze\LarkAppBotBundle\Tests\Repository\UserSyncRepositoryTest" classname="Tourze.LarkAppBotBundle.Tests.Repository.UserSyncRepositoryTest" assertions="1" time="0.116542"/>
      </testsuite>
      <testcase name="testSaveMethodShouldExists" file="/home/admin/work/source/php-monorepo/packages/phpunit-symfony-kernel-test/src/AbstractRepositoryTestCase.php" line="470" class="Tourze\LarkAppBotBundle\Tests\Repository\UserSyncRepositoryTest" classname="Tourze.LarkAppBotBundle.Tests.Repository.UserSyncRepositoryTest" assertions="13" time="0.116631"/>
      <testcase name="testSaveWithFlushTrueShouldPersistAndFlush" file="/home/admin/work/source/php-monorepo/packages/phpunit-symfony-kernel-test/src/AbstractRepositoryTestCase.php" line="552" class="Tourze\LarkAppBotBundle\Tests\Repository\UserSyncRepositoryTest" classname="Tourze.LarkAppBotBundle.Tests.Repository.UserSyncRepositoryTest" assertions="2" time="0.158854"/>
      <testcase name="testSaveWithFlushFalseShouldNotImmediatelyPersist" file="/home/admin/work/source/php-monorepo/packages/phpunit-symfony-kernel-test/src/AbstractRepositoryTestCase.php" line="565" class="Tourze\LarkAppBotBundle\Tests\Repository\UserSyncRepositoryTest" classname="Tourze.LarkAppBotBundle.Tests.Repository.UserSyncRepositoryTest" assertions="1" time="0.159605"/>
      <testcase name="testRemoveMethodShouldExists" file="/home/admin/work/source/php-monorepo/packages/phpunit-symfony-kernel-test/src/AbstractRepositoryTestCase.php" line="584" class="Tourze\LarkAppBotBundle\Tests\Repository\UserSyncRepositoryTest" classname="Tourze.LarkAppBotBundle.Tests.Repository.UserSyncRepositoryTest" assertions="13" time="0.117310"/>
      <testcase name="testRemoveWithFlush" file="/home/admin/work/source/php-monorepo/packages/phpunit-symfony-kernel-test/src/AbstractRepositoryTestCase.php" line="666" class="Tourze\LarkAppBotBundle\Tests\Repository\UserSyncRepositoryTest" classname="Tourze.LarkAppBotBundle.Tests.Repository.UserSyncRepositoryTest" assertions="1" time="0.166045"/>
      <testcase name="testRemoveWithoutFlush" file="/home/admin/work/source/php-monorepo/packages/phpunit-symfony-kernel-test/src/AbstractRepositoryTestCase.php" line="680" class="Tourze\LarkAppBotBundle\Tests\Repository\UserSyncRepositoryTest" classname="Tourze.LarkAppBotBundle.Tests.Repository.UserSyncRepositoryTest" assertions="1" time="0.152383"/>
      <testcase name="testSaveAndFindUserSyncShouldWorkCorrectly" file="/home/admin/work/source/php-monorepo/packages/lark-app-bot-bundle/tests/Repository/UserSyncRepositoryTest.php" line="20" class="Tourze\LarkAppBotBundle\Tests\Repository\UserSyncRepositoryTest" classname="Tourze.LarkAppBotBundle.Tests.Repository.UserSyncRepositoryTest" assertions="3" time="0.158328"/>
      <testcase name="testFindByUserIdShouldReturnCorrectUser" file="/home/admin/work/source/php-monorepo/packages/lark-app-bot-bundle/tests/Repository/UserSyncRepositoryTest.php" line="36" class="Tourze\LarkAppBotBundle\Tests\Repository\UserSyncRepositoryTest" classname="Tourze.LarkAppBotBundle.Tests.Repository.UserSyncRepositoryTest" assertions="3" time="0.157041"/>
      <testcase name="testFindByOpenIdShouldReturnCorrectUser" file="/home/admin/work/source/php-monorepo/packages/lark-app-bot-bundle/tests/Repository/UserSyncRepositoryTest.php" line="54" class="Tourze\LarkAppBotBundle\Tests\Repository\UserSyncRepositoryTest" classname="Tourze.LarkAppBotBundle.Tests.Repository.UserSyncRepositoryTest" assertions="3" time="0.158813"/>
      <testcase name="testFindByUnionIdShouldReturnCorrectUser" file="/home/admin/work/source/php-monorepo/packages/lark-app-bot-bundle/tests/Repository/UserSyncRepositoryTest.php" line="72" class="Tourze\LarkAppBotBundle\Tests\Repository\UserSyncRepositoryTest" classname="Tourze.LarkAppBotBundle.Tests.Repository.UserSyncRepositoryTest" assertions="3" time="0.161068"/>
      <testcase name="testFindByEmailShouldReturnCorrectUser" file="/home/admin/work/source/php-monorepo/packages/lark-app-bot-bundle/tests/Repository/UserSyncRepositoryTest.php" line="90" class="Tourze\LarkAppBotBundle\Tests\Repository\UserSyncRepositoryTest" classname="Tourze.LarkAppBotBundle.Tests.Repository.UserSyncRepositoryTest" assertions="3" time="0.162545"/>
      <testcase name="testFindBySyncStatusShouldReturnCorrectUsers" file="/home/admin/work/source/php-monorepo/packages/lark-app-bot-bundle/tests/Repository/UserSyncRepositoryTest.php" line="108" class="Tourze\LarkAppBotBundle\Tests\Repository\UserSyncRepositoryTest" classname="Tourze.LarkAppBotBundle.Tests.Repository.UserSyncRepositoryTest" assertions="14" time="0.166802"/>
      <testcase name="testFindPendingSyncShouldReturnPendingUsers" file="/home/admin/work/source/php-monorepo/packages/lark-app-bot-bundle/tests/Repository/UserSyncRepositoryTest.php" line="140" class="Tourze\LarkAppBotBundle\Tests\Repository\UserSyncRepositoryTest" classname="Tourze.LarkAppBotBundle.Tests.Repository.UserSyncRepositoryTest" assertions="5" time="0.167908"/>
      <testcase name="testFindFailedSyncShouldReturnFailedUsers" file="/home/admin/work/source/php-monorepo/packages/lark-app-bot-bundle/tests/Repository/UserSyncRepositoryTest.php" line="159" class="Tourze\LarkAppBotBundle\Tests\Repository\UserSyncRepositoryTest" classname="Tourze.LarkAppBotBundle.Tests.Repository.UserSyncRepositoryTest" assertions="5" time="0.125505"/>
      <testcase name="testFindSuccessfulSyncShouldReturnSuccessfulUsers" file="/home/admin/work/source/php-monorepo/packages/lark-app-bot-bundle/tests/Repository/UserSyncRepositoryTest.php" line="178" class="Tourze\LarkAppBotBundle\Tests\Repository\UserSyncRepositoryTest" classname="Tourze.LarkAppBotBundle.Tests.Repository.UserSyncRepositoryTest" assertions="9" time="0.113198"/>
      <testcase name="testGetStatusCountsShouldReturnCorrectCounts" file="/home/admin/work/source/php-monorepo/packages/lark-app-bot-bundle/tests/Repository/UserSyncRepositoryTest.php" line="197" class="Tourze\LarkAppBotBundle\Tests\Repository\UserSyncRepositoryTest" classname="Tourze.LarkAppBotBundle.Tests.Repository.UserSyncRepositoryTest" assertions="13" time="0.113003"/>
      <testcase name="testFindBySyncDateRangeShouldReturnUsersInRange" file="/home/admin/work/source/php-monorepo/packages/lark-app-bot-bundle/tests/Repository/UserSyncRepositoryTest.php" line="229" class="Tourze\LarkAppBotBundle\Tests\Repository\UserSyncRepositoryTest" classname="Tourze.LarkAppBotBundle.Tests.Repository.UserSyncRepositoryTest" assertions="48" time="0.108018"/>
      <testcase name="testFindRecentSyncedShouldReturnRecentlySyncedUsers" file="/home/admin/work/source/php-monorepo/packages/lark-app-bot-bundle/tests/Repository/UserSyncRepositoryTest.php" line="254" class="Tourze\LarkAppBotBundle\Tests\Repository\UserSyncRepositoryTest" classname="Tourze.LarkAppBotBundle.Tests.Repository.UserSyncRepositoryTest" assertions="17" time="0.107306"/>
      <testcase name="testSyncStatusValidationShouldOnlyAllowValidStatuses" file="/home/admin/work/source/php-monorepo/packages/lark-app-bot-bundle/tests/Repository/UserSyncRepositoryTest.php" line="290" class="Tourze\LarkAppBotBundle\Tests\Repository\UserSyncRepositoryTest" classname="Tourze.LarkAppBotBundle.Tests.Repository.UserSyncRepositoryTest" assertions="2" time="0.076679"/>
      <testcase name="testUniqueUserIdConstraintShouldPreventDuplicates" file="/home/admin/work/source/php-monorepo/packages/lark-app-bot-bundle/tests/Repository/UserSyncRepositoryTest.php" line="306" class="Tourze\LarkAppBotBundle\Tests\Repository\UserSyncRepositoryTest" classname="Tourze.LarkAppBotBundle.Tests.Repository.UserSyncRepositoryTest" assertions="3" time="0.106409"/>
      <testcase name="testDepartmentIdsJsonFieldShouldHandleArrays" file="/home/admin/work/source/php-monorepo/packages/lark-app-bot-bundle/tests/Repository/UserSyncRepositoryTest.php" line="329" class="Tourze\LarkAppBotBundle\Tests\Repository\UserSyncRepositoryTest" classname="Tourze.LarkAppBotBundle.Tests.Repository.UserSyncRepositoryTest" assertions="3" time="0.108933"/>
      <testcase name="testErrorMessageFieldShouldStoreFailureReasons" file="/home/admin/work/source/php-monorepo/packages/lark-app-bot-bundle/tests/Repository/UserSyncRepositoryTest.php" line="347" class="Tourze\LarkAppBotBundle\Tests\Repository\UserSyncRepositoryTest" classname="Tourze.LarkAppBotBundle.Tests.Repository.UserSyncRepositoryTest" assertions="3" time="0.104731"/>
    </testsuite>
    <testsuite name="Tourze\LarkAppBotBundle\Tests\Service\AdminMenuTest" file="/home/admin/work/source/php-monorepo/packages/lark-app-bot-bundle/tests/Service/AdminMenuTest.php" tests="3" assertions="35" errors="0" failures="0" skipped="0" time="0.229785">
      <testcase name="testShouldHaveRunTestsInSeparateProcesses" file="/home/admin/work/source/php-monorepo/packages/phpunit-symfony-kernel-test/src/AbstractIntegrationTestCase.php" line="919" class="Tourze\LarkAppBotBundle\Tests\Service\AdminMenuTest" classname="Tourze.LarkAppBotBundle.Tests.Service.AdminMenuTest" assertions="1" time="0.076606"/>
      <testcase name="testAdminMenuCreatesLarkBotMenuWithCorrectItems" file="/home/admin/work/source/php-monorepo/packages/lark-app-bot-bundle/tests/Service/AdminMenuTest.php" line="28" class="Tourze\LarkAppBotBundle\Tests\Service\AdminMenuTest" classname="Tourze.LarkAppBotBundle.Tests.Service.AdminMenuTest" assertions="17" time="0.078814"/>
      <testcase name="testAdminMenuDoesNotCreateDuplicateLarkBotMenu" file="/home/admin/work/source/php-monorepo/packages/lark-app-bot-bundle/tests/Service/AdminMenuTest.php" line="70" class="Tourze\LarkAppBotBundle\Tests\Service\AdminMenuTest" classname="Tourze.LarkAppBotBundle.Tests.Service.AdminMenuTest" assertions="17" time="0.074365"/>
    </testsuite>
    <testsuite name="Tourze\LarkAppBotBundle\Tests\Service\AttributeControllerLoaderTest" file="/home/admin/work/source/php-monorepo/packages/lark-app-bot-bundle/tests/Service/AttributeControllerLoaderTest.php" tests="11" assertions="21" errors="0" failures="0" skipped="0" time="0.835470">
      <testcase name="testShouldHaveRunTestsInSeparateProcesses" file="/home/admin/work/source/php-monorepo/packages/phpunit-symfony-kernel-test/src/AbstractIntegrationTestCase.php" line="919" class="Tourze\LarkAppBotBundle\Tests\Service\AttributeControllerLoaderTest" classname="Tourze.LarkAppBotBundle.Tests.Service.AttributeControllerLoaderTest" assertions="1" time="0.073744"/>
      <testcase name="testConstructor" file="/home/admin/work/source/php-monorepo/packages/lark-app-bot-bundle/tests/Service/AttributeControllerLoaderTest.php" line="20" class="Tourze\LarkAppBotBundle\Tests\Service\AttributeControllerLoaderTest" classname="Tourze.LarkAppBotBundle.Tests.Service.AttributeControllerLoaderTest" assertions="1" time="0.074402"/>
      <testcase name="testLoad" file="/home/admin/work/source/php-monorepo/packages/lark-app-bot-bundle/tests/Service/AttributeControllerLoaderTest.php" line="26" class="Tourze\LarkAppBotBundle\Tests\Service\AttributeControllerLoaderTest" classname="Tourze.LarkAppBotBundle.Tests.Service.AttributeControllerLoaderTest" assertions="3" time="0.076770"/>
      <testcase name="testSupports" file="/home/admin/work/source/php-monorepo/packages/lark-app-bot-bundle/tests/Service/AttributeControllerLoaderTest.php" line="36" class="Tourze\LarkAppBotBundle\Tests\Service\AttributeControllerLoaderTest" classname="Tourze.LarkAppBotBundle.Tests.Service.AttributeControllerLoaderTest" assertions="3" time="0.074666"/>
      <testcase name="testAutoload" file="/home/admin/work/source/php-monorepo/packages/lark-app-bot-bundle/tests/Service/AttributeControllerLoaderTest.php" line="45" class="Tourze\LarkAppBotBundle\Tests\Service\AttributeControllerLoaderTest" classname="Tourze.LarkAppBotBundle.Tests.Service.AttributeControllerLoaderTest" assertions="3" time="0.077032"/>
      <testcase name="testImplementsRoutingAutoLoaderInterface" file="/home/admin/work/source/php-monorepo/packages/lark-app-bot-bundle/tests/Service/AttributeControllerLoaderTest.php" line="55" class="Tourze\LarkAppBotBundle\Tests\Service\AttributeControllerLoaderTest" classname="Tourze.LarkAppBotBundle.Tests.Service.AttributeControllerLoaderTest" assertions="1" time="0.075490"/>
      <testcase name="testExtendsSymfonyLoader" file="/home/admin/work/source/php-monorepo/packages/lark-app-bot-bundle/tests/Service/AttributeControllerLoaderTest.php" line="64" class="Tourze\LarkAppBotBundle\Tests\Service\AttributeControllerLoaderTest" classname="Tourze.LarkAppBotBundle.Tests.Service.AttributeControllerLoaderTest" assertions="1" time="0.079367"/>
      <testcase name="testAutoConfigureTag" file="/home/admin/work/source/php-monorepo/packages/lark-app-bot-bundle/tests/Service/AttributeControllerLoaderTest.php" line="73" class="Tourze\LarkAppBotBundle\Tests\Service\AttributeControllerLoaderTest" classname="Tourze.LarkAppBotBundle.Tests.Service.AttributeControllerLoaderTest" assertions="2" time="0.075070"/>
      <testcase name="testLoadReturnsRouteCollection" file="/home/admin/work/source/php-monorepo/packages/lark-app-bot-bundle/tests/Service/AttributeControllerLoaderTest.php" line="92" class="Tourze\LarkAppBotBundle\Tests\Service\AttributeControllerLoaderTest" classname="Tourze.LarkAppBotBundle.Tests.Service.AttributeControllerLoaderTest" assertions="2" time="0.079417"/>
      <testcase name="testLoadWithNullType" file="/home/admin/work/source/php-monorepo/packages/lark-app-bot-bundle/tests/Service/AttributeControllerLoaderTest.php" line="104" class="Tourze\LarkAppBotBundle\Tests\Service\AttributeControllerLoaderTest" classname="Tourze.LarkAppBotBundle.Tests.Service.AttributeControllerLoaderTest" assertions="1" time="0.075648"/>
      <testcase name="testMethodsVisibility" file="/home/admin/work/source/php-monorepo/packages/lark-app-bot-bundle/tests/Service/AttributeControllerLoaderTest.php" line="112" class="Tourze\LarkAppBotBundle\Tests\Service\AttributeControllerLoaderTest" classname="Tourze.LarkAppBotBundle.Tests.Service.AttributeControllerLoaderTest" assertions="3" time="0.073864"/>
    </testsuite>
    <testsuite name="Tourze\LarkAppBotBundle\Tests\Service\Authentication\FileCacheTokenProviderTest" file="/home/admin/work/source/php-monorepo/packages/lark-app-bot-bundle/tests/Service/Authentication/FileCacheTokenProviderTest.php" tests="4" assertions="8" errors="0" failures="0" skipped="0" time="0.315984">
      <testcase name="testShouldHaveRunTestsInSeparateProcesses" file="/home/admin/work/source/php-monorepo/packages/phpunit-symfony-kernel-test/src/AbstractIntegrationTestCase.php" line="919" class="Tourze\LarkAppBotBundle\Tests\Service\Authentication\FileCacheTokenProviderTest" classname="Tourze.LarkAppBotBundle.Tests.Service.Authentication.FileCacheTokenProviderTest" assertions="1" time="0.074583"/>
      <testcase name="testTokenCaching" file="/home/admin/work/source/php-monorepo/packages/lark-app-bot-bundle/tests/Service/Authentication/FileCacheTokenProviderTest.php" line="23" class="Tourze\LarkAppBotBundle\Tests\Service\Authentication\FileCacheTokenProviderTest" classname="Tourze.LarkAppBotBundle.Tests.Service.Authentication.FileCacheTokenProviderTest" assertions="2" time="0.079161"/>
      <testcase name="testRefresh" file="/home/admin/work/source/php-monorepo/packages/lark-app-bot-bundle/tests/Service/Authentication/FileCacheTokenProviderTest.php" line="53" class="Tourze\LarkAppBotBundle\Tests\Service\Authentication\FileCacheTokenProviderTest" classname="Tourze.LarkAppBotBundle.Tests.Service.Authentication.FileCacheTokenProviderTest" assertions="3" time="0.081212"/>
      <testcase name="testClearCache" file="/home/admin/work/source/php-monorepo/packages/lark-app-bot-bundle/tests/Service/Authentication/FileCacheTokenProviderTest.php" line="89" class="Tourze\LarkAppBotBundle\Tests\Service\Authentication\FileCacheTokenProviderTest" classname="Tourze.LarkAppBotBundle.Tests.Service.Authentication.FileCacheTokenProviderTest" assertions="2" time="0.081028"/>
    </testsuite>
    <testsuite name="Tourze\LarkAppBotBundle\Tests\Service\Authentication\TokenManagerTest" file="/home/admin/work/source/php-monorepo/packages/lark-app-bot-bundle/tests/Service/Authentication/TokenManagerTest.php" tests="6" assertions="5" errors="0" failures="0" skipped="0" time="0.689483">
      <testcase name="testShouldHaveRunTestsInSeparateProcesses" file="/home/admin/work/source/php-monorepo/packages/phpunit-symfony-kernel-test/src/AbstractIntegrationTestCase.php" line="919" class="Tourze\LarkAppBotBundle\Tests\Service\Authentication\TokenManagerTest" classname="Tourze.LarkAppBotBundle.Tests.Service.Authentication.TokenManagerTest" assertions="1" time="0.075158"/>
      <testcase name="testServiceCanBeCreated" file="/home/admin/work/source/php-monorepo/packages/lark-app-bot-bundle/tests/Service/Authentication/TokenManagerTest.php" line="19" class="Tourze\LarkAppBotBundle\Tests\Service\Authentication\TokenManagerTest" classname="Tourze.LarkAppBotBundle.Tests.Service.Authentication.TokenManagerTest" assertions="1" time="0.078327"/>
      <testcase name="testClearToken" file="/home/admin/work/source/php-monorepo/packages/lark-app-bot-bundle/tests/Service/Authentication/TokenManagerTest.php" line="28" class="Tourze\LarkAppBotBundle\Tests\Service\Authentication\TokenManagerTest" classname="Tourze.LarkAppBotBundle.Tests.Service.Authentication.TokenManagerTest" assertions="0" time="0.076862"/>
      <testcase name="testIsValidWithNoToken" file="/home/admin/work/source/php-monorepo/packages/lark-app-bot-bundle/tests/Service/Authentication/TokenManagerTest.php" line="40" class="Tourze\LarkAppBotBundle\Tests\Service\Authentication\TokenManagerTest" classname="Tourze.LarkAppBotBundle.Tests.Service.Authentication.TokenManagerTest" assertions="1" time="0.082208"/>
      <testcase name="testGetExpiresAtWithNoToken" file="/home/admin/work/source/php-monorepo/packages/lark-app-bot-bundle/tests/Service/Authentication/TokenManagerTest.php" line="49" class="Tourze\LarkAppBotBundle\Tests\Service\Authentication\TokenManagerTest" classname="Tourze.LarkAppBotBundle.Tests.Service.Authentication.TokenManagerTest" assertions="1" time="0.076689"/>
      <testcase name="testRefresh" file="/home/admin/work/source/php-monorepo/packages/lark-app-bot-bundle/tests/Service/Authentication/TokenManagerTest.php" line="58" class="Tourze\LarkAppBotBundle\Tests\Service\Authentication\TokenManagerTest" classname="Tourze.LarkAppBotBundle.Tests.Service.Authentication.TokenManagerTest" assertions="1" time="0.300240"/>
    </testsuite>
    <testsuite name="Tourze\LarkAppBotBundle\Tests\Service\Cache\CacheLevelTest" file="/home/admin/work/source/php-monorepo/packages/lark-app-bot-bundle/tests/Service/Cache/CacheLevelTest.php" tests="8" assertions="9" errors="0" failures="0" skipped="0" time="0.002577">
      <testcase name="testGetName" file="/home/admin/work/source/php-monorepo/packages/lark-app-bot-bundle/tests/Service/Cache/CacheLevelTest.php" line="27" class="Tourze\LarkAppBotBundle\Tests\Service\Cache\CacheLevelTest" classname="Tourze.LarkAppBotBundle.Tests.Service.Cache.CacheLevelTest" assertions="2" time="0.000876"/>
      <testcase name="testIsEnabled" file="/home/admin/work/source/php-monorepo/packages/lark-app-bot-bundle/tests/Service/Cache/CacheLevelTest.php" line="34" class="Tourze\LarkAppBotBundle\Tests\Service\Cache\CacheLevelTest" classname="Tourze.LarkAppBotBundle.Tests.Service.Cache.CacheLevelTest" assertions="1" time="0.000160"/>
      <testcase name="testGetItem" file="/home/admin/work/source/php-monorepo/packages/lark-app-bot-bundle/tests/Service/Cache/CacheLevelTest.php" line="40" class="Tourze\LarkAppBotBundle\Tests\Service\Cache\CacheLevelTest" classname="Tourze.LarkAppBotBundle.Tests.Service.Cache.CacheLevelTest" assertions="1" time="0.000723"/>
      <testcase name="testGetItems" file="/home/admin/work/source/php-monorepo/packages/lark-app-bot-bundle/tests/Service/Cache/CacheLevelTest.php" line="46" class="Tourze\LarkAppBotBundle\Tests\Service\Cache\CacheLevelTest" classname="Tourze.LarkAppBotBundle.Tests.Service.Cache.CacheLevelTest" assertions="1" time="0.000118"/>
      <testcase name="testSave" file="/home/admin/work/source/php-monorepo/packages/lark-app-bot-bundle/tests/Service/Cache/CacheLevelTest.php" line="52" class="Tourze\LarkAppBotBundle\Tests\Service\Cache\CacheLevelTest" classname="Tourze.LarkAppBotBundle.Tests.Service.Cache.CacheLevelTest" assertions="1" time="0.000442"/>
      <testcase name="testClear" file="/home/admin/work/source/php-monorepo/packages/lark-app-bot-bundle/tests/Service/Cache/CacheLevelTest.php" line="59" class="Tourze\LarkAppBotBundle\Tests\Service\Cache\CacheLevelTest" classname="Tourze.LarkAppBotBundle.Tests.Service.Cache.CacheLevelTest" assertions="1" time="0.000096"/>
      <testcase name="testDeleteItem" file="/home/admin/work/source/php-monorepo/packages/lark-app-bot-bundle/tests/Service/Cache/CacheLevelTest.php" line="65" class="Tourze\LarkAppBotBundle\Tests\Service\Cache\CacheLevelTest" classname="Tourze.LarkAppBotBundle.Tests.Service.Cache.CacheLevelTest" assertions="1" time="0.000082"/>
      <testcase name="testDeleteItems" file="/home/admin/work/source/php-monorepo/packages/lark-app-bot-bundle/tests/Service/Cache/CacheLevelTest.php" line="71" class="Tourze\LarkAppBotBundle\Tests\Service\Cache\CacheLevelTest" classname="Tourze.LarkAppBotBundle.Tests.Service.Cache.CacheLevelTest" assertions="1" time="0.000079"/>
    </testsuite>
    <testsuite name="Tourze\LarkAppBotBundle\Tests\Service\Cache\CacheStatsTest" file="/home/admin/work/source/php-monorepo/packages/lark-app-bot-bundle/tests/Service/Cache/CacheStatsTest.php" tests="6" assertions="28" errors="0" failures="0" skipped="0" time="0.000425">
      <testcase name="testInitialStats" file="/home/admin/work/source/php-monorepo/packages/lark-app-bot-bundle/tests/Service/Cache/CacheStatsTest.php" line="25" class="Tourze\LarkAppBotBundle\Tests\Service\Cache\CacheStatsTest" classname="Tourze.LarkAppBotBundle.Tests.Service.Cache.CacheStatsTest" assertions="5" time="0.000100"/>
      <testcase name="testIncrementRequests" file="/home/admin/work/source/php-monorepo/packages/lark-app-bot-bundle/tests/Service/Cache/CacheStatsTest.php" line="36" class="Tourze\LarkAppBotBundle\Tests\Service\Cache\CacheStatsTest" classname="Tourze.LarkAppBotBundle.Tests.Service.Cache.CacheStatsTest" assertions="1" time="0.000068"/>
      <testcase name="testIncrementHit" file="/home/admin/work/source/php-monorepo/packages/lark-app-bot-bundle/tests/Service/Cache/CacheStatsTest.php" line="45" class="Tourze\LarkAppBotBundle\Tests\Service\Cache\CacheStatsTest" classname="Tourze.LarkAppBotBundle.Tests.Service.Cache.CacheStatsTest" assertions="7" time="0.000067"/>
      <testcase name="testIncrementMiss" file="/home/admin/work/source/php-monorepo/packages/lark-app-bot-bundle/tests/Service/Cache/CacheStatsTest.php" line="60" class="Tourze\LarkAppBotBundle\Tests\Service\Cache\CacheStatsTest" classname="Tourze.LarkAppBotBundle.Tests.Service.Cache.CacheStatsTest" assertions="5" time="0.000069"/>
      <testcase name="testHitRate" file="/home/admin/work/source/php-monorepo/packages/lark-app-bot-bundle/tests/Service/Cache/CacheStatsTest.php" line="73" class="Tourze\LarkAppBotBundle\Tests\Service\Cache\CacheStatsTest" classname="Tourze.LarkAppBotBundle.Tests.Service.Cache.CacheStatsTest" assertions="1" time="0.000061"/>
      <testcase name="testReset" file="/home/admin/work/source/php-monorepo/packages/lark-app-bot-bundle/tests/Service/Cache/CacheStatsTest.php" line="83" class="Tourze\LarkAppBotBundle\Tests\Service\Cache\CacheStatsTest" classname="Tourze.LarkAppBotBundle.Tests.Service.Cache.CacheStatsTest" assertions="9" time="0.000061"/>
    </testsuite>
    <testsuite name="Tourze\LarkAppBotBundle\Tests\Service\Cache\CacheStrategyManagerTest" file="/home/admin/work/source/php-monorepo/packages/lark-app-bot-bundle/tests/Service/Cache/CacheStrategyManagerTest.php" tests="13" assertions="26" errors="0" failures="0" skipped="0" time="1.076694">
      <testcase name="testShouldHaveRunTestsInSeparateProcesses" file="/home/admin/work/source/php-monorepo/packages/phpunit-symfony-kernel-test/src/AbstractIntegrationTestCase.php" line="919" class="Tourze\LarkAppBotBundle\Tests\Service\Cache\CacheStrategyManagerTest" classname="Tourze.LarkAppBotBundle.Tests.Service.Cache.CacheStrategyManagerTest" assertions="1" time="0.087528"/>
      <testcase name="testGetStrategyStats" file="/home/admin/work/source/php-monorepo/packages/lark-app-bot-bundle/tests/Service/Cache/CacheStrategyManagerTest.php" line="31" class="Tourze\LarkAppBotBundle\Tests\Service\Cache\CacheStrategyManagerTest" classname="Tourze.LarkAppBotBundle.Tests.Service.Cache.CacheStrategyManagerTest" assertions="3" time="0.079168"/>
      <testcase name="testHasStrategyForUser" file="/home/admin/work/source/php-monorepo/packages/lark-app-bot-bundle/tests/Service/Cache/CacheStrategyManagerTest.php" line="50" class="Tourze\LarkAppBotBundle\Tests\Service\Cache\CacheStrategyManagerTest" classname="Tourze.LarkAppBotBundle.Tests.Service.Cache.CacheStrategyManagerTest" assertions="1" time="0.083536"/>
      <testcase name="testInvalidStrategyThrowsException" file="/home/admin/work/source/php-monorepo/packages/lark-app-bot-bundle/tests/Service/Cache/CacheStrategyManagerTest.php" line="66" class="Tourze\LarkAppBotBundle\Tests\Service\Cache\CacheStrategyManagerTest" classname="Tourze.LarkAppBotBundle.Tests.Service.Cache.CacheStrategyManagerTest" assertions="1" time="0.080295"/>
      <testcase name="testDelete" file="/home/admin/work/source/php-monorepo/packages/lark-app-bot-bundle/tests/Service/Cache/CacheStrategyManagerTest.php" line="81" class="Tourze\LarkAppBotBundle\Tests\Service\Cache\CacheStrategyManagerTest" classname="Tourze.LarkAppBotBundle.Tests.Service.Cache.CacheStrategyManagerTest" assertions="3" time="0.078788"/>
      <testcase name="testGet" file="/home/admin/work/source/php-monorepo/packages/lark-app-bot-bundle/tests/Service/Cache/CacheStrategyManagerTest.php" line="100" class="Tourze\LarkAppBotBundle\Tests\Service\Cache\CacheStrategyManagerTest" classname="Tourze.LarkAppBotBundle.Tests.Service.Cache.CacheStrategyManagerTest" assertions="3" time="0.091237"/>
      <testcase name="testSet" file="/home/admin/work/source/php-monorepo/packages/lark-app-bot-bundle/tests/Service/Cache/CacheStrategyManagerTest.php" line="125" class="Tourze\LarkAppBotBundle\Tests\Service\Cache\CacheStrategyManagerTest" classname="Tourze.LarkAppBotBundle.Tests.Service.Cache.CacheStrategyManagerTest" assertions="4" time="0.095417"/>
      <testcase name="testClearStrategy" file="/home/admin/work/source/php-monorepo/packages/lark-app-bot-bundle/tests/Service/Cache/CacheStrategyManagerTest.php" line="155" class="Tourze\LarkAppBotBundle\Tests\Service\Cache\CacheStrategyManagerTest" classname="Tourze.LarkAppBotBundle.Tests.Service.Cache.CacheStrategyManagerTest" assertions="2" time="0.076703"/>
      <testcase name="testAddStrategy" file="/home/admin/work/source/php-monorepo/packages/lark-app-bot-bundle/tests/Service/Cache/CacheStrategyManagerTest.php" line="174" class="Tourze\LarkAppBotBundle\Tests\Service\Cache\CacheStrategyManagerTest" classname="Tourze.LarkAppBotBundle.Tests.Service.Cache.CacheStrategyManagerTest" assertions="3" time="0.079952"/>
      <testcase name="testDeleteMultiple" file="/home/admin/work/source/php-monorepo/packages/lark-app-bot-bundle/tests/Service/Cache/CacheStrategyManagerTest.php" line="200" class="Tourze\LarkAppBotBundle\Tests\Service\Cache\CacheStrategyManagerTest" classname="Tourze.LarkAppBotBundle.Tests.Service.Cache.CacheStrategyManagerTest" assertions="3" time="0.080738"/>
      <testcase name="testDeleteMultipleWithEmptyKeys" file="/home/admin/work/source/php-monorepo/packages/lark-app-bot-bundle/tests/Service/Cache/CacheStrategyManagerTest.php" line="220" class="Tourze\LarkAppBotBundle\Tests\Service\Cache\CacheStrategyManagerTest" classname="Tourze.LarkAppBotBundle.Tests.Service.Cache.CacheStrategyManagerTest" assertions="1" time="0.079699"/>
      <testcase name="testWarmup" file="/home/admin/work/source/php-monorepo/packages/lark-app-bot-bundle/tests/Service/Cache/CacheStrategyManagerTest.php" line="228" class="Tourze\LarkAppBotBundle\Tests\Service\Cache\CacheStrategyManagerTest" classname="Tourze.LarkAppBotBundle.Tests.Service.Cache.CacheStrategyManagerTest" assertions="1" time="0.083093"/>
      <testcase name="testOptimizeStrategy" file="/home/admin/work/source/php-monorepo/packages/lark-app-bot-bundle/tests/Service/Cache/CacheStrategyManagerTest.php" line="267" class="Tourze\LarkAppBotBundle\Tests\Service\Cache\CacheStrategyManagerTest" classname="Tourze.LarkAppBotBundle.Tests.Service.Cache.CacheStrategyManagerTest" assertions="0" time="0.080541"/>
    </testsuite>
    <testsuite name="Tourze\LarkAppBotBundle\Tests\Service\Cache\MultiLevelCacheTest" file="/home/admin/work/source/php-monorepo/packages/lark-app-bot-bundle/tests/Service/Cache/MultiLevelCacheTest.php" tests="13" assertions="36" errors="0" failures="0" skipped="0" time="1.170660">
      <testcase name="testShouldHaveRunTestsInSeparateProcesses" file="/home/admin/work/source/php-monorepo/packages/phpunit-symfony-kernel-test/src/AbstractIntegrationTestCase.php" line="919" class="Tourze\LarkAppBotBundle\Tests\Service\Cache\MultiLevelCacheTest" classname="Tourze.LarkAppBotBundle.Tests.Service.Cache.MultiLevelCacheTest" assertions="1" time="0.079885"/>
      <testcase name="testGetItem" file="/home/admin/work/source/php-monorepo/packages/lark-app-bot-bundle/tests/Service/Cache/MultiLevelCacheTest.php" line="20" class="Tourze\LarkAppBotBundle\Tests\Service\Cache\MultiLevelCacheTest" classname="Tourze.LarkAppBotBundle.Tests.Service.Cache.MultiLevelCacheTest" assertions="3" time="0.076327"/>
      <testcase name="testGetStats" file="/home/admin/work/source/php-monorepo/packages/lark-app-bot-bundle/tests/Service/Cache/MultiLevelCacheTest.php" line="34" class="Tourze\LarkAppBotBundle\Tests\Service\Cache\MultiLevelCacheTest" classname="Tourze.LarkAppBotBundle.Tests.Service.Cache.MultiLevelCacheTest" assertions="3" time="0.076228"/>
      <testcase name="testClear" file="/home/admin/work/source/php-monorepo/packages/lark-app-bot-bundle/tests/Service/Cache/MultiLevelCacheTest.php" line="47" class="Tourze\LarkAppBotBundle\Tests\Service\Cache\MultiLevelCacheTest" classname="Tourze.LarkAppBotBundle.Tests.Service.Cache.MultiLevelCacheTest" assertions="1" time="0.078225"/>
      <testcase name="testHasItem" file="/home/admin/work/source/php-monorepo/packages/lark-app-bot-bundle/tests/Service/Cache/MultiLevelCacheTest.php" line="57" class="Tourze\LarkAppBotBundle\Tests\Service\Cache\MultiLevelCacheTest" classname="Tourze.LarkAppBotBundle.Tests.Service.Cache.MultiLevelCacheTest" assertions="2" time="0.076713"/>
      <testcase name="testGetItems" file="/home/admin/work/source/php-monorepo/packages/lark-app-bot-bundle/tests/Service/Cache/MultiLevelCacheTest.php" line="75" class="Tourze\LarkAppBotBundle\Tests\Service\Cache\MultiLevelCacheTest" classname="Tourze.LarkAppBotBundle.Tests.Service.Cache.MultiLevelCacheTest" assertions="2" time="0.078085"/>
      <testcase name="testSave" file="/home/admin/work/source/php-monorepo/packages/lark-app-bot-bundle/tests/Service/Cache/MultiLevelCacheTest.php" line="91" class="Tourze\LarkAppBotBundle\Tests\Service\Cache\MultiLevelCacheTest" classname="Tourze.LarkAppBotBundle.Tests.Service.Cache.MultiLevelCacheTest" assertions="3" time="0.077603"/>
      <testcase name="testSaveDeferred" file="/home/admin/work/source/php-monorepo/packages/lark-app-bot-bundle/tests/Service/Cache/MultiLevelCacheTest.php" line="109" class="Tourze\LarkAppBotBundle\Tests\Service\Cache\MultiLevelCacheTest" classname="Tourze.LarkAppBotBundle.Tests.Service.Cache.MultiLevelCacheTest" assertions="1" time="0.077327"/>
      <testcase name="testCommit" file="/home/admin/work/source/php-monorepo/packages/lark-app-bot-bundle/tests/Service/Cache/MultiLevelCacheTest.php" line="122" class="Tourze\LarkAppBotBundle\Tests\Service\Cache\MultiLevelCacheTest" classname="Tourze.LarkAppBotBundle.Tests.Service.Cache.MultiLevelCacheTest" assertions="3" time="0.084058"/>
      <testcase name="testDeleteItem" file="/home/admin/work/source/php-monorepo/packages/lark-app-bot-bundle/tests/Service/Cache/MultiLevelCacheTest.php" line="142" class="Tourze\LarkAppBotBundle\Tests\Service\Cache\MultiLevelCacheTest" classname="Tourze.LarkAppBotBundle.Tests.Service.Cache.MultiLevelCacheTest" assertions="3" time="0.115512"/>
      <testcase name="testDeleteItems" file="/home/admin/work/source/php-monorepo/packages/lark-app-bot-bundle/tests/Service/Cache/MultiLevelCacheTest.php" line="162" class="Tourze\LarkAppBotBundle\Tests\Service\Cache\MultiLevelCacheTest" classname="Tourze.LarkAppBotBundle.Tests.Service.Cache.MultiLevelCacheTest" assertions="5" time="0.117157"/>
      <testcase name="testWarmup" file="/home/admin/work/source/php-monorepo/packages/lark-app-bot-bundle/tests/Service/Cache/MultiLevelCacheTest.php" line="192" class="Tourze\LarkAppBotBundle\Tests\Service\Cache\MultiLevelCacheTest" classname="Tourze.LarkAppBotBundle.Tests.Service.Cache.MultiLevelCacheTest" assertions="6" time="0.116052"/>
      <testcase name="testSetLevelConfig" file="/home/admin/work/source/php-monorepo/packages/lark-app-bot-bundle/tests/Service/Cache/MultiLevelCacheTest.php" line="215" class="Tourze\LarkAppBotBundle\Tests\Service\Cache\MultiLevelCacheTest" classname="Tourze.LarkAppBotBundle.Tests.Service.Cache.MultiLevelCacheTest" assertions="3" time="0.117490"/>
    </testsuite>
    <testsuite name="Tourze\LarkAppBotBundle\Tests\Service\Client\CircuitBreakerTest" file="/home/admin/work/source/php-monorepo/packages/lark-app-bot-bundle/tests/Service/Client/CircuitBreakerTest.php" tests="8" assertions="22" errors="0" failures="0" skipped="0" time="0.955794">
      <testcase name="testShouldHaveRunTestsInSeparateProcesses" file="/home/admin/work/source/php-monorepo/packages/phpunit-symfony-kernel-test/src/AbstractIntegrationTestCase.php" line="919" class="Tourze\LarkAppBotBundle\Tests\Service\Client\CircuitBreakerTest" classname="Tourze.LarkAppBotBundle.Tests.Service.Client.CircuitBreakerTest" assertions="2" time="0.117659"/>
      <testcase name="testExecuteSuccess" file="/home/admin/work/source/php-monorepo/packages/lark-app-bot-bundle/tests/Service/Client/CircuitBreakerTest.php" line="25" class="Tourze\LarkAppBotBundle\Tests\Service\Client\CircuitBreakerTest" classname="Tourze.LarkAppBotBundle.Tests.Service.Client.CircuitBreakerTest" assertions="2" time="0.117902"/>
      <testcase name="testExecuteFailure" file="/home/admin/work/source/php-monorepo/packages/lark-app-bot-bundle/tests/Service/Client/CircuitBreakerTest.php" line="34" class="Tourze\LarkAppBotBundle\Tests\Service\Client\CircuitBreakerTest" classname="Tourze.LarkAppBotBundle.Tests.Service.Client.CircuitBreakerTest" assertions="2" time="0.119113"/>
      <testcase name="testGetStats" file="/home/admin/work/source/php-monorepo/packages/lark-app-bot-bundle/tests/Service/Client/CircuitBreakerTest.php" line="45" class="Tourze\LarkAppBotBundle\Tests\Service\Client\CircuitBreakerTest" classname="Tourze.LarkAppBotBundle.Tests.Service.Client.CircuitBreakerTest" assertions="8" time="0.118351"/>
      <testcase name="testReset" file="/home/admin/work/source/php-monorepo/packages/lark-app-bot-bundle/tests/Service/Client/CircuitBreakerTest.php" line="58" class="Tourze\LarkAppBotBundle\Tests\Service\Client\CircuitBreakerTest" classname="Tourze.LarkAppBotBundle.Tests.Service.Client.CircuitBreakerTest" assertions="2" time="0.120244"/>
      <testcase name="testOpenStateThrowsException" file="/home/admin/work/source/php-monorepo/packages/lark-app-bot-bundle/tests/Service/Client/CircuitBreakerTest.php" line="68" class="Tourze\LarkAppBotBundle\Tests\Service\Client\CircuitBreakerTest" classname="Tourze.LarkAppBotBundle.Tests.Service.Client.CircuitBreakerTest" assertions="2" time="0.119945"/>
      <testcase name="testTransitionToHalfOpenAfterTimeout" file="/home/admin/work/source/php-monorepo/packages/lark-app-bot-bundle/tests/Service/Client/CircuitBreakerTest.php" line="79" class="Tourze\LarkAppBotBundle\Tests\Service\Client\CircuitBreakerTest" classname="Tourze.LarkAppBotBundle.Tests.Service.Client.CircuitBreakerTest" assertions="2" time="0.121256"/>
      <testcase name="testTransitionToClosedAfterSuccessThreshold" file="/home/admin/work/source/php-monorepo/packages/lark-app-bot-bundle/tests/Service/Client/CircuitBreakerTest.php" line="91" class="Tourze\LarkAppBotBundle\Tests\Service\Client\CircuitBreakerTest" classname="Tourze.LarkAppBotBundle.Tests.Service.Client.CircuitBreakerTest" assertions="2" time="0.121324"/>
    </testsuite>
    <testsuite name="Tourze\LarkAppBotBundle\Tests\Service\Client\LarkClientIntegrationTest" file="/home/admin/work/source/php-monorepo/packages/lark-app-bot-bundle/tests/Service/Client/LarkClientIntegrationTest.php" tests="8" assertions="21" errors="0" failures="0" skipped="0" time="0.991694">
      <testcase name="testShouldHaveRunTestsInSeparateProcesses" file="/home/admin/work/source/php-monorepo/packages/phpunit-symfony-kernel-test/src/AbstractIntegrationTestCase.php" line="919" class="Tourze\LarkAppBotBundle\Tests\Service\Client\LarkClientIntegrationTest" classname="Tourze.LarkAppBotBundle.Tests.Service.Client.LarkClientIntegrationTest" assertions="1" time="0.116629"/>
      <testcase name="testLarkClientIntegration" file="/home/admin/work/source/php-monorepo/packages/lark-app-bot-bundle/tests/Service/Client/LarkClientIntegrationTest.php" line="30" class="Tourze\LarkAppBotBundle\Tests\Service\Client\LarkClientIntegrationTest" classname="Tourze.LarkAppBotBundle.Tests.Service.Client.LarkClientIntegrationTest" assertions="6" time="0.128366"/>
      <testcase name="testReset" file="/home/admin/work/source/php-monorepo/packages/lark-app-bot-bundle/tests/Service/Client/LarkClientIntegrationTest.php" line="58" class="Tourze\LarkAppBotBundle\Tests\Service\Client\LarkClientIntegrationTest" classname="Tourze.LarkAppBotBundle.Tests.Service.Client.LarkClientIntegrationTest" assertions="2" time="0.123043"/>
      <testcase name="testStream" file="/home/admin/work/source/php-monorepo/packages/lark-app-bot-bundle/tests/Service/Client/LarkClientIntegrationTest.php" line="72" class="Tourze\LarkAppBotBundle\Tests\Service\Client\LarkClientIntegrationTest" classname="Tourze.LarkAppBotBundle.Tests.Service.Client.LarkClientIntegrationTest" assertions="1" time="0.127169"/>
      <testcase name="testRequest" file="/home/admin/work/source/php-monorepo/packages/lark-app-bot-bundle/tests/Service/Client/LarkClientIntegrationTest.php" line="95" class="Tourze\LarkAppBotBundle\Tests\Service\Client\LarkClientIntegrationTest" classname="Tourze.LarkAppBotBundle.Tests.Service.Client.LarkClientIntegrationTest" assertions="6" time="0.130523"/>
      <testcase name="testWithAuthentication" file="/home/admin/work/source/php-monorepo/packages/lark-app-bot-bundle/tests/Service/Client/LarkClientIntegrationTest.php" line="137" class="Tourze\LarkAppBotBundle\Tests\Service\Client\LarkClientIntegrationTest" classname="Tourze.LarkAppBotBundle.Tests.Service.Client.LarkClientIntegrationTest" assertions="3" time="0.125105"/>
      <testcase name="testClientHasResetMethod" file="/home/admin/work/source/php-monorepo/packages/lark-app-bot-bundle/tests/Service/Client/LarkClientIntegrationTest.php" line="161" class="Tourze\LarkAppBotBundle\Tests\Service\Client\LarkClientIntegrationTest" classname="Tourze.LarkAppBotBundle.Tests.Service.Client.LarkClientIntegrationTest" assertions="1" time="0.122218"/>
      <testcase name="testWithOptions" file="/home/admin/work/source/php-monorepo/packages/lark-app-bot-bundle/tests/Service/Client/LarkClientIntegrationTest.php" line="172" class="Tourze\LarkAppBotBundle\Tests\Service\Client\LarkClientIntegrationTest" classname="Tourze.LarkAppBotBundle.Tests.Service.Client.LarkClientIntegrationTest" assertions="1" time="0.118642"/>
    </testsuite>
    <testsuite name="Tourze\LarkAppBotBundle\Tests\Service\Client\LarkClientTest" file="/home/admin/work/source/php-monorepo/packages/lark-app-bot-bundle/tests/Service/Client/LarkClientTest.php" tests="10" assertions="15" errors="0" failures="0" skipped="0" time="1.406799">
      <testcase name="testShouldHaveRunTestsInSeparateProcesses" file="/home/admin/work/source/php-monorepo/packages/phpunit-symfony-kernel-test/src/AbstractIntegrationTestCase.php" line="919" class="Tourze\LarkAppBotBundle\Tests\Service\Client\LarkClientTest" classname="Tourze.LarkAppBotBundle.Tests.Service.Client.LarkClientTest" assertions="1" time="0.125253"/>
      <testcase name="testConstruct" file="/home/admin/work/source/php-monorepo/packages/lark-app-bot-bundle/tests/Service/Client/LarkClientTest.php" line="24" class="Tourze\LarkAppBotBundle\Tests\Service\Client\LarkClientTest" classname="Tourze.LarkAppBotBundle.Tests.Service.Client.LarkClientTest" assertions="1" time="0.120089"/>
      <testcase name="testRequest" file="/home/admin/work/source/php-monorepo/packages/lark-app-bot-bundle/tests/Service/Client/LarkClientTest.php" line="29" class="Tourze\LarkAppBotBundle\Tests\Service\Client\LarkClientTest" classname="Tourze.LarkAppBotBundle.Tests.Service.Client.LarkClientTest" assertions="1" time="0.306187"/>
      <testcase name="testGetBaseUrl" file="/home/admin/work/source/php-monorepo/packages/lark-app-bot-bundle/tests/Service/Client/LarkClientTest.php" line="37" class="Tourze\LarkAppBotBundle\Tests\Service\Client\LarkClientTest" classname="Tourze.LarkAppBotBundle.Tests.Service.Client.LarkClientTest" assertions="1" time="0.122746"/>
      <testcase name="testGetAppId" file="/home/admin/work/source/php-monorepo/packages/lark-app-bot-bundle/tests/Service/Client/LarkClientTest.php" line="44" class="Tourze\LarkAppBotBundle\Tests\Service\Client\LarkClientTest" classname="Tourze.LarkAppBotBundle.Tests.Service.Client.LarkClientTest" assertions="1" time="0.122993"/>
      <testcase name="testIsDebug" file="/home/admin/work/source/php-monorepo/packages/lark-app-bot-bundle/tests/Service/Client/LarkClientTest.php" line="51" class="Tourze\LarkAppBotBundle\Tests\Service\Client\LarkClientTest" classname="Tourze.LarkAppBotBundle.Tests.Service.Client.LarkClientTest" assertions="1" time="0.121773"/>
      <testcase name="testSetDebug" file="/home/admin/work/source/php-monorepo/packages/lark-app-bot-bundle/tests/Service/Client/LarkClientTest.php" line="59" class="Tourze\LarkAppBotBundle\Tests\Service\Client\LarkClientTest" classname="Tourze.LarkAppBotBundle.Tests.Service.Client.LarkClientTest" assertions="2" time="0.119714"/>
      <testcase name="testReset" file="/home/admin/work/source/php-monorepo/packages/lark-app-bot-bundle/tests/Service/Client/LarkClientTest.php" line="70" class="Tourze\LarkAppBotBundle\Tests\Service\Client\LarkClientTest" classname="Tourze.LarkAppBotBundle.Tests.Service.Client.LarkClientTest" assertions="2" time="0.119216"/>
      <testcase name="testStream" file="/home/admin/work/source/php-monorepo/packages/lark-app-bot-bundle/tests/Service/Client/LarkClientTest.php" line="80" class="Tourze\LarkAppBotBundle\Tests\Service\Client\LarkClientTest" classname="Tourze.LarkAppBotBundle.Tests.Service.Client.LarkClientTest" assertions="1" time="0.126583"/>
      <testcase name="testWithOptions" file="/home/admin/work/source/php-monorepo/packages/lark-app-bot-bundle/tests/Service/Client/LarkClientTest.php" line="90" class="Tourze\LarkAppBotBundle\Tests\Service\Client\LarkClientTest" classname="Tourze.LarkAppBotBundle.Tests.Service.Client.LarkClientTest" assertions="4" time="0.122244"/>
    </testsuite>
    <testsuite name="Tourze\LarkAppBotBundle\Tests\Service\Client\ResponseHandlerTest" file="/home/admin/work/source/php-monorepo/packages/lark-app-bot-bundle/tests/Service/Client/ResponseHandlerTest.php" tests="10" assertions="23" errors="0" failures="0" skipped="0" time="1.192546">
      <testcase name="testShouldHaveRunTestsInSeparateProcesses" file="/home/admin/work/source/php-monorepo/packages/phpunit-symfony-kernel-test/src/AbstractIntegrationTestCase.php" line="919" class="Tourze\LarkAppBotBundle\Tests\Service\Client\ResponseHandlerTest" classname="Tourze.LarkAppBotBundle.Tests.Service.Client.ResponseHandlerTest" assertions="1" time="0.116376"/>
      <testcase name="testHandleSuccessResponse" file="/home/admin/work/source/php-monorepo/packages/lark-app-bot-bundle/tests/Service/Client/ResponseHandlerTest.php" line="28" class="Tourze\LarkAppBotBundle\Tests\Service\Client\ResponseHandlerTest" classname="Tourze.LarkAppBotBundle.Tests.Service.Client.ResponseHandlerTest" assertions="2" time="0.125448"/>
      <testcase name="testHandleBusinessError" file="/home/admin/work/source/php-monorepo/packages/lark-app-bot-bundle/tests/Service/Client/ResponseHandlerTest.php" line="46" class="Tourze\LarkAppBotBundle\Tests\Service\Client\ResponseHandlerTest" classname="Tourze.LarkAppBotBundle.Tests.Service.Client.ResponseHandlerTest" assertions="3" time="0.118374"/>
      <testcase name="testHandleRateLimitError" file="/home/admin/work/source/php-monorepo/packages/lark-app-bot-bundle/tests/Service/Client/ResponseHandlerTest.php" line="65" class="Tourze\LarkAppBotBundle\Tests\Service\Client\ResponseHandlerTest" classname="Tourze.LarkAppBotBundle.Tests.Service.Client.ResponseHandlerTest" assertions="2" time="0.117155"/>
      <testcase name="testHandleValidationError" file="/home/admin/work/source/php-monorepo/packages/lark-app-bot-bundle/tests/Service/Client/ResponseHandlerTest.php" line="83" class="Tourze\LarkAppBotBundle\Tests\Service\Client\ResponseHandlerTest" classname="Tourze.LarkAppBotBundle.Tests.Service.Client.ResponseHandlerTest" assertions="2" time="0.119694"/>
      <testcase name="testHandleHttpError" file="/home/admin/work/source/php-monorepo/packages/lark-app-bot-bundle/tests/Service/Client/ResponseHandlerTest.php" line="101" class="Tourze\LarkAppBotBundle\Tests\Service\Client\ResponseHandlerTest" classname="Tourze.LarkAppBotBundle.Tests.Service.Client.ResponseHandlerTest" assertions="4" time="0.118483"/>
      <testcase name="testExtractData" file="/home/admin/work/source/php-monorepo/packages/lark-app-bot-bundle/tests/Service/Client/ResponseHandlerTest.php" line="121" class="Tourze\LarkAppBotBundle\Tests\Service\Client\ResponseHandlerTest" classname="Tourze.LarkAppBotBundle.Tests.Service.Client.ResponseHandlerTest" assertions="2" time="0.115837"/>
      <testcase name="testExtractDataWithError" file="/home/admin/work/source/php-monorepo/packages/lark-app-bot-bundle/tests/Service/Client/ResponseHandlerTest.php" line="134" class="Tourze\LarkAppBotBundle\Tests\Service\Client\ResponseHandlerTest" classname="Tourze.LarkAppBotBundle.Tests.Service.Client.ResponseHandlerTest" assertions="2" time="0.119693"/>
      <testcase name="testExtractDataInvalidJson" file="/home/admin/work/source/php-monorepo/packages/lark-app-bot-bundle/tests/Service/Client/ResponseHandlerTest.php" line="147" class="Tourze\LarkAppBotBundle\Tests\Service\Client\ResponseHandlerTest" classname="Tourze.LarkAppBotBundle.Tests.Service.Client.ResponseHandlerTest" assertions="3" time="0.122362"/>
      <testcase name="testResponseHandlerErrorHandling" file="/home/admin/work/source/php-monorepo/packages/lark-app-bot-bundle/tests/Service/Client/ResponseHandlerTest.php" line="161" class="Tourze\LarkAppBotBundle\Tests\Service\Client\ResponseHandlerTest" classname="Tourze.LarkAppBotBundle.Tests.Service.Client.ResponseHandlerTest" assertions="2" time="0.119123"/>
    </testsuite>
    <testsuite name="Tourze\LarkAppBotBundle\Tests\Service\ExternalCollaboration\AccessControlListTest" file="/home/admin/work/source/php-monorepo/packages/lark-app-bot-bundle/tests/Service/ExternalCollaboration/AccessControlListTest.php" tests="11" assertions="11" errors="0" failures="0" skipped="0" time="1.323673">
      <testcase name="testShouldHaveRunTestsInSeparateProcesses" file="/home/admin/work/source/php-monorepo/packages/phpunit-symfony-kernel-test/src/AbstractIntegrationTestCase.php" line="919" class="Tourze\LarkAppBotBundle\Tests\Service\ExternalCollaboration\AccessControlListTest" classname="Tourze.LarkAppBotBundle.Tests.Service.ExternalCollaboration.AccessControlListTest" assertions="1" time="0.120506"/>
      <testcase name="testAddRule" file="/home/admin/work/source/php-monorepo/packages/lark-app-bot-bundle/tests/Service/ExternalCollaboration/AccessControlListTest.php" line="28" class="Tourze\LarkAppBotBundle\Tests\Service\ExternalCollaboration\AccessControlListTest" classname="Tourze.LarkAppBotBundle.Tests.Service.ExternalCollaboration.AccessControlListTest" assertions="0" time="0.120237"/>
      <testcase name="testCheckAccessWithNoRules" file="/home/admin/work/source/php-monorepo/packages/lark-app-bot-bundle/tests/Service/ExternalCollaboration/AccessControlListTest.php" line="41" class="Tourze\LarkAppBotBundle\Tests\Service\ExternalCollaboration\AccessControlListTest" classname="Tourze.LarkAppBotBundle.Tests.Service.ExternalCollaboration.AccessControlListTest" assertions="1" time="0.119794"/>
      <testcase name="testCheckAccessWithAllowRule" file="/home/admin/work/source/php-monorepo/packages/lark-app-bot-bundle/tests/Service/ExternalCollaboration/AccessControlListTest.php" line="53" class="Tourze\LarkAppBotBundle\Tests\Service\ExternalCollaboration\AccessControlListTest" classname="Tourze.LarkAppBotBundle.Tests.Service.ExternalCollaboration.AccessControlListTest" assertions="1" time="0.120963"/>
      <testcase name="testCheckAccessWithDenyRule" file="/home/admin/work/source/php-monorepo/packages/lark-app-bot-bundle/tests/Service/ExternalCollaboration/AccessControlListTest.php" line="72" class="Tourze\LarkAppBotBundle\Tests\Service\ExternalCollaboration\AccessControlListTest" classname="Tourze.LarkAppBotBundle.Tests.Service.ExternalCollaboration.AccessControlListTest" assertions="1" time="0.117393"/>
      <testcase name="testDenyOverridesAllow" file="/home/admin/work/source/php-monorepo/packages/lark-app-bot-bundle/tests/Service/ExternalCollaboration/AccessControlListTest.php" line="90" class="Tourze\LarkAppBotBundle\Tests\Service\ExternalCollaboration\AccessControlListTest" classname="Tourze.LarkAppBotBundle.Tests.Service.ExternalCollaboration.AccessControlListTest" assertions="1" time="0.120622"/>
      <testcase name="testCheckAccessWithRoleMatching" file="/home/admin/work/source/php-monorepo/packages/lark-app-bot-bundle/tests/Service/ExternalCollaboration/AccessControlListTest.php" line="118" class="Tourze\LarkAppBotBundle\Tests\Service\ExternalCollaboration\AccessControlListTest" classname="Tourze.LarkAppBotBundle.Tests.Service.ExternalCollaboration.AccessControlListTest" assertions="1" time="0.119419"/>
      <testcase name="testCheckAccessWithExternalUserMatching" file="/home/admin/work/source/php-monorepo/packages/lark-app-bot-bundle/tests/Service/ExternalCollaboration/AccessControlListTest.php" line="139" class="Tourze\LarkAppBotBundle\Tests\Service\ExternalCollaboration\AccessControlListTest" classname="Tourze.LarkAppBotBundle.Tests.Service.ExternalCollaboration.AccessControlListTest" assertions="1" time="0.120260"/>
      <testcase name="testRemoveRule" file="/home/admin/work/source/php-monorepo/packages/lark-app-bot-bundle/tests/Service/ExternalCollaboration/AccessControlListTest.php" line="160" class="Tourze\LarkAppBotBundle\Tests\Service\ExternalCollaboration\AccessControlListTest" classname="Tourze.LarkAppBotBundle.Tests.Service.ExternalCollaboration.AccessControlListTest" assertions="1" time="0.121640"/>
      <testcase name="testClearRules" file="/home/admin/work/source/php-monorepo/packages/lark-app-bot-bundle/tests/Service/ExternalCollaboration/AccessControlListTest.php" line="187" class="Tourze\LarkAppBotBundle\Tests\Service\ExternalCollaboration\AccessControlListTest" classname="Tourze.LarkAppBotBundle.Tests.Service.ExternalCollaboration.AccessControlListTest" assertions="3" time="0.120214"/>
      <testcase name="testClearRulesForNonExistentResource" file="/home/admin/work/source/php-monorepo/packages/lark-app-bot-bundle/tests/Service/ExternalCollaboration/AccessControlListTest.php" line="229" class="Tourze\LarkAppBotBundle\Tests\Service\ExternalCollaboration\AccessControlListTest" classname="Tourze.LarkAppBotBundle.Tests.Service.ExternalCollaboration.AccessControlListTest" assertions="0" time="0.122625"/>
    </testsuite>
    <testsuite name="Tourze\LarkAppBotBundle\Tests\Service\ExternalCollaboration\AuditExporterTest" file="/home/admin/work/source/php-monorepo/packages/lark-app-bot-bundle/tests/Service/ExternalCollaboration/AuditExporterTest.php" tests="3" assertions="3" errors="0" failures="0" skipped="0" time="0.346049">
      <testcase name="testShouldHaveRunTestsInSeparateProcesses" file="/home/admin/work/source/php-monorepo/packages/phpunit-symfony-kernel-test/src/AbstractIntegrationTestCase.php" line="919" class="Tourze\LarkAppBotBundle\Tests\Service\ExternalCollaboration\AuditExporterTest" classname="Tourze.LarkAppBotBundle.Tests.Service.ExternalCollaboration.AuditExporterTest" assertions="1" time="0.118541"/>
      <testcase name="testExportJson" file="/home/admin/work/source/php-monorepo/packages/lark-app-bot-bundle/tests/Service/ExternalCollaboration/AuditExporterTest.php" line="16" class="Tourze\LarkAppBotBundle\Tests\Service\ExternalCollaboration\AuditExporterTest" classname="Tourze.LarkAppBotBundle.Tests.Service.ExternalCollaboration.AuditExporterTest" assertions="1" time="0.113600"/>
      <testcase name="testExportCsvEmpty" file="/home/admin/work/source/php-monorepo/packages/lark-app-bot-bundle/tests/Service/ExternalCollaboration/AuditExporterTest.php" line="23" class="Tourze\LarkAppBotBundle\Tests\Service\ExternalCollaboration\AuditExporterTest" classname="Tourze.LarkAppBotBundle.Tests.Service.ExternalCollaboration.AuditExporterTest" assertions="1" time="0.113908"/>
    </testsuite>
    <testsuite name="Tourze\LarkAppBotBundle\Tests\Service\ExternalCollaboration\AuditLoggerTest" file="/home/admin/work/source/php-monorepo/packages/lark-app-bot-bundle/tests/Service/ExternalCollaboration/AuditLoggerTest.php" tests="17" assertions="135" errors="0" failures="0" skipped="0" time="1.478905">
      <testcase name="testShouldHaveRunTestsInSeparateProcesses" file="/home/admin/work/source/php-monorepo/packages/phpunit-symfony-kernel-test/src/AbstractIntegrationTestCase.php" line="919" class="Tourze\LarkAppBotBundle\Tests\Service\ExternalCollaboration\AuditLoggerTest" classname="Tourze.LarkAppBotBundle.Tests.Service.ExternalCollaboration.AuditLoggerTest" assertions="2" time="0.120019"/>
      <testcase name="testLogBasicAuditEntry" file="/home/admin/work/source/php-monorepo/packages/lark-app-bot-bundle/tests/Service/ExternalCollaboration/AuditLoggerTest.php" line="35" class="Tourze\LarkAppBotBundle\Tests\Service\ExternalCollaboration\AuditLoggerTest" classname="Tourze.LarkAppBotBundle.Tests.Service.ExternalCollaboration.AuditLoggerTest" assertions="15" time="0.122742"/>
      <testcase name="testLogWithDifferentLevels" file="/home/admin/work/source/php-monorepo/packages/lark-app-bot-bundle/tests/Service/ExternalCollaboration/AuditLoggerTest.php" line="77" class="Tourze\LarkAppBotBundle\Tests\Service\ExternalCollaboration\AuditLoggerTest" classname="Tourze.LarkAppBotBundle.Tests.Service.ExternalCollaboration.AuditLoggerTest" assertions="10" time="0.124246"/>
      <testcase name="testLogExternalUserLoginSuccess" file="/home/admin/work/source/php-monorepo/packages/lark-app-bot-bundle/tests/Service/ExternalCollaboration/AuditLoggerTest.php" line="112" class="Tourze\LarkAppBotBundle\Tests\Service\ExternalCollaboration\AuditLoggerTest" classname="Tourze.LarkAppBotBundle.Tests.Service.ExternalCollaboration.AuditLoggerTest" assertions="10" time="0.077275"/>
      <testcase name="testLogExternalUserLoginFailure" file="/home/admin/work/source/php-monorepo/packages/lark-app-bot-bundle/tests/Service/ExternalCollaboration/AuditLoggerTest.php" line="147" class="Tourze\LarkAppBotBundle\Tests\Service\ExternalCollaboration\AuditLoggerTest" classname="Tourze.LarkAppBotBundle.Tests.Service.ExternalCollaboration.AuditLoggerTest" assertions="10" time="0.083411"/>
      <testcase name="testLogExternalUserAccessAllowed" file="/home/admin/work/source/php-monorepo/packages/lark-app-bot-bundle/tests/Service/ExternalCollaboration/AuditLoggerTest.php" line="184" class="Tourze\LarkAppBotBundle\Tests\Service\ExternalCollaboration\AuditLoggerTest" classname="Tourze.LarkAppBotBundle.Tests.Service.ExternalCollaboration.AuditLoggerTest" assertions="10" time="0.077651"/>
      <testcase name="testLogExternalUserAccessDenied" file="/home/admin/work/source/php-monorepo/packages/lark-app-bot-bundle/tests/Service/ExternalCollaboration/AuditLoggerTest.php" line="221" class="Tourze\LarkAppBotBundle\Tests\Service\ExternalCollaboration\AuditLoggerTest" classname="Tourze.LarkAppBotBundle.Tests.Service.ExternalCollaboration.AuditLoggerTest" assertions="10" time="0.082821"/>
      <testcase name="testLogPermissionChange" file="/home/admin/work/source/php-monorepo/packages/lark-app-bot-bundle/tests/Service/ExternalCollaboration/AuditLoggerTest.php" line="258" class="Tourze\LarkAppBotBundle\Tests\Service\ExternalCollaboration\AuditLoggerTest" classname="Tourze.LarkAppBotBundle.Tests.Service.ExternalCollaboration.AuditLoggerTest" assertions="10" time="0.078212"/>
      <testcase name="testLogSecurityViolation" file="/home/admin/work/source/php-monorepo/packages/lark-app-bot-bundle/tests/Service/ExternalCollaboration/AuditLoggerTest.php" line="298" class="Tourze\LarkAppBotBundle\Tests\Service\ExternalCollaboration\AuditLoggerTest" classname="Tourze.LarkAppBotBundle.Tests.Service.ExternalCollaboration.AuditLoggerTest" assertions="13" time="0.081301"/>
      <testcase name="testQueryWithCriteria" file="/home/admin/work/source/php-monorepo/packages/lark-app-bot-bundle/tests/Service/ExternalCollaboration/AuditLoggerTest.php" line="338" class="Tourze\LarkAppBotBundle\Tests\Service\ExternalCollaboration\AuditLoggerTest" classname="Tourze.LarkAppBotBundle.Tests.Service.ExternalCollaboration.AuditLoggerTest" assertions="7" time="0.080320"/>
      <testcase name="testGetUserAuditLogs" file="/home/admin/work/source/php-monorepo/packages/lark-app-bot-bundle/tests/Service/ExternalCollaboration/AuditLoggerTest.php" line="367" class="Tourze\LarkAppBotBundle\Tests\Service\ExternalCollaboration\AuditLoggerTest" classname="Tourze.LarkAppBotBundle.Tests.Service.ExternalCollaboration.AuditLoggerTest" assertions="4" time="0.077847"/>
      <testcase name="testGetStatistics" file="/home/admin/work/source/php-monorepo/packages/lark-app-bot-bundle/tests/Service/ExternalCollaboration/AuditLoggerTest.php" line="387" class="Tourze\LarkAppBotBundle\Tests\Service\ExternalCollaboration\AuditLoggerTest" classname="Tourze.LarkAppBotBundle.Tests.Service.ExternalCollaboration.AuditLoggerTest" assertions="8" time="0.078140"/>
      <testcase name="testExportAsJson" file="/home/admin/work/source/php-monorepo/packages/lark-app-bot-bundle/tests/Service/ExternalCollaboration/AuditLoggerTest.php" line="413" class="Tourze\LarkAppBotBundle\Tests\Service\ExternalCollaboration\AuditLoggerTest" classname="Tourze.LarkAppBotBundle.Tests.Service.ExternalCollaboration.AuditLoggerTest" assertions="6" time="0.079301"/>
      <testcase name="testExportAsCsv" file="/home/admin/work/source/php-monorepo/packages/lark-app-bot-bundle/tests/Service/ExternalCollaboration/AuditLoggerTest.php" line="434" class="Tourze\LarkAppBotBundle\Tests\Service\ExternalCollaboration\AuditLoggerTest" classname="Tourze.LarkAppBotBundle.Tests.Service.ExternalCollaboration.AuditLoggerTest" assertions="4" time="0.079145"/>
      <testcase name="testLogWithHttpRequest" file="/home/admin/work/source/php-monorepo/packages/lark-app-bot-bundle/tests/Service/ExternalCollaboration/AuditLoggerTest.php" line="452" class="Tourze\LarkAppBotBundle\Tests\Service\ExternalCollaboration\AuditLoggerTest" classname="Tourze.LarkAppBotBundle.Tests.Service.ExternalCollaboration.AuditLoggerTest" assertions="10" time="0.080695"/>
      <testcase name="testCriticalEventTriggersAdditionalEvent" file="/home/admin/work/source/php-monorepo/packages/lark-app-bot-bundle/tests/Service/ExternalCollaboration/AuditLoggerTest.php" line="484" class="Tourze\LarkAppBotBundle\Tests\Service\ExternalCollaboration\AuditLoggerTest" classname="Tourze.LarkAppBotBundle.Tests.Service.ExternalCollaboration.AuditLoggerTest" assertions="4" time="0.078521"/>
      <testcase name="testEmptyExportReturnsEmptyString" file="/home/admin/work/source/php-monorepo/packages/lark-app-bot-bundle/tests/Service/ExternalCollaboration/AuditLoggerTest.php" line="509" class="Tourze\LarkAppBotBundle\Tests\Service\ExternalCollaboration\AuditLoggerTest" classname="Tourze.LarkAppBotBundle.Tests.Service.ExternalCollaboration.AuditLoggerTest" assertions="2" time="0.077256"/>
    </testsuite>
    <testsuite name="Tourze\LarkAppBotBundle\Tests\Service\ExternalCollaboration\AuditStatisticsTest" file="/home/admin/work/source/php-monorepo/packages/lark-app-bot-bundle/tests/Service/ExternalCollaboration/AuditStatisticsTest.php" tests="2" assertions="8" errors="0" failures="0" skipped="0" time="0.156398">
      <testcase name="testShouldHaveRunTestsInSeparateProcesses" file="/home/admin/work/source/php-monorepo/packages/phpunit-symfony-kernel-test/src/AbstractIntegrationTestCase.php" line="919" class="Tourze\LarkAppBotBundle\Tests\Service\ExternalCollaboration\AuditStatisticsTest" classname="Tourze.LarkAppBotBundle.Tests.Service.ExternalCollaboration.AuditStatisticsTest" assertions="1" time="0.077591"/>
      <testcase name="testGetStatistics" file="/home/admin/work/source/php-monorepo/packages/lark-app-bot-bundle/tests/Service/ExternalCollaboration/AuditStatisticsTest.php" line="17" class="Tourze\LarkAppBotBundle\Tests\Service\ExternalCollaboration\AuditStatisticsTest" classname="Tourze.LarkAppBotBundle.Tests.Service.ExternalCollaboration.AuditStatisticsTest" assertions="7" time="0.078808"/>
    </testsuite>
    <testsuite name="Tourze\LarkAppBotBundle\Tests\Service\ExternalCollaboration\ComplianceCheckerTest" file="/home/admin/work/source/php-monorepo/packages/lark-app-bot-bundle/tests/Service/ExternalCollaboration/ComplianceCheckerTest.php" tests="25" assertions="160" errors="0" failures="0" skipped="0" time="1.960758">
      <testcase name="testShouldHaveRunTestsInSeparateProcesses" file="/home/admin/work/source/php-monorepo/packages/phpunit-symfony-kernel-test/src/AbstractIntegrationTestCase.php" line="919" class="Tourze\LarkAppBotBundle\Tests\Service\ExternalCollaboration\ComplianceCheckerTest" classname="Tourze.LarkAppBotBundle.Tests.Service.ExternalCollaboration.ComplianceCheckerTest" assertions="2" time="0.077052"/>
      <testcase name="testCheckDataPrivacyCompliant" file="/home/admin/work/source/php-monorepo/packages/lark-app-bot-bundle/tests/Service/ExternalCollaboration/ComplianceCheckerTest.php" line="30" class="Tourze\LarkAppBotBundle\Tests\Service\ExternalCollaboration\ComplianceCheckerTest" classname="Tourze.LarkAppBotBundle.Tests.Service.ExternalCollaboration.ComplianceCheckerTest" assertions="13" time="0.080440"/>
      <testcase name="testCheckDataPrivacyViolationPersonalDataWithoutProtection" file="/home/admin/work/source/php-monorepo/packages/lark-app-bot-bundle/tests/Service/ExternalCollaboration/ComplianceCheckerTest.php" line="61" class="Tourze\LarkAppBotBundle\Tests\Service\ExternalCollaboration\ComplianceCheckerTest" classname="Tourze.LarkAppBotBundle.Tests.Service.ExternalCollaboration.ComplianceCheckerTest" assertions="9" time="0.078879"/>
      <testcase name="testCheckDataPrivacyViolationNoPurpose" file="/home/admin/work/source/php-monorepo/packages/lark-app-bot-bundle/tests/Service/ExternalCollaboration/ComplianceCheckerTest.php" line="86" class="Tourze\LarkAppBotBundle\Tests\Service\ExternalCollaboration\ComplianceCheckerTest" classname="Tourze.LarkAppBotBundle.Tests.Service.ExternalCollaboration.ComplianceCheckerTest" assertions="4" time="0.076745"/>
      <testcase name="testCheckDataPrivacyWarningExcessiveData" file="/home/admin/work/source/php-monorepo/packages/lark-app-bot-bundle/tests/Service/ExternalCollaboration/ComplianceCheckerTest.php" line="105" class="Tourze\LarkAppBotBundle\Tests\Service\ExternalCollaboration\ComplianceCheckerTest" classname="Tourze.LarkAppBotBundle.Tests.Service.ExternalCollaboration.ComplianceCheckerTest" assertions="4" time="0.077071"/>
      <testcase name="testCheckExportControlCompliant" file="/home/admin/work/source/php-monorepo/packages/lark-app-bot-bundle/tests/Service/ExternalCollaboration/ComplianceCheckerTest.php" line="127" class="Tourze\LarkAppBotBundle\Tests\Service\ExternalCollaboration\ComplianceCheckerTest" classname="Tourze.LarkAppBotBundle.Tests.Service.ExternalCollaboration.ComplianceCheckerTest" assertions="3" time="0.077792"/>
      <testcase name="testCheckExportControlViolationRestrictedCountry" file="/home/admin/work/source/php-monorepo/packages/lark-app-bot-bundle/tests/Service/ExternalCollaboration/ComplianceCheckerTest.php" line="144" class="Tourze\LarkAppBotBundle\Tests\Service\ExternalCollaboration\ComplianceCheckerTest" classname="Tourze.LarkAppBotBundle.Tests.Service.ExternalCollaboration.ComplianceCheckerTest" assertions="4" time="0.077493"/>
      <testcase name="testCheckExportControlWarningSensitiveTechnology" file="/home/admin/work/source/php-monorepo/packages/lark-app-bot-bundle/tests/Service/ExternalCollaboration/ComplianceCheckerTest.php" line="161" class="Tourze\LarkAppBotBundle\Tests\Service\ExternalCollaboration\ComplianceCheckerTest" classname="Tourze.LarkAppBotBundle.Tests.Service.ExternalCollaboration.ComplianceCheckerTest" assertions="5" time="0.077837"/>
      <testcase name="testCheckRetentionPolicyCompliant" file="/home/admin/work/source/php-monorepo/packages/lark-app-bot-bundle/tests/Service/ExternalCollaboration/ComplianceCheckerTest.php" line="180" class="Tourze\LarkAppBotBundle\Tests\Service\ExternalCollaboration\ComplianceCheckerTest" classname="Tourze.LarkAppBotBundle.Tests.Service.ExternalCollaboration.ComplianceCheckerTest" assertions="3" time="0.078594"/>
      <testcase name="testCheckRetentionPolicyViolationTooShort" file="/home/admin/work/source/php-monorepo/packages/lark-app-bot-bundle/tests/Service/ExternalCollaboration/ComplianceCheckerTest.php" line="196" class="Tourze\LarkAppBotBundle\Tests\Service\ExternalCollaboration\ComplianceCheckerTest" classname="Tourze.LarkAppBotBundle.Tests.Service.ExternalCollaboration.ComplianceCheckerTest" assertions="4" time="0.079923"/>
      <testcase name="testCheckRetentionPolicyViolationTooLong" file="/home/admin/work/source/php-monorepo/packages/lark-app-bot-bundle/tests/Service/ExternalCollaboration/ComplianceCheckerTest.php" line="213" class="Tourze\LarkAppBotBundle\Tests\Service\ExternalCollaboration\ComplianceCheckerTest" classname="Tourze.LarkAppBotBundle.Tests.Service.ExternalCollaboration.ComplianceCheckerTest" assertions="4" time="0.078523"/>
      <testcase name="testCheckAccessControlCompliant" file="/home/admin/work/source/php-monorepo/packages/lark-app-bot-bundle/tests/Service/ExternalCollaboration/ComplianceCheckerTest.php" line="230" class="Tourze\LarkAppBotBundle\Tests\Service\ExternalCollaboration\ComplianceCheckerTest" classname="Tourze.LarkAppBotBundle.Tests.Service.ExternalCollaboration.ComplianceCheckerTest" assertions="7" time="0.079111"/>
      <testcase name="testCheckAccessControlViolationNoAccessControls" file="/home/admin/work/source/php-monorepo/packages/lark-app-bot-bundle/tests/Service/ExternalCollaboration/ComplianceCheckerTest.php" line="268" class="Tourze\LarkAppBotBundle\Tests\Service\ExternalCollaboration\ComplianceCheckerTest" classname="Tourze.LarkAppBotBundle.Tests.Service.ExternalCollaboration.ComplianceCheckerTest" assertions="5" time="0.079371"/>
      <testcase name="testCheckAccessControlWarningNoAudit" file="/home/admin/work/source/php-monorepo/packages/lark-app-bot-bundle/tests/Service/ExternalCollaboration/ComplianceCheckerTest.php" line="297" class="Tourze\LarkAppBotBundle\Tests\Service\ExternalCollaboration\ComplianceCheckerTest" classname="Tourze.LarkAppBotBundle.Tests.Service.ExternalCollaboration.ComplianceCheckerTest" assertions="8" time="0.080562"/>
      <testcase name="testCheckGdprCompliant" file="/home/admin/work/source/php-monorepo/packages/lark-app-bot-bundle/tests/Service/ExternalCollaboration/ComplianceCheckerTest.php" line="332" class="Tourze\LarkAppBotBundle\Tests\Service\ExternalCollaboration\ComplianceCheckerTest" classname="Tourze.LarkAppBotBundle.Tests.Service.ExternalCollaboration.ComplianceCheckerTest" assertions="3" time="0.078742"/>
      <testcase name="testCheckGdprViolationNoConsent" file="/home/admin/work/source/php-monorepo/packages/lark-app-bot-bundle/tests/Service/ExternalCollaboration/ComplianceCheckerTest.php" line="349" class="Tourze\LarkAppBotBundle\Tests\Service\ExternalCollaboration\ComplianceCheckerTest" classname="Tourze.LarkAppBotBundle.Tests.Service.ExternalCollaboration.ComplianceCheckerTest" assertions="4" time="0.078221"/>
      <testcase name="testCheckGdprViolationNoErasure" file="/home/admin/work/source/php-monorepo/packages/lark-app-bot-bundle/tests/Service/ExternalCollaboration/ComplianceCheckerTest.php" line="367" class="Tourze\LarkAppBotBundle\Tests\Service\ExternalCollaboration\ComplianceCheckerTest" classname="Tourze.LarkAppBotBundle.Tests.Service.ExternalCollaboration.ComplianceCheckerTest" assertions="4" time="0.077935"/>
      <testcase name="testCheckGdprWarningNoDataPortability" file="/home/admin/work/source/php-monorepo/packages/lark-app-bot-bundle/tests/Service/ExternalCollaboration/ComplianceCheckerTest.php" line="385" class="Tourze\LarkAppBotBundle\Tests\Service\ExternalCollaboration\ComplianceCheckerTest" classname="Tourze.LarkAppBotBundle.Tests.Service.ExternalCollaboration.ComplianceCheckerTest" assertions="4" time="0.077283"/>
      <testcase name="testCheckUnknownCheckType" file="/home/admin/work/source/php-monorepo/packages/lark-app-bot-bundle/tests/Service/ExternalCollaboration/ComplianceCheckerTest.php" line="403" class="Tourze\LarkAppBotBundle\Tests\Service\ExternalCollaboration\ComplianceCheckerTest" classname="Tourze.LarkAppBotBundle.Tests.Service.ExternalCollaboration.ComplianceCheckerTest" assertions="4" time="0.076876"/>
      <testcase name="testCheckDisabledCheckType" file="/home/admin/work/source/php-monorepo/packages/lark-app-bot-bundle/tests/Service/ExternalCollaboration/ComplianceCheckerTest.php" line="417" class="Tourze\LarkAppBotBundle\Tests\Service\ExternalCollaboration\ComplianceCheckerTest" classname="Tourze.LarkAppBotBundle.Tests.Service.ExternalCollaboration.ComplianceCheckerTest" assertions="6" time="0.079657"/>
      <testcase name="testCheckAllMultipleTypes" file="/home/admin/work/source/php-monorepo/packages/lark-app-bot-bundle/tests/Service/ExternalCollaboration/ComplianceCheckerTest.php" line="440" class="Tourze\LarkAppBotBundle\Tests\Service\ExternalCollaboration\ComplianceCheckerTest" classname="Tourze.LarkAppBotBundle.Tests.Service.ExternalCollaboration.ComplianceCheckerTest" assertions="11" time="0.080362"/>
      <testcase name="testGenerateReportAllCompliant" file="/home/admin/work/source/php-monorepo/packages/lark-app-bot-bundle/tests/Service/ExternalCollaboration/ComplianceCheckerTest.php" line="481" class="Tourze\LarkAppBotBundle\Tests\Service\ExternalCollaboration\ComplianceCheckerTest" classname="Tourze.LarkAppBotBundle.Tests.Service.ExternalCollaboration.ComplianceCheckerTest" assertions="9" time="0.077422"/>
      <testcase name="testGenerateReportWithFailures" file="/home/admin/work/source/php-monorepo/packages/lark-app-bot-bundle/tests/Service/ExternalCollaboration/ComplianceCheckerTest.php" line="508" class="Tourze\LarkAppBotBundle\Tests\Service\ExternalCollaboration\ComplianceCheckerTest" classname="Tourze.LarkAppBotBundle.Tests.Service.ExternalCollaboration.ComplianceCheckerTest" assertions="13" time="0.076354"/>
      <testcase name="testConstructorWithNullLogger" file="/home/admin/work/source/php-monorepo/packages/lark-app-bot-bundle/tests/Service/ExternalCollaboration/ComplianceCheckerTest.php" line="541" class="Tourze\LarkAppBotBundle\Tests\Service\ExternalCollaboration\ComplianceCheckerTest" classname="Tourze.LarkAppBotBundle.Tests.Service.ExternalCollaboration.ComplianceCheckerTest" assertions="8" time="0.079540"/>
      <testcase name="testCheckPersonalDataDetection" file="/home/admin/work/source/php-monorepo/packages/lark-app-bot-bundle/tests/Service/ExternalCollaboration/ComplianceCheckerTest.php" line="582" class="Tourze\LarkAppBotBundle\Tests\Service\ExternalCollaboration\ComplianceCheckerTest" classname="Tourze.LarkAppBotBundle.Tests.Service.ExternalCollaboration.ComplianceCheckerTest" assertions="19" time="0.078973"/>
    </testsuite>
    <testsuite name="Tourze\LarkAppBotBundle\Tests\Service\ExternalCollaboration\ExternalGroupManagerTest" file="/home/admin/work/source/php-monorepo/packages/lark-app-bot-bundle/tests/Service/ExternalCollaboration/ExternalGroupManagerTest.php" tests="7" assertions="43" errors="0" failures="0" skipped="0" time="1.275541">
      <testcase name="testShouldHaveRunTestsInSeparateProcesses" file="/home/admin/work/source/php-monorepo/packages/phpunit-symfony-kernel-test/src/AbstractIntegrationTestCase.php" line="919" class="Tourze\LarkAppBotBundle\Tests\Service\ExternalCollaboration\ExternalGroupManagerTest" classname="Tourze.LarkAppBotBundle.Tests.Service.ExternalCollaboration.ExternalGroupManagerTest" assertions="2" time="0.082268"/>
      <testcase name="testGetExternalGroupInfoForInternalGroup" file="/home/admin/work/source/php-monorepo/packages/lark-app-bot-bundle/tests/Service/ExternalCollaboration/ExternalGroupManagerTest.php" line="35" class="Tourze\LarkAppBotBundle\Tests\Service\ExternalCollaboration\ExternalGroupManagerTest" classname="Tourze.LarkAppBotBundle.Tests.Service.ExternalCollaboration.ExternalGroupManagerTest" assertions="4" time="0.082576"/>
      <testcase name="testGetExternalGroupInfoWithApiError" file="/home/admin/work/source/php-monorepo/packages/lark-app-bot-bundle/tests/Service/ExternalCollaboration/ExternalGroupManagerTest.php" line="50" class="Tourze\LarkAppBotBundle\Tests\Service\ExternalCollaboration\ExternalGroupManagerTest" classname="Tourze.LarkAppBotBundle.Tests.Service.ExternalCollaboration.ExternalGroupManagerTest" assertions="9" time="0.079308"/>
      <testcase name="testHasExternalMembers" file="/home/admin/work/source/php-monorepo/packages/lark-app-bot-bundle/tests/Service/ExternalCollaboration/ExternalGroupManagerTest.php" line="85" class="Tourze\LarkAppBotBundle\Tests\Service\ExternalCollaboration\ExternalGroupManagerTest" classname="Tourze.LarkAppBotBundle.Tests.Service.ExternalCollaboration.ExternalGroupManagerTest" assertions="4" time="0.081527"/>
      <testcase name="testUpdateExternalGroupSettings" file="/home/admin/work/source/php-monorepo/packages/lark-app-bot-bundle/tests/Service/ExternalCollaboration/ExternalGroupManagerTest.php" line="111" class="Tourze\LarkAppBotBundle\Tests\Service\ExternalCollaboration\ExternalGroupManagerTest" classname="Tourze.LarkAppBotBundle.Tests.Service.ExternalCollaboration.ExternalGroupManagerTest" assertions="11" time="0.082435"/>
      <testcase name="testUpdateExternalGroupSettingsForInternalGroup" file="/home/admin/work/source/php-monorepo/packages/lark-app-bot-bundle/tests/Service/ExternalCollaboration/ExternalGroupManagerTest.php" line="171" class="Tourze\LarkAppBotBundle\Tests\Service\ExternalCollaboration\ExternalGroupManagerTest" classname="Tourze.LarkAppBotBundle.Tests.Service.ExternalCollaboration.ExternalGroupManagerTest" assertions="6" time="0.081756"/>
      <testcase name="testClearGroupCache" file="/home/admin/work/source/php-monorepo/packages/lark-app-bot-bundle/tests/Service/ExternalCollaboration/ExternalGroupManagerTest.php" line="243" class="Tourze\LarkAppBotBundle\Tests\Service\ExternalCollaboration\ExternalGroupManagerTest" classname="Tourze.LarkAppBotBundle.Tests.Service.ExternalCollaboration.ExternalGroupManagerTest" assertions="7" time="0.785670"/>
    </testsuite>
    <testsuite name="Tourze\LarkAppBotBundle\Tests\Service\ExternalCollaboration\ExternalInvitationManagerTest" file="/home/admin/work/source/php-monorepo/packages/lark-app-bot-bundle/tests/Service/ExternalCollaboration/ExternalInvitationManagerTest.php" tests="15" assertions="52" errors="0" failures="0" skipped="0" time="2.988873">
      <testcase name="testShouldHaveRunTestsInSeparateProcesses" file="/home/admin/work/source/php-monorepo/packages/phpunit-symfony-kernel-test/src/AbstractIntegrationTestCase.php" line="919" class="Tourze\LarkAppBotBundle\Tests\Service\ExternalCollaboration\ExternalInvitationManagerTest" classname="Tourze.LarkAppBotBundle.Tests.Service.ExternalCollaboration.ExternalInvitationManagerTest" assertions="1" time="0.092466"/>
      <testcase name="testConstants" file="/home/admin/work/source/php-monorepo/packages/lark-app-bot-bundle/tests/Service/ExternalCollaboration/ExternalInvitationManagerTest.php" line="33" class="Tourze\LarkAppBotBundle\Tests\Service\ExternalCollaboration\ExternalInvitationManagerTest" classname="Tourze.LarkAppBotBundle.Tests.Service.ExternalCollaboration.ExternalInvitationManagerTest" assertions="5" time="0.092008"/>
      <testcase name="testCreateInvitation" file="/home/admin/work/source/php-monorepo/packages/lark-app-bot-bundle/tests/Service/ExternalCollaboration/ExternalInvitationManagerTest.php" line="42" class="Tourze\LarkAppBotBundle\Tests\Service\ExternalCollaboration\ExternalInvitationManagerTest" classname="Tourze.LarkAppBotBundle.Tests.Service.ExternalCollaboration.ExternalInvitationManagerTest" assertions="11" time="0.091333"/>
      <testcase name="testCreateInvitationSecurityPolicyFails" file="/home/admin/work/source/php-monorepo/packages/lark-app-bot-bundle/tests/Service/ExternalCollaboration/ExternalInvitationManagerTest.php" line="93" class="Tourze\LarkAppBotBundle\Tests\Service\ExternalCollaboration\ExternalInvitationManagerTest" classname="Tourze.LarkAppBotBundle.Tests.Service.ExternalCollaboration.ExternalInvitationManagerTest" assertions="11" time="0.090118"/>
      <testcase name="testApproveInvitation" file="/home/admin/work/source/php-monorepo/packages/lark-app-bot-bundle/tests/Service/ExternalCollaboration/ExternalInvitationManagerTest.php" line="142" class="Tourze\LarkAppBotBundle\Tests\Service\ExternalCollaboration\ExternalInvitationManagerTest" classname="Tourze.LarkAppBotBundle.Tests.Service.ExternalCollaboration.ExternalInvitationManagerTest" assertions="3" time="0.136690"/>
      <testcase name="testApproveInvitationNotFound" file="/home/admin/work/source/php-monorepo/packages/lark-app-bot-bundle/tests/Service/ExternalCollaboration/ExternalInvitationManagerTest.php" line="183" class="Tourze\LarkAppBotBundle\Tests\Service\ExternalCollaboration\ExternalInvitationManagerTest" classname="Tourze.LarkAppBotBundle.Tests.Service.ExternalCollaboration.ExternalInvitationManagerTest" assertions="2" time="0.137737"/>
      <testcase name="testApproveInvitationNotPending" file="/home/admin/work/source/php-monorepo/packages/lark-app-bot-bundle/tests/Service/ExternalCollaboration/ExternalInvitationManagerTest.php" line="199" class="Tourze\LarkAppBotBundle\Tests\Service\ExternalCollaboration\ExternalInvitationManagerTest" classname="Tourze.LarkAppBotBundle.Tests.Service.ExternalCollaboration.ExternalInvitationManagerTest" assertions="2" time="0.137166"/>
      <testcase name="testRejectInvitation" file="/home/admin/work/source/php-monorepo/packages/lark-app-bot-bundle/tests/Service/ExternalCollaboration/ExternalInvitationManagerTest.php" line="221" class="Tourze\LarkAppBotBundle\Tests\Service\ExternalCollaboration\ExternalInvitationManagerTest" classname="Tourze.LarkAppBotBundle.Tests.Service.ExternalCollaboration.ExternalInvitationManagerTest" assertions="3" time="0.142242"/>
      <testcase name="testRejectInvitationNotFound" file="/home/admin/work/source/php-monorepo/packages/lark-app-bot-bundle/tests/Service/ExternalCollaboration/ExternalInvitationManagerTest.php" line="259" class="Tourze\LarkAppBotBundle\Tests\Service\ExternalCollaboration\ExternalInvitationManagerTest" classname="Tourze.LarkAppBotBundle.Tests.Service.ExternalCollaboration.ExternalInvitationManagerTest" assertions="2" time="0.137879"/>
      <testcase name="testRejectInvitationNotPending" file="/home/admin/work/source/php-monorepo/packages/lark-app-bot-bundle/tests/Service/ExternalCollaboration/ExternalInvitationManagerTest.php" line="275" class="Tourze\LarkAppBotBundle\Tests\Service\ExternalCollaboration\ExternalInvitationManagerTest" classname="Tourze.LarkAppBotBundle.Tests.Service.ExternalCollaboration.ExternalInvitationManagerTest" assertions="2" time="1.227457"/>
      <testcase name="testRevokeInvitation" file="/home/admin/work/source/php-monorepo/packages/lark-app-bot-bundle/tests/Service/ExternalCollaboration/ExternalInvitationManagerTest.php" line="297" class="Tourze\LarkAppBotBundle\Tests\Service\ExternalCollaboration\ExternalInvitationManagerTest" classname="Tourze.LarkAppBotBundle.Tests.Service.ExternalCollaboration.ExternalInvitationManagerTest" assertions="2" time="0.142062"/>
      <testcase name="testRevokeInvitationNotFound" file="/home/admin/work/source/php-monorepo/packages/lark-app-bot-bundle/tests/Service/ExternalCollaboration/ExternalInvitationManagerTest.php" line="330" class="Tourze\LarkAppBotBundle\Tests\Service\ExternalCollaboration\ExternalInvitationManagerTest" classname="Tourze.LarkAppBotBundle.Tests.Service.ExternalCollaboration.ExternalInvitationManagerTest" assertions="2" time="0.143242"/>
      <testcase name="testRevokeInvitationAlreadyApproved" file="/home/admin/work/source/php-monorepo/packages/lark-app-bot-bundle/tests/Service/ExternalCollaboration/ExternalInvitationManagerTest.php" line="346" class="Tourze\LarkAppBotBundle\Tests\Service\ExternalCollaboration\ExternalInvitationManagerTest" classname="Tourze.LarkAppBotBundle.Tests.Service.ExternalCollaboration.ExternalInvitationManagerTest" assertions="2" time="0.139468"/>
      <testcase name="testRevokeInvitationAlreadyExpired" file="/home/admin/work/source/php-monorepo/packages/lark-app-bot-bundle/tests/Service/ExternalCollaboration/ExternalInvitationManagerTest.php" line="368" class="Tourze\LarkAppBotBundle\Tests\Service\ExternalCollaboration\ExternalInvitationManagerTest" classname="Tourze.LarkAppBotBundle.Tests.Service.ExternalCollaboration.ExternalInvitationManagerTest" assertions="2" time="0.139620"/>
      <testcase name="testRevokeInvitationRejectedStatus" file="/home/admin/work/source/php-monorepo/packages/lark-app-bot-bundle/tests/Service/ExternalCollaboration/ExternalInvitationManagerTest.php" line="390" class="Tourze\LarkAppBotBundle\Tests\Service\ExternalCollaboration\ExternalInvitationManagerTest" classname="Tourze.LarkAppBotBundle.Tests.Service.ExternalCollaboration.ExternalInvitationManagerTest" assertions="2" time="0.139385"/>
    </testsuite>
    <testsuite name="Tourze\LarkAppBotBundle\Tests\Service\ExternalCollaboration\ExternalUserIdentifierTest" file="/home/admin/work/source/php-monorepo/packages/lark-app-bot-bundle/tests/Service/ExternalCollaboration/ExternalUserIdentifierTest.php" tests="10" assertions="23" errors="0" failures="0" skipped="0" time="1.283530">
      <testcase name="testShouldHaveRunTestsInSeparateProcesses" file="/home/admin/work/source/php-monorepo/packages/phpunit-symfony-kernel-test/src/AbstractIntegrationTestCase.php" line="919" class="Tourze\LarkAppBotBundle\Tests\Service\ExternalCollaboration\ExternalUserIdentifierTest" classname="Tourze.LarkAppBotBundle.Tests.Service.ExternalCollaboration.ExternalUserIdentifierTest" assertions="1" time="0.132085"/>
      <testcase name="testIsExternalUser" file="/home/admin/work/source/php-monorepo/packages/lark-app-bot-bundle/tests/Service/ExternalCollaboration/ExternalUserIdentifierTest.php" line="21" class="Tourze\LarkAppBotBundle\Tests\Service\ExternalCollaboration\ExternalUserIdentifierTest" classname="Tourze.LarkAppBotBundle.Tests.Service.ExternalCollaboration.ExternalUserIdentifierTest" assertions="2" time="0.128015"/>
      <testcase name="testIsExternalGroup" file="/home/admin/work/source/php-monorepo/packages/lark-app-bot-bundle/tests/Service/ExternalCollaboration/ExternalUserIdentifierTest.php" line="27" class="Tourze\LarkAppBotBundle\Tests\Service\ExternalCollaboration\ExternalUserIdentifierTest" classname="Tourze.LarkAppBotBundle.Tests.Service.ExternalCollaboration.ExternalUserIdentifierTest" assertions="2" time="0.126230"/>
      <testcase name="testIdentifyFromUserInfoWithUserType" file="/home/admin/work/source/php-monorepo/packages/lark-app-bot-bundle/tests/Service/ExternalCollaboration/ExternalUserIdentifierTest.php" line="33" class="Tourze\LarkAppBotBundle\Tests\Service\ExternalCollaboration\ExternalUserIdentifierTest" classname="Tourze.LarkAppBotBundle.Tests.Service.ExternalCollaboration.ExternalUserIdentifierTest" assertions="2" time="0.128635"/>
      <testcase name="testIdentifyFromUserInfoWithOpenId" file="/home/admin/work/source/php-monorepo/packages/lark-app-bot-bundle/tests/Service/ExternalCollaboration/ExternalUserIdentifierTest.php" line="42" class="Tourze\LarkAppBotBundle\Tests\Service\ExternalCollaboration\ExternalUserIdentifierTest" classname="Tourze.LarkAppBotBundle.Tests.Service.ExternalCollaboration.ExternalUserIdentifierTest" assertions="2" time="0.128688"/>
      <testcase name="testIdentifyFromUserInfoWithEmail" file="/home/admin/work/source/php-monorepo/packages/lark-app-bot-bundle/tests/Service/ExternalCollaboration/ExternalUserIdentifierTest.php" line="51" class="Tourze\LarkAppBotBundle\Tests\Service\ExternalCollaboration\ExternalUserIdentifierTest" classname="Tourze.LarkAppBotBundle.Tests.Service.ExternalCollaboration.ExternalUserIdentifierTest" assertions="2" time="0.126828"/>
      <testcase name="testIdentifyFromUserInfoWithoutDepartments" file="/home/admin/work/source/php-monorepo/packages/lark-app-bot-bundle/tests/Service/ExternalCollaboration/ExternalUserIdentifierTest.php" line="60" class="Tourze\LarkAppBotBundle\Tests\Service\ExternalCollaboration\ExternalUserIdentifierTest" classname="Tourze.LarkAppBotBundle.Tests.Service.ExternalCollaboration.ExternalUserIdentifierTest" assertions="3" time="0.128148"/>
      <testcase name="testGetExternalUserTags" file="/home/admin/work/source/php-monorepo/packages/lark-app-bot-bundle/tests/Service/ExternalCollaboration/ExternalUserIdentifierTest.php" line="72" class="Tourze\LarkAppBotBundle\Tests\Service\ExternalCollaboration\ExternalUserIdentifierTest" classname="Tourze.LarkAppBotBundle.Tests.Service.ExternalCollaboration.ExternalUserIdentifierTest" assertions="6" time="0.127173"/>
      <testcase name="testValidateExternalAccess" file="/home/admin/work/source/php-monorepo/packages/lark-app-bot-bundle/tests/Service/ExternalCollaboration/ExternalUserIdentifierTest.php" line="85" class="Tourze\LarkAppBotBundle\Tests\Service\ExternalCollaboration\ExternalUserIdentifierTest" classname="Tourze.LarkAppBotBundle.Tests.Service.ExternalCollaboration.ExternalUserIdentifierTest" assertions="2" time="0.129828"/>
      <testcase name="testConstructorWithoutLogger" file="/home/admin/work/source/php-monorepo/packages/lark-app-bot-bundle/tests/Service/ExternalCollaboration/ExternalUserIdentifierTest.php" line="91" class="Tourze\LarkAppBotBundle\Tests\Service\ExternalCollaboration\ExternalUserIdentifierTest" classname="Tourze.LarkAppBotBundle.Tests.Service.ExternalCollaboration.ExternalUserIdentifierTest" assertions="1" time="0.127901"/>
    </testsuite>
    <testsuite name="Tourze\LarkAppBotBundle\Tests\Service\ExternalCollaboration\PermissionIsolationTest" file="/home/admin/work/source/php-monorepo/packages/lark-app-bot-bundle/tests/Service/ExternalCollaboration/PermissionIsolationTest.php" tests="11" assertions="56" errors="0" failures="0" skipped="0" time="1.456923">
      <testcase name="testShouldHaveRunTestsInSeparateProcesses" file="/home/admin/work/source/php-monorepo/packages/phpunit-symfony-kernel-test/src/AbstractIntegrationTestCase.php" line="919" class="Tourze\LarkAppBotBundle\Tests\Service\ExternalCollaboration\PermissionIsolationTest" classname="Tourze.LarkAppBotBundle.Tests.Service.ExternalCollaboration.PermissionIsolationTest" assertions="1" time="0.132129"/>
      <testcase name="testCheckPermissionForInternalUser" file="/home/admin/work/source/php-monorepo/packages/lark-app-bot-bundle/tests/Service/ExternalCollaboration/PermissionIsolationTest.php" line="31" class="Tourze\LarkAppBotBundle\Tests\Service\ExternalCollaboration\PermissionIsolationTest" classname="Tourze.LarkAppBotBundle.Tests.Service.ExternalCollaboration.PermissionIsolationTest" assertions="12" time="0.134308"/>
      <testcase name="testCheckPermissionForExternalUser" file="/home/admin/work/source/php-monorepo/packages/lark-app-bot-bundle/tests/Service/ExternalCollaboration/PermissionIsolationTest.php" line="76" class="Tourze\LarkAppBotBundle\Tests\Service\ExternalCollaboration\PermissionIsolationTest" classname="Tourze.LarkAppBotBundle.Tests.Service.ExternalCollaboration.PermissionIsolationTest" assertions="6" time="0.132922"/>
      <testcase name="testCheckPermissionWithCachedValue" file="/home/admin/work/source/php-monorepo/packages/lark-app-bot-bundle/tests/Service/ExternalCollaboration/PermissionIsolationTest.php" line="110" class="Tourze\LarkAppBotBundle\Tests\Service\ExternalCollaboration\PermissionIsolationTest" classname="Tourze.LarkAppBotBundle.Tests.Service.ExternalCollaboration.PermissionIsolationTest" assertions="4" time="0.132876"/>
      <testcase name="testSetPermission" file="/home/admin/work/source/php-monorepo/packages/lark-app-bot-bundle/tests/Service/ExternalCollaboration/PermissionIsolationTest.php" line="140" class="Tourze\LarkAppBotBundle\Tests\Service\ExternalCollaboration\PermissionIsolationTest" classname="Tourze.LarkAppBotBundle.Tests.Service.ExternalCollaboration.PermissionIsolationTest" assertions="9" time="0.130661"/>
      <testcase name="testSetPermissions" file="/home/admin/work/source/php-monorepo/packages/lark-app-bot-bundle/tests/Service/ExternalCollaboration/PermissionIsolationTest.php" line="177" class="Tourze\LarkAppBotBundle\Tests\Service\ExternalCollaboration\PermissionIsolationTest" classname="Tourze.LarkAppBotBundle.Tests.Service.ExternalCollaboration.PermissionIsolationTest" assertions="1" time="0.130778"/>
      <testcase name="testGetUserPermissions" file="/home/admin/work/source/php-monorepo/packages/lark-app-bot-bundle/tests/Service/ExternalCollaboration/PermissionIsolationTest.php" line="196" class="Tourze\LarkAppBotBundle\Tests\Service\ExternalCollaboration\PermissionIsolationTest" classname="Tourze.LarkAppBotBundle.Tests.Service.ExternalCollaboration.PermissionIsolationTest" assertions="6" time="0.133814"/>
      <testcase name="testClearUserPermissions" file="/home/admin/work/source/php-monorepo/packages/lark-app-bot-bundle/tests/Service/ExternalCollaboration/PermissionIsolationTest.php" line="225" class="Tourze\LarkAppBotBundle\Tests\Service\ExternalCollaboration\PermissionIsolationTest" classname="Tourze.LarkAppBotBundle.Tests.Service.ExternalCollaboration.PermissionIsolationTest" assertions="4" time="0.133340"/>
      <testcase name="testFilterAccessibleResources" file="/home/admin/work/source/php-monorepo/packages/lark-app-bot-bundle/tests/Service/ExternalCollaboration/PermissionIsolationTest.php" line="242" class="Tourze\LarkAppBotBundle\Tests\Service\ExternalCollaboration\PermissionIsolationTest" classname="Tourze.LarkAppBotBundle.Tests.Service.ExternalCollaboration.PermissionIsolationTest" assertions="3" time="0.134827"/>
      <testcase name="testGetLevelName" file="/home/admin/work/source/php-monorepo/packages/lark-app-bot-bundle/tests/Service/ExternalCollaboration/PermissionIsolationTest.php" line="276" class="Tourze\LarkAppBotBundle\Tests\Service\ExternalCollaboration\PermissionIsolationTest" classname="Tourze.LarkAppBotBundle.Tests.Service.ExternalCollaboration.PermissionIsolationTest" assertions="5" time="0.131069"/>
      <testcase name="testGetLevelFromName" file="/home/admin/work/source/php-monorepo/packages/lark-app-bot-bundle/tests/Service/ExternalCollaboration/PermissionIsolationTest.php" line="285" class="Tourze\LarkAppBotBundle\Tests\Service\ExternalCollaboration\PermissionIsolationTest" classname="Tourze.LarkAppBotBundle.Tests.Service.ExternalCollaboration.PermissionIsolationTest" assertions="5" time="0.130198"/>
    </testsuite>
    <testsuite name="Tourze\LarkAppBotBundle\Tests\Service\ExternalCollaboration\SecurityPolicyTest" file="/home/admin/work/source/php-monorepo/packages/lark-app-bot-bundle/tests/Service/ExternalCollaboration/SecurityPolicyTest.php" tests="17" assertions="44" errors="0" failures="0" skipped="0" time="2.219028">
      <testcase name="testShouldHaveRunTestsInSeparateProcesses" file="/home/admin/work/source/php-monorepo/packages/phpunit-symfony-kernel-test/src/AbstractIntegrationTestCase.php" line="919" class="Tourze\LarkAppBotBundle\Tests\Service\ExternalCollaboration\SecurityPolicyTest" classname="Tourze.LarkAppBotBundle.Tests.Service.ExternalCollaboration.SecurityPolicyTest" assertions="1" time="0.129220"/>
      <testcase name="testCheckDataAccessPolicy" file="/home/admin/work/source/php-monorepo/packages/lark-app-bot-bundle/tests/Service/ExternalCollaboration/SecurityPolicyTest.php" line="24" class="Tourze\LarkAppBotBundle\Tests\Service\ExternalCollaboration\SecurityPolicyTest" classname="Tourze.LarkAppBotBundle.Tests.Service.ExternalCollaboration.SecurityPolicyTest" assertions="4" time="0.130813"/>
      <testcase name="testCheckDataAccessPolicyWithoutApproval" file="/home/admin/work/source/php-monorepo/packages/lark-app-bot-bundle/tests/Service/ExternalCollaboration/SecurityPolicyTest.php" line="40" class="Tourze\LarkAppBotBundle\Tests\Service\ExternalCollaboration\SecurityPolicyTest" classname="Tourze.LarkAppBotBundle.Tests.Service.ExternalCollaboration.SecurityPolicyTest" assertions="1" time="0.131442"/>
      <testcase name="testCheckFileSharingPolicy" file="/home/admin/work/source/php-monorepo/packages/lark-app-bot-bundle/tests/Service/ExternalCollaboration/SecurityPolicyTest.php" line="50" class="Tourze\LarkAppBotBundle\Tests\Service\ExternalCollaboration\SecurityPolicyTest" classname="Tourze.LarkAppBotBundle.Tests.Service.ExternalCollaboration.SecurityPolicyTest" assertions="1" time="0.127336"/>
      <testcase name="testCheckFileSharingPolicyWithLargeFile" file="/home/admin/work/source/php-monorepo/packages/lark-app-bot-bundle/tests/Service/ExternalCollaboration/SecurityPolicyTest.php" line="61" class="Tourze\LarkAppBotBundle\Tests\Service\ExternalCollaboration\SecurityPolicyTest" classname="Tourze.LarkAppBotBundle.Tests.Service.ExternalCollaboration.SecurityPolicyTest" assertions="1" time="0.129236"/>
      <testcase name="testCheckMessageRetentionPolicy" file="/home/admin/work/source/php-monorepo/packages/lark-app-bot-bundle/tests/Service/ExternalCollaboration/SecurityPolicyTest.php" line="75" class="Tourze\LarkAppBotBundle\Tests\Service\ExternalCollaboration\SecurityPolicyTest" classname="Tourze.LarkAppBotBundle.Tests.Service.ExternalCollaboration.SecurityPolicyTest" assertions="1" time="0.127492"/>
      <testcase name="testCheckIpWhitelistPolicy" file="/home/admin/work/source/php-monorepo/packages/lark-app-bot-bundle/tests/Service/ExternalCollaboration/SecurityPolicyTest.php" line="84" class="Tourze\LarkAppBotBundle\Tests\Service\ExternalCollaboration\SecurityPolicyTest" classname="Tourze.LarkAppBotBundle.Tests.Service.ExternalCollaboration.SecurityPolicyTest" assertions="1" time="0.135064"/>
      <testcase name="testCheckIpWhitelistPolicyWithRestriction" file="/home/admin/work/source/php-monorepo/packages/lark-app-bot-bundle/tests/Service/ExternalCollaboration/SecurityPolicyTest.php" line="94" class="Tourze\LarkAppBotBundle\Tests\Service\ExternalCollaboration\SecurityPolicyTest" classname="Tourze.LarkAppBotBundle.Tests.Service.ExternalCollaboration.SecurityPolicyTest" assertions="2" time="0.135983"/>
      <testcase name="testCheckTimeRestrictionPolicy" file="/home/admin/work/source/php-monorepo/packages/lark-app-bot-bundle/tests/Service/ExternalCollaboration/SecurityPolicyTest.php" line="109" class="Tourze\LarkAppBotBundle\Tests\Service\ExternalCollaboration\SecurityPolicyTest" classname="Tourze.LarkAppBotBundle.Tests.Service.ExternalCollaboration.SecurityPolicyTest" assertions="1" time="0.129211"/>
      <testcase name="testCheckUnknownPolicy" file="/home/admin/work/source/php-monorepo/packages/lark-app-bot-bundle/tests/Service/ExternalCollaboration/SecurityPolicyTest.php" line="118" class="Tourze\LarkAppBotBundle\Tests\Service\ExternalCollaboration\SecurityPolicyTest" classname="Tourze.LarkAppBotBundle.Tests.Service.ExternalCollaboration.SecurityPolicyTest" assertions="4" time="0.130285"/>
      <testcase name="testGetAllPolicies" file="/home/admin/work/source/php-monorepo/packages/lark-app-bot-bundle/tests/Service/ExternalCollaboration/SecurityPolicyTest.php" line="130" class="Tourze\LarkAppBotBundle\Tests\Service\ExternalCollaboration\SecurityPolicyTest" classname="Tourze.LarkAppBotBundle.Tests.Service.ExternalCollaboration.SecurityPolicyTest" assertions="5" time="0.131242"/>
      <testcase name="testGetPolicy" file="/home/admin/work/source/php-monorepo/packages/lark-app-bot-bundle/tests/Service/ExternalCollaboration/SecurityPolicyTest.php" line="141" class="Tourze\LarkAppBotBundle\Tests\Service\ExternalCollaboration\SecurityPolicyTest" classname="Tourze.LarkAppBotBundle.Tests.Service.ExternalCollaboration.SecurityPolicyTest" assertions="3" time="0.128237"/>
      <testcase name="testGetNonExistentPolicy" file="/home/admin/work/source/php-monorepo/packages/lark-app-bot-bundle/tests/Service/ExternalCollaboration/SecurityPolicyTest.php" line="151" class="Tourze\LarkAppBotBundle\Tests\Service\ExternalCollaboration\SecurityPolicyTest" classname="Tourze.LarkAppBotBundle.Tests.Service.ExternalCollaboration.SecurityPolicyTest" assertions="1" time="0.128912"/>
      <testcase name="testUpdatePolicy" file="/home/admin/work/source/php-monorepo/packages/lark-app-bot-bundle/tests/Service/ExternalCollaboration/SecurityPolicyTest.php" line="157" class="Tourze\LarkAppBotBundle\Tests\Service\ExternalCollaboration\SecurityPolicyTest" classname="Tourze.LarkAppBotBundle.Tests.Service.ExternalCollaboration.SecurityPolicyTest" assertions="5" time="0.132572"/>
      <testcase name="testResetToDefault" file="/home/admin/work/source/php-monorepo/packages/lark-app-bot-bundle/tests/Service/ExternalCollaboration/SecurityPolicyTest.php" line="174" class="Tourze\LarkAppBotBundle\Tests\Service\ExternalCollaboration\SecurityPolicyTest" classname="Tourze.LarkAppBotBundle.Tests.Service.ExternalCollaboration.SecurityPolicyTest" assertions="8" time="0.129526"/>
      <testcase name="testResetAllToDefault" file="/home/admin/work/source/php-monorepo/packages/lark-app-bot-bundle/tests/Service/ExternalCollaboration/SecurityPolicyTest.php" line="209" class="Tourze\LarkAppBotBundle\Tests\Service\ExternalCollaboration\SecurityPolicyTest" classname="Tourze.LarkAppBotBundle.Tests.Service.ExternalCollaboration.SecurityPolicyTest" assertions="4" time="0.131500"/>
      <testcase name="testCheckPolicyWithCustomConfiguration" file="/home/admin/work/source/php-monorepo/packages/lark-app-bot-bundle/tests/Service/ExternalCollaboration/SecurityPolicyTest.php" line="224" class="Tourze\LarkAppBotBundle\Tests\Service\ExternalCollaboration\SecurityPolicyTest" classname="Tourze.LarkAppBotBundle.Tests.Service.ExternalCollaboration.SecurityPolicyTest" assertions="1" time="0.130956"/>
    </testsuite>
    <testsuite name="Tourze\LarkAppBotBundle\Tests\Service\Group\GroupCommandHandlerTest" file="/home/admin/work/source/php-monorepo/packages/lark-app-bot-bundle/tests/Service/Group/GroupCommandHandlerTest.php" tests="13" assertions="60" errors="0" failures="0" skipped="0" time="1.194146">
      <testcase name="testShouldHaveRunTestsInSeparateProcesses" file="/home/admin/work/source/php-monorepo/packages/phpunit-symfony-kernel-test/src/AbstractIntegrationTestCase.php" line="919" class="Tourze\LarkAppBotBundle\Tests\Service\Group\GroupCommandHandlerTest" classname="Tourze.LarkAppBotBundle.Tests.Service.Group.GroupCommandHandlerTest" assertions="1" time="0.131823"/>
      <testcase name="testSupportsGroupTextCommand" file="/home/admin/work/source/php-monorepo/packages/lark-app-bot-bundle/tests/Service/Group/GroupCommandHandlerTest.php" line="34" class="Tourze\LarkAppBotBundle\Tests\Service\Group\GroupCommandHandlerTest" classname="Tourze.LarkAppBotBundle.Tests.Service.Group.GroupCommandHandlerTest" assertions="1" time="0.098324"/>
      <testcase name="testDoesNotSupportP2PMessage" file="/home/admin/work/source/php-monorepo/packages/lark-app-bot-bundle/tests/Service/Group/GroupCommandHandlerTest.php" line="44" class="Tourze\LarkAppBotBundle\Tests\Service\Group\GroupCommandHandlerTest" classname="Tourze.LarkAppBotBundle.Tests.Service.Group.GroupCommandHandlerTest" assertions="1" time="0.086920"/>
      <testcase name="testDoesNotSupportNonTextMessage" file="/home/admin/work/source/php-monorepo/packages/lark-app-bot-bundle/tests/Service/Group/GroupCommandHandlerTest.php" line="54" class="Tourze\LarkAppBotBundle\Tests\Service\Group\GroupCommandHandlerTest" classname="Tourze.LarkAppBotBundle.Tests.Service.Group.GroupCommandHandlerTest" assertions="1" time="0.087828"/>
      <testcase name="testDoesNotSupportNonCommand" file="/home/admin/work/source/php-monorepo/packages/lark-app-bot-bundle/tests/Service/Group/GroupCommandHandlerTest.php" line="63" class="Tourze\LarkAppBotBundle\Tests\Service\Group\GroupCommandHandlerTest" classname="Tourze.LarkAppBotBundle.Tests.Service.Group.GroupCommandHandlerTest" assertions="1" time="0.088057"/>
      <testcase name="testHandleHelpCommand" file="/home/admin/work/source/php-monorepo/packages/lark-app-bot-bundle/tests/Service/Group/GroupCommandHandlerTest.php" line="73" class="Tourze\LarkAppBotBundle\Tests\Service\Group\GroupCommandHandlerTest" classname="Tourze.LarkAppBotBundle.Tests.Service.Group.GroupCommandHandlerTest" assertions="5" time="0.087741"/>
      <testcase name="testHandleInfoCommand" file="/home/admin/work/source/php-monorepo/packages/lark-app-bot-bundle/tests/Service/Group/GroupCommandHandlerTest.php" line="100" class="Tourze\LarkAppBotBundle\Tests\Service\Group\GroupCommandHandlerTest" classname="Tourze.LarkAppBotBundle.Tests.Service.Group.GroupCommandHandlerTest" assertions="7" time="0.087295"/>
      <testcase name="testHandleMembersCommand" file="/home/admin/work/source/php-monorepo/packages/lark-app-bot-bundle/tests/Service/Group/GroupCommandHandlerTest.php" line="142" class="Tourze\LarkAppBotBundle\Tests\Service\Group\GroupCommandHandlerTest" classname="Tourze.LarkAppBotBundle.Tests.Service.Group.GroupCommandHandlerTest" assertions="10" time="0.085861"/>
      <testcase name="testHandleAddCommandAsOwner" file="/home/admin/work/source/php-monorepo/packages/lark-app-bot-bundle/tests/Service/Group/GroupCommandHandlerTest.php" line="182" class="Tourze\LarkAppBotBundle\Tests\Service\Group\GroupCommandHandlerTest" classname="Tourze.LarkAppBotBundle.Tests.Service.Group.GroupCommandHandlerTest" assertions="9" time="0.090021"/>
      <testcase name="testHandleAddCommandAsNonOwner" file="/home/admin/work/source/php-monorepo/packages/lark-app-bot-bundle/tests/Service/Group/GroupCommandHandlerTest.php" line="224" class="Tourze\LarkAppBotBundle\Tests\Service\Group\GroupCommandHandlerTest" classname="Tourze.LarkAppBotBundle.Tests.Service.Group.GroupCommandHandlerTest" assertions="10" time="0.089059"/>
      <testcase name="testHandleStatsCommand" file="/home/admin/work/source/php-monorepo/packages/lark-app-bot-bundle/tests/Service/Group/GroupCommandHandlerTest.php" line="258" class="Tourze\LarkAppBotBundle\Tests\Service\Group\GroupCommandHandlerTest" classname="Tourze.LarkAppBotBundle.Tests.Service.Group.GroupCommandHandlerTest" assertions="8" time="0.087917"/>
      <testcase name="testHandleUnknownCommand" file="/home/admin/work/source/php-monorepo/packages/lark-app-bot-bundle/tests/Service/Group/GroupCommandHandlerTest.php" line="306" class="Tourze\LarkAppBotBundle\Tests\Service\Group\GroupCommandHandlerTest" classname="Tourze.LarkAppBotBundle.Tests.Service.Group.GroupCommandHandlerTest" assertions="5" time="0.087106"/>
      <testcase name="testGetPriority" file="/home/admin/work/source/php-monorepo/packages/lark-app-bot-bundle/tests/Service/Group/GroupCommandHandlerTest.php" line="333" class="Tourze\LarkAppBotBundle\Tests\Service\Group\GroupCommandHandlerTest" classname="Tourze.LarkAppBotBundle.Tests.Service.Group.GroupCommandHandlerTest" assertions="1" time="0.086192"/>
    </testsuite>
    <testsuite name="Tourze\LarkAppBotBundle\Tests\Service\Group\GroupEventHandlerTest" file="/home/admin/work/source/php-monorepo/packages/lark-app-bot-bundle/tests/Service/Group/GroupEventHandlerTest.php" tests="9" assertions="0" errors="9" failures="0" skipped="0" time="0.000000">
      <testcase name="testShouldHaveRunTestsInSeparateProcesses" file="/home/admin/work/source/php-monorepo/packages/phpunit-symfony-kernel-test/src/AbstractIntegrationTestCase.php" line="919" class="Tourze\LarkAppBotBundle\Tests\Service\Group\GroupEventHandlerTest" classname="Tourze.LarkAppBotBundle.Tests.Service.Group.GroupEventHandlerTest" assertions="0" time="0.000000">
        <error type="TypeError">Tourze\LarkAppBotBundle\Tests\Service\Group\GroupEventHandlerTest::testShouldHaveRunTestsInSeparateProcesses
TypeError: MockObject_EventDispatcherInterface_8c12edd6::addListener(): Argument #2 ($listener) must be of type callable, array given, called in /home/admin/work/source/php-monorepo/vendor/symfony/event-dispatcher/Debug/TraceableEventDispatcher.php on line 52

/home/admin/work/source/php-monorepo/vendor/symfony/event-dispatcher/Debug/TraceableEventDispatcher.php:52
/tmp/symfony-test-Tourze8fa81a9ee7c504a046ec0084f697705e/var/cache/test/Container4O4ZB8R/SymfonyTestingFramework_Kernel9HrrrQITestDebugContainer.php:510
/tmp/symfony-test-Tourze8fa81a9ee7c504a046ec0084f697705e/var/cache/test/Container4O4ZB8R/getGroupEventHandlerService.php:21
/tmp/symfony-test-Tourze8fa81a9ee7c504a046ec0084f697705e/var/cache/test/Container4O4ZB8R/SymfonyTestingFramework_Kernel9HrrrQITestDebugContainer.php:274
/home/admin/work/source/php-monorepo/vendor/symfony/dependency-injection/Container.php:221
/home/admin/work/source/php-monorepo/vendor/symfony/dependency-injection/Container.php:203
/home/admin/work/source/php-monorepo/vendor/symfony/framework-bundle/Test/TestContainer.php:94
/home/admin/work/source/php-monorepo/packages/phpunit-symfony-kernel-test/src/ServiceLocator.php:69
/home/admin/work/source/php-monorepo/packages/phpunit-symfony-kernel-test/src/ServiceLocatorTrait.php:25
/home/admin/work/source/php-monorepo/packages/lark-app-bot-bundle/tests/Service/Group/GroupEventHandlerTest.php:319
/home/admin/work/source/php-monorepo/packages/phpunit-symfony-kernel-test/src/AbstractIntegrationTestCase.php:591</error>
      </testcase>
      <testcase name="testHandleGroupCreated" file="/home/admin/work/source/php-monorepo/packages/lark-app-bot-bundle/tests/Service/Group/GroupEventHandlerTest.php" line="42" class="Tourze\LarkAppBotBundle\Tests\Service\Group\GroupEventHandlerTest" classname="Tourze.LarkAppBotBundle.Tests.Service.Group.GroupEventHandlerTest" assertions="0" time="0.000000">
        <error type="TypeError">Tourze\LarkAppBotBundle\Tests\Service\Group\GroupEventHandlerTest::testHandleGroupCreated
TypeError: MockObject_EventDispatcherInterface_3e4754be::addListener(): Argument #2 ($listener) must be of type callable, array given, called in /home/admin/work/source/php-monorepo/vendor/symfony/event-dispatcher/Debug/TraceableEventDispatcher.php on line 52

/home/admin/work/source/php-monorepo/vendor/symfony/event-dispatcher/Debug/TraceableEventDispatcher.php:52
/tmp/symfony-test-Tourze8fa81a9ee7c504a046ec0084f697705e/var/cache/test/Container4O4ZB8R/SymfonyTestingFramework_Kernel9HrrrQITestDebugContainer.php:510
/tmp/symfony-test-Tourze8fa81a9ee7c504a046ec0084f697705e/var/cache/test/Container4O4ZB8R/getGroupEventHandlerService.php:21
/tmp/symfony-test-Tourze8fa81a9ee7c504a046ec0084f697705e/var/cache/test/Container4O4ZB8R/SymfonyTestingFramework_Kernel9HrrrQITestDebugContainer.php:274
/home/admin/work/source/php-monorepo/vendor/symfony/dependency-injection/Container.php:221
/home/admin/work/source/php-monorepo/vendor/symfony/dependency-injection/Container.php:203
/home/admin/work/source/php-monorepo/vendor/symfony/framework-bundle/Test/TestContainer.php:94
/home/admin/work/source/php-monorepo/packages/phpunit-symfony-kernel-test/src/ServiceLocator.php:69
/home/admin/work/source/php-monorepo/packages/phpunit-symfony-kernel-test/src/ServiceLocatorTrait.php:25
/home/admin/work/source/php-monorepo/packages/lark-app-bot-bundle/tests/Service/Group/GroupEventHandlerTest.php:319
/home/admin/work/source/php-monorepo/packages/phpunit-symfony-kernel-test/src/AbstractIntegrationTestCase.php:591</error>
      </testcase>
      <testcase name="testHandleGroupDisbanded" file="/home/admin/work/source/php-monorepo/packages/lark-app-bot-bundle/tests/Service/Group/GroupEventHandlerTest.php" line="87" class="Tourze\LarkAppBotBundle\Tests\Service\Group\GroupEventHandlerTest" classname="Tourze.LarkAppBotBundle.Tests.Service.Group.GroupEventHandlerTest" assertions="0" time="0.000000">
        <error type="TypeError">Tourze\LarkAppBotBundle\Tests\Service\Group\GroupEventHandlerTest::testHandleGroupDisbanded
TypeError: MockObject_EventDispatcherInterface_5dad6a3f::addListener(): Argument #2 ($listener) must be of type callable, array given, called in /home/admin/work/source/php-monorepo/vendor/symfony/event-dispatcher/Debug/TraceableEventDispatcher.php on line 52

/home/admin/work/source/php-monorepo/vendor/symfony/event-dispatcher/Debug/TraceableEventDispatcher.php:52
/tmp/symfony-test-Tourze8fa81a9ee7c504a046ec0084f697705e/var/cache/test/Container4O4ZB8R/SymfonyTestingFramework_Kernel9HrrrQITestDebugContainer.php:510
/tmp/symfony-test-Tourze8fa81a9ee7c504a046ec0084f697705e/var/cache/test/Container4O4ZB8R/getGroupEventHandlerService.php:21
/tmp/symfony-test-Tourze8fa81a9ee7c504a046ec0084f697705e/var/cache/test/Container4O4ZB8R/SymfonyTestingFramework_Kernel9HrrrQITestDebugContainer.php:274
/home/admin/work/source/php-monorepo/vendor/symfony/dependency-injection/Container.php:221
/home/admin/work/source/php-monorepo/vendor/symfony/dependency-injection/Container.php:203
/home/admin/work/source/php-monorepo/vendor/symfony/framework-bundle/Test/TestContainer.php:94
/home/admin/work/source/php-monorepo/packages/phpunit-symfony-kernel-test/src/ServiceLocator.php:69
/home/admin/work/source/php-monorepo/packages/phpunit-symfony-kernel-test/src/ServiceLocatorTrait.php:25
/home/admin/work/source/php-monorepo/packages/lark-app-bot-bundle/tests/Service/Group/GroupEventHandlerTest.php:319
/home/admin/work/source/php-monorepo/packages/phpunit-symfony-kernel-test/src/AbstractIntegrationTestCase.php:591</error>
      </testcase>
      <testcase name="testHandleGroupUpdated" file="/home/admin/work/source/php-monorepo/packages/lark-app-bot-bundle/tests/Service/Group/GroupEventHandlerTest.php" line="111" class="Tourze\LarkAppBotBundle\Tests\Service\Group\GroupEventHandlerTest" classname="Tourze.LarkAppBotBundle.Tests.Service.Group.GroupEventHandlerTest" assertions="0" time="0.000000">
        <error type="TypeError">Tourze\LarkAppBotBundle\Tests\Service\Group\GroupEventHandlerTest::testHandleGroupUpdated
TypeError: MockObject_EventDispatcherInterface_f298c9ef::addListener(): Argument #2 ($listener) must be of type callable, array given, called in /home/admin/work/source/php-monorepo/vendor/symfony/event-dispatcher/Debug/TraceableEventDispatcher.php on line 52

/home/admin/work/source/php-monorepo/vendor/symfony/event-dispatcher/Debug/TraceableEventDispatcher.php:52
/tmp/symfony-test-Tourze8fa81a9ee7c504a046ec0084f697705e/var/cache/test/Container4O4ZB8R/SymfonyTestingFramework_Kernel9HrrrQITestDebugContainer.php:510
/tmp/symfony-test-Tourze8fa81a9ee7c504a046ec0084f697705e/var/cache/test/Container4O4ZB8R/getGroupEventHandlerService.php:21
/tmp/symfony-test-Tourze8fa81a9ee7c504a046ec0084f697705e/var/cache/test/Container4O4ZB8R/SymfonyTestingFramework_Kernel9HrrrQITestDebugContainer.php:274
/home/admin/work/source/php-monorepo/vendor/symfony/dependency-injection/Container.php:221
/home/admin/work/source/php-monorepo/vendor/symfony/dependency-injection/Container.php:203
/home/admin/work/source/php-monorepo/vendor/symfony/framework-bundle/Test/TestContainer.php:94
/home/admin/work/source/php-monorepo/packages/phpunit-symfony-kernel-test/src/ServiceLocator.php:69
/home/admin/work/source/php-monorepo/packages/phpunit-symfony-kernel-test/src/ServiceLocatorTrait.php:25
/home/admin/work/source/php-monorepo/packages/lark-app-bot-bundle/tests/Service/Group/GroupEventHandlerTest.php:319
/home/admin/work/source/php-monorepo/packages/phpunit-symfony-kernel-test/src/AbstractIntegrationTestCase.php:591</error>
      </testcase>
      <testcase name="testHandleMemberJoined" file="/home/admin/work/source/php-monorepo/packages/lark-app-bot-bundle/tests/Service/Group/GroupEventHandlerTest.php" line="136" class="Tourze\LarkAppBotBundle\Tests\Service\Group\GroupEventHandlerTest" classname="Tourze.LarkAppBotBundle.Tests.Service.Group.GroupEventHandlerTest" assertions="0" time="0.000000">
        <error type="TypeError">Tourze\LarkAppBotBundle\Tests\Service\Group\GroupEventHandlerTest::testHandleMemberJoined
TypeError: MockObject_EventDispatcherInterface_4fe78f62::addListener(): Argument #2 ($listener) must be of type callable, array given, called in /home/admin/work/source/php-monorepo/vendor/symfony/event-dispatcher/Debug/TraceableEventDispatcher.php on line 52

/home/admin/work/source/php-monorepo/vendor/symfony/event-dispatcher/Debug/TraceableEventDispatcher.php:52
/tmp/symfony-test-Tourze8fa81a9ee7c504a046ec0084f697705e/var/cache/test/Container4O4ZB8R/SymfonyTestingFramework_Kernel9HrrrQITestDebugContainer.php:510
/tmp/symfony-test-Tourze8fa81a9ee7c504a046ec0084f697705e/var/cache/test/Container4O4ZB8R/getGroupEventHandlerService.php:21
/tmp/symfony-test-Tourze8fa81a9ee7c504a046ec0084f697705e/var/cache/test/Container4O4ZB8R/SymfonyTestingFramework_Kernel9HrrrQITestDebugContainer.php:274
/home/admin/work/source/php-monorepo/vendor/symfony/dependency-injection/Container.php:221
/home/admin/work/source/php-monorepo/vendor/symfony/dependency-injection/Container.php:203
/home/admin/work/source/php-monorepo/vendor/symfony/framework-bundle/Test/TestContainer.php:94
/home/admin/work/source/php-monorepo/packages/phpunit-symfony-kernel-test/src/ServiceLocator.php:69
/home/admin/work/source/php-monorepo/packages/phpunit-symfony-kernel-test/src/ServiceLocatorTrait.php:25
/home/admin/work/source/php-monorepo/packages/lark-app-bot-bundle/tests/Service/Group/GroupEventHandlerTest.php:319
/home/admin/work/source/php-monorepo/packages/phpunit-symfony-kernel-test/src/AbstractIntegrationTestCase.php:591</error>
      </testcase>
      <testcase name="testHandleMemberLeft" file="/home/admin/work/source/php-monorepo/packages/lark-app-bot-bundle/tests/Service/Group/GroupEventHandlerTest.php" line="178" class="Tourze\LarkAppBotBundle\Tests\Service\Group\GroupEventHandlerTest" classname="Tourze.LarkAppBotBundle.Tests.Service.Group.GroupEventHandlerTest" assertions="0" time="0.000000">
        <error type="TypeError">Tourze\LarkAppBotBundle\Tests\Service\Group\GroupEventHandlerTest::testHandleMemberLeft
TypeError: MockObject_EventDispatcherInterface_dab4371d::addListener(): Argument #2 ($listener) must be of type callable, array given, called in /home/admin/work/source/php-monorepo/vendor/symfony/event-dispatcher/Debug/TraceableEventDispatcher.php on line 52

/home/admin/work/source/php-monorepo/vendor/symfony/event-dispatcher/Debug/TraceableEventDispatcher.php:52
/tmp/symfony-test-Tourze8fa81a9ee7c504a046ec0084f697705e/var/cache/test/Container4O4ZB8R/SymfonyTestingFramework_Kernel9HrrrQITestDebugContainer.php:510
/tmp/symfony-test-Tourze8fa81a9ee7c504a046ec0084f697705e/var/cache/test/Container4O4ZB8R/getGroupEventHandlerService.php:21
/tmp/symfony-test-Tourze8fa81a9ee7c504a046ec0084f697705e/var/cache/test/Container4O4ZB8R/SymfonyTestingFramework_Kernel9HrrrQITestDebugContainer.php:274
/home/admin/work/source/php-monorepo/vendor/symfony/dependency-injection/Container.php:221
/home/admin/work/source/php-monorepo/vendor/symfony/dependency-injection/Container.php:203
/home/admin/work/source/php-monorepo/vendor/symfony/framework-bundle/Test/TestContainer.php:94
/home/admin/work/source/php-monorepo/packages/phpunit-symfony-kernel-test/src/ServiceLocator.php:69
/home/admin/work/source/php-monorepo/packages/phpunit-symfony-kernel-test/src/ServiceLocatorTrait.php:25
/home/admin/work/source/php-monorepo/packages/lark-app-bot-bundle/tests/Service/Group/GroupEventHandlerTest.php:319
/home/admin/work/source/php-monorepo/packages/phpunit-symfony-kernel-test/src/AbstractIntegrationTestCase.php:591</error>
      </testcase>
      <testcase name="testHandleBotAdded" file="/home/admin/work/source/php-monorepo/packages/lark-app-bot-bundle/tests/Service/Group/GroupEventHandlerTest.php" line="205" class="Tourze\LarkAppBotBundle\Tests\Service\Group\GroupEventHandlerTest" classname="Tourze.LarkAppBotBundle.Tests.Service.Group.GroupEventHandlerTest" assertions="0" time="0.000000">
        <error type="TypeError">Tourze\LarkAppBotBundle\Tests\Service\Group\GroupEventHandlerTest::testHandleBotAdded
TypeError: MockObject_EventDispatcherInterface_bb627263::addListener(): Argument #2 ($listener) must be of type callable, array given, called in /home/admin/work/source/php-monorepo/vendor/symfony/event-dispatcher/Debug/TraceableEventDispatcher.php on line 52

/home/admin/work/source/php-monorepo/vendor/symfony/event-dispatcher/Debug/TraceableEventDispatcher.php:52
/tmp/symfony-test-Tourze8fa81a9ee7c504a046ec0084f697705e/var/cache/test/Container4O4ZB8R/SymfonyTestingFramework_Kernel9HrrrQITestDebugContainer.php:510
/tmp/symfony-test-Tourze8fa81a9ee7c504a046ec0084f697705e/var/cache/test/Container4O4ZB8R/getGroupEventHandlerService.php:21
/tmp/symfony-test-Tourze8fa81a9ee7c504a046ec0084f697705e/var/cache/test/Container4O4ZB8R/SymfonyTestingFramework_Kernel9HrrrQITestDebugContainer.php:274
/home/admin/work/source/php-monorepo/vendor/symfony/dependency-injection/Container.php:221
/home/admin/work/source/php-monorepo/vendor/symfony/dependency-injection/Container.php:203
/home/admin/work/source/php-monorepo/vendor/symfony/framework-bundle/Test/TestContainer.php:94
/home/admin/work/source/php-monorepo/packages/phpunit-symfony-kernel-test/src/ServiceLocator.php:69
/home/admin/work/source/php-monorepo/packages/phpunit-symfony-kernel-test/src/ServiceLocatorTrait.php:25
/home/admin/work/source/php-monorepo/packages/lark-app-bot-bundle/tests/Service/Group/GroupEventHandlerTest.php:319
/home/admin/work/source/php-monorepo/packages/phpunit-symfony-kernel-test/src/AbstractIntegrationTestCase.php:591</error>
      </testcase>
      <testcase name="testHandleBotRemoved" file="/home/admin/work/source/php-monorepo/packages/lark-app-bot-bundle/tests/Service/Group/GroupEventHandlerTest.php" line="249" class="Tourze\LarkAppBotBundle\Tests\Service\Group\GroupEventHandlerTest" classname="Tourze.LarkAppBotBundle.Tests.Service.Group.GroupEventHandlerTest" assertions="0" time="0.000000">
        <error type="TypeError">Tourze\LarkAppBotBundle\Tests\Service\Group\GroupEventHandlerTest::testHandleBotRemoved
TypeError: MockObject_EventDispatcherInterface_fa3f53bb::addListener(): Argument #2 ($listener) must be of type callable, array given, called in /home/admin/work/source/php-monorepo/vendor/symfony/event-dispatcher/Debug/TraceableEventDispatcher.php on line 52

/home/admin/work/source/php-monorepo/vendor/symfony/event-dispatcher/Debug/TraceableEventDispatcher.php:52
/tmp/symfony-test-Tourze8fa81a9ee7c504a046ec0084f697705e/var/cache/test/Container4O4ZB8R/SymfonyTestingFramework_Kernel9HrrrQITestDebugContainer.php:510
/tmp/symfony-test-Tourze8fa81a9ee7c504a046ec0084f697705e/var/cache/test/Container4O4ZB8R/getGroupEventHandlerService.php:21
/tmp/symfony-test-Tourze8fa81a9ee7c504a046ec0084f697705e/var/cache/test/Container4O4ZB8R/SymfonyTestingFramework_Kernel9HrrrQITestDebugContainer.php:274
/home/admin/work/source/php-monorepo/vendor/symfony/dependency-injection/Container.php:221
/home/admin/work/source/php-monorepo/vendor/symfony/dependency-injection/Container.php:203
/home/admin/work/source/php-monorepo/vendor/symfony/framework-bundle/Test/TestContainer.php:94
/home/admin/work/source/php-monorepo/packages/phpunit-symfony-kernel-test/src/ServiceLocator.php:69
/home/admin/work/source/php-monorepo/packages/phpunit-symfony-kernel-test/src/ServiceLocatorTrait.php:25
/home/admin/work/source/php-monorepo/packages/lark-app-bot-bundle/tests/Service/Group/GroupEventHandlerTest.php:319
/home/admin/work/source/php-monorepo/packages/phpunit-symfony-kernel-test/src/AbstractIntegrationTestCase.php:591</error>
      </testcase>
      <testcase name="testHandleGroupCreatedWithError" file="/home/admin/work/source/php-monorepo/packages/lark-app-bot-bundle/tests/Service/Group/GroupEventHandlerTest.php" line="273" class="Tourze\LarkAppBotBundle\Tests\Service\Group\GroupEventHandlerTest" classname="Tourze.LarkAppBotBundle.Tests.Service.Group.GroupEventHandlerTest" assertions="0" time="0.000000">
        <error type="TypeError">Tourze\LarkAppBotBundle\Tests\Service\Group\GroupEventHandlerTest::testHandleGroupCreatedWithError
TypeError: MockObject_EventDispatcherInterface_b07fb48d::addListener(): Argument #2 ($listener) must be of type callable, array given, called in /home/admin/work/source/php-monorepo/vendor/symfony/event-dispatcher/Debug/TraceableEventDispatcher.php on line 52

/home/admin/work/source/php-monorepo/vendor/symfony/event-dispatcher/Debug/TraceableEventDispatcher.php:52
/tmp/symfony-test-Tourze8fa81a9ee7c504a046ec0084f697705e/var/cache/test/Container4O4ZB8R/SymfonyTestingFramework_Kernel9HrrrQITestDebugContainer.php:510
/tmp/symfony-test-Tourze8fa81a9ee7c504a046ec0084f697705e/var/cache/test/Container4O4ZB8R/getGroupEventHandlerService.php:21
/tmp/symfony-test-Tourze8fa81a9ee7c504a046ec0084f697705e/var/cache/test/Container4O4ZB8R/SymfonyTestingFramework_Kernel9HrrrQITestDebugContainer.php:274
/home/admin/work/source/php-monorepo/vendor/symfony/dependency-injection/Container.php:221
/home/admin/work/source/php-monorepo/vendor/symfony/dependency-injection/Container.php:203
/home/admin/work/source/php-monorepo/vendor/symfony/framework-bundle/Test/TestContainer.php:94
/home/admin/work/source/php-monorepo/packages/phpunit-symfony-kernel-test/src/ServiceLocator.php:69
/home/admin/work/source/php-monorepo/packages/phpunit-symfony-kernel-test/src/ServiceLocatorTrait.php:25
/home/admin/work/source/php-monorepo/packages/lark-app-bot-bundle/tests/Service/Group/GroupEventHandlerTest.php:319
/home/admin/work/source/php-monorepo/packages/phpunit-symfony-kernel-test/src/AbstractIntegrationTestCase.php:591</error>
      </testcase>
    </testsuite>
    <testsuite name="Tourze\LarkAppBotBundle\Tests\Service\Group\GroupServiceTest" file="/home/admin/work/source/php-monorepo/packages/lark-app-bot-bundle/tests/Service/Group/GroupServiceTest.php" tests="19" assertions="94" errors="0" failures="0" skipped="0" time="1.618440">
      <testcase name="testShouldHaveRunTestsInSeparateProcesses" file="/home/admin/work/source/php-monorepo/packages/phpunit-symfony-kernel-test/src/AbstractIntegrationTestCase.php" line="919" class="Tourze\LarkAppBotBundle\Tests\Service\Group\GroupServiceTest" classname="Tourze.LarkAppBotBundle.Tests.Service.Group.GroupServiceTest" assertions="1" time="0.083954"/>
      <testcase name="testCreateGroupSuccess" file="/home/admin/work/source/php-monorepo/packages/lark-app-bot-bundle/tests/Service/Group/GroupServiceTest.php" line="31" class="Tourze\LarkAppBotBundle\Tests\Service\Group\GroupServiceTest" classname="Tourze.LarkAppBotBundle.Tests.Service.Group.GroupServiceTest" assertions="7" time="0.084286"/>
      <testcase name="testCreateGroupWithoutNameThrowsException" file="/home/admin/work/source/php-monorepo/packages/lark-app-bot-bundle/tests/Service/Group/GroupServiceTest.php" line="62" class="Tourze\LarkAppBotBundle\Tests\Service\Group\GroupServiceTest" classname="Tourze.LarkAppBotBundle.Tests.Service.Group.GroupServiceTest" assertions="2" time="0.082469"/>
      <testcase name="testUpdateGroupSuccess" file="/home/admin/work/source/php-monorepo/packages/lark-app-bot-bundle/tests/Service/Group/GroupServiceTest.php" line="70" class="Tourze\LarkAppBotBundle\Tests\Service\Group\GroupServiceTest" classname="Tourze.LarkAppBotBundle.Tests.Service.Group.GroupServiceTest" assertions="0" time="0.084041"/>
      <testcase name="testUpdateGroupWithEmptyChatIdThrowsException" file="/home/admin/work/source/php-monorepo/packages/lark-app-bot-bundle/tests/Service/Group/GroupServiceTest.php" line="84" class="Tourze\LarkAppBotBundle\Tests\Service\Group\GroupServiceTest" classname="Tourze.LarkAppBotBundle.Tests.Service.Group.GroupServiceTest" assertions="2" time="0.083570"/>
      <testcase name="testGetGroupSuccess" file="/home/admin/work/source/php-monorepo/packages/lark-app-bot-bundle/tests/Service/Group/GroupServiceTest.php" line="92" class="Tourze\LarkAppBotBundle\Tests\Service\Group\GroupServiceTest" classname="Tourze.LarkAppBotBundle.Tests.Service.Group.GroupServiceTest" assertions="6" time="0.086160"/>
      <testcase name="testAddMembersSuccess" file="/home/admin/work/source/php-monorepo/packages/lark-app-bot-bundle/tests/Service/Group/GroupServiceTest.php" line="119" class="Tourze\LarkAppBotBundle\Tests\Service\Group\GroupServiceTest" classname="Tourze.LarkAppBotBundle.Tests.Service.Group.GroupServiceTest" assertions="6" time="0.086247"/>
      <testcase name="testAddMembersWithInvalidTypeThrowsException" file="/home/admin/work/source/php-monorepo/packages/lark-app-bot-bundle/tests/Service/Group/GroupServiceTest.php" line="145" class="Tourze\LarkAppBotBundle\Tests\Service\Group\GroupServiceTest" classname="Tourze.LarkAppBotBundle.Tests.Service.Group.GroupServiceTest" assertions="2" time="0.090464"/>
      <testcase name="testRemoveMembersSuccess" file="/home/admin/work/source/php-monorepo/packages/lark-app-bot-bundle/tests/Service/Group/GroupServiceTest.php" line="153" class="Tourze\LarkAppBotBundle\Tests\Service\Group\GroupServiceTest" classname="Tourze.LarkAppBotBundle.Tests.Service.Group.GroupServiceTest" assertions="6" time="0.085936"/>
      <testcase name="testGetMembersSuccess" file="/home/admin/work/source/php-monorepo/packages/lark-app-bot-bundle/tests/Service/Group/GroupServiceTest.php" line="178" class="Tourze\LarkAppBotBundle\Tests\Service\Group\GroupServiceTest" classname="Tourze.LarkAppBotBundle.Tests.Service.Group.GroupServiceTest" assertions="9" time="0.083872"/>
      <testcase name="testGetMembersWithInvalidPageSizeThrowsException" file="/home/admin/work/source/php-monorepo/packages/lark-app-bot-bundle/tests/Service/Group/GroupServiceTest.php" line="210" class="Tourze\LarkAppBotBundle\Tests\Service\Group\GroupServiceTest" classname="Tourze.LarkAppBotBundle.Tests.Service.Group.GroupServiceTest" assertions="2" time="0.083557"/>
      <testcase name="testGetAllMembersSuccess" file="/home/admin/work/source/php-monorepo/packages/lark-app-bot-bundle/tests/Service/Group/GroupServiceTest.php" line="218" class="Tourze\LarkAppBotBundle\Tests\Service\Group\GroupServiceTest" classname="Tourze.LarkAppBotBundle.Tests.Service.Group.GroupServiceTest" assertions="13" time="0.084532"/>
      <testcase name="testDisbandGroupSuccess" file="/home/admin/work/source/php-monorepo/packages/lark-app-bot-bundle/tests/Service/Group/GroupServiceTest.php" line="263" class="Tourze\LarkAppBotBundle\Tests\Service\Group\GroupServiceTest" classname="Tourze.LarkAppBotBundle.Tests.Service.Group.GroupServiceTest" assertions="0" time="0.086508"/>
      <testcase name="testListGroupsSuccess" file="/home/admin/work/source/php-monorepo/packages/lark-app-bot-bundle/tests/Service/Group/GroupServiceTest.php" line="276" class="Tourze\LarkAppBotBundle\Tests\Service\Group\GroupServiceTest" classname="Tourze.LarkAppBotBundle.Tests.Service.Group.GroupServiceTest" assertions="11" time="0.086067"/>
      <testcase name="testListGroupsWithCustomParameters" file="/home/admin/work/source/php-monorepo/packages/lark-app-bot-bundle/tests/Service/Group/GroupServiceTest.php" line="318" class="Tourze\LarkAppBotBundle\Tests\Service\Group\GroupServiceTest" classname="Tourze.LarkAppBotBundle.Tests.Service.Group.GroupServiceTest" assertions="9" time="0.086789"/>
      <testcase name="testListGroupsEmptyResult" file="/home/admin/work/source/php-monorepo/packages/lark-app-bot-bundle/tests/Service/Group/GroupServiceTest.php" line="349" class="Tourze\LarkAppBotBundle\Tests\Service\Group\GroupServiceTest" classname="Tourze.LarkAppBotBundle.Tests.Service.Group.GroupServiceTest" assertions="8" time="0.085516"/>
      <testcase name="testListGroupsWithInvalidUserIdTypeThrowsException" file="/home/admin/work/source/php-monorepo/packages/lark-app-bot-bundle/tests/Service/Group/GroupServiceTest.php" line="375" class="Tourze\LarkAppBotBundle\Tests\Service\Group\GroupServiceTest" classname="Tourze.LarkAppBotBundle.Tests.Service.Group.GroupServiceTest" assertions="2" time="0.086414"/>
      <testcase name="testListGroupsWithInvalidPageSizeThrowsException" file="/home/admin/work/source/php-monorepo/packages/lark-app-bot-bundle/tests/Service/Group/GroupServiceTest.php" line="383" class="Tourze\LarkAppBotBundle\Tests\Service\Group\GroupServiceTest" classname="Tourze.LarkAppBotBundle.Tests.Service.Group.GroupServiceTest" assertions="2" time="0.085164"/>
      <testcase name="testListGroupsWithApiErrorThrowsException" file="/home/admin/work/source/php-monorepo/packages/lark-app-bot-bundle/tests/Service/Group/GroupServiceTest.php" line="391" class="Tourze\LarkAppBotBundle\Tests\Service\Group\GroupServiceTest" classname="Tourze.LarkAppBotBundle.Tests.Service.Group.GroupServiceTest" assertions="6" time="0.082895"/>
    </testsuite>
    <testsuite name="Tourze\LarkAppBotBundle\Tests\Service\Group\GroupToolsTest" file="/home/admin/work/source/php-monorepo/packages/lark-app-bot-bundle/tests/Service/Group/GroupToolsTest.php" tests="10" assertions="62" errors="0" failures="0" skipped="0" time="0.102576">
      <testcase name="testBatchAddMembersSuccess" file="/home/admin/work/source/php-monorepo/packages/lark-app-bot-bundle/tests/Service/Group/GroupToolsTest.php" line="38" class="Tourze\LarkAppBotBundle\Tests\Service\Group\GroupToolsTest" classname="Tourze.LarkAppBotBundle.Tests.Service.Group.GroupToolsTest" assertions="6" time="0.101183"/>
      <testcase name="testBatchAddMembersWithInvalidBatchSize" file="/home/admin/work/source/php-monorepo/packages/lark-app-bot-bundle/tests/Service/Group/GroupToolsTest.php" line="59" class="Tourze\LarkAppBotBundle\Tests\Service\Group\GroupToolsTest" classname="Tourze.LarkAppBotBundle.Tests.Service.Group.GroupToolsTest" assertions="2" time="0.000500"/>
      <testcase name="testBatchRemoveMembersSuccess" file="/home/admin/work/source/php-monorepo/packages/lark-app-bot-bundle/tests/Service/Group/GroupToolsTest.php" line="67" class="Tourze\LarkAppBotBundle\Tests\Service\Group\GroupToolsTest" classname="Tourze.LarkAppBotBundle.Tests.Service.Group.GroupToolsTest" assertions="8" time="0.000209"/>
      <testcase name="testCreateGroupFromTemplateSuccess" file="/home/admin/work/source/php-monorepo/packages/lark-app-bot-bundle/tests/Service/Group/GroupToolsTest.php" line="86" class="Tourze\LarkAppBotBundle\Tests\Service\Group\GroupToolsTest" classname="Tourze.LarkAppBotBundle.Tests.Service.Group.GroupToolsTest" assertions="4" time="0.000099"/>
      <testcase name="testCreateGroupFromInvalidTemplate" file="/home/admin/work/source/php-monorepo/packages/lark-app-bot-bundle/tests/Service/Group/GroupToolsTest.php" line="114" class="Tourze\LarkAppBotBundle\Tests\Service\Group\GroupToolsTest" classname="Tourze.LarkAppBotBundle.Tests.Service.Group.GroupToolsTest" assertions="2" time="0.000059"/>
      <testcase name="testGetAvailableTemplates" file="/home/admin/work/source/php-monorepo/packages/lark-app-bot-bundle/tests/Service/Group/GroupToolsTest.php" line="122" class="Tourze\LarkAppBotBundle\Tests\Service\Group\GroupToolsTest" classname="Tourze.LarkAppBotBundle.Tests.Service.Group.GroupToolsTest" assertions="5" time="0.000108"/>
      <testcase name="testExportGroupData" file="/home/admin/work/source/php-monorepo/packages/lark-app-bot-bundle/tests/Service/Group/GroupToolsTest.php" line="133" class="Tourze\LarkAppBotBundle\Tests\Service\Group\GroupToolsTest" classname="Tourze.LarkAppBotBundle.Tests.Service.Group.GroupToolsTest" assertions="7" time="0.000115"/>
      <testcase name="testExportGroupDataAsCsv" file="/home/admin/work/source/php-monorepo/packages/lark-app-bot-bundle/tests/Service/Group/GroupToolsTest.php" line="164" class="Tourze\LarkAppBotBundle\Tests\Service\Group\GroupToolsTest" classname="Tourze.LarkAppBotBundle.Tests.Service.Group.GroupToolsTest" assertions="9" time="0.000097"/>
      <testcase name="testAnalyzeGroup" file="/home/admin/work/source/php-monorepo/packages/lark-app-bot-bundle/tests/Service/Group/GroupToolsTest.php" line="198" class="Tourze\LarkAppBotBundle\Tests\Service\Group\GroupToolsTest" classname="Tourze.LarkAppBotBundle.Tests.Service.Group.GroupToolsTest" assertions="10" time="0.000080"/>
      <testcase name="testCloneGroupWithMembers" file="/home/admin/work/source/php-monorepo/packages/lark-app-bot-bundle/tests/Service/Group/GroupToolsTest.php" line="243" class="Tourze\LarkAppBotBundle\Tests\Service\Group\GroupToolsTest" classname="Tourze.LarkAppBotBundle.Tests.Service.Group.GroupToolsTest" assertions="9" time="0.000126"/>
    </testsuite>
    <testsuite name="Tourze\LarkAppBotBundle\Tests\Service\Logger\LarkLoggerTest" file="/home/admin/work/source/php-monorepo/packages/lark-app-bot-bundle/tests/Service/Logger/LarkLoggerTest.php" tests="20" assertions="0" errors="20" failures="0" skipped="0" time="0.000000">
      <testcase name="testShouldHaveRunTestsInSeparateProcesses" file="/home/admin/work/source/php-monorepo/packages/phpunit-symfony-kernel-test/src/AbstractIntegrationTestCase.php" line="919" class="Tourze\LarkAppBotBundle\Tests\Service\Logger\LarkLoggerTest" classname="Tourze.LarkAppBotBundle.Tests.Service.Logger.LarkLoggerTest" assertions="0" time="0.000000">
        <error type="Symfony\Component\DependencyInjection\Exception\InvalidArgumentException">Tourze\LarkAppBotBundle\Tests\Service\Logger\LarkLoggerTest::testShouldHaveRunTestsInSeparateProcesses
Symfony\Component\DependencyInjection\Exception\InvalidArgumentException: The "request_stack" service is already initialized, you cannot replace it.

/home/admin/work/source/php-monorepo/vendor/symfony/dependency-injection/Container.php:160
/home/admin/work/source/php-monorepo/vendor/symfony/framework-bundle/Test/TestContainer.php:75
/home/admin/work/source/php-monorepo/packages/lark-app-bot-bundle/tests/Service/Logger/LarkLoggerTest.php:446
/home/admin/work/source/php-monorepo/packages/phpunit-symfony-kernel-test/src/AbstractIntegrationTestCase.php:591</error>
      </testcase>
      <testcase name="testLarkLoggerFiltering" file="/home/admin/work/source/php-monorepo/packages/lark-app-bot-bundle/tests/Service/Logger/LarkLoggerTest.php" line="32" class="Tourze\LarkAppBotBundle\Tests\Service\Logger\LarkLoggerTest" classname="Tourze.LarkAppBotBundle.Tests.Service.Logger.LarkLoggerTest" assertions="0" time="0.000000">
        <error type="Symfony\Component\DependencyInjection\Exception\InvalidArgumentException">Tourze\LarkAppBotBundle\Tests\Service\Logger\LarkLoggerTest::testLarkLoggerFiltering
Symfony\Component\DependencyInjection\Exception\InvalidArgumentException: The "request_stack" service is already initialized, you cannot replace it.

/home/admin/work/source/php-monorepo/vendor/symfony/dependency-injection/Container.php:160
/home/admin/work/source/php-monorepo/vendor/symfony/framework-bundle/Test/TestContainer.php:75
/home/admin/work/source/php-monorepo/packages/lark-app-bot-bundle/tests/Service/Logger/LarkLoggerTest.php:446
/home/admin/work/source/php-monorepo/packages/phpunit-symfony-kernel-test/src/AbstractIntegrationTestCase.php:591</error>
      </testcase>
      <testcase name="testEmergency" file="/home/admin/work/source/php-monorepo/packages/lark-app-bot-bundle/tests/Service/Logger/LarkLoggerTest.php" line="62" class="Tourze\LarkAppBotBundle\Tests\Service\Logger\LarkLoggerTest" classname="Tourze.LarkAppBotBundle.Tests.Service.Logger.LarkLoggerTest" assertions="0" time="0.000000">
        <error type="Symfony\Component\DependencyInjection\Exception\InvalidArgumentException">Tourze\LarkAppBotBundle\Tests\Service\Logger\LarkLoggerTest::testEmergency
Symfony\Component\DependencyInjection\Exception\InvalidArgumentException: The "request_stack" service is already initialized, you cannot replace it.

/home/admin/work/source/php-monorepo/vendor/symfony/dependency-injection/Container.php:160
/home/admin/work/source/php-monorepo/vendor/symfony/framework-bundle/Test/TestContainer.php:75
/home/admin/work/source/php-monorepo/packages/lark-app-bot-bundle/tests/Service/Logger/LarkLoggerTest.php:446
/home/admin/work/source/php-monorepo/packages/phpunit-symfony-kernel-test/src/AbstractIntegrationTestCase.php:591</error>
      </testcase>
      <testcase name="testAlert" file="/home/admin/work/source/php-monorepo/packages/lark-app-bot-bundle/tests/Service/Logger/LarkLoggerTest.php" line="83" class="Tourze\LarkAppBotBundle\Tests\Service\Logger\LarkLoggerTest" classname="Tourze.LarkAppBotBundle.Tests.Service.Logger.LarkLoggerTest" assertions="0" time="0.000000">
        <error type="Symfony\Component\DependencyInjection\Exception\InvalidArgumentException">Tourze\LarkAppBotBundle\Tests\Service\Logger\LarkLoggerTest::testAlert
Symfony\Component\DependencyInjection\Exception\InvalidArgumentException: The "request_stack" service is already initialized, you cannot replace it.

/home/admin/work/source/php-monorepo/vendor/symfony/dependency-injection/Container.php:160
/home/admin/work/source/php-monorepo/vendor/symfony/framework-bundle/Test/TestContainer.php:75
/home/admin/work/source/php-monorepo/packages/lark-app-bot-bundle/tests/Service/Logger/LarkLoggerTest.php:446
/home/admin/work/source/php-monorepo/packages/phpunit-symfony-kernel-test/src/AbstractIntegrationTestCase.php:591</error>
      </testcase>
      <testcase name="testCritical" file="/home/admin/work/source/php-monorepo/packages/lark-app-bot-bundle/tests/Service/Logger/LarkLoggerTest.php" line="104" class="Tourze\LarkAppBotBundle\Tests\Service\Logger\LarkLoggerTest" classname="Tourze.LarkAppBotBundle.Tests.Service.Logger.LarkLoggerTest" assertions="0" time="0.000000">
        <error type="Symfony\Component\DependencyInjection\Exception\InvalidArgumentException">Tourze\LarkAppBotBundle\Tests\Service\Logger\LarkLoggerTest::testCritical
Symfony\Component\DependencyInjection\Exception\InvalidArgumentException: The "request_stack" service is already initialized, you cannot replace it.

/home/admin/work/source/php-monorepo/vendor/symfony/dependency-injection/Container.php:160
/home/admin/work/source/php-monorepo/vendor/symfony/framework-bundle/Test/TestContainer.php:75
/home/admin/work/source/php-monorepo/packages/lark-app-bot-bundle/tests/Service/Logger/LarkLoggerTest.php:446
/home/admin/work/source/php-monorepo/packages/phpunit-symfony-kernel-test/src/AbstractIntegrationTestCase.php:591</error>
      </testcase>
      <testcase name="testError" file="/home/admin/work/source/php-monorepo/packages/lark-app-bot-bundle/tests/Service/Logger/LarkLoggerTest.php" line="125" class="Tourze\LarkAppBotBundle\Tests\Service\Logger\LarkLoggerTest" classname="Tourze.LarkAppBotBundle.Tests.Service.Logger.LarkLoggerTest" assertions="0" time="0.000000">
        <error type="Symfony\Component\DependencyInjection\Exception\InvalidArgumentException">Tourze\LarkAppBotBundle\Tests\Service\Logger\LarkLoggerTest::testError
Symfony\Component\DependencyInjection\Exception\InvalidArgumentException: The "request_stack" service is already initialized, you cannot replace it.

/home/admin/work/source/php-monorepo/vendor/symfony/dependency-injection/Container.php:160
/home/admin/work/source/php-monorepo/vendor/symfony/framework-bundle/Test/TestContainer.php:75
/home/admin/work/source/php-monorepo/packages/lark-app-bot-bundle/tests/Service/Logger/LarkLoggerTest.php:446
/home/admin/work/source/php-monorepo/packages/phpunit-symfony-kernel-test/src/AbstractIntegrationTestCase.php:591</error>
      </testcase>
      <testcase name="testWarning" file="/home/admin/work/source/php-monorepo/packages/lark-app-bot-bundle/tests/Service/Logger/LarkLoggerTest.php" line="146" class="Tourze\LarkAppBotBundle\Tests\Service\Logger\LarkLoggerTest" classname="Tourze.LarkAppBotBundle.Tests.Service.Logger.LarkLoggerTest" assertions="0" time="0.000000">
        <error type="Symfony\Component\DependencyInjection\Exception\InvalidArgumentException">Tourze\LarkAppBotBundle\Tests\Service\Logger\LarkLoggerTest::testWarning
Symfony\Component\DependencyInjection\Exception\InvalidArgumentException: The "request_stack" service is already initialized, you cannot replace it.

/home/admin/work/source/php-monorepo/vendor/symfony/dependency-injection/Container.php:160
/home/admin/work/source/php-monorepo/vendor/symfony/framework-bundle/Test/TestContainer.php:75
/home/admin/work/source/php-monorepo/packages/lark-app-bot-bundle/tests/Service/Logger/LarkLoggerTest.php:446
/home/admin/work/source/php-monorepo/packages/phpunit-symfony-kernel-test/src/AbstractIntegrationTestCase.php:591</error>
      </testcase>
      <testcase name="testNotice" file="/home/admin/work/source/php-monorepo/packages/lark-app-bot-bundle/tests/Service/Logger/LarkLoggerTest.php" line="167" class="Tourze\LarkAppBotBundle\Tests\Service\Logger\LarkLoggerTest" classname="Tourze.LarkAppBotBundle.Tests.Service.Logger.LarkLoggerTest" assertions="0" time="0.000000">
        <error type="Symfony\Component\DependencyInjection\Exception\InvalidArgumentException">Tourze\LarkAppBotBundle\Tests\Service\Logger\LarkLoggerTest::testNotice
Symfony\Component\DependencyInjection\Exception\InvalidArgumentException: The "request_stack" service is already initialized, you cannot replace it.

/home/admin/work/source/php-monorepo/vendor/symfony/dependency-injection/Container.php:160
/home/admin/work/source/php-monorepo/vendor/symfony/framework-bundle/Test/TestContainer.php:75
/home/admin/work/source/php-monorepo/packages/lark-app-bot-bundle/tests/Service/Logger/LarkLoggerTest.php:446
/home/admin/work/source/php-monorepo/packages/phpunit-symfony-kernel-test/src/AbstractIntegrationTestCase.php:591</error>
      </testcase>
      <testcase name="testInfo" file="/home/admin/work/source/php-monorepo/packages/lark-app-bot-bundle/tests/Service/Logger/LarkLoggerTest.php" line="188" class="Tourze\LarkAppBotBundle\Tests\Service\Logger\LarkLoggerTest" classname="Tourze.LarkAppBotBundle.Tests.Service.Logger.LarkLoggerTest" assertions="0" time="0.000000">
        <error type="Symfony\Component\DependencyInjection\Exception\InvalidArgumentException">Tourze\LarkAppBotBundle\Tests\Service\Logger\LarkLoggerTest::testInfo
Symfony\Component\DependencyInjection\Exception\InvalidArgumentException: The "request_stack" service is already initialized, you cannot replace it.

/home/admin/work/source/php-monorepo/vendor/symfony/dependency-injection/Container.php:160
/home/admin/work/source/php-monorepo/vendor/symfony/framework-bundle/Test/TestContainer.php:75
/home/admin/work/source/php-monorepo/packages/lark-app-bot-bundle/tests/Service/Logger/LarkLoggerTest.php:446
/home/admin/work/source/php-monorepo/packages/phpunit-symfony-kernel-test/src/AbstractIntegrationTestCase.php:591</error>
      </testcase>
      <testcase name="testDebugWhenDebugEnabled" file="/home/admin/work/source/php-monorepo/packages/lark-app-bot-bundle/tests/Service/Logger/LarkLoggerTest.php" line="209" class="Tourze\LarkAppBotBundle\Tests\Service\Logger\LarkLoggerTest" classname="Tourze.LarkAppBotBundle.Tests.Service.Logger.LarkLoggerTest" assertions="0" time="0.000000">
        <error type="Symfony\Component\DependencyInjection\Exception\InvalidArgumentException">Tourze\LarkAppBotBundle\Tests\Service\Logger\LarkLoggerTest::testDebugWhenDebugEnabled
Symfony\Component\DependencyInjection\Exception\InvalidArgumentException: The "request_stack" service is already initialized, you cannot replace it.

/home/admin/work/source/php-monorepo/vendor/symfony/dependency-injection/Container.php:160
/home/admin/work/source/php-monorepo/vendor/symfony/framework-bundle/Test/TestContainer.php:75
/home/admin/work/source/php-monorepo/packages/lark-app-bot-bundle/tests/Service/Logger/LarkLoggerTest.php:446
/home/admin/work/source/php-monorepo/packages/phpunit-symfony-kernel-test/src/AbstractIntegrationTestCase.php:591</error>
      </testcase>
      <testcase name="testDebugWhenDebugDisabled" file="/home/admin/work/source/php-monorepo/packages/lark-app-bot-bundle/tests/Service/Logger/LarkLoggerTest.php" line="230" class="Tourze\LarkAppBotBundle\Tests\Service\Logger\LarkLoggerTest" classname="Tourze.LarkAppBotBundle.Tests.Service.Logger.LarkLoggerTest" assertions="0" time="0.000000">
        <error type="Symfony\Component\DependencyInjection\Exception\InvalidArgumentException">Tourze\LarkAppBotBundle\Tests\Service\Logger\LarkLoggerTest::testDebugWhenDebugDisabled
Symfony\Component\DependencyInjection\Exception\InvalidArgumentException: The "request_stack" service is already initialized, you cannot replace it.

/home/admin/work/source/php-monorepo/vendor/symfony/dependency-injection/Container.php:160
/home/admin/work/source/php-monorepo/vendor/symfony/framework-bundle/Test/TestContainer.php:75
/home/admin/work/source/php-monorepo/packages/lark-app-bot-bundle/tests/Service/Logger/LarkLoggerTest.php:446
/home/admin/work/source/php-monorepo/packages/phpunit-symfony-kernel-test/src/AbstractIntegrationTestCase.php:591</error>
      </testcase>
      <testcase name="testLogWithCustomLevel" file="/home/admin/work/source/php-monorepo/packages/lark-app-bot-bundle/tests/Service/Logger/LarkLoggerTest.php" line="240" class="Tourze\LarkAppBotBundle\Tests\Service\Logger\LarkLoggerTest" classname="Tourze.LarkAppBotBundle.Tests.Service.Logger.LarkLoggerTest" assertions="0" time="0.000000">
        <error type="Symfony\Component\DependencyInjection\Exception\InvalidArgumentException">Tourze\LarkAppBotBundle\Tests\Service\Logger\LarkLoggerTest::testLogWithCustomLevel
Symfony\Component\DependencyInjection\Exception\InvalidArgumentException: The "request_stack" service is already initialized, you cannot replace it.

/home/admin/work/source/php-monorepo/vendor/symfony/dependency-injection/Container.php:160
/home/admin/work/source/php-monorepo/vendor/symfony/framework-bundle/Test/TestContainer.php:75
/home/admin/work/source/php-monorepo/packages/lark-app-bot-bundle/tests/Service/Logger/LarkLoggerTest.php:446
/home/admin/work/source/php-monorepo/packages/phpunit-symfony-kernel-test/src/AbstractIntegrationTestCase.php:591</error>
      </testcase>
      <testcase name="testSensitiveDataFiltering" file="/home/admin/work/source/php-monorepo/packages/lark-app-bot-bundle/tests/Service/Logger/LarkLoggerTest.php" line="262" class="Tourze\LarkAppBotBundle\Tests\Service\Logger\LarkLoggerTest" classname="Tourze.LarkAppBotBundle.Tests.Service.Logger.LarkLoggerTest" assertions="0" time="0.000000">
        <error type="Symfony\Component\DependencyInjection\Exception\InvalidArgumentException">Tourze\LarkAppBotBundle\Tests\Service\Logger\LarkLoggerTest::testSensitiveDataFiltering
Symfony\Component\DependencyInjection\Exception\InvalidArgumentException: The "request_stack" service is already initialized, you cannot replace it.

/home/admin/work/source/php-monorepo/vendor/symfony/dependency-injection/Container.php:160
/home/admin/work/source/php-monorepo/vendor/symfony/framework-bundle/Test/TestContainer.php:75
/home/admin/work/source/php-monorepo/packages/lark-app-bot-bundle/tests/Service/Logger/LarkLoggerTest.php:446
/home/admin/work/source/php-monorepo/packages/phpunit-symfony-kernel-test/src/AbstractIntegrationTestCase.php:591</error>
      </testcase>
      <testcase name="testContextEnrichmentWithRequest" file="/home/admin/work/source/php-monorepo/packages/lark-app-bot-bundle/tests/Service/Logger/LarkLoggerTest.php" line="293" class="Tourze\LarkAppBotBundle\Tests\Service\Logger\LarkLoggerTest" classname="Tourze.LarkAppBotBundle.Tests.Service.Logger.LarkLoggerTest" assertions="0" time="0.000000">
        <error type="Symfony\Component\DependencyInjection\Exception\InvalidArgumentException">Tourze\LarkAppBotBundle\Tests\Service\Logger\LarkLoggerTest::testContextEnrichmentWithRequest
Symfony\Component\DependencyInjection\Exception\InvalidArgumentException: The "request_stack" service is already initialized, you cannot replace it.

/home/admin/work/source/php-monorepo/vendor/symfony/dependency-injection/Container.php:160
/home/admin/work/source/php-monorepo/vendor/symfony/framework-bundle/Test/TestContainer.php:75
/home/admin/work/source/php-monorepo/packages/lark-app-bot-bundle/tests/Service/Logger/LarkLoggerTest.php:446
/home/admin/work/source/php-monorepo/packages/phpunit-symfony-kernel-test/src/AbstractIntegrationTestCase.php:591</error>
      </testcase>
      <testcase name="testContextEnrichmentWithoutRequest" file="/home/admin/work/source/php-monorepo/packages/lark-app-bot-bundle/tests/Service/Logger/LarkLoggerTest.php" line="319" class="Tourze\LarkAppBotBundle\Tests\Service\Logger\LarkLoggerTest" classname="Tourze.LarkAppBotBundle.Tests.Service.Logger.LarkLoggerTest" assertions="0" time="0.000000">
        <error type="Symfony\Component\DependencyInjection\Exception\InvalidArgumentException">Tourze\LarkAppBotBundle\Tests\Service\Logger\LarkLoggerTest::testContextEnrichmentWithoutRequest
Symfony\Component\DependencyInjection\Exception\InvalidArgumentException: The "request_stack" service is already initialized, you cannot replace it.

/home/admin/work/source/php-monorepo/vendor/symfony/dependency-injection/Container.php:160
/home/admin/work/source/php-monorepo/vendor/symfony/framework-bundle/Test/TestContainer.php:75
/home/admin/work/source/php-monorepo/packages/lark-app-bot-bundle/tests/Service/Logger/LarkLoggerTest.php:446
/home/admin/work/source/php-monorepo/packages/phpunit-symfony-kernel-test/src/AbstractIntegrationTestCase.php:591</error>
      </testcase>
      <testcase name="testLogApiRequestWithStringBody" file="/home/admin/work/source/php-monorepo/packages/lark-app-bot-bundle/tests/Service/Logger/LarkLoggerTest.php" line="340" class="Tourze\LarkAppBotBundle\Tests\Service\Logger\LarkLoggerTest" classname="Tourze.LarkAppBotBundle.Tests.Service.Logger.LarkLoggerTest" assertions="0" time="0.000000">
        <error type="Symfony\Component\DependencyInjection\Exception\InvalidArgumentException">Tourze\LarkAppBotBundle\Tests\Service\Logger\LarkLoggerTest::testLogApiRequestWithStringBody
Symfony\Component\DependencyInjection\Exception\InvalidArgumentException: The "request_stack" service is already initialized, you cannot replace it.

/home/admin/work/source/php-monorepo/vendor/symfony/dependency-injection/Container.php:160
/home/admin/work/source/php-monorepo/vendor/symfony/framework-bundle/Test/TestContainer.php:75
/home/admin/work/source/php-monorepo/packages/lark-app-bot-bundle/tests/Service/Logger/LarkLoggerTest.php:446
/home/admin/work/source/php-monorepo/packages/phpunit-symfony-kernel-test/src/AbstractIntegrationTestCase.php:591</error>
      </testcase>
      <testcase name="testLogApiRequestWithArrayBody" file="/home/admin/work/source/php-monorepo/packages/lark-app-bot-bundle/tests/Service/Logger/LarkLoggerTest.php" line="359" class="Tourze\LarkAppBotBundle\Tests\Service\Logger\LarkLoggerTest" classname="Tourze.LarkAppBotBundle.Tests.Service.Logger.LarkLoggerTest" assertions="0" time="0.000000">
        <error type="Symfony\Component\DependencyInjection\Exception\InvalidArgumentException">Tourze\LarkAppBotBundle\Tests\Service\Logger\LarkLoggerTest::testLogApiRequestWithArrayBody
Symfony\Component\DependencyInjection\Exception\InvalidArgumentException: The "request_stack" service is already initialized, you cannot replace it.

/home/admin/work/source/php-monorepo/vendor/symfony/dependency-injection/Container.php:160
/home/admin/work/source/php-monorepo/vendor/symfony/framework-bundle/Test/TestContainer.php:75
/home/admin/work/source/php-monorepo/packages/lark-app-bot-bundle/tests/Service/Logger/LarkLoggerTest.php:446
/home/admin/work/source/php-monorepo/packages/phpunit-symfony-kernel-test/src/AbstractIntegrationTestCase.php:591</error>
      </testcase>
      <testcase name="testLogApiResponseSuccess" file="/home/admin/work/source/php-monorepo/packages/lark-app-bot-bundle/tests/Service/Logger/LarkLoggerTest.php" line="380" class="Tourze\LarkAppBotBundle\Tests\Service\Logger\LarkLoggerTest" classname="Tourze.LarkAppBotBundle.Tests.Service.Logger.LarkLoggerTest" assertions="0" time="0.000000">
        <error type="Symfony\Component\DependencyInjection\Exception\InvalidArgumentException">Tourze\LarkAppBotBundle\Tests\Service\Logger\LarkLoggerTest::testLogApiResponseSuccess
Symfony\Component\DependencyInjection\Exception\InvalidArgumentException: The "request_stack" service is already initialized, you cannot replace it.

/home/admin/work/source/php-monorepo/vendor/symfony/dependency-injection/Container.php:160
/home/admin/work/source/php-monorepo/vendor/symfony/framework-bundle/Test/TestContainer.php:75
/home/admin/work/source/php-monorepo/packages/lark-app-bot-bundle/tests/Service/Logger/LarkLoggerTest.php:446
/home/admin/work/source/php-monorepo/packages/phpunit-symfony-kernel-test/src/AbstractIntegrationTestCase.php:591</error>
      </testcase>
      <testcase name="testLogApiResponseError" file="/home/admin/work/source/php-monorepo/packages/lark-app-bot-bundle/tests/Service/Logger/LarkLoggerTest.php" line="398" class="Tourze\LarkAppBotBundle\Tests\Service\Logger\LarkLoggerTest" classname="Tourze.LarkAppBotBundle.Tests.Service.Logger.LarkLoggerTest" assertions="0" time="0.000000">
        <error type="Symfony\Component\DependencyInjection\Exception\InvalidArgumentException">Tourze\LarkAppBotBundle\Tests\Service\Logger\LarkLoggerTest::testLogApiResponseError
Symfony\Component\DependencyInjection\Exception\InvalidArgumentException: The "request_stack" service is already initialized, you cannot replace it.

/home/admin/work/source/php-monorepo/vendor/symfony/dependency-injection/Container.php:160
/home/admin/work/source/php-monorepo/vendor/symfony/framework-bundle/Test/TestContainer.php:75
/home/admin/work/source/php-monorepo/packages/lark-app-bot-bundle/tests/Service/Logger/LarkLoggerTest.php:446
/home/admin/work/source/php-monorepo/packages/phpunit-symfony-kernel-test/src/AbstractIntegrationTestCase.php:591</error>
      </testcase>
      <testcase name="testLogPerformance" file="/home/admin/work/source/php-monorepo/packages/lark-app-bot-bundle/tests/Service/Logger/LarkLoggerTest.php" line="416" class="Tourze\LarkAppBotBundle\Tests\Service\Logger\LarkLoggerTest" classname="Tourze.LarkAppBotBundle.Tests.Service.Logger.LarkLoggerTest" assertions="0" time="0.000000">
        <error type="Symfony\Component\DependencyInjection\Exception\InvalidArgumentException">Tourze\LarkAppBotBundle\Tests\Service\Logger\LarkLoggerTest::testLogPerformance
Symfony\Component\DependencyInjection\Exception\InvalidArgumentException: The "request_stack" service is already initialized, you cannot replace it.

/home/admin/work/source/php-monorepo/vendor/symfony/dependency-injection/Container.php:160
/home/admin/work/source/php-monorepo/vendor/symfony/framework-bundle/Test/TestContainer.php:75
/home/admin/work/source/php-monorepo/packages/lark-app-bot-bundle/tests/Service/Logger/LarkLoggerTest.php:446
/home/admin/work/source/php-monorepo/packages/phpunit-symfony-kernel-test/src/AbstractIntegrationTestCase.php:591</error>
      </testcase>
    </testsuite>
    <testsuite name="Tourze\LarkAppBotBundle\Tests\Service\Menu\MenuBuilderTest" file="/home/admin/work/source/php-monorepo/packages/lark-app-bot-bundle/tests/Service/Menu/MenuBuilderTest.php" tests="17" assertions="45" errors="0" failures="0" skipped="0" time="2.197447">
      <testcase name="testShouldHaveRunTestsInSeparateProcesses" file="/home/admin/work/source/php-monorepo/packages/phpunit-symfony-kernel-test/src/AbstractIntegrationTestCase.php" line="919" class="Tourze\LarkAppBotBundle\Tests\Service\Menu\MenuBuilderTest" classname="Tourze.LarkAppBotBundle.Tests.Service.Menu.MenuBuilderTest" assertions="1" time="0.129812"/>
      <testcase name="testCreateBuilder" file="/home/admin/work/source/php-monorepo/packages/lark-app-bot-bundle/tests/Service/Menu/MenuBuilderTest.php" line="22" class="Tourze\LarkAppBotBundle\Tests\Service\Menu\MenuBuilderTest" classname="Tourze.LarkAppBotBundle.Tests.Service.Menu.MenuBuilderTest" assertions="1" time="0.128591"/>
      <testcase name="testBuildSimpleMenu" file="/home/admin/work/source/php-monorepo/packages/lark-app-bot-bundle/tests/Service/Menu/MenuBuilderTest.php" line="29" class="Tourze\LarkAppBotBundle\Tests\Service\Menu\MenuBuilderTest" classname="Tourze.LarkAppBotBundle.Tests.Service.Menu.MenuBuilderTest" assertions="6" time="0.123231"/>
      <testcase name="testWithSubMenus" file="/home/admin/work/source/php-monorepo/packages/lark-app-bot-bundle/tests/Service/Menu/MenuBuilderTest.php" line="49" class="Tourze\LarkAppBotBundle\Tests\Service\Menu\MenuBuilderTest" classname="Tourze.LarkAppBotBundle.Tests.Service.Menu.MenuBuilderTest" assertions="2" time="0.137123"/>
      <testcase name="testReset" file="/home/admin/work/source/php-monorepo/packages/lark-app-bot-bundle/tests/Service/Menu/MenuBuilderTest.php" line="66" class="Tourze\LarkAppBotBundle\Tests\Service\Menu\MenuBuilderTest" classname="Tourze.LarkAppBotBundle.Tests.Service.Menu.MenuBuilderTest" assertions="2" time="0.127608"/>
      <testcase name="testVersionManagement" file="/home/admin/work/source/php-monorepo/packages/lark-app-bot-bundle/tests/Service/Menu/MenuBuilderTest.php" line="81" class="Tourze\LarkAppBotBundle\Tests\Service\Menu\MenuBuilderTest" classname="Tourze.LarkAppBotBundle.Tests.Service.Menu.MenuBuilderTest" assertions="4" time="0.130932"/>
      <testcase name="testSaveVersion" file="/home/admin/work/source/php-monorepo/packages/lark-app-bot-bundle/tests/Service/Menu/MenuBuilderTest.php" line="101" class="Tourze\LarkAppBotBundle\Tests\Service\Menu\MenuBuilderTest" classname="Tourze.LarkAppBotBundle.Tests.Service.Menu.MenuBuilderTest" assertions="1" time="0.128818"/>
      <testcase name="testLoadVersion" file="/home/admin/work/source/php-monorepo/packages/lark-app-bot-bundle/tests/Service/Menu/MenuBuilderTest.php" line="107" class="Tourze\LarkAppBotBundle\Tests\Service\Menu\MenuBuilderTest" classname="Tourze.LarkAppBotBundle.Tests.Service.Menu.MenuBuilderTest" assertions="1" time="0.136509"/>
      <testcase name="testToYamlAndFromYaml" file="/home/admin/work/source/php-monorepo/packages/lark-app-bot-bundle/tests/Service/Menu/MenuBuilderTest.php" line="114" class="Tourze\LarkAppBotBundle\Tests\Service\Menu\MenuBuilderTest" classname="Tourze.LarkAppBotBundle.Tests.Service.Menu.MenuBuilderTest" assertions="3" time="0.132891"/>
      <testcase name="testFromYaml" file="/home/admin/work/source/php-monorepo/packages/lark-app-bot-bundle/tests/Service/Menu/MenuBuilderTest.php" line="128" class="Tourze\LarkAppBotBundle\Tests\Service\Menu\MenuBuilderTest" classname="Tourze.LarkAppBotBundle.Tests.Service.Menu.MenuBuilderTest" assertions="1" time="0.129103"/>
      <testcase name="testAddMenu" file="/home/admin/work/source/php-monorepo/packages/lark-app-bot-bundle/tests/Service/Menu/MenuBuilderTest.php" line="138" class="Tourze\LarkAppBotBundle\Tests\Service\Menu\MenuBuilderTest" classname="Tourze.LarkAppBotBundle.Tests.Service.Menu.MenuBuilderTest" assertions="1" time="0.126362"/>
      <testcase name="testLoadNonExistentVersion" file="/home/admin/work/source/php-monorepo/packages/lark-app-bot-bundle/tests/Service/Menu/MenuBuilderTest.php" line="145" class="Tourze\LarkAppBotBundle\Tests\Service\Menu\MenuBuilderTest" classname="Tourze.LarkAppBotBundle.Tests.Service.Menu.MenuBuilderTest" assertions="2" time="0.128511"/>
      <testcase name="testPreview" file="/home/admin/work/source/php-monorepo/packages/lark-app-bot-bundle/tests/Service/Menu/MenuBuilderTest.php" line="155" class="Tourze\LarkAppBotBundle\Tests\Service\Menu\MenuBuilderTest" classname="Tourze.LarkAppBotBundle.Tests.Service.Menu.MenuBuilderTest" assertions="6" time="0.127109"/>
      <testcase name="testPreviewEmptyMenu" file="/home/admin/work/source/php-monorepo/packages/lark-app-bot-bundle/tests/Service/Menu/MenuBuilderTest.php" line="174" class="Tourze\LarkAppBotBundle\Tests\Service\Menu\MenuBuilderTest" classname="Tourze.LarkAppBotBundle.Tests.Service.Menu.MenuBuilderTest" assertions="2" time="0.130396"/>
      <testcase name="testGenerateHandlerTemplate" file="/home/admin/work/source/php-monorepo/packages/lark-app-bot-bundle/tests/Service/Menu/MenuBuilderTest.php" line="183" class="Tourze\LarkAppBotBundle\Tests\Service\Menu\MenuBuilderTest" classname="Tourze.LarkAppBotBundle.Tests.Service.Menu.MenuBuilderTest" assertions="7" time="0.124736"/>
      <testcase name="testValidate" file="/home/admin/work/source/php-monorepo/packages/lark-app-bot-bundle/tests/Service/Menu/MenuBuilderTest.php" line="203" class="Tourze\LarkAppBotBundle\Tests\Service\Menu\MenuBuilderTest" classname="Tourze.LarkAppBotBundle.Tests.Service.Menu.MenuBuilderTest" assertions="4" time="0.126937"/>
      <testcase name="testFromArray" file="/home/admin/work/source/php-monorepo/packages/lark-app-bot-bundle/tests/Service/Menu/MenuBuilderTest.php" line="238" class="Tourze\LarkAppBotBundle\Tests\Service\Menu\MenuBuilderTest" classname="Tourze.LarkAppBotBundle.Tests.Service.Menu.MenuBuilderTest" assertions="1" time="0.128777"/>
    </testsuite>
    <testsuite name="Tourze\LarkAppBotBundle\Tests\Service\Menu\MenuConfigTest" file="/home/admin/work/source/php-monorepo/packages/lark-app-bot-bundle/tests/Service/Menu/MenuConfigTest.php" tests="15" assertions="38" errors="0" failures="0" skipped="0" time="1.898370">
      <testcase name="testShouldHaveRunTestsInSeparateProcesses" file="/home/admin/work/source/php-monorepo/packages/phpunit-symfony-kernel-test/src/AbstractIntegrationTestCase.php" line="919" class="Tourze\LarkAppBotBundle\Tests\Service\Menu\MenuConfigTest" classname="Tourze.LarkAppBotBundle.Tests.Service.Menu.MenuConfigTest" assertions="1" time="0.130168"/>
      <testcase name="testToArray" file="/home/admin/work/source/php-monorepo/packages/lark-app-bot-bundle/tests/Service/Menu/MenuConfigTest.php" line="22" class="Tourze\LarkAppBotBundle\Tests\Service\Menu\MenuConfigTest" classname="Tourze.LarkAppBotBundle.Tests.Service.Menu.MenuConfigTest" assertions="1" time="0.126390"/>
      <testcase name="testAddTopLevelMenu" file="/home/admin/work/source/php-monorepo/packages/lark-app-bot-bundle/tests/Service/Menu/MenuConfigTest.php" line="27" class="Tourze\LarkAppBotBundle\Tests\Service\Menu\MenuConfigTest" classname="Tourze.LarkAppBotBundle.Tests.Service.Menu.MenuConfigTest" assertions="4" time="0.126354"/>
      <testcase name="testAddTopLevelMenuWithValue" file="/home/admin/work/source/php-monorepo/packages/lark-app-bot-bundle/tests/Service/Menu/MenuConfigTest.php" line="39" class="Tourze\LarkAppBotBundle\Tests\Service\Menu\MenuConfigTest" classname="Tourze.LarkAppBotBundle.Tests.Service.Menu.MenuConfigTest" assertions="5" time="0.129025"/>
      <testcase name="testAddSubMenu" file="/home/admin/work/source/php-monorepo/packages/lark-app-bot-bundle/tests/Service/Menu/MenuConfigTest.php" line="52" class="Tourze\LarkAppBotBundle\Tests\Service\Menu\MenuConfigTest" classname="Tourze.LarkAppBotBundle.Tests.Service.Menu.MenuConfigTest" assertions="7" time="0.127645"/>
      <testcase name="testMaxTopLevelMenusValidation" file="/home/admin/work/source/php-monorepo/packages/lark-app-bot-bundle/tests/Service/Menu/MenuConfigTest.php" line="72" class="Tourze\LarkAppBotBundle\Tests\Service\Menu\MenuConfigTest" classname="Tourze.LarkAppBotBundle.Tests.Service.Menu.MenuConfigTest" assertions="2" time="0.125667"/>
      <testcase name="testMaxSubMenusValidation" file="/home/admin/work/source/php-monorepo/packages/lark-app-bot-bundle/tests/Service/Menu/MenuConfigTest.php" line="86" class="Tourze\LarkAppBotBundle\Tests\Service\Menu\MenuConfigTest" classname="Tourze.LarkAppBotBundle.Tests.Service.Menu.MenuConfigTest" assertions="2" time="0.122576"/>
      <testcase name="testMenuTextLengthValidation" file="/home/admin/work/source/php-monorepo/packages/lark-app-bot-bundle/tests/Service/Menu/MenuConfigTest.php" line="101" class="Tourze\LarkAppBotBundle\Tests\Service\Menu\MenuConfigTest" classname="Tourze.LarkAppBotBundle.Tests.Service.Menu.MenuConfigTest" assertions="2" time="0.125573"/>
      <testcase name="testEmptyMenuTextValidation" file="/home/admin/work/source/php-monorepo/packages/lark-app-bot-bundle/tests/Service/Menu/MenuConfigTest.php" line="111" class="Tourze\LarkAppBotBundle\Tests\Service\Menu\MenuConfigTest" classname="Tourze.LarkAppBotBundle.Tests.Service.Menu.MenuConfigTest" assertions="2" time="0.127635"/>
      <testcase name="testCannotAddSubMenuToMenuWithValue" file="/home/admin/work/source/php-monorepo/packages/lark-app-bot-bundle/tests/Service/Menu/MenuConfigTest.php" line="121" class="Tourze\LarkAppBotBundle\Tests\Service\Menu\MenuConfigTest" classname="Tourze.LarkAppBotBundle.Tests.Service.Menu.MenuConfigTest" assertions="2" time="0.125762"/>
      <testcase name="testCannotAddSubMenuWithoutTopLevelMenu" file="/home/admin/work/source/php-monorepo/packages/lark-app-bot-bundle/tests/Service/Menu/MenuConfigTest.php" line="132" class="Tourze\LarkAppBotBundle\Tests\Service\Menu\MenuConfigTest" classname="Tourze.LarkAppBotBundle.Tests.Service.Menu.MenuConfigTest" assertions="2" time="0.126779"/>
      <testcase name="testFromArray" file="/home/admin/work/source/php-monorepo/packages/lark-app-bot-bundle/tests/Service/Menu/MenuConfigTest.php" line="142" class="Tourze\LarkAppBotBundle\Tests\Service\Menu\MenuConfigTest" classname="Tourze.LarkAppBotBundle.Tests.Service.Menu.MenuConfigTest" assertions="1" time="0.126204"/>
      <testcase name="testGetValueTextMapping" file="/home/admin/work/source/php-monorepo/packages/lark-app-bot-bundle/tests/Service/Menu/MenuConfigTest.php" line="164" class="Tourze\LarkAppBotBundle\Tests\Service\Menu\MenuConfigTest" classname="Tourze.LarkAppBotBundle.Tests.Service.Menu.MenuConfigTest" assertions="1" time="0.125170"/>
      <testcase name="testHasValue" file="/home/admin/work/source/php-monorepo/packages/lark-app-bot-bundle/tests/Service/Menu/MenuConfigTest.php" line="181" class="Tourze\LarkAppBotBundle\Tests\Service\Menu\MenuConfigTest" classname="Tourze.LarkAppBotBundle.Tests.Service.Menu.MenuConfigTest" assertions="3" time="0.126247"/>
      <testcase name="testClear" file="/home/admin/work/source/php-monorepo/packages/lark-app-bot-bundle/tests/Service/Menu/MenuConfigTest.php" line="194" class="Tourze\LarkAppBotBundle\Tests\Service\Menu\MenuConfigTest" classname="Tourze.LarkAppBotBundle.Tests.Service.Menu.MenuConfigTest" assertions="3" time="0.127175"/>
    </testsuite>
    <testsuite name="Tourze\LarkAppBotBundle\Tests\Service\Menu\MenuServiceTest" file="/home/admin/work/source/php-monorepo/packages/lark-app-bot-bundle/tests/Service/Menu/MenuServiceTest.php" tests="11" assertions="41" errors="0" failures="1" skipped="0" time="1.505623">
      <testcase name="testShouldHaveRunTestsInSeparateProcesses" file="/home/admin/work/source/php-monorepo/packages/phpunit-symfony-kernel-test/src/AbstractIntegrationTestCase.php" line="919" class="Tourze\LarkAppBotBundle\Tests\Service\Menu\MenuServiceTest" classname="Tourze.LarkAppBotBundle.Tests.Service.Menu.MenuServiceTest" assertions="1" time="0.132664"/>
      <testcase name="testUpdateMenu" file="/home/admin/work/source/php-monorepo/packages/lark-app-bot-bundle/tests/Service/Menu/MenuServiceTest.php" line="46" class="Tourze\LarkAppBotBundle\Tests\Service\Menu\MenuServiceTest" classname="Tourze.LarkAppBotBundle.Tests.Service.Menu.MenuServiceTest" assertions="6" time="0.138543">
        <failure type="PHPUnit\Framework\ExpectationFailedException">Tourze\LarkAppBotBundle\Tests\Service\Menu\MenuServiceTest::testUpdateMenu
Expectation failed for method name is "deleteItem" when invoked 1 time.
Method was expected to be called 1 time, actually called 0 times.</failure>
      </testcase>
      <testcase name="testUpdateMenuApiException" file="/home/admin/work/source/php-monorepo/packages/lark-app-bot-bundle/tests/Service/Menu/MenuServiceTest.php" line="72" class="Tourze\LarkAppBotBundle\Tests\Service\Menu\MenuServiceTest" classname="Tourze.LarkAppBotBundle.Tests.Service.Menu.MenuServiceTest" assertions="2" time="0.135115"/>
      <testcase name="testDeleteMenu" file="/home/admin/work/source/php-monorepo/packages/lark-app-bot-bundle/tests/Service/Menu/MenuServiceTest.php" line="87" class="Tourze\LarkAppBotBundle\Tests\Service\Menu\MenuServiceTest" classname="Tourze.LarkAppBotBundle.Tests.Service.Menu.MenuServiceTest" assertions="5" time="0.136744"/>
      <testcase name="testRegisterHandler" file="/home/admin/work/source/php-monorepo/packages/lark-app-bot-bundle/tests/Service/Menu/MenuServiceTest.php" line="109" class="Tourze\LarkAppBotBundle\Tests\Service\Menu\MenuServiceTest" classname="Tourze.LarkAppBotBundle.Tests.Service.Menu.MenuServiceTest" assertions="3" time="0.134291"/>
      <testcase name="testRegisterHandlers" file="/home/admin/work/source/php-monorepo/packages/lark-app-bot-bundle/tests/Service/Menu/MenuServiceTest.php" line="123" class="Tourze\LarkAppBotBundle\Tests\Service\Menu\MenuServiceTest" classname="Tourze.LarkAppBotBundle.Tests.Service.Menu.MenuServiceTest" assertions="4" time="0.135031"/>
      <testcase name="testRemoveHandler" file="/home/admin/work/source/php-monorepo/packages/lark-app-bot-bundle/tests/Service/Menu/MenuServiceTest.php" line="145" class="Tourze\LarkAppBotBundle\Tests\Service\Menu\MenuServiceTest" classname="Tourze.LarkAppBotBundle.Tests.Service.Menu.MenuServiceTest" assertions="3" time="0.136404"/>
      <testcase name="testHandleMenuEvent" file="/home/admin/work/source/php-monorepo/packages/lark-app-bot-bundle/tests/Service/Menu/MenuServiceTest.php" line="155" class="Tourze\LarkAppBotBundle\Tests\Service\Menu\MenuServiceTest" classname="Tourze.LarkAppBotBundle.Tests.Service.Menu.MenuServiceTest" assertions="2" time="0.139178"/>
      <testcase name="testHandleMenuEventWithoutHandler" file="/home/admin/work/source/php-monorepo/packages/lark-app-bot-bundle/tests/Service/Menu/MenuServiceTest.php" line="184" class="Tourze\LarkAppBotBundle\Tests\Service\Menu\MenuServiceTest" classname="Tourze.LarkAppBotBundle.Tests.Service.Menu.MenuServiceTest" assertions="5" time="0.140410"/>
      <testcase name="testHandleMenuEventWithPermissionDenied" file="/home/admin/work/source/php-monorepo/packages/lark-app-bot-bundle/tests/Service/Menu/MenuServiceTest.php" line="214" class="Tourze\LarkAppBotBundle\Tests\Service\Menu\MenuServiceTest" classname="Tourze.LarkAppBotBundle.Tests.Service.Menu.MenuServiceTest" assertions="5" time="0.142851"/>
      <testcase name="testHandleMenuEventWithException" file="/home/admin/work/source/php-monorepo/packages/lark-app-bot-bundle/tests/Service/Menu/MenuServiceTest.php" line="251" class="Tourze\LarkAppBotBundle\Tests\Service\Menu\MenuServiceTest" classname="Tourze.LarkAppBotBundle.Tests.Service.Menu.MenuServiceTest" assertions="5" time="0.134390"/>
    </testsuite>
    <testsuite name="Tourze\LarkAppBotBundle\Tests\Service\Message\Async\BatchSendMessageCommandTest" file="/home/admin/work/source/php-monorepo/packages/lark-app-bot-bundle/tests/Service/Message/Async/BatchSendMessageCommandTest.php" tests="11" assertions="79" errors="0" failures="0" skipped="0" time="0.002312">
      <testcase name="testConstructorWithRequiredParameters" file="/home/admin/work/source/php-monorepo/packages/lark-app-bot-bundle/tests/Service/Message/Async/BatchSendMessageCommandTest.php" line="17" class="Tourze\LarkAppBotBundle\Tests\Service\Message\Async\BatchSendMessageCommandTest" classname="Tourze.LarkAppBotBundle.Tests.Service.Message.Async.BatchSendMessageCommandTest" assertions="7" time="0.000228"/>
      <testcase name="testConstructorWithAllParameters" file="/home/admin/work/source/php-monorepo/packages/lark-app-bot-bundle/tests/Service/Message/Async/BatchSendMessageCommandTest.php" line="40" class="Tourze\LarkAppBotBundle\Tests\Service\Message\Async\BatchSendMessageCommandTest" classname="Tourze.LarkAppBotBundle.Tests.Service.Message.Async.BatchSendMessageCommandTest" assertions="8" time="0.000106"/>
      <testcase name="testIncrementRetryCount" file="/home/admin/work/source/php-monorepo/packages/lark-app-bot-bundle/tests/Service/Message/Async/BatchSendMessageCommandTest.php" line="72" class="Tourze\LarkAppBotBundle\Tests\Service\Message\Async\BatchSendMessageCommandTest" classname="Tourze.LarkAppBotBundle.Tests.Service.Message.Async.BatchSendMessageCommandTest" assertions="10" time="0.000075"/>
      <testcase name="testGetAge" file="/home/admin/work/source/php-monorepo/packages/lark-app-bot-bundle/tests/Service/Message/Async/BatchSendMessageCommandTest.php" line="106" class="Tourze\LarkAppBotBundle\Tests\Service\Message\Async\BatchSendMessageCommandTest" classname="Tourze.LarkAppBotBundle.Tests.Service.Message.Async.BatchSendMessageCommandTest" assertions="3" time="0.000283"/>
      <testcase name="testGetTimestampWithProvidedValue" file="/home/admin/work/source/php-monorepo/packages/lark-app-bot-bundle/tests/Service/Message/Async/BatchSendMessageCommandTest.php" line="125" class="Tourze\LarkAppBotBundle\Tests\Service\Message\Async\BatchSendMessageCommandTest" classname="Tourze.LarkAppBotBundle.Tests.Service.Message.Async.BatchSendMessageCommandTest" assertions="1" time="0.000066"/>
      <testcase name="testGetTimestampWithDefault" file="/home/admin/work/source/php-monorepo/packages/lark-app-bot-bundle/tests/Service/Message/Async/BatchSendMessageCommandTest.php" line="142" class="Tourze\LarkAppBotBundle\Tests\Service\Message\Async\BatchSendMessageCommandTest" classname="Tourze.LarkAppBotBundle.Tests.Service.Message.Async.BatchSendMessageCommandTest" assertions="6" time="0.001208"/>
      <testcase name="testSplitWithDefaultBatchSize" file="/home/admin/work/source/php-monorepo/packages/lark-app-bot-bundle/tests/Service/Message/Async/BatchSendMessageCommandTest.php" line="163" class="Tourze\LarkAppBotBundle\Tests\Service\Message\Async\BatchSendMessageCommandTest" classname="Tourze.LarkAppBotBundle.Tests.Service.Message.Async.BatchSendMessageCommandTest" assertions="27" time="0.000116"/>
      <testcase name="testSplitWithCustomBatchSize" file="/home/admin/work/source/php-monorepo/packages/lark-app-bot-bundle/tests/Service/Message/Async/BatchSendMessageCommandTest.php" line="199" class="Tourze\LarkAppBotBundle\Tests\Service\Message\Async\BatchSendMessageCommandTest" classname="Tourze.LarkAppBotBundle.Tests.Service.Message.Async.BatchSendMessageCommandTest" assertions="10" time="0.000071"/>
      <testcase name="testSplitWithSingleReceiveId" file="/home/admin/work/source/php-monorepo/packages/lark-app-bot-bundle/tests/Service/Message/Async/BatchSendMessageCommandTest.php" line="226" class="Tourze\LarkAppBotBundle\Tests\Service\Message\Async\BatchSendMessageCommandTest" classname="Tourze.LarkAppBotBundle.Tests.Service.Message.Async.BatchSendMessageCommandTest" assertions="3" time="0.000052"/>
      <testcase name="testContentCanBeString" file="/home/admin/work/source/php-monorepo/packages/lark-app-bot-bundle/tests/Service/Message/Async/BatchSendMessageCommandTest.php" line="242" class="Tourze\LarkAppBotBundle\Tests\Service\Message\Async\BatchSendMessageCommandTest" classname="Tourze.LarkAppBotBundle.Tests.Service.Message.Async.BatchSendMessageCommandTest" assertions="2" time="0.000050"/>
      <testcase name="testContentCanBeArray" file="/home/admin/work/source/php-monorepo/packages/lark-app-bot-bundle/tests/Service/Message/Async/BatchSendMessageCommandTest.php" line="256" class="Tourze\LarkAppBotBundle\Tests\Service\Message\Async\BatchSendMessageCommandTest" classname="Tourze.LarkAppBotBundle.Tests.Service.Message.Async.BatchSendMessageCommandTest" assertions="2" time="0.000056"/>
    </testsuite>
    <testsuite name="Tourze\LarkAppBotBundle\Tests\Service\Message\Async\BatchSendMessageHandlerTest" file="/home/admin/work/source/php-monorepo/packages/lark-app-bot-bundle/tests/Service/Message/Async/BatchSendMessageHandlerTest.php" tests="6" assertions="23" errors="1" failures="4" skipped="0" time="0.833097">
      <testcase name="testShouldHaveRunTestsInSeparateProcesses" file="/home/admin/work/source/php-monorepo/packages/phpunit-symfony-kernel-test/src/AbstractIntegrationTestCase.php" line="919" class="Tourze\LarkAppBotBundle\Tests\Service\Message\Async\BatchSendMessageHandlerTest" classname="Tourze.LarkAppBotBundle.Tests.Service.Message.Async.BatchSendMessageHandlerTest" assertions="1" time="0.133474"/>
      <testcase name="testHandlerDropsStaleMessage" file="/home/admin/work/source/php-monorepo/packages/lark-app-bot-bundle/tests/Service/Message/Async/BatchSendMessageHandlerTest.php" line="38" class="Tourze\LarkAppBotBundle\Tests\Service\Message\Async\BatchSendMessageHandlerTest" classname="Tourze.LarkAppBotBundle.Tests.Service.Message.Async.BatchSendMessageHandlerTest" assertions="3" time="0.138235">
        <failure type="PHPUnit\Framework\ExpectationFailedException">Tourze\LarkAppBotBundle\Tests\Service\Message\Async\BatchSendMessageHandlerTest::testHandlerDropsStaleMessage
Expectation failed for method name is "warning" when invoked 1 time.
Method was expected to be called 1 time, actually called 0 times.</failure>
      </testcase>
      <testcase name="testHandlerProcessesSmallBatchSuccessfully" file="/home/admin/work/source/php-monorepo/packages/lark-app-bot-bundle/tests/Service/Message/Async/BatchSendMessageHandlerTest.php" line="71" class="Tourze\LarkAppBotBundle\Tests\Service\Message\Async\BatchSendMessageHandlerTest" classname="Tourze.LarkAppBotBundle.Tests.Service.Message.Async.BatchSendMessageHandlerTest" assertions="9" time="0.139489">
        <failure type="PHPUnit\Framework\ExpectationFailedException">Tourze\LarkAppBotBundle\Tests\Service\Message\Async\BatchSendMessageHandlerTest::testHandlerProcessesSmallBatchSuccessfully
Expectation failed for method name is "info" when invoked 2 times.
Method was expected to be called 2 times, actually called 0 times.</failure>
      </testcase>
      <testcase name="testHandlerSplitsLargeBatch" file="/home/admin/work/source/php-monorepo/packages/lark-app-bot-bundle/tests/Service/Message/Async/BatchSendMessageHandlerTest.php" line="128" class="Tourze\LarkAppBotBundle\Tests\Service\Message\Async\BatchSendMessageHandlerTest" classname="Tourze.LarkAppBotBundle.Tests.Service.Message.Async.BatchSendMessageHandlerTest" assertions="5" time="0.143862">
        <failure type="PHPUnit\Framework\ExpectationFailedException">Tourze\LarkAppBotBundle\Tests\Service\Message\Async\BatchSendMessageHandlerTest::testHandlerSplitsLargeBatch
Expectation failed for method name is "info" when invoked 2 times.
Method was expected to be called 2 times, actually called 0 times.</failure>
      </testcase>
      <testcase name="testHandlerHandlesPartialFailure" file="/home/admin/work/source/php-monorepo/packages/lark-app-bot-bundle/tests/Service/Message/Async/BatchSendMessageHandlerTest.php" line="170" class="Tourze\LarkAppBotBundle\Tests\Service\Message\Async\BatchSendMessageHandlerTest" classname="Tourze.LarkAppBotBundle.Tests.Service.Message.Async.BatchSendMessageHandlerTest" assertions="5" time="0.137976">
        <failure type="PHPUnit\Framework\ExpectationFailedException">Tourze\LarkAppBotBundle\Tests\Service\Message\Async\BatchSendMessageHandlerTest::testHandlerHandlesPartialFailure
Expectation failed for method name is equal to 'info' or is equal to 'warning' when invoked 3 times.
Method was expected to be called 3 times, actually called 0 times.</failure>
      </testcase>
      <testcase name="testHandlerWithoutPerformanceMonitor" file="/home/admin/work/source/php-monorepo/packages/lark-app-bot-bundle/tests/Service/Message/Async/BatchSendMessageHandlerTest.php" line="223" class="Tourze\LarkAppBotBundle\Tests\Service\Message\Async\BatchSendMessageHandlerTest" classname="Tourze.LarkAppBotBundle.Tests.Service.Message.Async.BatchSendMessageHandlerTest" assertions="0" time="0.140062">
        <error type="Symfony\Component\DependencyInjection\Exception\InvalidArgumentException">Tourze\LarkAppBotBundle\Tests\Service\Message\Async\BatchSendMessageHandlerTest::testHandlerWithoutPerformanceMonitor
Symfony\Component\DependencyInjection\Exception\InvalidArgumentException: The "Tourze\LarkAppBotBundle\Service\Performance\PerformanceMonitor" service is already initialized, you cannot replace it.

/home/admin/work/source/php-monorepo/vendor/symfony/dependency-injection/Container.php:160
/home/admin/work/source/php-monorepo/vendor/symfony/framework-bundle/Test/TestContainer.php:75
/home/admin/work/source/php-monorepo/packages/lark-app-bot-bundle/tests/Service/Message/Async/BatchSendMessageHandlerTest.php:226</error>
      </testcase>
    </testsuite>
    <testsuite name="Tourze\LarkAppBotBundle\Tests\Service\Message\Async\SendMessageCommandTest" file="/home/admin/work/source/php-monorepo/packages/lark-app-bot-bundle/tests/Service/Message/Async/SendMessageCommandTest.php" tests="11" assertions="56" errors="0" failures="0" skipped="0" time="0.001323">
      <testcase name="testConstructorWithRequiredParameters" file="/home/admin/work/source/php-monorepo/packages/lark-app-bot-bundle/tests/Service/Message/Async/SendMessageCommandTest.php" line="17" class="Tourze\LarkAppBotBundle\Tests\Service\Message\Async\SendMessageCommandTest" classname="Tourze.LarkAppBotBundle.Tests.Service.Message.Async.SendMessageCommandTest" assertions="7" time="0.000271"/>
      <testcase name="testConstructorWithAllParameters" file="/home/admin/work/source/php-monorepo/packages/lark-app-bot-bundle/tests/Service/Message/Async/SendMessageCommandTest.php" line="40" class="Tourze\LarkAppBotBundle\Tests\Service\Message\Async\SendMessageCommandTest" classname="Tourze.LarkAppBotBundle.Tests.Service.Message.Async.SendMessageCommandTest" assertions="8" time="0.000137"/>
      <testcase name="testIncrementRetryCount" file="/home/admin/work/source/php-monorepo/packages/lark-app-bot-bundle/tests/Service/Message/Async/SendMessageCommandTest.php" line="72" class="Tourze\LarkAppBotBundle\Tests\Service\Message\Async\SendMessageCommandTest" classname="Tourze.LarkAppBotBundle.Tests.Service.Message.Async.SendMessageCommandTest" assertions="10" time="0.000108"/>
      <testcase name="testGetAge" file="/home/admin/work/source/php-monorepo/packages/lark-app-bot-bundle/tests/Service/Message/Async/SendMessageCommandTest.php" line="106" class="Tourze\LarkAppBotBundle\Tests\Service\Message\Async\SendMessageCommandTest" classname="Tourze.LarkAppBotBundle.Tests.Service.Message.Async.SendMessageCommandTest" assertions="3" time="0.000160"/>
      <testcase name="testGetTimestampWithProvidedValue" file="/home/admin/work/source/php-monorepo/packages/lark-app-bot-bundle/tests/Service/Message/Async/SendMessageCommandTest.php" line="125" class="Tourze\LarkAppBotBundle\Tests\Service\Message\Async\SendMessageCommandTest" classname="Tourze.LarkAppBotBundle.Tests.Service.Message.Async.SendMessageCommandTest" assertions="1" time="0.000091"/>
      <testcase name="testGetTimestampWithDefault" file="/home/admin/work/source/php-monorepo/packages/lark-app-bot-bundle/tests/Service/Message/Async/SendMessageCommandTest.php" line="142" class="Tourze\LarkAppBotBundle\Tests\Service\Message\Async\SendMessageCommandTest" classname="Tourze.LarkAppBotBundle.Tests.Service.Message.Async.SendMessageCommandTest" assertions="4" time="0.000122"/>
      <testcase name="testContentCanBeString" file="/home/admin/work/source/php-monorepo/packages/lark-app-bot-bundle/tests/Service/Message/Async/SendMessageCommandTest.php" line="159" class="Tourze\LarkAppBotBundle\Tests\Service\Message\Async\SendMessageCommandTest" classname="Tourze.LarkAppBotBundle.Tests.Service.Message.Async.SendMessageCommandTest" assertions="2" time="0.000088"/>
      <testcase name="testContentCanBeArray" file="/home/admin/work/source/php-monorepo/packages/lark-app-bot-bundle/tests/Service/Message/Async/SendMessageCommandTest.php" line="173" class="Tourze\LarkAppBotBundle\Tests\Service\Message\Async\SendMessageCommandTest" classname="Tourze.LarkAppBotBundle.Tests.Service.Message.Async.SendMessageCommandTest" assertions="2" time="0.000083"/>
      <testcase name="testDifferentMessageTypes" file="/home/admin/work/source/php-monorepo/packages/lark-app-bot-bundle/tests/Service/Message/Async/SendMessageCommandTest.php" line="191" class="Tourze\LarkAppBotBundle\Tests\Service\Message\Async\SendMessageCommandTest" classname="Tourze.LarkAppBotBundle.Tests.Service.Message.Async.SendMessageCommandTest" assertions="5" time="0.000086"/>
      <testcase name="testDifferentReceiveIdTypes" file="/home/admin/work/source/php-monorepo/packages/lark-app-bot-bundle/tests/Service/Message/Async/SendMessageCommandTest.php" line="206" class="Tourze\LarkAppBotBundle\Tests\Service\Message\Async\SendMessageCommandTest" classname="Tourze.LarkAppBotBundle.Tests.Service.Message.Async.SendMessageCommandTest" assertions="5" time="0.000085"/>
      <testcase name="testOptionsHandling" file="/home/admin/work/source/php-monorepo/packages/lark-app-bot-bundle/tests/Service/Message/Async/SendMessageCommandTest.php" line="221" class="Tourze\LarkAppBotBundle\Tests\Service\Message\Async\SendMessageCommandTest" classname="Tourze.LarkAppBotBundle.Tests.Service.Message.Async.SendMessageCommandTest" assertions="9" time="0.000092"/>
    </testsuite>
    <testsuite name="Tourze\LarkAppBotBundle\Tests\Service\Message\Async\SendMessageHandlerTest" file="/home/admin/work/source/php-monorepo/packages/lark-app-bot-bundle/tests/Service/Message/Async/SendMessageHandlerTest.php" tests="10" assertions="36" errors="1" failures="6" skipped="0" time="0.968744">
      <testcase name="testShouldHaveRunTestsInSeparateProcesses" file="/home/admin/work/source/php-monorepo/packages/phpunit-symfony-kernel-test/src/AbstractIntegrationTestCase.php" line="919" class="Tourze\LarkAppBotBundle\Tests\Service\Message\Async\SendMessageHandlerTest" classname="Tourze.LarkAppBotBundle.Tests.Service.Message.Async.SendMessageHandlerTest" assertions="1" time="0.131105"/>
      <testcase name="testHandlerDropsStaleMessage" file="/home/admin/work/source/php-monorepo/packages/lark-app-bot-bundle/tests/Service/Message/Async/SendMessageHandlerTest.php" line="36" class="Tourze\LarkAppBotBundle\Tests\Service\Message\Async\SendMessageHandlerTest" classname="Tourze.LarkAppBotBundle.Tests.Service.Message.Async.SendMessageHandlerTest" assertions="3" time="0.122899">
        <failure type="PHPUnit\Framework\ExpectationFailedException">Tourze\LarkAppBotBundle\Tests\Service\Message\Async\SendMessageHandlerTest::testHandlerDropsStaleMessage
Expectation failed for method name is "warning" when invoked 1 time.
Method was expected to be called 1 time, actually called 0 times.</failure>
      </testcase>
      <testcase name="testHandlerSendsMessageSuccessfully" file="/home/admin/work/source/php-monorepo/packages/lark-app-bot-bundle/tests/Service/Message/Async/SendMessageHandlerTest.php" line="69" class="Tourze\LarkAppBotBundle\Tests\Service\Message\Async\SendMessageHandlerTest" classname="Tourze.LarkAppBotBundle.Tests.Service.Message.Async.SendMessageHandlerTest" assertions="9" time="0.087837">
        <failure type="PHPUnit\Framework\ExpectationFailedException">Tourze\LarkAppBotBundle\Tests\Service\Message\Async\SendMessageHandlerTest::testHandlerSendsMessageSuccessfully
Expectation failed for method name is "info" when invoked 2 times.
Method was expected to be called 2 times, actually called 0 times.</failure>
      </testcase>
      <testcase name="testHandlerHandlesRateLimitWithRetry" file="/home/admin/work/source/php-monorepo/packages/lark-app-bot-bundle/tests/Service/Message/Async/SendMessageHandlerTest.php" line="129" class="Tourze\LarkAppBotBundle\Tests\Service\Message\Async\SendMessageHandlerTest" classname="Tourze.LarkAppBotBundle.Tests.Service.Message.Async.SendMessageHandlerTest" assertions="3" time="0.091594">
        <failure type="PHPUnit\Framework\ExpectationFailedException">Tourze\LarkAppBotBundle\Tests\Service\Message\Async\SendMessageHandlerTest::testHandlerHandlesRateLimitWithRetry
Expectation failed for method name is "warning" when invoked 1 time.
Method was expected to be called 1 time, actually called 0 times.</failure>
      </testcase>
      <testcase name="testHandlerHandlesRateLimitMaxRetryExceeded" file="/home/admin/work/source/php-monorepo/packages/lark-app-bot-bundle/tests/Service/Message/Async/SendMessageHandlerTest.php" line="163" class="Tourze\LarkAppBotBundle\Tests\Service\Message\Async\SendMessageHandlerTest" classname="Tourze.LarkAppBotBundle.Tests.Service.Message.Async.SendMessageHandlerTest" assertions="3" time="0.090065"/>
      <testcase name="testHandlerHandlesServerError" file="/home/admin/work/source/php-monorepo/packages/lark-app-bot-bundle/tests/Service/Message/Async/SendMessageHandlerTest.php" line="186" class="Tourze\LarkAppBotBundle\Tests\Service\Message\Async\SendMessageHandlerTest" classname="Tourze.LarkAppBotBundle.Tests.Service.Message.Async.SendMessageHandlerTest" assertions="3" time="0.089637">
        <failure type="PHPUnit\Framework\ExpectationFailedException">Tourze\LarkAppBotBundle\Tests\Service\Message\Async\SendMessageHandlerTest::testHandlerHandlesServerError
Expectation failed for method name is "error" when invoked 1 time.
Method was expected to be called 1 time, actually called 0 times.</failure>
      </testcase>
      <testcase name="testHandlerHandlesClientError" file="/home/admin/work/source/php-monorepo/packages/lark-app-bot-bundle/tests/Service/Message/Async/SendMessageHandlerTest.php" line="223" class="Tourze\LarkAppBotBundle\Tests\Service\Message\Async\SendMessageHandlerTest" classname="Tourze.LarkAppBotBundle.Tests.Service.Message.Async.SendMessageHandlerTest" assertions="3" time="0.089304">
        <failure type="PHPUnit\Framework\ExpectationFailedException">Tourze\LarkAppBotBundle\Tests\Service\Message\Async\SendMessageHandlerTest::testHandlerHandlesClientError
Expectation failed for method name is "error" when invoked 1 time.
Method was expected to be called 1 time, actually called 0 times.</failure>
      </testcase>
      <testcase name="testHandlerHandlesUnexpectedError" file="/home/admin/work/source/php-monorepo/packages/lark-app-bot-bundle/tests/Service/Message/Async/SendMessageHandlerTest.php" line="259" class="Tourze\LarkAppBotBundle\Tests\Service\Message\Async\SendMessageHandlerTest" classname="Tourze.LarkAppBotBundle.Tests.Service.Message.Async.SendMessageHandlerTest" assertions="3" time="0.087617">
        <failure type="PHPUnit\Framework\ExpectationFailedException">Tourze\LarkAppBotBundle\Tests\Service\Message\Async\SendMessageHandlerTest::testHandlerHandlesUnexpectedError
Expectation failed for method name is "error" when invoked 1 time.
Method was expected to be called 1 time, actually called 0 times.</failure>
      </testcase>
      <testcase name="testHandlerWithoutPerformanceMonitor" file="/home/admin/work/source/php-monorepo/packages/lark-app-bot-bundle/tests/Service/Message/Async/SendMessageHandlerTest.php" line="294" class="Tourze\LarkAppBotBundle\Tests\Service\Message\Async\SendMessageHandlerTest" classname="Tourze.LarkAppBotBundle.Tests.Service.Message.Async.SendMessageHandlerTest" assertions="0" time="0.090953">
        <error type="Symfony\Component\DependencyInjection\Exception\InvalidArgumentException">Tourze\LarkAppBotBundle\Tests\Service\Message\Async\SendMessageHandlerTest::testHandlerWithoutPerformanceMonitor
Symfony\Component\DependencyInjection\Exception\InvalidArgumentException: The "Tourze\LarkAppBotBundle\Service\Performance\PerformanceMonitor" service is already initialized, you cannot replace it.

/home/admin/work/source/php-monorepo/vendor/symfony/dependency-injection/Container.php:160
/home/admin/work/source/php-monorepo/vendor/symfony/framework-bundle/Test/TestContainer.php:75
/home/admin/work/source/php-monorepo/packages/lark-app-bot-bundle/tests/Service/Message/Async/SendMessageHandlerTest.php:297</error>
      </testcase>
      <testcase name="testHandlerPassesOptionsToMessageService" file="/home/admin/work/source/php-monorepo/packages/lark-app-bot-bundle/tests/Service/Message/Async/SendMessageHandlerTest.php" line="327" class="Tourze\LarkAppBotBundle\Tests\Service\Message\Async\SendMessageHandlerTest" classname="Tourze.LarkAppBotBundle.Tests.Service.Message.Async.SendMessageHandlerTest" assertions="8" time="0.087733"/>
    </testsuite>
    <testsuite name="Tourze\LarkAppBotBundle\Tests\Service\Message\Builder\Card\ButtonElementTest" file="/home/admin/work/source/php-monorepo/packages/lark-app-bot-bundle/tests/Service/Message/Builder/Card/ButtonElementTest.php" tests="13" assertions="28" errors="0" failures="0" skipped="0" time="0.000545">
      <testcase name="testButtonElementCreation" file="/home/admin/work/source/php-monorepo/packages/lark-app-bot-bundle/tests/Service/Message/Builder/Card/ButtonElementTest.php" line="17" class="Tourze\LarkAppBotBundle\Tests\Service\Message\Builder\Card\ButtonElementTest" classname="Tourze.LarkAppBotBundle.Tests.Service.Message.Builder.Card.ButtonElementTest" assertions="4" time="0.000159"/>
      <testcase name="testSetText" file="/home/admin/work/source/php-monorepo/packages/lark-app-bot-bundle/tests/Service/Message/Builder/Card/ButtonElementTest.php" line="28" class="Tourze\LarkAppBotBundle\Tests\Service\Message\Builder\Card\ButtonElementTest" classname="Tourze.LarkAppBotBundle.Tests.Service.Message.Builder.Card.ButtonElementTest" assertions="1" time="0.000046"/>
      <testcase name="testSetType" file="/home/admin/work/source/php-monorepo/packages/lark-app-bot-bundle/tests/Service/Message/Builder/Card/ButtonElementTest.php" line="37" class="Tourze\LarkAppBotBundle\Tests\Service\Message\Builder\Card\ButtonElementTest" classname="Tourze.LarkAppBotBundle.Tests.Service.Message.Builder.Card.ButtonElementTest" assertions="1" time="0.000031"/>
      <testcase name="testAsPrimary" file="/home/admin/work/source/php-monorepo/packages/lark-app-bot-bundle/tests/Service/Message/Builder/Card/ButtonElementTest.php" line="46" class="Tourze\LarkAppBotBundle\Tests\Service\Message\Builder\Card\ButtonElementTest" classname="Tourze.LarkAppBotBundle.Tests.Service.Message.Builder.Card.ButtonElementTest" assertions="1" time="0.000031"/>
      <testcase name="testAsDefault" file="/home/admin/work/source/php-monorepo/packages/lark-app-bot-bundle/tests/Service/Message/Builder/Card/ButtonElementTest.php" line="55" class="Tourze\LarkAppBotBundle\Tests\Service\Message\Builder\Card\ButtonElementTest" classname="Tourze.LarkAppBotBundle.Tests.Service.Message.Builder.Card.ButtonElementTest" assertions="1" time="0.000029"/>
      <testcase name="testAsDanger" file="/home/admin/work/source/php-monorepo/packages/lark-app-bot-bundle/tests/Service/Message/Builder/Card/ButtonElementTest.php" line="64" class="Tourze\LarkAppBotBundle\Tests\Service\Message\Builder\Card\ButtonElementTest" classname="Tourze.LarkAppBotBundle.Tests.Service.Message.Builder.Card.ButtonElementTest" assertions="1" time="0.000027"/>
      <testcase name="testSetUrl" file="/home/admin/work/source/php-monorepo/packages/lark-app-bot-bundle/tests/Service/Message/Builder/Card/ButtonElementTest.php" line="72" class="Tourze\LarkAppBotBundle\Tests\Service\Message\Builder\Card\ButtonElementTest" classname="Tourze.LarkAppBotBundle.Tests.Service.Message.Builder.Card.ButtonElementTest" assertions="1" time="0.000030"/>
      <testcase name="testSetValueWithString" file="/home/admin/work/source/php-monorepo/packages/lark-app-bot-bundle/tests/Service/Message/Builder/Card/ButtonElementTest.php" line="80" class="Tourze\LarkAppBotBundle\Tests\Service\Message\Builder\Card\ButtonElementTest" classname="Tourze.LarkAppBotBundle.Tests.Service.Message.Builder.Card.ButtonElementTest" assertions="1" time="0.000029"/>
      <testcase name="testSetValueWithArray" file="/home/admin/work/source/php-monorepo/packages/lark-app-bot-bundle/tests/Service/Message/Builder/Card/ButtonElementTest.php" line="89" class="Tourze\LarkAppBotBundle\Tests\Service\Message\Builder\Card\ButtonElementTest" classname="Tourze.LarkAppBotBundle.Tests.Service.Message.Builder.Card.ButtonElementTest" assertions="1" time="0.000029"/>
      <testcase name="testSetMultiUrl" file="/home/admin/work/source/php-monorepo/packages/lark-app-bot-bundle/tests/Service/Message/Builder/Card/ButtonElementTest.php" line="99" class="Tourze\LarkAppBotBundle\Tests\Service\Message\Builder\Card\ButtonElementTest" classname="Tourze.LarkAppBotBundle.Tests.Service.Message.Builder.Card.ButtonElementTest" assertions="1" time="0.000030"/>
      <testcase name="testSetConfirm" file="/home/admin/work/source/php-monorepo/packages/lark-app-bot-bundle/tests/Service/Message/Builder/Card/ButtonElementTest.php" line="112" class="Tourze\LarkAppBotBundle\Tests\Service\Message\Builder\Card\ButtonElementTest" classname="Tourze.LarkAppBotBundle.Tests.Service.Message.Builder.Card.ButtonElementTest" assertions="6" time="0.000041"/>
      <testcase name="testButtonConstants" file="/home/admin/work/source/php-monorepo/packages/lark-app-bot-bundle/tests/Service/Message/Builder/Card/ButtonElementTest.php" line="126" class="Tourze\LarkAppBotBundle\Tests\Service\Message\Builder\Card\ButtonElementTest" classname="Tourze.LarkAppBotBundle.Tests.Service.Message.Builder.Card.ButtonElementTest" assertions="3" time="0.000030"/>
      <testcase name="testFluentInterface" file="/home/admin/work/source/php-monorepo/packages/lark-app-bot-bundle/tests/Service/Message/Builder/Card/ButtonElementTest.php" line="133" class="Tourze\LarkAppBotBundle\Tests\Service\Message\Builder\Card\ButtonElementTest" classname="Tourze.LarkAppBotBundle.Tests.Service.Message.Builder.Card.ButtonElementTest" assertions="6" time="0.000033"/>
    </testsuite>
    <testsuite name="Tourze\LarkAppBotBundle\Tests\Service\Message\Builder\Card\CardElementCoreTest" file="/home/admin/work/source/php-monorepo/packages/lark-app-bot-bundle/tests/Service/Message/Builder/Card/CardElementCoreTest.php" tests="5" assertions="7" errors="0" failures="0" skipped="0" time="0.000278">
      <testcase name="testCardElementCreation" file="/home/admin/work/source/php-monorepo/packages/lark-app-bot-bundle/tests/Service/Message/Builder/Card/CardElementCoreTest.php" line="19" class="Tourze\LarkAppBotBundle\Tests\Service\Message\Builder\Card\CardElementCoreTest" classname="Tourze.LarkAppBotBundle.Tests.Service.Message.Builder.Card.CardElementCoreTest" assertions="1" time="0.000141"/>
      <testcase name="testToArray" file="/home/admin/work/source/php-monorepo/packages/lark-app-bot-bundle/tests/Service/Message/Builder/Card/CardElementCoreTest.php" line="27" class="Tourze\LarkAppBotBundle\Tests\Service\Message\Builder\Card\CardElementCoreTest" classname="Tourze.LarkAppBotBundle.Tests.Service.Message.Builder.Card.CardElementCoreTest" assertions="3" time="0.000040"/>
      <testcase name="testSetAndGetData" file="/home/admin/work/source/php-monorepo/packages/lark-app-bot-bundle/tests/Service/Message/Builder/Card/CardElementCoreTest.php" line="39" class="Tourze\LarkAppBotBundle\Tests\Service\Message\Builder\Card\CardElementCoreTest" classname="Tourze.LarkAppBotBundle.Tests.Service.Message.Builder.Card.CardElementCoreTest" assertions="1" time="0.000031"/>
      <testcase name="testGetDataWithNonExistentKey" file="/home/admin/work/source/php-monorepo/packages/lark-app-bot-bundle/tests/Service/Message/Builder/Card/CardElementCoreTest.php" line="47" class="Tourze\LarkAppBotBundle\Tests\Service\Message\Builder\Card\CardElementCoreTest" classname="Tourze.LarkAppBotBundle.Tests.Service.Message.Builder.Card.CardElementCoreTest" assertions="1" time="0.000036"/>
      <testcase name="testSetDataReturnsself" file="/home/admin/work/source/php-monorepo/packages/lark-app-bot-bundle/tests/Service/Message/Builder/Card/CardElementCoreTest.php" line="54" class="Tourze\LarkAppBotBundle\Tests\Service\Message\Builder\Card\CardElementCoreTest" classname="Tourze.LarkAppBotBundle.Tests.Service.Message.Builder.Card.CardElementCoreTest" assertions="1" time="0.000030"/>
    </testsuite>
    <testsuite name="Tourze\LarkAppBotBundle\Tests\Service\Message\Builder\Card\TestCardElementTest" file="/home/admin/work/source/php-monorepo/packages/lark-app-bot-bundle/tests/Service/Message/Builder/Card/TestCardElementTest.php" tests="4" assertions="6" errors="0" failures="0" skipped="0" time="0.000143">
      <testcase name="testGetTag" file="/home/admin/work/source/php-monorepo/packages/lark-app-bot-bundle/tests/Service/Message/Builder/Card/TestCardElementTest.php" line="18" class="Tourze\LarkAppBotBundle\Tests\Service\Message\Builder\Card\TestCardElementTest" classname="Tourze.LarkAppBotBundle.Tests.Service.Message.Builder.Card.TestCardElementTest" assertions="1" time="0.000040"/>
      <testcase name="testSetTestData" file="/home/admin/work/source/php-monorepo/packages/lark-app-bot-bundle/tests/Service/Message/Builder/Card/TestCardElementTest.php" line="24" class="Tourze\LarkAppBotBundle\Tests\Service\Message\Builder\Card\TestCardElementTest" classname="Tourze.LarkAppBotBundle.Tests.Service.Message.Builder.Card.TestCardElementTest" assertions="2" time="0.000045"/>
      <testcase name="testWithTestData" file="/home/admin/work/source/php-monorepo/packages/lark-app-bot-bundle/tests/Service/Message/Builder/Card/TestCardElementTest.php" line="33" class="Tourze\LarkAppBotBundle\Tests\Service\Message\Builder\Card\TestCardElementTest" classname="Tourze.LarkAppBotBundle.Tests.Service.Message.Builder.Card.TestCardElementTest" assertions="1" time="0.000028"/>
      <testcase name="testGetTestData" file="/home/admin/work/source/php-monorepo/packages/lark-app-bot-bundle/tests/Service/Message/Builder/Card/TestCardElementTest.php" line="41" class="Tourze\LarkAppBotBundle\Tests\Service\Message\Builder\Card\TestCardElementTest" classname="Tourze.LarkAppBotBundle.Tests.Service.Message.Builder.Card.TestCardElementTest" assertions="2" time="0.000030"/>
    </testsuite>
    <testsuite name="Tourze\LarkAppBotBundle\Tests\Service\Message\Builder\Card\TextElementTest" file="/home/admin/work/source/php-monorepo/packages/lark-app-bot-bundle/tests/Service/Message/Builder/Card/TextElementTest.php" tests="7" assertions="14" errors="0" failures="0" skipped="0" time="0.000232">
      <testcase name="testTextElementCreationWithPlainText" file="/home/admin/work/source/php-monorepo/packages/lark-app-bot-bundle/tests/Service/Message/Builder/Card/TextElementTest.php" line="17" class="Tourze\LarkAppBotBundle\Tests\Service\Message\Builder\Card\TextElementTest" classname="Tourze.LarkAppBotBundle.Tests.Service.Message.Builder.Card.TextElementTest" assertions="3" time="0.000045"/>
      <testcase name="testTextElementCreationWithMarkdown" file="/home/admin/work/source/php-monorepo/packages/lark-app-bot-bundle/tests/Service/Message/Builder/Card/TextElementTest.php" line="27" class="Tourze\LarkAppBotBundle\Tests\Service\Message\Builder\Card\TextElementTest" classname="Tourze.LarkAppBotBundle.Tests.Service.Message.Builder.Card.TextElementTest" assertions="3" time="0.000034"/>
      <testcase name="testSetContent" file="/home/admin/work/source/php-monorepo/packages/lark-app-bot-bundle/tests/Service/Message/Builder/Card/TextElementTest.php" line="37" class="Tourze\LarkAppBotBundle\Tests\Service\Message\Builder\Card\TextElementTest" classname="Tourze.LarkAppBotBundle.Tests.Service.Message.Builder.Card.TextElementTest" assertions="1" time="0.000031"/>
      <testcase name="testAsMarkdown" file="/home/admin/work/source/php-monorepo/packages/lark-app-bot-bundle/tests/Service/Message/Builder/Card/TextElementTest.php" line="45" class="Tourze\LarkAppBotBundle\Tests\Service\Message\Builder\Card\TextElementTest" classname="Tourze.LarkAppBotBundle.Tests.Service.Message.Builder.Card.TextElementTest" assertions="1" time="0.000029"/>
      <testcase name="testAsPlainText" file="/home/admin/work/source/php-monorepo/packages/lark-app-bot-bundle/tests/Service/Message/Builder/Card/TextElementTest.php" line="53" class="Tourze\LarkAppBotBundle\Tests\Service\Message\Builder\Card\TextElementTest" classname="Tourze.LarkAppBotBundle.Tests.Service.Message.Builder.Card.TextElementTest" assertions="1" time="0.000033"/>
      <testcase name="testFluentInterface" file="/home/admin/work/source/php-monorepo/packages/lark-app-bot-bundle/tests/Service/Message/Builder/Card/TextElementTest.php" line="61" class="Tourze\LarkAppBotBundle\Tests\Service\Message\Builder\Card\TextElementTest" classname="Tourze.LarkAppBotBundle.Tests.Service.Message.Builder.Card.TextElementTest" assertions="2" time="0.000030"/>
      <testcase name="testToggleBetweenFormats" file="/home/admin/work/source/php-monorepo/packages/lark-app-bot-bundle/tests/Service/Message/Builder/Card/TextElementTest.php" line="72" class="Tourze\LarkAppBotBundle\Tests\Service\Message\Builder\Card\TextElementTest" classname="Tourze.LarkAppBotBundle.Tests.Service.Message.Builder.Card.TextElementTest" assertions="3" time="0.000031"/>
    </testsuite>
    <testsuite name="Tourze\LarkAppBotBundle\Tests\Service\Message\Builder\CardActionBuilderTest" file="/home/admin/work/source/php-monorepo/packages/lark-app-bot-bundle/tests/Service/Message/Builder/CardActionBuilderTest.php" tests="17" assertions="45" errors="0" failures="0" skipped="0" time="0.000684">
      <testcase name="testBuildActionButtonsCreatesEmptyActionsForEmptyArray" file="/home/admin/work/source/php-monorepo/packages/lark-app-bot-bundle/tests/Service/Message/Builder/CardActionBuilderTest.php" line="26" class="Tourze\LarkAppBotBundle\Tests\Service\Message\Builder\CardActionBuilderTest" classname="Tourze.LarkAppBotBundle.Tests.Service.Message.Builder.CardActionBuilderTest" assertions="1" time="0.000061"/>
      <testcase name="testBuildActionButtonsCreatesBasicButton" file="/home/admin/work/source/php-monorepo/packages/lark-app-bot-bundle/tests/Service/Message/Builder/CardActionBuilderTest.php" line="38" class="Tourze\LarkAppBotBundle\Tests\Service\Message\Builder\CardActionBuilderTest" classname="Tourze.LarkAppBotBundle.Tests.Service.Message.Builder.CardActionBuilderTest" assertions="1" time="0.000042"/>
      <testcase name="testBuildActionButtonsCreatesButtonWithAllProperties" file="/home/admin/work/source/php-monorepo/packages/lark-app-bot-bundle/tests/Service/Message/Builder/CardActionBuilderTest.php" line="62" class="Tourze\LarkAppBotBundle\Tests\Service\Message\Builder\CardActionBuilderTest" classname="Tourze.LarkAppBotBundle.Tests.Service.Message.Builder.CardActionBuilderTest" assertions="1" time="0.000047"/>
      <testcase name="testBuildActionButtonsHandlesMultipleButtons" file="/home/admin/work/source/php-monorepo/packages/lark-app-bot-bundle/tests/Service/Message/Builder/CardActionBuilderTest.php" line="96" class="Tourze\LarkAppBotBundle\Tests\Service\Message\Builder\CardActionBuilderTest" classname="Tourze.LarkAppBotBundle.Tests.Service.Message.Builder.CardActionBuilderTest" assertions="4" time="0.000047"/>
      <testcase name="testBuildSelectMenuCreatesBasicSelect" file="/home/admin/work/source/php-monorepo/packages/lark-app-bot-bundle/tests/Service/Message/Builder/CardActionBuilderTest.php" line="111" class="Tourze\LarkAppBotBundle\Tests\Service\Message\Builder\CardActionBuilderTest" classname="Tourze.LarkAppBotBundle.Tests.Service.Message.Builder.CardActionBuilderTest" assertions="1" time="0.000040"/>
      <testcase name="testBuildSelectMenuWithInitialValue" file="/home/admin/work/source/php-monorepo/packages/lark-app-bot-bundle/tests/Service/Message/Builder/CardActionBuilderTest.php" line="152" class="Tourze\LarkAppBotBundle\Tests\Service\Message\Builder\CardActionBuilderTest" classname="Tourze.LarkAppBotBundle.Tests.Service.Message.Builder.CardActionBuilderTest" assertions="1" time="0.000038"/>
      <testcase name="testBuildSelectMenuHandlesEmptyOptions" file="/home/admin/work/source/php-monorepo/packages/lark-app-bot-bundle/tests/Service/Message/Builder/CardActionBuilderTest.php" line="163" class="Tourze\LarkAppBotBundle\Tests\Service\Message\Builder\CardActionBuilderTest" classname="Tourze.LarkAppBotBundle.Tests.Service.Message.Builder.CardActionBuilderTest" assertions="1" time="0.000037"/>
      <testcase name="testBuildDatePickerCreatesBasicDatePicker" file="/home/admin/work/source/php-monorepo/packages/lark-app-bot-bundle/tests/Service/Message/Builder/CardActionBuilderTest.php" line="170" class="Tourze\LarkAppBotBundle\Tests\Service\Message\Builder\CardActionBuilderTest" classname="Tourze.LarkAppBotBundle.Tests.Service.Message.Builder.CardActionBuilderTest" assertions="1" time="0.000038"/>
      <testcase name="testBuildDatePickerWithInitialDate" file="/home/admin/work/source/php-monorepo/packages/lark-app-bot-bundle/tests/Service/Message/Builder/CardActionBuilderTest.php" line="190" class="Tourze\LarkAppBotBundle\Tests\Service\Message\Builder\CardActionBuilderTest" classname="Tourze.LarkAppBotBundle.Tests.Service.Message.Builder.CardActionBuilderTest" assertions="1" time="0.000034"/>
      <testcase name="testBuildTimePickerCreatesBasicTimePicker" file="/home/admin/work/source/php-monorepo/packages/lark-app-bot-bundle/tests/Service/Message/Builder/CardActionBuilderTest.php" line="197" class="Tourze\LarkAppBotBundle\Tests\Service\Message\Builder\CardActionBuilderTest" classname="Tourze.LarkAppBotBundle.Tests.Service.Message.Builder.CardActionBuilderTest" assertions="1" time="0.000035"/>
      <testcase name="testBuildTimePickerWithInitialTime" file="/home/admin/work/source/php-monorepo/packages/lark-app-bot-bundle/tests/Service/Message/Builder/CardActionBuilderTest.php" line="217" class="Tourze\LarkAppBotBundle\Tests\Service\Message\Builder\CardActionBuilderTest" classname="Tourze.LarkAppBotBundle.Tests.Service.Message.Builder.CardActionBuilderTest" assertions="1" time="0.000034"/>
      <testcase name="testBuildActionButtonsHandlesMissingText" file="/home/admin/work/source/php-monorepo/packages/lark-app-bot-bundle/tests/Service/Message/Builder/CardActionBuilderTest.php" line="224" class="Tourze\LarkAppBotBundle\Tests\Service\Message\Builder\CardActionBuilderTest" classname="Tourze.LarkAppBotBundle.Tests.Service.Message.Builder.CardActionBuilderTest" assertions="1" time="0.000041"/>
      <testcase name="testBuildSelectMenuHandlesMissingOptionProperties" file="/home/admin/work/source/php-monorepo/packages/lark-app-bot-bundle/tests/Service/Message/Builder/CardActionBuilderTest.php" line="235" class="Tourze\LarkAppBotBundle\Tests\Service\Message\Builder\CardActionBuilderTest" classname="Tourze.LarkAppBotBundle.Tests.Service.Message.Builder.CardActionBuilderTest" assertions="4" time="0.000038"/>
      <testcase name="testBuildActionButtons" file="/home/admin/work/source/php-monorepo/packages/lark-app-bot-bundle/tests/Service/Message/Builder/CardActionBuilderTest.php" line="250" class="Tourze\LarkAppBotBundle\Tests\Service\Message\Builder\CardActionBuilderTest" classname="Tourze.LarkAppBotBundle.Tests.Service.Message.Builder.CardActionBuilderTest" assertions="7" time="0.000040"/>
      <testcase name="testBuildSelectMenu" file="/home/admin/work/source/php-monorepo/packages/lark-app-bot-bundle/tests/Service/Message/Builder/CardActionBuilderTest.php" line="269" class="Tourze\LarkAppBotBundle\Tests\Service\Message\Builder\CardActionBuilderTest" classname="Tourze.LarkAppBotBundle.Tests.Service.Message.Builder.CardActionBuilderTest" assertions="7" time="0.000038"/>
      <testcase name="testBuildDatePicker" file="/home/admin/work/source/php-monorepo/packages/lark-app-bot-bundle/tests/Service/Message/Builder/CardActionBuilderTest.php" line="288" class="Tourze\LarkAppBotBundle\Tests\Service\Message\Builder\CardActionBuilderTest" classname="Tourze.LarkAppBotBundle.Tests.Service.Message.Builder.CardActionBuilderTest" assertions="6" time="0.000034"/>
      <testcase name="testBuildTimePicker" file="/home/admin/work/source/php-monorepo/packages/lark-app-bot-bundle/tests/Service/Message/Builder/CardActionBuilderTest.php" line="301" class="Tourze\LarkAppBotBundle\Tests\Service\Message\Builder\CardActionBuilderTest" classname="Tourze.LarkAppBotBundle.Tests.Service.Message.Builder.CardActionBuilderTest" assertions="6" time="0.000038"/>
    </testsuite>
    <testsuite name="Tourze\LarkAppBotBundle\Tests\Service\Message\Builder\CardElementBuilderTest" file="/home/admin/work/source/php-monorepo/packages/lark-app-bot-bundle/tests/Service/Message/Builder/CardElementBuilderTest.php" tests="21" assertions="40" errors="0" failures="0" skipped="0" time="0.000794">
      <testcase name="testBuildTextElementCreatesPlainTextByDefault" file="/home/admin/work/source/php-monorepo/packages/lark-app-bot-bundle/tests/Service/Message/Builder/CardElementBuilderTest.php" line="26" class="Tourze\LarkAppBotBundle\Tests\Service\Message\Builder\CardElementBuilderTest" classname="Tourze.LarkAppBotBundle.Tests.Service.Message.Builder.CardElementBuilderTest" assertions="1" time="0.000052"/>
      <testcase name="testBuildTextElementCreatesLarkMdWhenRequested" file="/home/admin/work/source/php-monorepo/packages/lark-app-bot-bundle/tests/Service/Message/Builder/CardElementBuilderTest.php" line="41" class="Tourze\LarkAppBotBundle\Tests\Service\Message\Builder\CardElementBuilderTest" classname="Tourze.LarkAppBotBundle.Tests.Service.Message.Builder.CardElementBuilderTest" assertions="1" time="0.000040"/>
      <testcase name="testBuildTextElementHandlesEmptyContent" file="/home/admin/work/source/php-monorepo/packages/lark-app-bot-bundle/tests/Service/Message/Builder/CardElementBuilderTest.php" line="56" class="Tourze\LarkAppBotBundle\Tests\Service\Message\Builder\CardElementBuilderTest" classname="Tourze.LarkAppBotBundle.Tests.Service.Message.Builder.CardElementBuilderTest" assertions="2" time="0.000043"/>
      <testcase name="testBuildTextElementHandlesUnicodeContent" file="/home/admin/work/source/php-monorepo/packages/lark-app-bot-bundle/tests/Service/Message/Builder/CardElementBuilderTest.php" line="64" class="Tourze\LarkAppBotBundle\Tests\Service\Message\Builder\CardElementBuilderTest" classname="Tourze.LarkAppBotBundle.Tests.Service.Message.Builder.CardElementBuilderTest" assertions="1" time="0.000035"/>
      <testcase name="testBuildImageElementCreatesBasicImage" file="/home/admin/work/source/php-monorepo/packages/lark-app-bot-bundle/tests/Service/Message/Builder/CardElementBuilderTest.php" line="72" class="Tourze\LarkAppBotBundle\Tests\Service\Message\Builder\CardElementBuilderTest" classname="Tourze.LarkAppBotBundle.Tests.Service.Message.Builder.CardElementBuilderTest" assertions="1" time="0.000037"/>
      <testcase name="testBuildImageElementIncludesAltText" file="/home/admin/work/source/php-monorepo/packages/lark-app-bot-bundle/tests/Service/Message/Builder/CardElementBuilderTest.php" line="84" class="Tourze\LarkAppBotBundle\Tests\Service\Message\Builder\CardElementBuilderTest" classname="Tourze.LarkAppBotBundle.Tests.Service.Message.Builder.CardElementBuilderTest" assertions="1" time="0.000036"/>
      <testcase name="testBuildImageElementIncludesTitle" file="/home/admin/work/source/php-monorepo/packages/lark-app-bot-bundle/tests/Service/Message/Builder/CardElementBuilderTest.php" line="100" class="Tourze\LarkAppBotBundle\Tests\Service\Message\Builder\CardElementBuilderTest" classname="Tourze.LarkAppBotBundle.Tests.Service.Message.Builder.CardElementBuilderTest" assertions="1" time="0.000036"/>
      <testcase name="testBuildImageElementIncludesBothAltAndTitle" file="/home/admin/work/source/php-monorepo/packages/lark-app-bot-bundle/tests/Service/Message/Builder/CardElementBuilderTest.php" line="116" class="Tourze\LarkAppBotBundle\Tests\Service\Message\Builder\CardElementBuilderTest" classname="Tourze.LarkAppBotBundle.Tests.Service.Message.Builder.CardElementBuilderTest" assertions="5" time="0.000040"/>
      <testcase name="testBuildDividerElementCreatesHorizontalRule" file="/home/admin/work/source/php-monorepo/packages/lark-app-bot-bundle/tests/Service/Message/Builder/CardElementBuilderTest.php" line="127" class="Tourze\LarkAppBotBundle\Tests\Service\Message\Builder\CardElementBuilderTest" classname="Tourze.LarkAppBotBundle.Tests.Service.Message.Builder.CardElementBuilderTest" assertions="1" time="0.000038"/>
      <testcase name="testBuildInputElementCreatesBasicInput" file="/home/admin/work/source/php-monorepo/packages/lark-app-bot-bundle/tests/Service/Message/Builder/CardElementBuilderTest.php" line="136" class="Tourze\LarkAppBotBundle\Tests\Service\Message\Builder\CardElementBuilderTest" classname="Tourze.LarkAppBotBundle.Tests.Service.Message.Builder.CardElementBuilderTest" assertions="1" time="0.000036"/>
      <testcase name="testBuildInputElementIncludesDefaultValue" file="/home/admin/work/source/php-monorepo/packages/lark-app-bot-bundle/tests/Service/Message/Builder/CardElementBuilderTest.php" line="152" class="Tourze\LarkAppBotBundle\Tests\Service\Message\Builder\CardElementBuilderTest" classname="Tourze.LarkAppBotBundle.Tests.Service.Message.Builder.CardElementBuilderTest" assertions="1" time="0.000036"/>
      <testcase name="testBuildInputElementCreatesMultilineInput" file="/home/admin/work/source/php-monorepo/packages/lark-app-bot-bundle/tests/Service/Message/Builder/CardElementBuilderTest.php" line="159" class="Tourze\LarkAppBotBundle\Tests\Service\Message\Builder\CardElementBuilderTest" classname="Tourze.LarkAppBotBundle.Tests.Service.Message.Builder.CardElementBuilderTest" assertions="1" time="0.000037"/>
      <testcase name="testBuildInputElementSetsMaxLength" file="/home/admin/work/source/php-monorepo/packages/lark-app-bot-bundle/tests/Service/Message/Builder/CardElementBuilderTest.php" line="166" class="Tourze\LarkAppBotBundle\Tests\Service\Message\Builder\CardElementBuilderTest" classname="Tourze.LarkAppBotBundle.Tests.Service.Message.Builder.CardElementBuilderTest" assertions="1" time="0.000035"/>
      <testcase name="testBuildInputElementWithAllOptions" file="/home/admin/work/source/php-monorepo/packages/lark-app-bot-bundle/tests/Service/Message/Builder/CardElementBuilderTest.php" line="173" class="Tourze\LarkAppBotBundle\Tests\Service\Message\Builder\CardElementBuilderTest" classname="Tourze.LarkAppBotBundle.Tests.Service.Message.Builder.CardElementBuilderTest" assertions="1" time="0.000036"/>
      <testcase name="testBuildInputElementWithoutMultilineDoesNotIncludeMultilineKey" file="/home/admin/work/source/php-monorepo/packages/lark-app-bot-bundle/tests/Service/Message/Builder/CardElementBuilderTest.php" line="198" class="Tourze\LarkAppBotBundle\Tests\Service\Message\Builder\CardElementBuilderTest" classname="Tourze.LarkAppBotBundle.Tests.Service.Message.Builder.CardElementBuilderTest" assertions="1" time="0.000044"/>
      <testcase name="testBuildInputElementWithoutMaxLengthDoesNotIncludeMaxLengthKey" file="/home/admin/work/source/php-monorepo/packages/lark-app-bot-bundle/tests/Service/Message/Builder/CardElementBuilderTest.php" line="205" class="Tourze\LarkAppBotBundle\Tests\Service\Message\Builder\CardElementBuilderTest" classname="Tourze.LarkAppBotBundle.Tests.Service.Message.Builder.CardElementBuilderTest" assertions="1" time="0.000039"/>
      <testcase name="testBuildInputElementWithoutDefaultValueDoesNotIncludeDefaultValueKey" file="/home/admin/work/source/php-monorepo/packages/lark-app-bot-bundle/tests/Service/Message/Builder/CardElementBuilderTest.php" line="212" class="Tourze\LarkAppBotBundle\Tests\Service\Message\Builder\CardElementBuilderTest" classname="Tourze.LarkAppBotBundle.Tests.Service.Message.Builder.CardElementBuilderTest" assertions="1" time="0.000041"/>
      <testcase name="testBuildTextElement" file="/home/admin/work/source/php-monorepo/packages/lark-app-bot-bundle/tests/Service/Message/Builder/CardElementBuilderTest.php" line="219" class="Tourze\LarkAppBotBundle\Tests\Service\Message\Builder\CardElementBuilderTest" classname="Tourze.LarkAppBotBundle.Tests.Service.Message.Builder.CardElementBuilderTest" assertions="4" time="0.000033"/>
      <testcase name="testBuildImageElement" file="/home/admin/work/source/php-monorepo/packages/lark-app-bot-bundle/tests/Service/Message/Builder/CardElementBuilderTest.php" line="233" class="Tourze\LarkAppBotBundle\Tests\Service\Message\Builder\CardElementBuilderTest" classname="Tourze.LarkAppBotBundle.Tests.Service.Message.Builder.CardElementBuilderTest" assertions="6" time="0.000033"/>
      <testcase name="testBuildDividerElement" file="/home/admin/work/source/php-monorepo/packages/lark-app-bot-bundle/tests/Service/Message/Builder/CardElementBuilderTest.php" line="246" class="Tourze\LarkAppBotBundle\Tests\Service\Message\Builder\CardElementBuilderTest" classname="Tourze.LarkAppBotBundle.Tests.Service.Message.Builder.CardElementBuilderTest" assertions="1" time="0.000033"/>
      <testcase name="testBuildInputElement" file="/home/admin/work/source/php-monorepo/packages/lark-app-bot-bundle/tests/Service/Message/Builder/CardElementBuilderTest.php" line="254" class="Tourze\LarkAppBotBundle\Tests\Service\Message\Builder\CardElementBuilderTest" classname="Tourze.LarkAppBotBundle.Tests.Service.Message.Builder.CardElementBuilderTest" assertions="7" time="0.000034"/>
    </testsuite>
    <testsuite name="Tourze\LarkAppBotBundle\Tests\Service\Message\Builder\CardMessageBuilderIntegrationTest" file="/home/admin/work/source/php-monorepo/packages/lark-app-bot-bundle/tests/Service/Message/Builder/CardMessageBuilderIntegrationTest.php" tests="25" assertions="40" errors="0" failures="0" skipped="0" time="2.083039">
      <testcase name="testShouldHaveRunTestsInSeparateProcesses" file="/home/admin/work/source/php-monorepo/packages/phpunit-symfony-kernel-test/src/AbstractIntegrationTestCase.php" line="919" class="Tourze\LarkAppBotBundle\Tests\Service\Message\Builder\CardMessageBuilderIntegrationTest" classname="Tourze.LarkAppBotBundle.Tests.Service.Message.Builder.CardMessageBuilderIntegrationTest" assertions="1" time="0.082081"/>
      <testcase name="testAddActionsMethod" file="/home/admin/work/source/php-monorepo/packages/lark-app-bot-bundle/tests/Service/Message/Builder/CardMessageBuilderIntegrationTest.php" line="21" class="Tourze\LarkAppBotBundle\Tests\Service\Message\Builder\CardMessageBuilderIntegrationTest" classname="Tourze.LarkAppBotBundle.Tests.Service.Message.Builder.CardMessageBuilderIntegrationTest" assertions="1" time="0.082188"/>
      <testcase name="testAddColumnSet" file="/home/admin/work/source/php-monorepo/packages/lark-app-bot-bundle/tests/Service/Message/Builder/CardMessageBuilderIntegrationTest.php" line="28" class="Tourze\LarkAppBotBundle\Tests\Service\Message\Builder\CardMessageBuilderIntegrationTest" classname="Tourze.LarkAppBotBundle.Tests.Service.Message.Builder.CardMessageBuilderIntegrationTest" assertions="1" time="0.086413"/>
      <testcase name="testAddCustomElement" file="/home/admin/work/source/php-monorepo/packages/lark-app-bot-bundle/tests/Service/Message/Builder/CardMessageBuilderIntegrationTest.php" line="39" class="Tourze\LarkAppBotBundle\Tests\Service\Message\Builder\CardMessageBuilderIntegrationTest" classname="Tourze.LarkAppBotBundle.Tests.Service.Message.Builder.CardMessageBuilderIntegrationTest" assertions="1" time="0.081761"/>
      <testcase name="testAddDatePicker" file="/home/admin/work/source/php-monorepo/packages/lark-app-bot-bundle/tests/Service/Message/Builder/CardMessageBuilderIntegrationTest.php" line="46" class="Tourze\LarkAppBotBundle\Tests\Service\Message\Builder\CardMessageBuilderIntegrationTest" classname="Tourze.LarkAppBotBundle.Tests.Service.Message.Builder.CardMessageBuilderIntegrationTest" assertions="1" time="0.082628"/>
      <testcase name="testAddDivider" file="/home/admin/work/source/php-monorepo/packages/lark-app-bot-bundle/tests/Service/Message/Builder/CardMessageBuilderIntegrationTest.php" line="53" class="Tourze\LarkAppBotBundle\Tests\Service\Message\Builder\CardMessageBuilderIntegrationTest" classname="Tourze.LarkAppBotBundle.Tests.Service.Message.Builder.CardMessageBuilderIntegrationTest" assertions="1" time="0.081644"/>
      <testcase name="testAddFieldsMethod" file="/home/admin/work/source/php-monorepo/packages/lark-app-bot-bundle/tests/Service/Message/Builder/CardMessageBuilderIntegrationTest.php" line="60" class="Tourze\LarkAppBotBundle\Tests\Service\Message\Builder\CardMessageBuilderIntegrationTest" classname="Tourze.LarkAppBotBundle.Tests.Service.Message.Builder.CardMessageBuilderIntegrationTest" assertions="1" time="0.082762"/>
      <testcase name="testAddI18nElementsMethod" file="/home/admin/work/source/php-monorepo/packages/lark-app-bot-bundle/tests/Service/Message/Builder/CardMessageBuilderIntegrationTest.php" line="69" class="Tourze\LarkAppBotBundle\Tests\Service\Message\Builder\CardMessageBuilderIntegrationTest" classname="Tourze.LarkAppBotBundle.Tests.Service.Message.Builder.CardMessageBuilderIntegrationTest" assertions="1" time="0.082940"/>
      <testcase name="testAddImageMethod" file="/home/admin/work/source/php-monorepo/packages/lark-app-bot-bundle/tests/Service/Message/Builder/CardMessageBuilderIntegrationTest.php" line="76" class="Tourze\LarkAppBotBundle\Tests\Service\Message\Builder\CardMessageBuilderIntegrationTest" classname="Tourze.LarkAppBotBundle.Tests.Service.Message.Builder.CardMessageBuilderIntegrationTest" assertions="1" time="0.082659"/>
      <testcase name="testAddInputMethod" file="/home/admin/work/source/php-monorepo/packages/lark-app-bot-bundle/tests/Service/Message/Builder/CardMessageBuilderIntegrationTest.php" line="83" class="Tourze\LarkAppBotBundle\Tests\Service\Message\Builder\CardMessageBuilderIntegrationTest" classname="Tourze.LarkAppBotBundle.Tests.Service.Message.Builder.CardMessageBuilderIntegrationTest" assertions="1" time="0.083031"/>
      <testcase name="testAddMarkdownMethod" file="/home/admin/work/source/php-monorepo/packages/lark-app-bot-bundle/tests/Service/Message/Builder/CardMessageBuilderIntegrationTest.php" line="90" class="Tourze\LarkAppBotBundle\Tests\Service\Message\Builder\CardMessageBuilderIntegrationTest" classname="Tourze.LarkAppBotBundle.Tests.Service.Message.Builder.CardMessageBuilderIntegrationTest" assertions="1" time="0.083234"/>
      <testcase name="testAddNote" file="/home/admin/work/source/php-monorepo/packages/lark-app-bot-bundle/tests/Service/Message/Builder/CardMessageBuilderIntegrationTest.php" line="97" class="Tourze\LarkAppBotBundle\Tests\Service\Message\Builder\CardMessageBuilderIntegrationTest" classname="Tourze.LarkAppBotBundle.Tests.Service.Message.Builder.CardMessageBuilderIntegrationTest" assertions="1" time="0.082892"/>
      <testcase name="testAddSelectMenu" file="/home/admin/work/source/php-monorepo/packages/lark-app-bot-bundle/tests/Service/Message/Builder/CardMessageBuilderIntegrationTest.php" line="104" class="Tourze\LarkAppBotBundle\Tests\Service\Message\Builder\CardMessageBuilderIntegrationTest" classname="Tourze.LarkAppBotBundle.Tests.Service.Message.Builder.CardMessageBuilderIntegrationTest" assertions="1" time="0.085804"/>
      <testcase name="testAddText" file="/home/admin/work/source/php-monorepo/packages/lark-app-bot-bundle/tests/Service/Message/Builder/CardMessageBuilderIntegrationTest.php" line="111" class="Tourze\LarkAppBotBundle\Tests\Service\Message\Builder\CardMessageBuilderIntegrationTest" classname="Tourze.LarkAppBotBundle.Tests.Service.Message.Builder.CardMessageBuilderIntegrationTest" assertions="1" time="0.080391"/>
      <testcase name="testAddTimePicker" file="/home/admin/work/source/php-monorepo/packages/lark-app-bot-bundle/tests/Service/Message/Builder/CardMessageBuilderIntegrationTest.php" line="118" class="Tourze\LarkAppBotBundle\Tests\Service\Message\Builder\CardMessageBuilderIntegrationTest" classname="Tourze.LarkAppBotBundle.Tests.Service.Message.Builder.CardMessageBuilderIntegrationTest" assertions="1" time="0.083548"/>
      <testcase name="testPreview" file="/home/admin/work/source/php-monorepo/packages/lark-app-bot-bundle/tests/Service/Message/Builder/CardMessageBuilderIntegrationTest.php" line="125" class="Tourze\LarkAppBotBundle\Tests\Service\Message\Builder\CardMessageBuilderIntegrationTest" classname="Tourze.LarkAppBotBundle.Tests.Service.Message.Builder.CardMessageBuilderIntegrationTest" assertions="1" time="0.084000"/>
      <testcase name="testReset" file="/home/admin/work/source/php-monorepo/packages/lark-app-bot-bundle/tests/Service/Message/Builder/CardMessageBuilderIntegrationTest.php" line="132" class="Tourze\LarkAppBotBundle\Tests\Service\Message\Builder\CardMessageBuilderIntegrationTest" classname="Tourze.LarkAppBotBundle.Tests.Service.Message.Builder.CardMessageBuilderIntegrationTest" assertions="2" time="0.084236"/>
      <testcase name="testToJson" file="/home/admin/work/source/php-monorepo/packages/lark-app-bot-bundle/tests/Service/Message/Builder/CardMessageBuilderIntegrationTest.php" line="141" class="Tourze\LarkAppBotBundle\Tests\Service\Message\Builder\CardMessageBuilderIntegrationTest" classname="Tourze.LarkAppBotBundle.Tests.Service.Message.Builder.CardMessageBuilderIntegrationTest" assertions="1" time="0.086124"/>
      <testcase name="testUseTemplate" file="/home/admin/work/source/php-monorepo/packages/lark-app-bot-bundle/tests/Service/Message/Builder/CardMessageBuilderIntegrationTest.php" line="148" class="Tourze\LarkAppBotBundle\Tests\Service\Message\Builder\CardMessageBuilderIntegrationTest" classname="Tourze.LarkAppBotBundle.Tests.Service.Message.Builder.CardMessageBuilderIntegrationTest" assertions="1" time="0.083465"/>
      <testcase name="testValidateMethod" file="/home/admin/work/source/php-monorepo/packages/lark-app-bot-bundle/tests/Service/Message/Builder/CardMessageBuilderIntegrationTest.php" line="155" class="Tourze\LarkAppBotBundle\Tests\Service\Message\Builder\CardMessageBuilderIntegrationTest" classname="Tourze.LarkAppBotBundle.Tests.Service.Message.Builder.CardMessageBuilderIntegrationTest" assertions="1" time="0.084448"/>
      <testcase name="testSendCardWithBuilder" file="/home/admin/work/source/php-monorepo/packages/lark-app-bot-bundle/tests/Service/Message/Builder/CardMessageBuilderIntegrationTest.php" line="162" class="Tourze\LarkAppBotBundle\Tests\Service\Message\Builder\CardMessageBuilderIntegrationTest" classname="Tourze.LarkAppBotBundle.Tests.Service.Message.Builder.CardMessageBuilderIntegrationTest" assertions="6" time="0.084360"/>
      <testcase name="testComplexCardWithAllElements" file="/home/admin/work/source/php-monorepo/packages/lark-app-bot-bundle/tests/Service/Message/Builder/CardMessageBuilderIntegrationTest.php" line="188" class="Tourze\LarkAppBotBundle\Tests\Service\Message\Builder\CardMessageBuilderIntegrationTest" classname="Tourze.LarkAppBotBundle.Tests.Service.Message.Builder.CardMessageBuilderIntegrationTest" assertions="7" time="0.083904"/>
      <testcase name="testI18nCard" file="/home/admin/work/source/php-monorepo/packages/lark-app-bot-bundle/tests/Service/Message/Builder/CardMessageBuilderIntegrationTest.php" line="231" class="Tourze\LarkAppBotBundle\Tests\Service\Message\Builder\CardMessageBuilderIntegrationTest" classname="Tourze.LarkAppBotBundle.Tests.Service.Message.Builder.CardMessageBuilderIntegrationTest" assertions="4" time="0.084005"/>
      <testcase name="testBuild" file="/home/admin/work/source/php-monorepo/packages/lark-app-bot-bundle/tests/Service/Message/Builder/CardMessageBuilderIntegrationTest.php" line="255" class="Tourze\LarkAppBotBundle\Tests\Service\Message\Builder\CardMessageBuilderIntegrationTest" classname="Tourze.LarkAppBotBundle.Tests.Service.Message.Builder.CardMessageBuilderIntegrationTest" assertions="1" time="0.082971"/>
      <testcase name="testClear" file="/home/admin/work/source/php-monorepo/packages/lark-app-bot-bundle/tests/Service/Message/Builder/CardMessageBuilderIntegrationTest.php" line="262" class="Tourze\LarkAppBotBundle\Tests\Service\Message\Builder\CardMessageBuilderIntegrationTest" classname="Tourze.LarkAppBotBundle.Tests.Service.Message.Builder.CardMessageBuilderIntegrationTest" assertions="1" time="0.081548"/>
    </testsuite>
    <testsuite name="Tourze\LarkAppBotBundle\Tests\Service\Message\Builder\CardMessageBuilderTest" file="/home/admin/work/source/php-monorepo/packages/lark-app-bot-bundle/tests/Service/Message/Builder/CardMessageBuilderTest.php" tests="29" assertions="92" errors="0" failures="0" skipped="0" time="2.725977">
      <testcase name="testShouldHaveRunTestsInSeparateProcesses" file="/home/admin/work/source/php-monorepo/packages/phpunit-symfony-kernel-test/src/AbstractIntegrationTestCase.php" line="919" class="Tourze\LarkAppBotBundle\Tests\Service\Message\Builder\CardMessageBuilderTest" classname="Tourze.LarkAppBotBundle.Tests.Service.Message.Builder.CardMessageBuilderTest" assertions="1" time="0.083865"/>
      <testcase name="testGetMsgType" file="/home/admin/work/source/php-monorepo/packages/lark-app-bot-bundle/tests/Service/Message/Builder/CardMessageBuilderTest.php" line="22" class="Tourze\LarkAppBotBundle\Tests\Service\Message\Builder\CardMessageBuilderTest" classname="Tourze.LarkAppBotBundle.Tests.Service.Message.Builder.CardMessageBuilderTest" assertions="1" time="0.079084"/>
      <testcase name="testBasicCardStructure" file="/home/admin/work/source/php-monorepo/packages/lark-app-bot-bundle/tests/Service/Message/Builder/CardMessageBuilderTest.php" line="27" class="Tourze\LarkAppBotBundle\Tests\Service\Message\Builder\CardMessageBuilderTest" classname="Tourze.LarkAppBotBundle.Tests.Service.Message.Builder.CardMessageBuilderTest" assertions="6" time="0.082250"/>
      <testcase name="testAddText" file="/home/admin/work/source/php-monorepo/packages/lark-app-bot-bundle/tests/Service/Message/Builder/CardMessageBuilderTest.php" line="40" class="Tourze\LarkAppBotBundle\Tests\Service\Message\Builder\CardMessageBuilderTest" classname="Tourze.LarkAppBotBundle.Tests.Service.Message.Builder.CardMessageBuilderTest" assertions="5" time="0.083121"/>
      <testcase name="testAddMarkdown" file="/home/admin/work/source/php-monorepo/packages/lark-app-bot-bundle/tests/Service/Message/Builder/CardMessageBuilderTest.php" line="52" class="Tourze\LarkAppBotBundle\Tests\Service\Message\Builder\CardMessageBuilderTest" classname="Tourze.LarkAppBotBundle.Tests.Service.Message.Builder.CardMessageBuilderTest" assertions="4" time="0.084739"/>
      <testcase name="testAddImage" file="/home/admin/work/source/php-monorepo/packages/lark-app-bot-bundle/tests/Service/Message/Builder/CardMessageBuilderTest.php" line="63" class="Tourze\LarkAppBotBundle\Tests\Service\Message\Builder\CardMessageBuilderTest" classname="Tourze.LarkAppBotBundle.Tests.Service.Message.Builder.CardMessageBuilderTest" assertions="8" time="0.082767"/>
      <testcase name="testAddActions" file="/home/admin/work/source/php-monorepo/packages/lark-app-bot-bundle/tests/Service/Message/Builder/CardMessageBuilderTest.php" line="79" class="Tourze\LarkAppBotBundle\Tests\Service\Message\Builder\CardMessageBuilderTest" classname="Tourze.LarkAppBotBundle.Tests.Service.Message.Builder.CardMessageBuilderTest" assertions="14" time="0.081009"/>
      <testcase name="testAddFields" file="/home/admin/work/source/php-monorepo/packages/lark-app-bot-bundle/tests/Service/Message/Builder/CardMessageBuilderTest.php" line="108" class="Tourze\LarkAppBotBundle\Tests\Service\Message\Builder\CardMessageBuilderTest" classname="Tourze.LarkAppBotBundle.Tests.Service.Message.Builder.CardMessageBuilderTest" assertions="8" time="0.082827"/>
      <testcase name="testAddColumnSet" file="/home/admin/work/source/php-monorepo/packages/lark-app-bot-bundle/tests/Service/Message/Builder/CardMessageBuilderTest.php" line="127" class="Tourze\LarkAppBotBundle\Tests\Service\Message\Builder\CardMessageBuilderTest" classname="Tourze.LarkAppBotBundle.Tests.Service.Message.Builder.CardMessageBuilderTest" assertions="5" time="0.083415"/>
      <testcase name="testAddSelectMenu" file="/home/admin/work/source/php-monorepo/packages/lark-app-bot-bundle/tests/Service/Message/Builder/CardMessageBuilderTest.php" line="155" class="Tourze\LarkAppBotBundle\Tests\Service\Message\Builder\CardMessageBuilderTest" classname="Tourze.LarkAppBotBundle.Tests.Service.Message.Builder.CardMessageBuilderTest" assertions="1" time="0.086623"/>
      <testcase name="testAddTimePicker" file="/home/admin/work/source/php-monorepo/packages/lark-app-bot-bundle/tests/Service/Message/Builder/CardMessageBuilderTest.php" line="161" class="Tourze\LarkAppBotBundle\Tests\Service\Message\Builder\CardMessageBuilderTest" classname="Tourze.LarkAppBotBundle.Tests.Service.Message.Builder.CardMessageBuilderTest" assertions="1" time="0.081750"/>
      <testcase name="testAddNote" file="/home/admin/work/source/php-monorepo/packages/lark-app-bot-bundle/tests/Service/Message/Builder/CardMessageBuilderTest.php" line="167" class="Tourze\LarkAppBotBundle\Tests\Service\Message\Builder\CardMessageBuilderTest" classname="Tourze.LarkAppBotBundle.Tests.Service.Message.Builder.CardMessageBuilderTest" assertions="1" time="0.083729"/>
      <testcase name="testBuild" file="/home/admin/work/source/php-monorepo/packages/lark-app-bot-bundle/tests/Service/Message/Builder/CardMessageBuilderTest.php" line="173" class="Tourze\LarkAppBotBundle\Tests\Service\Message\Builder\CardMessageBuilderTest" classname="Tourze.LarkAppBotBundle.Tests.Service.Message.Builder.CardMessageBuilderTest" assertions="1" time="0.084036"/>
      <testcase name="testAddInput" file="/home/admin/work/source/php-monorepo/packages/lark-app-bot-bundle/tests/Service/Message/Builder/CardMessageBuilderTest.php" line="180" class="Tourze\LarkAppBotBundle\Tests\Service\Message\Builder\CardMessageBuilderTest" classname="Tourze.LarkAppBotBundle.Tests.Service.Message.Builder.CardMessageBuilderTest" assertions="7" time="0.087941"/>
      <testcase name="testUseTemplate" file="/home/admin/work/source/php-monorepo/packages/lark-app-bot-bundle/tests/Service/Message/Builder/CardMessageBuilderTest.php" line="195" class="Tourze\LarkAppBotBundle\Tests\Service\Message\Builder\CardMessageBuilderTest" classname="Tourze.LarkAppBotBundle.Tests.Service.Message.Builder.CardMessageBuilderTest" assertions="3" time="0.085607"/>
      <testcase name="testValidationEmptyCard" file="/home/admin/work/source/php-monorepo/packages/lark-app-bot-bundle/tests/Service/Message/Builder/CardMessageBuilderTest.php" line="205" class="Tourze\LarkAppBotBundle\Tests\Service\Message\Builder\CardMessageBuilderTest" classname="Tourze.LarkAppBotBundle.Tests.Service.Message.Builder.CardMessageBuilderTest" assertions="2" time="0.086330"/>
      <testcase name="testValidationTooManyElements" file="/home/admin/work/source/php-monorepo/packages/lark-app-bot-bundle/tests/Service/Message/Builder/CardMessageBuilderTest.php" line="212" class="Tourze\LarkAppBotBundle\Tests\Service\Message\Builder\CardMessageBuilderTest" classname="Tourze.LarkAppBotBundle.Tests.Service.Message.Builder.CardMessageBuilderTest" assertions="2" time="0.085460"/>
      <testcase name="testValidationInvalidHeaderTemplate" file="/home/admin/work/source/php-monorepo/packages/lark-app-bot-bundle/tests/Service/Message/Builder/CardMessageBuilderTest.php" line="223" class="Tourze\LarkAppBotBundle\Tests\Service\Message\Builder\CardMessageBuilderTest" classname="Tourze.LarkAppBotBundle.Tests.Service.Message.Builder.CardMessageBuilderTest" assertions="2" time="0.084042"/>
      <testcase name="testComplexCard" file="/home/admin/work/source/php-monorepo/packages/lark-app-bot-bundle/tests/Service/Message/Builder/CardMessageBuilderTest.php" line="233" class="Tourze\LarkAppBotBundle\Tests\Service\Message\Builder\CardMessageBuilderTest" classname="Tourze.LarkAppBotBundle.Tests.Service.Message.Builder.CardMessageBuilderTest" assertions="5" time="0.085202"/>
      <testcase name="testClearElements" file="/home/admin/work/source/php-monorepo/packages/lark-app-bot-bundle/tests/Service/Message/Builder/CardMessageBuilderTest.php" line="261" class="Tourze\LarkAppBotBundle\Tests\Service\Message\Builder\CardMessageBuilderTest" classname="Tourze.LarkAppBotBundle.Tests.Service.Message.Builder.CardMessageBuilderTest" assertions="2" time="0.083571"/>
      <testcase name="testPreview" file="/home/admin/work/source/php-monorepo/packages/lark-app-bot-bundle/tests/Service/Message/Builder/CardMessageBuilderTest.php" line="274" class="Tourze\LarkAppBotBundle\Tests\Service\Message\Builder\CardMessageBuilderTest" classname="Tourze.LarkAppBotBundle.Tests.Service.Message.Builder.CardMessageBuilderTest" assertions="1" time="0.081141"/>
      <testcase name="testValidate" file="/home/admin/work/source/php-monorepo/packages/lark-app-bot-bundle/tests/Service/Message/Builder/CardMessageBuilderTest.php" line="285" class="Tourze\LarkAppBotBundle\Tests\Service\Message\Builder\CardMessageBuilderTest" classname="Tourze.LarkAppBotBundle.Tests.Service.Message.Builder.CardMessageBuilderTest" assertions="1" time="0.080089"/>
      <testcase name="testIsValid" file="/home/admin/work/source/php-monorepo/packages/lark-app-bot-bundle/tests/Service/Message/Builder/CardMessageBuilderTest.php" line="295" class="Tourze\LarkAppBotBundle\Tests\Service\Message\Builder\CardMessageBuilderTest" classname="Tourze.LarkAppBotBundle.Tests.Service.Message.Builder.CardMessageBuilderTest" assertions="2" time="0.129412"/>
      <testcase name="testReset" file="/home/admin/work/source/php-monorepo/packages/lark-app-bot-bundle/tests/Service/Message/Builder/CardMessageBuilderTest.php" line="305" class="Tourze\LarkAppBotBundle\Tests\Service\Message\Builder\CardMessageBuilderTest" classname="Tourze.LarkAppBotBundle.Tests.Service.Message.Builder.CardMessageBuilderTest" assertions="2" time="0.128992"/>
      <testcase name="testToJson" file="/home/admin/work/source/php-monorepo/packages/lark-app-bot-bundle/tests/Service/Message/Builder/CardMessageBuilderTest.php" line="317" class="Tourze\LarkAppBotBundle\Tests\Service\Message\Builder\CardMessageBuilderTest" classname="Tourze.LarkAppBotBundle.Tests.Service.Message.Builder.CardMessageBuilderTest" assertions="3" time="0.128103"/>
      <testcase name="testAddCustomElement" file="/home/admin/work/source/php-monorepo/packages/lark-app-bot-bundle/tests/Service/Message/Builder/CardMessageBuilderTest.php" line="331" class="Tourze\LarkAppBotBundle\Tests\Service\Message\Builder\CardMessageBuilderTest" classname="Tourze.LarkAppBotBundle.Tests.Service.Message.Builder.CardMessageBuilderTest" assertions="1" time="0.125374"/>
      <testcase name="testAddDatePicker" file="/home/admin/work/source/php-monorepo/packages/lark-app-bot-bundle/tests/Service/Message/Builder/CardMessageBuilderTest.php" line="337" class="Tourze\LarkAppBotBundle\Tests\Service\Message\Builder\CardMessageBuilderTest" classname="Tourze.LarkAppBotBundle.Tests.Service.Message.Builder.CardMessageBuilderTest" assertions="1" time="0.124931"/>
      <testcase name="testAddDivider" file="/home/admin/work/source/php-monorepo/packages/lark-app-bot-bundle/tests/Service/Message/Builder/CardMessageBuilderTest.php" line="343" class="Tourze\LarkAppBotBundle\Tests\Service\Message\Builder\CardMessageBuilderTest" classname="Tourze.LarkAppBotBundle.Tests.Service.Message.Builder.CardMessageBuilderTest" assertions="1" time="0.124471"/>
      <testcase name="testAddI18nElements" file="/home/admin/work/source/php-monorepo/packages/lark-app-bot-bundle/tests/Service/Message/Builder/CardMessageBuilderTest.php" line="349" class="Tourze\LarkAppBotBundle\Tests\Service\Message\Builder\CardMessageBuilderTest" classname="Tourze.LarkAppBotBundle.Tests.Service.Message.Builder.CardMessageBuilderTest" assertions="1" time="0.126098"/>
    </testsuite>
    <testsuite name="Tourze\LarkAppBotBundle\Tests\Service\Message\Builder\CardValidatorTest" file="/home/admin/work/source/php-monorepo/packages/lark-app-bot-bundle/tests/Service/Message/Builder/CardValidatorTest.php" tests="24" assertions="35" errors="0" failures="0" skipped="0" time="0.002002">
      <testcase name="testValidatePassesForValidCardWithElements" file="/home/admin/work/source/php-monorepo/packages/lark-app-bot-bundle/tests/Service/Message/Builder/CardValidatorTest.php" line="28" class="Tourze\LarkAppBotBundle\Tests\Service\Message\Builder\CardValidatorTest" classname="Tourze.LarkAppBotBundle.Tests.Service.Message.Builder.CardValidatorTest" assertions="1" time="0.000215"/>
      <testcase name="testValidatePassesForValidCardWithI18nElements" file="/home/admin/work/source/php-monorepo/packages/lark-app-bot-bundle/tests/Service/Message/Builder/CardValidatorTest.php" line="42" class="Tourze\LarkAppBotBundle\Tests\Service\Message\Builder\CardValidatorTest" classname="Tourze.LarkAppBotBundle.Tests.Service.Message.Builder.CardValidatorTest" assertions="1" time="0.000093"/>
      <testcase name="testValidateThrowsExceptionForCardWithoutElements" file="/home/admin/work/source/php-monorepo/packages/lark-app-bot-bundle/tests/Service/Message/Builder/CardValidatorTest.php" line="56" class="Tourze\LarkAppBotBundle\Tests\Service\Message\Builder\CardValidatorTest" classname="Tourze.LarkAppBotBundle.Tests.Service.Message.Builder.CardValidatorTest" assertions="2" time="0.000099"/>
      <testcase name="testValidateThrowsExceptionForCardWithEmptyElements" file="/home/admin/work/source/php-monorepo/packages/lark-app-bot-bundle/tests/Service/Message/Builder/CardValidatorTest.php" line="66" class="Tourze\LarkAppBotBundle\Tests\Service\Message\Builder\CardValidatorTest" classname="Tourze.LarkAppBotBundle.Tests.Service.Message.Builder.CardValidatorTest" assertions="2" time="0.000076"/>
      <testcase name="testValidateThrowsExceptionForCardWithTooManyElements" file="/home/admin/work/source/php-monorepo/packages/lark-app-bot-bundle/tests/Service/Message/Builder/CardValidatorTest.php" line="79" class="Tourze\LarkAppBotBundle\Tests\Service\Message\Builder\CardValidatorTest" classname="Tourze.LarkAppBotBundle.Tests.Service.Message.Builder.CardValidatorTest" assertions="2" time="0.000096"/>
      <testcase name="testValidatePassesForCardWithExactly50Elements" file="/home/admin/work/source/php-monorepo/packages/lark-app-bot-bundle/tests/Service/Message/Builder/CardValidatorTest.php" line="94" class="Tourze\LarkAppBotBundle\Tests\Service\Message\Builder\CardValidatorTest" classname="Tourze.LarkAppBotBundle.Tests.Service.Message.Builder.CardValidatorTest" assertions="1" time="0.000070"/>
      <testcase name="testValidatePassesForCardWithValidHeader" file="/home/admin/work/source/php-monorepo/packages/lark-app-bot-bundle/tests/Service/Message/Builder/CardValidatorTest.php" line="108" class="Tourze\LarkAppBotBundle\Tests\Service\Message\Builder\CardValidatorTest" classname="Tourze.LarkAppBotBundle.Tests.Service.Message.Builder.CardValidatorTest" assertions="1" time="0.000066"/>
      <testcase name="testValidateThrowsExceptionForHeaderWithoutTitleContent" file="/home/admin/work/source/php-monorepo/packages/lark-app-bot-bundle/tests/Service/Message/Builder/CardValidatorTest.php" line="127" class="Tourze\LarkAppBotBundle\Tests\Service\Message\Builder\CardValidatorTest" classname="Tourze.LarkAppBotBundle.Tests.Service.Message.Builder.CardValidatorTest" assertions="2" time="0.000071"/>
      <testcase name="testValidateThrowsExceptionForHeaderWithMissingTitle" file="/home/admin/work/source/php-monorepo/packages/lark-app-bot-bundle/tests/Service/Message/Builder/CardValidatorTest.php" line="147" class="Tourze\LarkAppBotBundle\Tests\Service\Message\Builder\CardValidatorTest" classname="Tourze.LarkAppBotBundle.Tests.Service.Message.Builder.CardValidatorTest" assertions="2" time="0.000074"/>
      <testcase name="testValidatePassesForHeaderWithValidTemplate" file="/home/admin/work/source/php-monorepo/packages/lark-app-bot-bundle/tests/Service/Message/Builder/CardValidatorTest.php" line="162" class="Tourze\LarkAppBotBundle\Tests\Service\Message\Builder\CardValidatorTest" classname="Tourze.LarkAppBotBundle.Tests.Service.Message.Builder.CardValidatorTest" assertions="1" time="0.000065"/>
      <testcase name="testValidateThrowsExceptionForHeaderWithInvalidTemplate" file="/home/admin/work/source/php-monorepo/packages/lark-app-bot-bundle/tests/Service/Message/Builder/CardValidatorTest.php" line="182" class="Tourze\LarkAppBotBundle\Tests\Service\Message\Builder\CardValidatorTest" classname="Tourze.LarkAppBotBundle.Tests.Service.Message.Builder.CardValidatorTest" assertions="2" time="0.000067"/>
      <testcase name="testValidatePassesForTemplateCard" file="/home/admin/work/source/php-monorepo/packages/lark-app-bot-bundle/tests/Service/Message/Builder/CardValidatorTest.php" line="203" class="Tourze\LarkAppBotBundle\Tests\Service\Message\Builder\CardValidatorTest" classname="Tourze.LarkAppBotBundle.Tests.Service.Message.Builder.CardValidatorTest" assertions="1" time="0.000060"/>
      <testcase name="testValidateThrowsExceptionForTemplateCardWithoutTemplateId" file="/home/admin/work/source/php-monorepo/packages/lark-app-bot-bundle/tests/Service/Message/Builder/CardValidatorTest.php" line="220" class="Tourze\LarkAppBotBundle\Tests\Service\Message\Builder\CardValidatorTest" classname="Tourze.LarkAppBotBundle.Tests.Service.Message.Builder.CardValidatorTest" assertions="2" time="0.000068"/>
      <testcase name="testValidateThrowsExceptionForTemplateCardWithEmptyTemplateId" file="/home/admin/work/source/php-monorepo/packages/lark-app-bot-bundle/tests/Service/Message/Builder/CardValidatorTest.php" line="237" class="Tourze\LarkAppBotBundle\Tests\Service\Message\Builder\CardValidatorTest" classname="Tourze.LarkAppBotBundle.Tests.Service.Message.Builder.CardValidatorTest" assertions="2" time="0.000067"/>
      <testsuite name="Tourze\LarkAppBotBundle\Tests\Service\Message\Builder\CardValidatorTest::testValidatePassesForAllValidTemplateColors" tests="9" assertions="9" errors="0" failures="0" skipped="0" time="0.000744">
        <testcase name="testValidatePassesForAllValidTemplateColors with data set #0" file="/home/admin/work/source/php-monorepo/packages/lark-app-bot-bundle/tests/Service/Message/Builder/CardValidatorTest.php" line="261" class="Tourze\LarkAppBotBundle\Tests\Service\Message\Builder\CardValidatorTest" classname="Tourze.LarkAppBotBundle.Tests.Service.Message.Builder.CardValidatorTest" assertions="1" time="0.000126"/>
        <testcase name="testValidatePassesForAllValidTemplateColors with data set #1" file="/home/admin/work/source/php-monorepo/packages/lark-app-bot-bundle/tests/Service/Message/Builder/CardValidatorTest.php" line="261" class="Tourze\LarkAppBotBundle\Tests\Service\Message\Builder\CardValidatorTest" classname="Tourze.LarkAppBotBundle.Tests.Service.Message.Builder.CardValidatorTest" assertions="1" time="0.000084"/>
        <testcase name="testValidatePassesForAllValidTemplateColors with data set #2" file="/home/admin/work/source/php-monorepo/packages/lark-app-bot-bundle/tests/Service/Message/Builder/CardValidatorTest.php" line="261" class="Tourze\LarkAppBotBundle\Tests\Service\Message\Builder\CardValidatorTest" classname="Tourze.LarkAppBotBundle.Tests.Service.Message.Builder.CardValidatorTest" assertions="1" time="0.000077"/>
        <testcase name="testValidatePassesForAllValidTemplateColors with data set #3" file="/home/admin/work/source/php-monorepo/packages/lark-app-bot-bundle/tests/Service/Message/Builder/CardValidatorTest.php" line="261" class="Tourze\LarkAppBotBundle\Tests\Service\Message\Builder\CardValidatorTest" classname="Tourze.LarkAppBotBundle.Tests.Service.Message.Builder.CardValidatorTest" assertions="1" time="0.000094"/>
        <testcase name="testValidatePassesForAllValidTemplateColors with data set #4" file="/home/admin/work/source/php-monorepo/packages/lark-app-bot-bundle/tests/Service/Message/Builder/CardValidatorTest.php" line="261" class="Tourze\LarkAppBotBundle\Tests\Service\Message\Builder\CardValidatorTest" classname="Tourze.LarkAppBotBundle.Tests.Service.Message.Builder.CardValidatorTest" assertions="1" time="0.000084"/>
        <testcase name="testValidatePassesForAllValidTemplateColors with data set #5" file="/home/admin/work/source/php-monorepo/packages/lark-app-bot-bundle/tests/Service/Message/Builder/CardValidatorTest.php" line="261" class="Tourze\LarkAppBotBundle\Tests\Service\Message\Builder\CardValidatorTest" classname="Tourze.LarkAppBotBundle.Tests.Service.Message.Builder.CardValidatorTest" assertions="1" time="0.000070"/>
        <testcase name="testValidatePassesForAllValidTemplateColors with data set #6" file="/home/admin/work/source/php-monorepo/packages/lark-app-bot-bundle/tests/Service/Message/Builder/CardValidatorTest.php" line="261" class="Tourze\LarkAppBotBundle\Tests\Service\Message\Builder\CardValidatorTest" classname="Tourze.LarkAppBotBundle.Tests.Service.Message.Builder.CardValidatorTest" assertions="1" time="0.000070"/>
        <testcase name="testValidatePassesForAllValidTemplateColors with data set #7" file="/home/admin/work/source/php-monorepo/packages/lark-app-bot-bundle/tests/Service/Message/Builder/CardValidatorTest.php" line="261" class="Tourze\LarkAppBotBundle\Tests\Service\Message\Builder\CardValidatorTest" classname="Tourze.LarkAppBotBundle.Tests.Service.Message.Builder.CardValidatorTest" assertions="1" time="0.000070"/>
        <testcase name="testValidatePassesForAllValidTemplateColors with data set #8" file="/home/admin/work/source/php-monorepo/packages/lark-app-bot-bundle/tests/Service/Message/Builder/CardValidatorTest.php" line="261" class="Tourze\LarkAppBotBundle\Tests\Service\Message\Builder\CardValidatorTest" classname="Tourze.LarkAppBotBundle.Tests.Service.Message.Builder.CardValidatorTest" assertions="1" time="0.000068"/>
      </testsuite>
      <testcase name="testValidate" file="/home/admin/work/source/php-monorepo/packages/lark-app-bot-bundle/tests/Service/Message/Builder/CardValidatorTest.php" line="281" class="Tourze\LarkAppBotBundle\Tests\Service\Message\Builder\CardValidatorTest" classname="Tourze.LarkAppBotBundle.Tests.Service.Message.Builder.CardValidatorTest" assertions="4" time="0.000071"/>
    </testsuite>
    <testsuite name="Tourze\LarkAppBotBundle\Tests\Service\Message\Builder\RichTextBuilderTest" file="/home/admin/work/source/php-monorepo/packages/lark-app-bot-bundle/tests/Service/Message/Builder/RichTextBuilderTest.php" tests="24" assertions="64" errors="0" failures="0" skipped="0" time="0.001791">
      <testcase name="testSetLocale" file="/home/admin/work/source/php-monorepo/packages/lark-app-bot-bundle/tests/Service/Message/Builder/RichTextBuilderTest.php" line="26" class="Tourze\LarkAppBotBundle\Tests\Service\Message\Builder\RichTextBuilderTest" classname="Tourze.LarkAppBotBundle.Tests.Service.Message.Builder.RichTextBuilderTest" assertions="3" time="0.000120"/>
      <testcase name="testSetTitle" file="/home/admin/work/source/php-monorepo/packages/lark-app-bot-bundle/tests/Service/Message/Builder/RichTextBuilderTest.php" line="37" class="Tourze\LarkAppBotBundle\Tests\Service\Message\Builder\RichTextBuilderTest" classname="Tourze.LarkAppBotBundle.Tests.Service.Message.Builder.RichTextBuilderTest" assertions="1" time="0.000059"/>
      <testcase name="testAddText" file="/home/admin/work/source/php-monorepo/packages/lark-app-bot-bundle/tests/Service/Message/Builder/RichTextBuilderTest.php" line="45" class="Tourze\LarkAppBotBundle\Tests\Service\Message\Builder\RichTextBuilderTest" classname="Tourze.LarkAppBotBundle.Tests.Service.Message.Builder.RichTextBuilderTest" assertions="4" time="0.000069"/>
      <testcase name="testAddLink" file="/home/admin/work/source/php-monorepo/packages/lark-app-bot-bundle/tests/Service/Message/Builder/RichTextBuilderTest.php" line="58" class="Tourze\LarkAppBotBundle\Tests\Service\Message\Builder\RichTextBuilderTest" classname="Tourze.LarkAppBotBundle.Tests.Service.Message.Builder.RichTextBuilderTest" assertions="3" time="0.000059"/>
      <testcase name="testAtUser" file="/home/admin/work/source/php-monorepo/packages/lark-app-bot-bundle/tests/Service/Message/Builder/RichTextBuilderTest.php" line="70" class="Tourze\LarkAppBotBundle\Tests\Service\Message\Builder\RichTextBuilderTest" classname="Tourze.LarkAppBotBundle.Tests.Service.Message.Builder.RichTextBuilderTest" assertions="3" time="0.000056"/>
      <testcase name="testAtAll" file="/home/admin/work/source/php-monorepo/packages/lark-app-bot-bundle/tests/Service/Message/Builder/RichTextBuilderTest.php" line="82" class="Tourze\LarkAppBotBundle\Tests\Service\Message\Builder\RichTextBuilderTest" classname="Tourze.LarkAppBotBundle.Tests.Service.Message.Builder.RichTextBuilderTest" assertions="3" time="0.000057"/>
      <testcase name="testAddImage" file="/home/admin/work/source/php-monorepo/packages/lark-app-bot-bundle/tests/Service/Message/Builder/RichTextBuilderTest.php" line="94" class="Tourze\LarkAppBotBundle\Tests\Service\Message\Builder\RichTextBuilderTest" classname="Tourze.LarkAppBotBundle.Tests.Service.Message.Builder.RichTextBuilderTest" assertions="4" time="0.000056"/>
      <testcase name="testAddEmoji" file="/home/admin/work/source/php-monorepo/packages/lark-app-bot-bundle/tests/Service/Message/Builder/RichTextBuilderTest.php" line="107" class="Tourze\LarkAppBotBundle\Tests\Service\Message\Builder\RichTextBuilderTest" classname="Tourze.LarkAppBotBundle.Tests.Service.Message.Builder.RichTextBuilderTest" assertions="2" time="0.000053"/>
      <testcase name="testAddStyledText" file="/home/admin/work/source/php-monorepo/packages/lark-app-bot-bundle/tests/Service/Message/Builder/RichTextBuilderTest.php" line="118" class="Tourze\LarkAppBotBundle\Tests\Service\Message\Builder\RichTextBuilderTest" classname="Tourze.LarkAppBotBundle.Tests.Service.Message.Builder.RichTextBuilderTest" assertions="4" time="0.000063"/>
      <testcase name="testAddUnderline" file="/home/admin/work/source/php-monorepo/packages/lark-app-bot-bundle/tests/Service/Message/Builder/RichTextBuilderTest.php" line="134" class="Tourze\LarkAppBotBundle\Tests\Service\Message\Builder\RichTextBuilderTest" classname="Tourze.LarkAppBotBundle.Tests.Service.Message.Builder.RichTextBuilderTest" assertions="1" time="0.000054"/>
      <testcase name="testAddLineThrough" file="/home/admin/work/source/php-monorepo/packages/lark-app-bot-bundle/tests/Service/Message/Builder/RichTextBuilderTest.php" line="140" class="Tourze\LarkAppBotBundle\Tests\Service\Message\Builder\RichTextBuilderTest" classname="Tourze.LarkAppBotBundle.Tests.Service.Message.Builder.RichTextBuilderTest" assertions="1" time="0.000053"/>
      <testcase name="testNewParagraph" file="/home/admin/work/source/php-monorepo/packages/lark-app-bot-bundle/tests/Service/Message/Builder/RichTextBuilderTest.php" line="146" class="Tourze\LarkAppBotBundle\Tests\Service\Message\Builder\RichTextBuilderTest" classname="Tourze.LarkAppBotBundle.Tests.Service.Message.Builder.RichTextBuilderTest" assertions="4" time="0.000064"/>
      <testcase name="testGetMsgType" file="/home/admin/work/source/php-monorepo/packages/lark-app-bot-bundle/tests/Service/Message/Builder/RichTextBuilderTest.php" line="161" class="Tourze\LarkAppBotBundle\Tests\Service\Message\Builder\RichTextBuilderTest" classname="Tourze.LarkAppBotBundle.Tests.Service.Message.Builder.RichTextBuilderTest" assertions="1" time="0.000054"/>
      <testcase name="testBuildWithEmptyContentThrowsException" file="/home/admin/work/source/php-monorepo/packages/lark-app-bot-bundle/tests/Service/Message/Builder/RichTextBuilderTest.php" line="166" class="Tourze\LarkAppBotBundle\Tests\Service\Message\Builder\RichTextBuilderTest" classname="Tourze.LarkAppBotBundle.Tests.Service.Message.Builder.RichTextBuilderTest" assertions="2" time="0.000097"/>
      <testcase name="testIsValid" file="/home/admin/work/source/php-monorepo/packages/lark-app-bot-bundle/tests/Service/Message/Builder/RichTextBuilderTest.php" line="174" class="Tourze\LarkAppBotBundle\Tests\Service\Message\Builder\RichTextBuilderTest" classname="Tourze.LarkAppBotBundle.Tests.Service.Message.Builder.RichTextBuilderTest" assertions="4" time="0.000099"/>
      <testcase name="testReset" file="/home/admin/work/source/php-monorepo/packages/lark-app-bot-bundle/tests/Service/Message/Builder/RichTextBuilderTest.php" line="188" class="Tourze\LarkAppBotBundle\Tests\Service\Message\Builder\RichTextBuilderTest" classname="Tourze.LarkAppBotBundle.Tests.Service.Message.Builder.RichTextBuilderTest" assertions="1" time="0.000087"/>
      <testcase name="testToJson" file="/home/admin/work/source/php-monorepo/packages/lark-app-bot-bundle/tests/Service/Message/Builder/RichTextBuilderTest.php" line="197" class="Tourze\LarkAppBotBundle\Tests\Service\Message\Builder\RichTextBuilderTest" classname="Tourze.LarkAppBotBundle.Tests.Service.Message.Builder.RichTextBuilderTest" assertions="2" time="0.000252"/>
      <testcase name="testCreate" file="/home/admin/work/source/php-monorepo/packages/lark-app-bot-bundle/tests/Service/Message/Builder/RichTextBuilderTest.php" line="209" class="Tourze\LarkAppBotBundle\Tests\Service\Message\Builder\RichTextBuilderTest" classname="Tourze.LarkAppBotBundle.Tests.Service.Message.Builder.RichTextBuilderTest" assertions="1" time="0.000074"/>
      <testcase name="testFromText" file="/home/admin/work/source/php-monorepo/packages/lark-app-bot-bundle/tests/Service/Message/Builder/RichTextBuilderTest.php" line="217" class="Tourze\LarkAppBotBundle\Tests\Service\Message\Builder\RichTextBuilderTest" classname="Tourze.LarkAppBotBundle.Tests.Service.Message.Builder.RichTextBuilderTest" assertions="1" time="0.000059"/>
      <testcase name="testMultipleLocales" file="/home/admin/work/source/php-monorepo/packages/lark-app-bot-bundle/tests/Service/Message/Builder/RichTextBuilderTest.php" line="227" class="Tourze\LarkAppBotBundle\Tests\Service\Message\Builder\RichTextBuilderTest" classname="Tourze.LarkAppBotBundle.Tests.Service.Message.Builder.RichTextBuilderTest" assertions="5" time="0.000068"/>
      <testcase name="testComplexMessage" file="/home/admin/work/source/php-monorepo/packages/lark-app-bot-bundle/tests/Service/Message/Builder/RichTextBuilderTest.php" line="248" class="Tourze\LarkAppBotBundle\Tests\Service\Message\Builder\RichTextBuilderTest" classname="Tourze.LarkAppBotBundle.Tests.Service.Message.Builder.RichTextBuilderTest" assertions="4" time="0.000068"/>
      <testcase name="testAddBold" file="/home/admin/work/source/php-monorepo/packages/lark-app-bot-bundle/tests/Service/Message/Builder/RichTextBuilderTest.php" line="279" class="Tourze\LarkAppBotBundle\Tests\Service\Message\Builder\RichTextBuilderTest" classname="Tourze.LarkAppBotBundle.Tests.Service.Message.Builder.RichTextBuilderTest" assertions="3" time="0.000056"/>
      <testcase name="testAddItalic" file="/home/admin/work/source/php-monorepo/packages/lark-app-bot-bundle/tests/Service/Message/Builder/RichTextBuilderTest.php" line="291" class="Tourze\LarkAppBotBundle\Tests\Service\Message\Builder\RichTextBuilderTest" classname="Tourze.LarkAppBotBundle.Tests.Service.Message.Builder.RichTextBuilderTest" assertions="3" time="0.000058"/>
      <testcase name="testAddLineBreak" file="/home/admin/work/source/php-monorepo/packages/lark-app-bot-bundle/tests/Service/Message/Builder/RichTextBuilderTest.php" line="303" class="Tourze\LarkAppBotBundle\Tests\Service\Message\Builder\RichTextBuilderTest" classname="Tourze.LarkAppBotBundle.Tests.Service.Message.Builder.RichTextBuilderTest" assertions="4" time="0.000059"/>
    </testsuite>
    <testsuite name="Tourze\LarkAppBotBundle\Tests\Service\Message\Builder\TextMessageBuilderTest" file="/home/admin/work/source/php-monorepo/packages/lark-app-bot-bundle/tests/Service/Message/Builder/TextMessageBuilderTest.php" tests="17" assertions="21" errors="0" failures="0" skipped="0" time="0.000992">
      <testcase name="testSetText" file="/home/admin/work/source/php-monorepo/packages/lark-app-bot-bundle/tests/Service/Message/Builder/TextMessageBuilderTest.php" line="26" class="Tourze\LarkAppBotBundle\Tests\Service\Message\Builder\TextMessageBuilderTest" classname="Tourze.LarkAppBotBundle.Tests.Service.Message.Builder.TextMessageBuilderTest" assertions="1" time="0.000085"/>
      <testcase name="testAppendText" file="/home/admin/work/source/php-monorepo/packages/lark-app-bot-bundle/tests/Service/Message/Builder/TextMessageBuilderTest.php" line="32" class="Tourze\LarkAppBotBundle\Tests\Service\Message\Builder\TextMessageBuilderTest" classname="Tourze.LarkAppBotBundle.Tests.Service.Message.Builder.TextMessageBuilderTest" assertions="1" time="0.000056"/>
      <testcase name="testAppendLine" file="/home/admin/work/source/php-monorepo/packages/lark-app-bot-bundle/tests/Service/Message/Builder/TextMessageBuilderTest.php" line="39" class="Tourze\LarkAppBotBundle\Tests\Service\Message\Builder\TextMessageBuilderTest" classname="Tourze.LarkAppBotBundle.Tests.Service.Message.Builder.TextMessageBuilderTest" assertions="1" time="0.000059"/>
      <testcase name="testAppendLineOnEmptyText" file="/home/admin/work/source/php-monorepo/packages/lark-app-bot-bundle/tests/Service/Message/Builder/TextMessageBuilderTest.php" line="46" class="Tourze\LarkAppBotBundle\Tests\Service\Message\Builder\TextMessageBuilderTest" classname="Tourze.LarkAppBotBundle.Tests.Service.Message.Builder.TextMessageBuilderTest" assertions="1" time="0.000057"/>
      <testcase name="testAtUser" file="/home/admin/work/source/php-monorepo/packages/lark-app-bot-bundle/tests/Service/Message/Builder/TextMessageBuilderTest.php" line="52" class="Tourze\LarkAppBotBundle\Tests\Service\Message\Builder\TextMessageBuilderTest" classname="Tourze.LarkAppBotBundle.Tests.Service.Message.Builder.TextMessageBuilderTest" assertions="1" time="0.000054"/>
      <testcase name="testAtUserWithoutName" file="/home/admin/work/source/php-monorepo/packages/lark-app-bot-bundle/tests/Service/Message/Builder/TextMessageBuilderTest.php" line="59" class="Tourze\LarkAppBotBundle\Tests\Service\Message\Builder\TextMessageBuilderTest" classname="Tourze.LarkAppBotBundle.Tests.Service.Message.Builder.TextMessageBuilderTest" assertions="1" time="0.000055"/>
      <testcase name="testAtAll" file="/home/admin/work/source/php-monorepo/packages/lark-app-bot-bundle/tests/Service/Message/Builder/TextMessageBuilderTest.php" line="66" class="Tourze\LarkAppBotBundle\Tests\Service\Message\Builder\TextMessageBuilderTest" classname="Tourze.LarkAppBotBundle.Tests.Service.Message.Builder.TextMessageBuilderTest" assertions="1" time="0.000051"/>
      <testcase name="testAddLink" file="/home/admin/work/source/php-monorepo/packages/lark-app-bot-bundle/tests/Service/Message/Builder/TextMessageBuilderTest.php" line="73" class="Tourze\LarkAppBotBundle\Tests\Service\Message\Builder\TextMessageBuilderTest" classname="Tourze.LarkAppBotBundle.Tests.Service.Message.Builder.TextMessageBuilderTest" assertions="1" time="0.000051"/>
      <testcase name="testAddLinkWithoutText" file="/home/admin/work/source/php-monorepo/packages/lark-app-bot-bundle/tests/Service/Message/Builder/TextMessageBuilderTest.php" line="80" class="Tourze\LarkAppBotBundle\Tests\Service\Message\Builder\TextMessageBuilderTest" classname="Tourze.LarkAppBotBundle.Tests.Service.Message.Builder.TextMessageBuilderTest" assertions="1" time="0.000066"/>
      <testcase name="testGetMsgType" file="/home/admin/work/source/php-monorepo/packages/lark-app-bot-bundle/tests/Service/Message/Builder/TextMessageBuilderTest.php" line="87" class="Tourze\LarkAppBotBundle\Tests\Service\Message\Builder\TextMessageBuilderTest" classname="Tourze.LarkAppBotBundle.Tests.Service.Message.Builder.TextMessageBuilderTest" assertions="1" time="0.000053"/>
      <testcase name="testBuildWithEmptyTextThrowsException" file="/home/admin/work/source/php-monorepo/packages/lark-app-bot-bundle/tests/Service/Message/Builder/TextMessageBuilderTest.php" line="92" class="Tourze\LarkAppBotBundle\Tests\Service\Message\Builder\TextMessageBuilderTest" classname="Tourze.LarkAppBotBundle.Tests.Service.Message.Builder.TextMessageBuilderTest" assertions="2" time="0.000082"/>
      <testcase name="testIsValid" file="/home/admin/work/source/php-monorepo/packages/lark-app-bot-bundle/tests/Service/Message/Builder/TextMessageBuilderTest.php" line="100" class="Tourze\LarkAppBotBundle\Tests\Service\Message\Builder\TextMessageBuilderTest" classname="Tourze.LarkAppBotBundle.Tests.Service.Message.Builder.TextMessageBuilderTest" assertions="2" time="0.000056"/>
      <testcase name="testReset" file="/home/admin/work/source/php-monorepo/packages/lark-app-bot-bundle/tests/Service/Message/Builder/TextMessageBuilderTest.php" line="108" class="Tourze\LarkAppBotBundle\Tests\Service\Message\Builder\TextMessageBuilderTest" classname="Tourze.LarkAppBotBundle.Tests.Service.Message.Builder.TextMessageBuilderTest" assertions="2" time="0.000050"/>
      <testcase name="testToJson" file="/home/admin/work/source/php-monorepo/packages/lark-app-bot-bundle/tests/Service/Message/Builder/TextMessageBuilderTest.php" line="117" class="Tourze\LarkAppBotBundle\Tests\Service\Message\Builder\TextMessageBuilderTest" classname="Tourze.LarkAppBotBundle.Tests.Service.Message.Builder.TextMessageBuilderTest" assertions="2" time="0.000057"/>
      <testcase name="testCreate" file="/home/admin/work/source/php-monorepo/packages/lark-app-bot-bundle/tests/Service/Message/Builder/TextMessageBuilderTest.php" line="126" class="Tourze\LarkAppBotBundle\Tests\Service\Message\Builder\TextMessageBuilderTest" classname="Tourze.LarkAppBotBundle.Tests.Service.Message.Builder.TextMessageBuilderTest" assertions="1" time="0.000052"/>
      <testcase name="testCreateEmpty" file="/home/admin/work/source/php-monorepo/packages/lark-app-bot-bundle/tests/Service/Message/Builder/TextMessageBuilderTest.php" line="133" class="Tourze\LarkAppBotBundle\Tests\Service\Message\Builder\TextMessageBuilderTest" classname="Tourze.LarkAppBotBundle.Tests.Service.Message.Builder.TextMessageBuilderTest" assertions="1" time="0.000050"/>
      <testcase name="testChainedMethods" file="/home/admin/work/source/php-monorepo/packages/lark-app-bot-bundle/tests/Service/Message/Builder/TextMessageBuilderTest.php" line="140" class="Tourze\LarkAppBotBundle\Tests\Service\Message\Builder\TextMessageBuilderTest" classname="Tourze.LarkAppBotBundle.Tests.Service.Message.Builder.TextMessageBuilderTest" assertions="1" time="0.000058"/>
    </testsuite>
    <testsuite name="Tourze\LarkAppBotBundle\Tests\Service\Message\ConcurrentMessageServiceTest" file="/home/admin/work/source/php-monorepo/packages/lark-app-bot-bundle/tests/Service/Message/ConcurrentMessageServiceTest.php" tests="14" assertions="64" errors="0" failures="0" skipped="0" time="1.871941">
      <testcase name="testShouldHaveRunTestsInSeparateProcesses" file="/home/admin/work/source/php-monorepo/packages/phpunit-symfony-kernel-test/src/AbstractIntegrationTestCase.php" line="919" class="Tourze\LarkAppBotBundle\Tests\Service\Message\ConcurrentMessageServiceTest" classname="Tourze.LarkAppBotBundle.Tests.Service.Message.ConcurrentMessageServiceTest" assertions="1" time="0.131454"/>
      <testcase name="testSendWithBuilderSyncMode" file="/home/admin/work/source/php-monorepo/packages/lark-app-bot-bundle/tests/Service/Message/ConcurrentMessageServiceTest.php" line="36" class="Tourze\LarkAppBotBundle\Tests\Service\Message\ConcurrentMessageServiceTest" classname="Tourze.LarkAppBotBundle.Tests.Service.Message.ConcurrentMessageServiceTest" assertions="8" time="0.132828"/>
      <testcase name="testSendSyncMode" file="/home/admin/work/source/php-monorepo/packages/lark-app-bot-bundle/tests/Service/Message/ConcurrentMessageServiceTest.php" line="72" class="Tourze\LarkAppBotBundle\Tests\Service\Message\ConcurrentMessageServiceTest" classname="Tourze.LarkAppBotBundle.Tests.Service.Message.ConcurrentMessageServiceTest" assertions="7" time="0.132465"/>
      <testcase name="testSendAsyncMode" file="/home/admin/work/source/php-monorepo/packages/lark-app-bot-bundle/tests/Service/Message/ConcurrentMessageServiceTest.php" line="94" class="Tourze\LarkAppBotBundle\Tests\Service\Message\ConcurrentMessageServiceTest" classname="Tourze.LarkAppBotBundle.Tests.Service.Message.ConcurrentMessageServiceTest" assertions="8" time="0.136617"/>
      <testcase name="testSendAsyncWithDelay" file="/home/admin/work/source/php-monorepo/packages/lark-app-bot-bundle/tests/Service/Message/ConcurrentMessageServiceTest.php" line="137" class="Tourze\LarkAppBotBundle\Tests\Service\Message\ConcurrentMessageServiceTest" classname="Tourze.LarkAppBotBundle.Tests.Service.Message.ConcurrentMessageServiceTest" assertions="8" time="0.135257"/>
      <testcase name="testSendBatchMode" file="/home/admin/work/source/php-monorepo/packages/lark-app-bot-bundle/tests/Service/Message/ConcurrentMessageServiceTest.php" line="171" class="Tourze\LarkAppBotBundle\Tests\Service\Message\ConcurrentMessageServiceTest" classname="Tourze.LarkAppBotBundle.Tests.Service.Message.ConcurrentMessageServiceTest" assertions="7" time="0.134205"/>
      <testcase name="testBatchFlushOnSizeLimit" file="/home/admin/work/source/php-monorepo/packages/lark-app-bot-bundle/tests/Service/Message/ConcurrentMessageServiceTest.php" line="205" class="Tourze\LarkAppBotBundle\Tests\Service\Message\ConcurrentMessageServiceTest" classname="Tourze.LarkAppBotBundle.Tests.Service.Message.ConcurrentMessageServiceTest" assertions="2" time="0.132943"/>
      <testcase name="testSendBatchAsync" file="/home/admin/work/source/php-monorepo/packages/lark-app-bot-bundle/tests/Service/Message/ConcurrentMessageServiceTest.php" line="235" class="Tourze\LarkAppBotBundle\Tests\Service\Message\ConcurrentMessageServiceTest" classname="Tourze.LarkAppBotBundle.Tests.Service.Message.ConcurrentMessageServiceTest" assertions="6" time="0.134454"/>
      <testcase name="testFlushAllBatches" file="/home/admin/work/source/php-monorepo/packages/lark-app-bot-bundle/tests/Service/Message/ConcurrentMessageServiceTest.php" line="276" class="Tourze\LarkAppBotBundle\Tests\Service\Message\ConcurrentMessageServiceTest" classname="Tourze.LarkAppBotBundle.Tests.Service.Message.ConcurrentMessageServiceTest" assertions="5" time="0.133199"/>
      <testcase name="testDefaultModeConfiguration" file="/home/admin/work/source/php-monorepo/packages/lark-app-bot-bundle/tests/Service/Message/ConcurrentMessageServiceTest.php" line="299" class="Tourze\LarkAppBotBundle\Tests\Service\Message\ConcurrentMessageServiceTest" classname="Tourze.LarkAppBotBundle.Tests.Service.Message.ConcurrentMessageServiceTest" assertions="4" time="0.133152"/>
      <testcase name="testBatchKeyGeneration" file="/home/admin/work/source/php-monorepo/packages/lark-app-bot-bundle/tests/Service/Message/ConcurrentMessageServiceTest.php" line="319" class="Tourze\LarkAppBotBundle\Tests\Service\Message\ConcurrentMessageServiceTest" classname="Tourze.LarkAppBotBundle.Tests.Service.Message.ConcurrentMessageServiceTest" assertions="4" time="0.131197"/>
      <testcase name="testAddToBatch" file="/home/admin/work/source/php-monorepo/packages/lark-app-bot-bundle/tests/Service/Message/ConcurrentMessageServiceTest.php" line="339" class="Tourze\LarkAppBotBundle\Tests\Service\Message\ConcurrentMessageServiceTest" classname="Tourze.LarkAppBotBundle.Tests.Service.Message.ConcurrentMessageServiceTest" assertions="2" time="0.134797"/>
      <testcase name="testAddToBatchWithAutoFlush" file="/home/admin/work/source/php-monorepo/packages/lark-app-bot-bundle/tests/Service/Message/ConcurrentMessageServiceTest.php" line="355" class="Tourze\LarkAppBotBundle\Tests\Service\Message\ConcurrentMessageServiceTest" classname="Tourze.LarkAppBotBundle.Tests.Service.Message.ConcurrentMessageServiceTest" assertions="0" time="0.132212"/>
      <testcase name="testSendWithoutPerformanceMonitor" file="/home/admin/work/source/php-monorepo/packages/lark-app-bot-bundle/tests/Service/Message/ConcurrentMessageServiceTest.php" line="375" class="Tourze\LarkAppBotBundle\Tests\Service\Message\ConcurrentMessageServiceTest" classname="Tourze.LarkAppBotBundle.Tests.Service.Message.ConcurrentMessageServiceTest" assertions="2" time="0.137161"/>
    </testsuite>
    <testsuite name="Tourze\LarkAppBotBundle\Tests\Service\Message\Handler\DefaultMessageHandlerTest" file="/home/admin/work/source/php-monorepo/packages/lark-app-bot-bundle/tests/Service/Message/Handler/DefaultMessageHandlerTest.php" tests="8" assertions="0" errors="8" failures="0" skipped="0" time="0.000000">
      <testcase name="testShouldHaveRunTestsInSeparateProcesses" file="/home/admin/work/source/php-monorepo/packages/phpunit-symfony-kernel-test/src/AbstractIntegrationTestCase.php" line="919" class="Tourze\LarkAppBotBundle\Tests\Service\Message\Handler\DefaultMessageHandlerTest" classname="Tourze.LarkAppBotBundle.Tests.Service.Message.Handler.DefaultMessageHandlerTest" assertions="0" time="0.000000">
        <error type="Error">Tourze\LarkAppBotBundle\Tests\Service\Message\Handler\DefaultMessageHandlerTest::testShouldHaveRunTestsInSeparateProcesses
Error: Cannot modify readonly property Tourze\LarkAppBotBundle\Service\Message\Handler\AbstractMessageHandler::$messageService

/home/admin/work/source/php-monorepo/packages/lark-app-bot-bundle/tests/Service/Message/Handler/DefaultMessageHandlerTest.php:159
/home/admin/work/source/php-monorepo/packages/phpunit-symfony-kernel-test/src/AbstractIntegrationTestCase.php:591</error>
      </testcase>
      <testcase name="testSupportsAllMessages" file="/home/admin/work/source/php-monorepo/packages/lark-app-bot-bundle/tests/Service/Message/Handler/DefaultMessageHandlerTest.php" line="29" class="Tourze\LarkAppBotBundle\Tests\Service\Message\Handler\DefaultMessageHandlerTest" classname="Tourze.LarkAppBotBundle.Tests.Service.Message.Handler.DefaultMessageHandlerTest" assertions="0" time="0.000000">
        <error type="Error">Tourze\LarkAppBotBundle\Tests\Service\Message\Handler\DefaultMessageHandlerTest::testSupportsAllMessages
Error: Cannot modify readonly property Tourze\LarkAppBotBundle\Service\Message\Handler\AbstractMessageHandler::$messageService

/home/admin/work/source/php-monorepo/packages/lark-app-bot-bundle/tests/Service/Message/Handler/DefaultMessageHandlerTest.php:159
/home/admin/work/source/php-monorepo/packages/phpunit-symfony-kernel-test/src/AbstractIntegrationTestCase.php:591</error>
      </testcase>
      <testcase name="testGetName" file="/home/admin/work/source/php-monorepo/packages/lark-app-bot-bundle/tests/Service/Message/Handler/DefaultMessageHandlerTest.php" line="37" class="Tourze\LarkAppBotBundle\Tests\Service\Message\Handler\DefaultMessageHandlerTest" classname="Tourze.LarkAppBotBundle.Tests.Service.Message.Handler.DefaultMessageHandlerTest" assertions="0" time="0.000000">
        <error type="Error">Tourze\LarkAppBotBundle\Tests\Service\Message\Handler\DefaultMessageHandlerTest::testGetName
Error: Cannot modify readonly property Tourze\LarkAppBotBundle\Service\Message\Handler\AbstractMessageHandler::$messageService

/home/admin/work/source/php-monorepo/packages/lark-app-bot-bundle/tests/Service/Message/Handler/DefaultMessageHandlerTest.php:159
/home/admin/work/source/php-monorepo/packages/phpunit-symfony-kernel-test/src/AbstractIntegrationTestCase.php:591</error>
      </testcase>
      <testcase name="testGetPriority" file="/home/admin/work/source/php-monorepo/packages/lark-app-bot-bundle/tests/Service/Message/Handler/DefaultMessageHandlerTest.php" line="42" class="Tourze\LarkAppBotBundle\Tests\Service\Message\Handler\DefaultMessageHandlerTest" classname="Tourze.LarkAppBotBundle.Tests.Service.Message.Handler.DefaultMessageHandlerTest" assertions="0" time="0.000000">
        <error type="Error">Tourze\LarkAppBotBundle\Tests\Service\Message\Handler\DefaultMessageHandlerTest::testGetPriority
Error: Cannot modify readonly property Tourze\LarkAppBotBundle\Service\Message\Handler\AbstractMessageHandler::$messageService

/home/admin/work/source/php-monorepo/packages/lark-app-bot-bundle/tests/Service/Message/Handler/DefaultMessageHandlerTest.php:159
/home/admin/work/source/php-monorepo/packages/phpunit-symfony-kernel-test/src/AbstractIntegrationTestCase.php:591</error>
      </testcase>
      <testcase name="testHandlePrivateMessage" file="/home/admin/work/source/php-monorepo/packages/lark-app-bot-bundle/tests/Service/Message/Handler/DefaultMessageHandlerTest.php" line="48" class="Tourze\LarkAppBotBundle\Tests\Service\Message\Handler\DefaultMessageHandlerTest" classname="Tourze.LarkAppBotBundle.Tests.Service.Message.Handler.DefaultMessageHandlerTest" assertions="0" time="0.000000">
        <error type="Error">Tourze\LarkAppBotBundle\Tests\Service\Message\Handler\DefaultMessageHandlerTest::testHandlePrivateMessage
Error: Cannot modify readonly property Tourze\LarkAppBotBundle\Service\Message\Handler\AbstractMessageHandler::$messageService

/home/admin/work/source/php-monorepo/packages/lark-app-bot-bundle/tests/Service/Message/Handler/DefaultMessageHandlerTest.php:159
/home/admin/work/source/php-monorepo/packages/phpunit-symfony-kernel-test/src/AbstractIntegrationTestCase.php:591</error>
      </testcase>
      <testcase name="testHandleGroupMessageWithMention" file="/home/admin/work/source/php-monorepo/packages/lark-app-bot-bundle/tests/Service/Message/Handler/DefaultMessageHandlerTest.php" line="68" class="Tourze\LarkAppBotBundle\Tests\Service\Message\Handler\DefaultMessageHandlerTest" classname="Tourze.LarkAppBotBundle.Tests.Service.Message.Handler.DefaultMessageHandlerTest" assertions="0" time="0.000000">
        <error type="Error">Tourze\LarkAppBotBundle\Tests\Service\Message\Handler\DefaultMessageHandlerTest::testHandleGroupMessageWithMention
Error: Cannot modify readonly property Tourze\LarkAppBotBundle\Service\Message\Handler\AbstractMessageHandler::$messageService

/home/admin/work/source/php-monorepo/packages/lark-app-bot-bundle/tests/Service/Message/Handler/DefaultMessageHandlerTest.php:159
/home/admin/work/source/php-monorepo/packages/phpunit-symfony-kernel-test/src/AbstractIntegrationTestCase.php:591</error>
      </testcase>
      <testcase name="testHandleGroupMessageWithoutMention" file="/home/admin/work/source/php-monorepo/packages/lark-app-bot-bundle/tests/Service/Message/Handler/DefaultMessageHandlerTest.php" line="89" class="Tourze\LarkAppBotBundle\Tests\Service\Message\Handler\DefaultMessageHandlerTest" classname="Tourze.LarkAppBotBundle.Tests.Service.Message.Handler.DefaultMessageHandlerTest" assertions="0" time="0.000000">
        <error type="Error">Tourze\LarkAppBotBundle\Tests\Service\Message\Handler\DefaultMessageHandlerTest::testHandleGroupMessageWithoutMention
Error: Cannot modify readonly property Tourze\LarkAppBotBundle\Service\Message\Handler\AbstractMessageHandler::$messageService

/home/admin/work/source/php-monorepo/packages/lark-app-bot-bundle/tests/Service/Message/Handler/DefaultMessageHandlerTest.php:159
/home/admin/work/source/php-monorepo/packages/phpunit-symfony-kernel-test/src/AbstractIntegrationTestCase.php:591</error>
      </testcase>
      <testcase name="testHandleMessageWithSendError" file="/home/admin/work/source/php-monorepo/packages/lark-app-bot-bundle/tests/Service/Message/Handler/DefaultMessageHandlerTest.php" line="112" class="Tourze\LarkAppBotBundle\Tests\Service\Message\Handler\DefaultMessageHandlerTest" classname="Tourze.LarkAppBotBundle.Tests.Service.Message.Handler.DefaultMessageHandlerTest" assertions="0" time="0.000000">
        <error type="Error">Tourze\LarkAppBotBundle\Tests\Service\Message\Handler\DefaultMessageHandlerTest::testHandleMessageWithSendError
Error: Cannot modify readonly property Tourze\LarkAppBotBundle\Service\Message\Handler\AbstractMessageHandler::$messageService

/home/admin/work/source/php-monorepo/packages/lark-app-bot-bundle/tests/Service/Message/Handler/DefaultMessageHandlerTest.php:159
/home/admin/work/source/php-monorepo/packages/phpunit-symfony-kernel-test/src/AbstractIntegrationTestCase.php:591</error>
      </testcase>
    </testsuite>
    <testsuite name="Tourze\LarkAppBotBundle\Tests\Service\Message\Handler\MessageHandlerRegistryTest" file="/home/admin/work/source/php-monorepo/packages/lark-app-bot-bundle/tests/Service/Message/Handler/MessageHandlerRegistryTest.php" tests="9" assertions="15" errors="0" failures="4" skipped="0" time="1.216816">
      <testcase name="testShouldHaveRunTestsInSeparateProcesses" file="/home/admin/work/source/php-monorepo/packages/phpunit-symfony-kernel-test/src/AbstractIntegrationTestCase.php" line="919" class="Tourze\LarkAppBotBundle\Tests\Service\Message\Handler\MessageHandlerRegistryTest" classname="Tourze.LarkAppBotBundle.Tests.Service.Message.Handler.MessageHandlerRegistryTest" assertions="1" time="0.132130"/>
      <testcase name="testAddHandler" file="/home/admin/work/source/php-monorepo/packages/lark-app-bot-bundle/tests/Service/Message/Handler/MessageHandlerRegistryTest.php" line="28" class="Tourze\LarkAppBotBundle\Tests\Service\Message\Handler\MessageHandlerRegistryTest" classname="Tourze.LarkAppBotBundle.Tests.Service.Message.Handler.MessageHandlerRegistryTest" assertions="1" time="0.139286">
        <failure type="PHPUnit\Framework\ExpectationFailedException">Tourze\LarkAppBotBundle\Tests\Service\Message\Handler\MessageHandlerRegistryTest::testAddHandler
Failed asserting that Tourze\LarkAppBotBundle\Tests\Service\Message\Handler\MessageHandlerRegistryTest Object #36 (
    'backupGlobals' =&gt; null,
    'backupGlobalsExcludeList' =&gt; Array &amp;0 [],
    'backupStaticProperties' =&gt; null,
    'backupStaticPropertiesExcludeList' =&gt; Array &amp;1 [],
    'snapshot' =&gt; null,
    'backupGlobalErrorHandlers' =&gt; Array &amp;2 [
        0 =&gt; PHPUnit\Runner\ErrorHandler Object #27 (
            'baseline' =&gt; null,
            'enabled' =&gt; true,
            'originalErrorReportingLevel' =&gt; 32767,
            'source' =&gt; PHPUnit\TextUI\Configuration\Source Object #8 (
                'baseline' =&gt; null,
                'ignoreBaseline' =&gt; false,
                'includeDirectories' =&gt; PHPUnit\TextUI\Configuration\FilterDirectoryCollection Object #9 (
                    'directories' =&gt; Array &amp;3 [],
                ),
                'includeFiles' =&gt; PHPUnit\TextUI\Configuration\FileCollection Object #10 (
                    'files' =&gt; Array &amp;4 [],
                ),
                'excludeDirectories' =&gt; PHPUnit\TextUI\Configuration\FilterDirectoryCollection Object #11 (
                    'directories' =&gt; Array &amp;5 [],
                ),
                'excludeFiles' =&gt; PHPUnit\TextUI\Configuration\FileCollection Object #12 (
                    'files' =&gt; Array &amp;6 [],
                ),
                'restrictDeprecations' =&gt; false,
                'restrictNotices' =&gt; false,
                'restrictWarnings' =&gt; false,
                'ignoreSuppressionOfDeprecations' =&gt; false,
                'ignoreSuppressionOfPhpDeprecations' =&gt; false,
                'ignoreSuppressionOfErrors' =&gt; false,
                'ignoreSuppressionOfNotices' =&gt; false,
                'ignoreSuppressionOfPhpNotices' =&gt; false,
                'ignoreSuppressionOfWarnings' =&gt; false,
                'ignoreSuppressionOfPhpWarnings' =&gt; false,
                'ignoreSelfDeprecations' =&gt; false,
                'ignoreDirectDeprecations' =&gt; false,
                'ignoreIndirectDeprecations' =&gt; false,
                'deprecationTriggers' =&gt; Array &amp;7 [
                    'functions' =&gt; Array &amp;8 [],
                    'methods' =&gt; Array &amp;9 [],
                ],
            ),
            'deprecationTriggers' =&gt; Array &amp;10 [
                'functions' =&gt; Array &amp;11 [],
                'methods' =&gt; Array &amp;12 [],
            ],
        ),
    ],
    'backupGlobalExceptionHandlers' =&gt; Array &amp;13 [],
    'runClassInSeparateProcess' =&gt; null,
    'runTestInSeparateProcess' =&gt; null,
    'preserveGlobalState' =&gt; false,
    'inIsolation' =&gt; true,
    'expectedException' =&gt; null,
    'expectedExceptionMessage' =&gt; null,
    'expectedExceptionMessageRegExp' =&gt; null,
    'expectedExceptionCode' =&gt; null,
    'providedTests' =&gt; Array &amp;14 [
        0 =&gt; PHPUnit\Framework\ExecutionOrderDependency Object #39 (
            'className' =&gt; 'Tourze\LarkAppBotBundle\Tests\Service\Message\Handler\MessageHandlerRegistryTest',
            'methodName' =&gt; 'testAddHandler',
            'shallowClone' =&gt; false,
            'deepClone' =&gt; false,
        ),
    ],
    'data' =&gt; Array &amp;15 [],
    'dataName' =&gt; '',
    'methodName' =&gt; 'testAddHandler',
    'groups' =&gt; Array &amp;16 [],
    'dependencies' =&gt; Array &amp;17 [],
    'dependencyInput' =&gt; Array &amp;18 [],
    'iniSettings' =&gt; Array &amp;19 [],
    'locale' =&gt; Array &amp;20 [],
    'mockObjects' =&gt; Array &amp;21 [
        0 =&gt; MockObject_LoggerInterface_58150c98 Object #522 (
            '__phpunit_state' =&gt; PHPUnit\Framework\MockObject\TestDoubleState Object #150 (
                'configurableMethods' =&gt; Array &amp;22 [
                    0 =&gt; PHPUnit\Framework\MockObject\ConfigurableMethod Object #511 (
                        'name' =&gt; 'emergency',
                        'defaultParameterValues' =&gt; Array &amp;23 [
                            1 =&gt; Array &amp;24 [],
                        ],
                        'numberOfParameters' =&gt; 2,
                        'returnType' =&gt; SebastianBergmann\Type\VoidType Object #143 (),
                    ),
                    1 =&gt; PHPUnit\Framework\MockObject\ConfigurableMethod Object #520 (
                        'name' =&gt; 'alert',
                        'defaultParameterValues' =&gt; Array &amp;25 [
                            1 =&gt; Array &amp;26 [],
                        ],
                        'numberOfParameters' =&gt; 2,
                        'returnType' =&gt; SebastianBergmann\Type\VoidType Object #145 (),
                    ),
                    2 =&gt; PHPUnit\Framework\MockObject\ConfigurableMethod Object #512 (
                        'name' =&gt; 'critical',
                        'defaultParameterValues' =&gt; Array &amp;27 [
                            1 =&gt; Array &amp;28 [],
                        ],
                        'numberOfParameters' =&gt; 2,
                        'returnType' =&gt; SebastianBergmann\Type\VoidType Object #147 (),
                    ),
                    3 =&gt; PHPUnit\Framework\MockObject\ConfigurableMethod Object #513 (
                        'name' =&gt; 'error',
                        'defaultParameterValues' =&gt; Array &amp;29 [
                            1 =&gt; Array &amp;30 [],
                        ],
                        'numberOfParameters' =&gt; 2,
                        'returnType' =&gt; SebastianBergmann\Type\VoidType Object #149 (),
                    ),
                    4 =&gt; PHPUnit\Framework\MockObject\ConfigurableMethod Object #514 (
                        'name' =&gt; 'warning',
                        'defaultParameterValues' =&gt; Array &amp;31 [
                            1 =&gt; Array &amp;32 [],
                        ],
                        'numberOfParameters' =&gt; 2,
                        'returnType' =&gt; SebastianBergmann\Type\VoidType Object #151 (),
                    ),
                    5 =&gt; PHPUnit\Framework\MockObject\ConfigurableMethod Object #515 (
                        'name' =&gt; 'notice',
                        'defaultParameterValues' =&gt; Array &amp;33 [
                            1 =&gt; Array &amp;34 [],
                        ],
                        'numberOfParameters' =&gt; 2,
                        'returnType' =&gt; SebastianBergmann\Type\VoidType Object #153 (),
                    ),
                    6 =&gt; PHPUnit\Framework\MockObject\ConfigurableMethod Object #516 (
                        'name' =&gt; 'info',
                        'defaultParameterValues' =&gt; Array &amp;35 [
                            1 =&gt; Array &amp;36 [],
                        ],
                        'numberOfParameters' =&gt; 2,
                        'returnType' =&gt; SebastianBergmann\Type\VoidType Object #155 (),
                    ),
                    7 =&gt; PHPUnit\Framework\MockObject\ConfigurableMethod Object #517 (
                        'name' =&gt; 'debug',
                        'defaultParameterValues' =&gt; Array &amp;37 [
                            1 =&gt; Array &amp;38 [],
                        ],
                        'numberOfParameters' =&gt; 2,
                        'returnType' =&gt; SebastianBergmann\Type\VoidType Object #157 (),
                    ),
                    8 =&gt; PHPUnit\Framework\MockObject\ConfigurableMethod Object #518 (
                        'name' =&gt; 'log',
                        'defaultParameterValues' =&gt; Array &amp;39 [
                            2 =&gt; Array &amp;40 [],
                        ],
                        'numberOfParameters' =&gt; 3,
                        'returnType' =&gt; SebastianBergmann\Type\VoidType Object #156 (),
                    ),
                ],
                'generateReturnValues' =&gt; true,
                'invocationHandler' =&gt; null,
                'proxyTarget' =&gt; null,
            ),
        ),
        1 =&gt; MockObject_MessageHandlerInterface_1babb129 Object #186 (
            '__phpunit_state' =&gt; PHPUnit\Framework\MockObject\TestDoubleState Object #194 (
                'configurableMethods' =&gt; Array &amp;41 [
                    0 =&gt; PHPUnit\Framework\MockObject\ConfigurableMethod Object #192 (
                        'name' =&gt; 'supports',
                        'defaultParameterValues' =&gt; Array &amp;42 [],
                        'numberOfParameters' =&gt; 1,
                        'returnType' =&gt; SebastianBergmann\Type\SimpleType Object #198 (
                            'name' =&gt; 'bool',
                            'allowsNull' =&gt; false,
                            'value' =&gt; null,
                        ),
                    ),
                    1 =&gt; PHPUnit\Framework\MockObject\ConfigurableMethod Object #188 (
                        'name' =&gt; 'handle',
                        'defaultParameterValues' =&gt; Array &amp;43 [],
                        'numberOfParameters' =&gt; 1,
                        'returnType' =&gt; SebastianBergmann\Type\VoidType Object #200 (),
                    ),
                    2 =&gt; PHPUnit\Framework\MockObject\ConfigurableMethod Object #191 (
                        'name' =&gt; 'getPriority',
                        'defaultParameterValues' =&gt; Array &amp;44 [],
                        'numberOfParameters' =&gt; 0,
                        'returnType' =&gt; SebastianBergmann\Type\SimpleType Object #196 (
                            'name' =&gt; 'int',
                            'allowsNull' =&gt; false,
                            'value' =&gt; null,
                        ),
                    ),
                    3 =&gt; PHPUnit\Framework\MockObject\ConfigurableMethod Object #190 (
                        'name' =&gt; 'getName',
                        'defaultParameterValues' =&gt; Array &amp;45 [],
                        'numberOfParameters' =&gt; 0,
                        'returnType' =&gt; SebastianBergmann\Type\SimpleType Object #202 (
                            'name' =&gt; 'string',
                            'allowsNull' =&gt; false,
                            'value' =&gt; null,
                        ),
                    ),
                ],
                'generateReturnValues' =&gt; true,
                'invocationHandler' =&gt; PHPUnit\Framework\MockObject\InvocationHandler Object #207 (
                    'matchers' =&gt; Array &amp;46 [
                        0 =&gt; PHPUnit\Framework\MockObject\Matcher Object #209 (
                            'invocationRule' =&gt; PHPUnit\Framework\MockObject\Rule\AnyInvokedCount Object #208 (
                                'invocations' =&gt; Array &amp;47 [
                                    0 =&gt; PHPUnit\Framework\MockObject\Invocation Object #215 (
                                        'className' =&gt; 'Tourze\LarkAppBotBundle\Service\Message\Handler\MessageHandlerInterface',
                                        'methodName' =&gt; 'getName',
                                        'parameters' =&gt; Array &amp;48 [],
                                        'returnType' =&gt; 'string',
                                        'isReturnTypeNullable' =&gt; false,
                                        'proxiedCall' =&gt; false,
                                        'object' =&gt; MockObject_MessageHandlerInterface_1babb129 Object #186,
                                    ),
                                ],
                            ),
                            'afterMatchBuilderId' =&gt; null,
                            'methodNameRule' =&gt; PHPUnit\Framework\MockObject\Rule\MethodName Object #211 (
                                'constraint' =&gt; PHPUnit\Framework\MockObject\MethodNameConstraint Object #212 (
                                    'methodName' =&gt; 'getName',
                                ),
                            ),
                            'parametersRule' =&gt; null,
                            'stub' =&gt; PHPUnit\Framework\MockObject\Stub\ReturnStub Object #214 (
                                'value' =&gt; 'test_handler',
                            ),
                        ),
                        1 =&gt; PHPUnit\Framework\MockObject\Matcher Object #213 (
                            'invocationRule' =&gt; PHPUnit\Framework\MockObject\Rule\AnyInvokedCount Object #210 (
                                'invocations' =&gt; Array &amp;49 [
                                    0 =&gt; PHPUnit\Framework\MockObject\Invocation Object #218 (
                                        'className' =&gt; 'Tourze\LarkAppBotBundle\Service\Message\Handler\MessageHandlerInterface',
                                        'methodName' =&gt; 'getPriority',
                                        'parameters' =&gt; Array &amp;50 [],
                                        'returnType' =&gt; 'int',
                                        'isReturnTypeNullable' =&gt; false,
                                        'proxiedCall' =&gt; false,
                                        'object' =&gt; MockObject_MessageHandlerInterface_1babb129 Object #186,
                                    ),
                                ],
                            ),
                            'afterMatchBuilderId' =&gt; null,
                            'methodNameRule' =&gt; PHPUnit\Framework\MockObject\Rule\MethodName Object #216 (
                                'constraint' =&gt; PHPUnit\Framework\MockObject\MethodNameConstraint Object #217 (
                                    'methodName' =&gt; 'getPriority',
                                ),
                            ),
                            'parametersRule' =&gt; null,
                            'stub' =&gt; PHPUnit\Framework\MockObject\Stub\ReturnStub Object #219 (
                                'value' =&gt; 100,
                            ),
                        ),
                    ],
                    'matcherMap' =&gt; Array &amp;51 [],
                    'configurableMethods' =&gt; Array &amp;52 [
                        0 =&gt; PHPUnit\Framework\MockObject\ConfigurableMethod Object #192,
                        1 =&gt; PHPUnit\Framework\MockObject\ConfigurableMethod Object #188,
                        2 =&gt; PHPUnit\Framework\MockObject\ConfigurableMethod Object #191,
                        3 =&gt; PHPUnit\Framework\MockObject\ConfigurableMethod Object #190,
                    ],
                    'returnValueGeneration' =&gt; true,
                ),
                'proxyTarget' =&gt; null,
            ),
        ),
    ],
    'status' =&gt; PHPUnit\Framework\TestStatus\Unknown Object #40 (
        'message' =&gt; '',
    ),
    'numberOfAssertionsPerformed' =&gt; 0,
    'testResult' =&gt; null,
    'output' =&gt; '',
    'outputExpectedRegex' =&gt; null,
    'outputExpectedString' =&gt; null,
    'outputBufferingActive' =&gt; true,
    'outputBufferingLevel' =&gt; 1,
    'outputRetrievedForAssertion' =&gt; false,
    'doesNotPerformAssertions' =&gt; false,
    'customComparators' =&gt; Array &amp;53 [],
    'testValueObjectForEvents' =&gt; PHPUnit\Event\Code\TestMethod Object #66 (
        'file' =&gt; '/home/admin/work/source/php-monorepo/packages/lark-app-bot-bundle/tests/Service/Message/Handler/MessageHandlerRegistryTest.php',
        'className' =&gt; 'Tourze\LarkAppBotBundle\Tests\Service\Message\Handler\MessageHandlerRegistryTest',
        'methodName' =&gt; 'testAddHandler',
        'line' =&gt; 28,
        'testDox' =&gt; PHPUnit\Event\Code\TestDox Object #68 (
            'prettifiedClassName' =&gt; 'Message Handler Registry (Tourze\LarkAppBotBundle\Tests\Service\Message\Handler\MessageHandlerRegistry)',
            'prettifiedMethodName' =&gt; 'Add handler',
            'prettifiedAndColorizedMethodName' =&gt; 'Add handler',
        ),
        'metadata' =&gt; PHPUnit\Metadata\MetadataCollection Object #69 (
            'metadata' =&gt; Array &amp;54 [
                0 =&gt; PHPUnit\Metadata\CoversClass Object #63 (
                    'level' =&gt; 0,
                    'className' =&gt; 'Tourze\LarkAppBotBundle\Service\Message\Handler\MessageHandlerRegistry',
                ),
                1 =&gt; PHPUnit\Metadata\RunTestsInSeparateProcesses Object #62 (
                    'level' =&gt; 0,
                ),
            ],
        ),
        'testData' =&gt; PHPUnit\Event\TestData\TestDataCollection Object #70 (
            'data' =&gt; Array &amp;55 [],
            'fromDataProvider' =&gt; null,
        ),
    ),
    'wasPrepared' =&gt; true,
    'failureTypes' =&gt; Array &amp;56 [],
    'expectedUserDeprecationMessage' =&gt; Array &amp;57 [],
    'expectedUserDeprecationMessageRegularExpression' =&gt; Array &amp;58 [],
    'entityManager' =&gt; null,
    'entityManagerHelper' =&gt; null,
    'registry' =&gt; Tourze\LarkAppBotBundle\Service\Message\Handler\MessageHandlerRegistry Object #1245 (
        'handlers' =&gt; Array &amp;59 [
            0 =&gt; MockObject_MessageHandlerInterface_1babb129 Object #186,
        ],
        'sorted' =&gt; false,
        'logger' =&gt; Monolog\Logger Object #1243 (
            'name' =&gt; 'lark',
            'handlers' =&gt; Array &amp;60 [
                0 =&gt; Monolog\Handler\FingersCrossedHandler Object #1197 (
                    'handler' =&gt; Monolog\Handler\StreamHandler Object #1196 (
                        'level' =&gt; Monolog\Level Enum #1221 (Debug, 100),
                        'bubble' =&gt; true,
                        'processors' =&gt; Array &amp;61 [
                            0 =&gt; Monolog\Processor\PsrLogMessageProcessor Object #1195 (
                                'dateFormat' =&gt; null,
                                'removeUsedContextFields' =&gt; false,
                            ),
                        ],
                        'formatter' =&gt; null,
                        'streamChunkSize' =&gt; 214748364,
                        'stream' =&gt; null,
                        'url' =&gt; '/tmp/symfony-test-Tourze8fa81a9ee7c504a046ec0084f697705e/var/log/test.log',
                        'errorMessage' =&gt; null,
                        'filePermission' =&gt; null,
                        'useLocking' =&gt; false,
                        'fileOpenMode' =&gt; 'a',
                        'dirCreated' =&gt; null,
                        'retrying' =&gt; false,
                    ),
                    'activationStrategy' =&gt; Symfony\Bridge\Monolog\Handler\FingersCrossed\HttpCodeActivationStrategy Object #1194 (
                        'requestStack' =&gt; Symfony\Component\HttpFoundation\RequestStack Object #1193 (
                            'requests' =&gt; Array &amp;62 [],
                        ),
                        'exclusions' =&gt; Array &amp;63 [
                            0 =&gt; Array &amp;64 [
                                'code' =&gt; 404,
                                'urls' =&gt; Array &amp;65 [],
                            ],
                            1 =&gt; Array &amp;66 [
                                'code' =&gt; 405,
                                'urls' =&gt; Array &amp;67 [],
                            ],
                        ],
                        'inner' =&gt; Monolog\Handler\FingersCrossed\ErrorLevelActivationStrategy Object #1192 (
                            'actionLevel' =&gt; Monolog\Level Enum #1207 (Error, 400),
                        ),
                    ),
                    'buffering' =&gt; true,
                    'bufferSize' =&gt; 0,
                    'buffer' =&gt; Array &amp;68 [
                        0 =&gt; Monolog\LogRecord Object #222 (
                            'datetime' =&gt; Monolog\JsonSerializableDateTimeImmutable Object #221 (
                                'useMicroseconds' =&gt; true,
                                'date' =&gt; '2025-11-05 22:32:28.452923',
                                'timezone_type' =&gt; 3,
                                'timezone' =&gt; 'UTC',
                            ),
                            'channel' =&gt; 'lark',
                            'level' =&gt; Monolog\Level Enum #1221 (Debug, 100),
                            'message' =&gt; '注册消息处理器',
                            'context' =&gt; Array &amp;69 [
                                'handler' =&gt; 'test_handler',
                                'priority' =&gt; 100,
                            ],
                            'extra' =&gt; Array &amp;70 [],
                            'formatted' =&gt; null,
                        ),
                    ],
                    'stopBuffering' =&gt; true,
                    'passthruLevel' =&gt; null,
                    'bubble' =&gt; true,
                    'processors' =&gt; Array &amp;71 [],
                ),
            ],
            'processors' =&gt; Array &amp;72 [
                0 =&gt; RequestIdBundle\Processor\RequestIdProcessor Object #1198 (
                    'storage' =&gt; RequestIdBundle\Service\RequestIdStorage Object #1199 (
                        'requestId' =&gt; null,
                    ),
                ),
                1 =&gt; RequestIdBundle\Processor\MessengerEventSubscriber Object #1200 (
                    'requestIdStorage' =&gt; RequestIdBundle\Service\RequestIdStorage Object #1199,
                ),
            ],
            'microsecondTimestamps' =&gt; true,
            'timezone' =&gt; DateTimeZone Object #526 (
                'timezone_type' =&gt; 3,
                'timezone' =&gt; 'UTC',
            ),
            'exceptionHandler' =&gt; null,
            'logDepth' =&gt; 0,
            'fiberLogDepth' =&gt; WeakMap Object #525 (),
            'detectCycles' =&gt; true,
        ),
    ),
    'logger' =&gt; MockObject_LoggerInterface_58150c98 Object #522,
) is of type array.

/home/admin/work/source/php-monorepo/packages/lark-app-bot-bundle/tests/Service/Message/Handler/MessageHandlerRegistryTest.php:36</failure>
      </testcase>
      <testcase name="testHandlersAreSortedByPriority" file="/home/admin/work/source/php-monorepo/packages/lark-app-bot-bundle/tests/Service/Message/Handler/MessageHandlerRegistryTest.php" line="41" class="Tourze\LarkAppBotBundle\Tests\Service\Message\Handler\MessageHandlerRegistryTest" classname="Tourze.LarkAppBotBundle.Tests.Service.Message.Handler.MessageHandlerRegistryTest" assertions="3" time="0.139320"/>
      <testcase name="testHandleMessage" file="/home/admin/work/source/php-monorepo/packages/lark-app-bot-bundle/tests/Service/Message/Handler/MessageHandlerRegistryTest.php" line="63" class="Tourze\LarkAppBotBundle\Tests\Service\Message\Handler\MessageHandlerRegistryTest" classname="Tourze.LarkAppBotBundle.Tests.Service.Message.Handler.MessageHandlerRegistryTest" assertions="4" time="0.133447"/>
      <testcase name="testHandleMessageStopsPropagation" file="/home/admin/work/source/php-monorepo/packages/lark-app-bot-bundle/tests/Service/Message/Handler/MessageHandlerRegistryTest.php" line="87" class="Tourze\LarkAppBotBundle\Tests\Service\Message\Handler\MessageHandlerRegistryTest" classname="Tourze.LarkAppBotBundle.Tests.Service.Message.Handler.MessageHandlerRegistryTest" assertions="2" time="0.134448"/>
      <testcase name="testRemoveHandler" file="/home/admin/work/source/php-monorepo/packages/lark-app-bot-bundle/tests/Service/Message/Handler/MessageHandlerRegistryTest.php" line="109" class="Tourze\LarkAppBotBundle\Tests\Service\Message\Handler\MessageHandlerRegistryTest" classname="Tourze.LarkAppBotBundle.Tests.Service.Message.Handler.MessageHandlerRegistryTest" assertions="1" time="0.133877">
        <failure type="PHPUnit\Framework\ExpectationFailedException">Tourze\LarkAppBotBundle\Tests\Service\Message\Handler\MessageHandlerRegistryTest::testRemoveHandler
Failed asserting that Tourze\LarkAppBotBundle\Tests\Service\Message\Handler\MessageHandlerRegistryTest Object #36 (
    'backupGlobals' =&gt; null,
    'backupGlobalsExcludeList' =&gt; Array &amp;0 [],
    'backupStaticProperties' =&gt; null,
    'backupStaticPropertiesExcludeList' =&gt; Array &amp;1 [],
    'snapshot' =&gt; null,
    'backupGlobalErrorHandlers' =&gt; Array &amp;2 [
        0 =&gt; PHPUnit\Runner\ErrorHandler Object #27 (
            'baseline' =&gt; null,
            'enabled' =&gt; true,
            'originalErrorReportingLevel' =&gt; 32767,
            'source' =&gt; PHPUnit\TextUI\Configuration\Source Object #8 (
                'baseline' =&gt; null,
                'ignoreBaseline' =&gt; false,
                'includeDirectories' =&gt; PHPUnit\TextUI\Configuration\FilterDirectoryCollection Object #9 (
                    'directories' =&gt; Array &amp;3 [],
                ),
                'includeFiles' =&gt; PHPUnit\TextUI\Configuration\FileCollection Object #10 (
                    'files' =&gt; Array &amp;4 [],
                ),
                'excludeDirectories' =&gt; PHPUnit\TextUI\Configuration\FilterDirectoryCollection Object #11 (
                    'directories' =&gt; Array &amp;5 [],
                ),
                'excludeFiles' =&gt; PHPUnit\TextUI\Configuration\FileCollection Object #12 (
                    'files' =&gt; Array &amp;6 [],
                ),
                'restrictDeprecations' =&gt; false,
                'restrictNotices' =&gt; false,
                'restrictWarnings' =&gt; false,
                'ignoreSuppressionOfDeprecations' =&gt; false,
                'ignoreSuppressionOfPhpDeprecations' =&gt; false,
                'ignoreSuppressionOfErrors' =&gt; false,
                'ignoreSuppressionOfNotices' =&gt; false,
                'ignoreSuppressionOfPhpNotices' =&gt; false,
                'ignoreSuppressionOfWarnings' =&gt; false,
                'ignoreSuppressionOfPhpWarnings' =&gt; false,
                'ignoreSelfDeprecations' =&gt; false,
                'ignoreDirectDeprecations' =&gt; false,
                'ignoreIndirectDeprecations' =&gt; false,
                'deprecationTriggers' =&gt; Array &amp;7 [
                    'functions' =&gt; Array &amp;8 [],
                    'methods' =&gt; Array &amp;9 [],
                ],
            ),
            'deprecationTriggers' =&gt; Array &amp;10 [
                'functions' =&gt; Array &amp;11 [],
                'methods' =&gt; Array &amp;12 [],
            ],
        ),
    ],
    'backupGlobalExceptionHandlers' =&gt; Array &amp;13 [],
    'runClassInSeparateProcess' =&gt; null,
    'runTestInSeparateProcess' =&gt; null,
    'preserveGlobalState' =&gt; false,
    'inIsolation' =&gt; true,
    'expectedException' =&gt; null,
    'expectedExceptionMessage' =&gt; null,
    'expectedExceptionMessageRegExp' =&gt; null,
    'expectedExceptionCode' =&gt; null,
    'providedTests' =&gt; Array &amp;14 [
        0 =&gt; PHPUnit\Framework\ExecutionOrderDependency Object #39 (
            'className' =&gt; 'Tourze\LarkAppBotBundle\Tests\Service\Message\Handler\MessageHandlerRegistryTest',
            'methodName' =&gt; 'testRemoveHandler',
            'shallowClone' =&gt; false,
            'deepClone' =&gt; false,
        ),
    ],
    'data' =&gt; Array &amp;15 [],
    'dataName' =&gt; '',
    'methodName' =&gt; 'testRemoveHandler',
    'groups' =&gt; Array &amp;16 [],
    'dependencies' =&gt; Array &amp;17 [],
    'dependencyInput' =&gt; Array &amp;18 [],
    'iniSettings' =&gt; Array &amp;19 [],
    'locale' =&gt; Array &amp;20 [],
    'mockObjects' =&gt; Array &amp;21 [
        0 =&gt; MockObject_LoggerInterface_7ef0d4bf Object #522 (
            '__phpunit_state' =&gt; PHPUnit\Framework\MockObject\TestDoubleState Object #150 (
                'configurableMethods' =&gt; Array &amp;22 [
                    0 =&gt; PHPUnit\Framework\MockObject\ConfigurableMethod Object #511 (
                        'name' =&gt; 'emergency',
                        'defaultParameterValues' =&gt; Array &amp;23 [
                            1 =&gt; Array &amp;24 [],
                        ],
                        'numberOfParameters' =&gt; 2,
                        'returnType' =&gt; SebastianBergmann\Type\VoidType Object #143 (),
                    ),
                    1 =&gt; PHPUnit\Framework\MockObject\ConfigurableMethod Object #520 (
                        'name' =&gt; 'alert',
                        'defaultParameterValues' =&gt; Array &amp;25 [
                            1 =&gt; Array &amp;26 [],
                        ],
                        'numberOfParameters' =&gt; 2,
                        'returnType' =&gt; SebastianBergmann\Type\VoidType Object #145 (),
                    ),
                    2 =&gt; PHPUnit\Framework\MockObject\ConfigurableMethod Object #512 (
                        'name' =&gt; 'critical',
                        'defaultParameterValues' =&gt; Array &amp;27 [
                            1 =&gt; Array &amp;28 [],
                        ],
                        'numberOfParameters' =&gt; 2,
                        'returnType' =&gt; SebastianBergmann\Type\VoidType Object #147 (),
                    ),
                    3 =&gt; PHPUnit\Framework\MockObject\ConfigurableMethod Object #513 (
                        'name' =&gt; 'error',
                        'defaultParameterValues' =&gt; Array &amp;29 [
                            1 =&gt; Array &amp;30 [],
                        ],
                        'numberOfParameters' =&gt; 2,
                        'returnType' =&gt; SebastianBergmann\Type\VoidType Object #149 (),
                    ),
                    4 =&gt; PHPUnit\Framework\MockObject\ConfigurableMethod Object #514 (
                        'name' =&gt; 'warning',
                        'defaultParameterValues' =&gt; Array &amp;31 [
                            1 =&gt; Array &amp;32 [],
                        ],
                        'numberOfParameters' =&gt; 2,
                        'returnType' =&gt; SebastianBergmann\Type\VoidType Object #151 (),
                    ),
                    5 =&gt; PHPUnit\Framework\MockObject\ConfigurableMethod Object #515 (
                        'name' =&gt; 'notice',
                        'defaultParameterValues' =&gt; Array &amp;33 [
                            1 =&gt; Array &amp;34 [],
                        ],
                        'numberOfParameters' =&gt; 2,
                        'returnType' =&gt; SebastianBergmann\Type\VoidType Object #153 (),
                    ),
                    6 =&gt; PHPUnit\Framework\MockObject\ConfigurableMethod Object #516 (
                        'name' =&gt; 'info',
                        'defaultParameterValues' =&gt; Array &amp;35 [
                            1 =&gt; Array &amp;36 [],
                        ],
                        'numberOfParameters' =&gt; 2,
                        'returnType' =&gt; SebastianBergmann\Type\VoidType Object #155 (),
                    ),
                    7 =&gt; PHPUnit\Framework\MockObject\ConfigurableMethod Object #517 (
                        'name' =&gt; 'debug',
                        'defaultParameterValues' =&gt; Array &amp;37 [
                            1 =&gt; Array &amp;38 [],
                        ],
                        'numberOfParameters' =&gt; 2,
                        'returnType' =&gt; SebastianBergmann\Type\VoidType Object #157 (),
                    ),
                    8 =&gt; PHPUnit\Framework\MockObject\ConfigurableMethod Object #518 (
                        'name' =&gt; 'log',
                        'defaultParameterValues' =&gt; Array &amp;39 [
                            2 =&gt; Array &amp;40 [],
                        ],
                        'numberOfParameters' =&gt; 3,
                        'returnType' =&gt; SebastianBergmann\Type\VoidType Object #156 (),
                    ),
                ],
                'generateReturnValues' =&gt; true,
                'invocationHandler' =&gt; null,
                'proxyTarget' =&gt; null,
            ),
        ),
        1 =&gt; MockObject_MessageHandlerInterface_0ea4e50a Object #186 (
            '__phpunit_state' =&gt; PHPUnit\Framework\MockObject\TestDoubleState Object #194 (
                'configurableMethods' =&gt; Array &amp;41 [
                    0 =&gt; PHPUnit\Framework\MockObject\ConfigurableMethod Object #192 (
                        'name' =&gt; 'supports',
                        'defaultParameterValues' =&gt; Array &amp;42 [],
                        'numberOfParameters' =&gt; 1,
                        'returnType' =&gt; SebastianBergmann\Type\SimpleType Object #198 (
                            'name' =&gt; 'bool',
                            'allowsNull' =&gt; false,
                            'value' =&gt; null,
                        ),
                    ),
                    1 =&gt; PHPUnit\Framework\MockObject\ConfigurableMethod Object #188 (
                        'name' =&gt; 'handle',
                        'defaultParameterValues' =&gt; Array &amp;43 [],
                        'numberOfParameters' =&gt; 1,
                        'returnType' =&gt; SebastianBergmann\Type\VoidType Object #200 (),
                    ),
                    2 =&gt; PHPUnit\Framework\MockObject\ConfigurableMethod Object #191 (
                        'name' =&gt; 'getPriority',
                        'defaultParameterValues' =&gt; Array &amp;44 [],
                        'numberOfParameters' =&gt; 0,
                        'returnType' =&gt; SebastianBergmann\Type\SimpleType Object #196 (
                            'name' =&gt; 'int',
                            'allowsNull' =&gt; false,
                            'value' =&gt; null,
                        ),
                    ),
                    3 =&gt; PHPUnit\Framework\MockObject\ConfigurableMethod Object #190 (
                        'name' =&gt; 'getName',
                        'defaultParameterValues' =&gt; Array &amp;45 [],
                        'numberOfParameters' =&gt; 0,
                        'returnType' =&gt; SebastianBergmann\Type\SimpleType Object #202 (
                            'name' =&gt; 'string',
                            'allowsNull' =&gt; false,
                            'value' =&gt; null,
                        ),
                    ),
                ],
                'generateReturnValues' =&gt; true,
                'invocationHandler' =&gt; PHPUnit\Framework\MockObject\InvocationHandler Object #220 (
                    'matchers' =&gt; Array &amp;46 [],
                    'matcherMap' =&gt; Array &amp;47 [],
                    'configurableMethods' =&gt; Array &amp;48 [
                        0 =&gt; PHPUnit\Framework\MockObject\ConfigurableMethod Object #192,
                        1 =&gt; PHPUnit\Framework\MockObject\ConfigurableMethod Object #188,
                        2 =&gt; PHPUnit\Framework\MockObject\ConfigurableMethod Object #191,
                        3 =&gt; PHPUnit\Framework\MockObject\ConfigurableMethod Object #190,
                    ],
                    'returnValueGeneration' =&gt; true,
                ),
                'proxyTarget' =&gt; null,
            ),
        ),
        2 =&gt; MockObject_MessageHandlerInterface_0ea4e50a Object #209 (
            '__phpunit_state' =&gt; PHPUnit\Framework\MockObject\TestDoubleState Object #211 (
                'configurableMethods' =&gt; Array &amp;49 [
                    0 =&gt; PHPUnit\Framework\MockObject\ConfigurableMethod Object #192,
                    1 =&gt; PHPUnit\Framework\MockObject\ConfigurableMethod Object #188,
                    2 =&gt; PHPUnit\Framework\MockObject\ConfigurableMethod Object #191,
                    3 =&gt; PHPUnit\Framework\MockObject\ConfigurableMethod Object #190,
                ],
                'generateReturnValues' =&gt; true,
                'invocationHandler' =&gt; PHPUnit\Framework\MockObject\InvocationHandler Object #221 (
                    'matchers' =&gt; Array &amp;50 [],
                    'matcherMap' =&gt; Array &amp;51 [],
                    'configurableMethods' =&gt; Array &amp;52 [
                        0 =&gt; PHPUnit\Framework\MockObject\ConfigurableMethod Object #192,
                        1 =&gt; PHPUnit\Framework\MockObject\ConfigurableMethod Object #188,
                        2 =&gt; PHPUnit\Framework\MockObject\ConfigurableMethod Object #191,
                        3 =&gt; PHPUnit\Framework\MockObject\ConfigurableMethod Object #190,
                    ],
                    'returnValueGeneration' =&gt; true,
                ),
                'proxyTarget' =&gt; null,
            ),
        ),
    ],
    'status' =&gt; PHPUnit\Framework\TestStatus\Unknown Object #40 (
        'message' =&gt; '',
    ),
    'numberOfAssertionsPerformed' =&gt; 0,
    'testResult' =&gt; null,
    'output' =&gt; '',
    'outputExpectedRegex' =&gt; null,
    'outputExpectedString' =&gt; null,
    'outputBufferingActive' =&gt; true,
    'outputBufferingLevel' =&gt; 1,
    'outputRetrievedForAssertion' =&gt; false,
    'doesNotPerformAssertions' =&gt; false,
    'customComparators' =&gt; Array &amp;53 [],
    'testValueObjectForEvents' =&gt; PHPUnit\Event\Code\TestMethod Object #66 (
        'file' =&gt; '/home/admin/work/source/php-monorepo/packages/lark-app-bot-bundle/tests/Service/Message/Handler/MessageHandlerRegistryTest.php',
        'className' =&gt; 'Tourze\LarkAppBotBundle\Tests\Service\Message\Handler\MessageHandlerRegistryTest',
        'methodName' =&gt; 'testRemoveHandler',
        'line' =&gt; 109,
        'testDox' =&gt; PHPUnit\Event\Code\TestDox Object #68 (
            'prettifiedClassName' =&gt; 'Message Handler Registry (Tourze\LarkAppBotBundle\Tests\Service\Message\Handler\MessageHandlerRegistry)',
            'prettifiedMethodName' =&gt; 'Remove handler',
            'prettifiedAndColorizedMethodName' =&gt; 'Remove handler',
        ),
        'metadata' =&gt; PHPUnit\Metadata\MetadataCollection Object #69 (
            'metadata' =&gt; Array &amp;54 [
                0 =&gt; PHPUnit\Metadata\CoversClass Object #63 (
                    'level' =&gt; 0,
                    'className' =&gt; 'Tourze\LarkAppBotBundle\Service\Message\Handler\MessageHandlerRegistry',
                ),
                1 =&gt; PHPUnit\Metadata\RunTestsInSeparateProcesses Object #62 (
                    'level' =&gt; 0,
                ),
            ],
        ),
        'testData' =&gt; PHPUnit\Event\TestData\TestDataCollection Object #70 (
            'data' =&gt; Array &amp;55 [],
            'fromDataProvider' =&gt; null,
        ),
    ),
    'wasPrepared' =&gt; true,
    'failureTypes' =&gt; Array &amp;56 [],
    'expectedUserDeprecationMessage' =&gt; Array &amp;57 [],
    'expectedUserDeprecationMessageRegularExpression' =&gt; Array &amp;58 [],
    'entityManager' =&gt; null,
    'entityManagerHelper' =&gt; null,
    'registry' =&gt; Tourze\LarkAppBotBundle\Service\Message\Handler\MessageHandlerRegistry Object #1245 (
        'handlers' =&gt; Array &amp;59 [
            0 =&gt; MockObject_MessageHandlerInterface_0ea4e50a Object #186,
            1 =&gt; MockObject_MessageHandlerInterface_0ea4e50a Object #209,
        ],
        'sorted' =&gt; false,
        'logger' =&gt; Monolog\Logger Object #1243 (
            'name' =&gt; 'lark',
            'handlers' =&gt; Array &amp;60 [
                0 =&gt; Monolog\Handler\FingersCrossedHandler Object #1197 (
                    'handler' =&gt; Monolog\Handler\StreamHandler Object #1196 (
                        'level' =&gt; Monolog\Level Enum #1221 (Debug, 100),
                        'bubble' =&gt; true,
                        'processors' =&gt; Array &amp;61 [
                            0 =&gt; Monolog\Processor\PsrLogMessageProcessor Object #1195 (
                                'dateFormat' =&gt; null,
                                'removeUsedContextFields' =&gt; false,
                            ),
                        ],
                        'formatter' =&gt; null,
                        'streamChunkSize' =&gt; 214748364,
                        'stream' =&gt; null,
                        'url' =&gt; '/tmp/symfony-test-Tourze8fa81a9ee7c504a046ec0084f697705e/var/log/test.log',
                        'errorMessage' =&gt; null,
                        'filePermission' =&gt; null,
                        'useLocking' =&gt; false,
                        'fileOpenMode' =&gt; 'a',
                        'dirCreated' =&gt; null,
                        'retrying' =&gt; false,
                    ),
                    'activationStrategy' =&gt; Symfony\Bridge\Monolog\Handler\FingersCrossed\HttpCodeActivationStrategy Object #1194 (
                        'requestStack' =&gt; Symfony\Component\HttpFoundation\RequestStack Object #1193 (
                            'requests' =&gt; Array &amp;62 [],
                        ),
                        'exclusions' =&gt; Array &amp;63 [
                            0 =&gt; Array &amp;64 [
                                'code' =&gt; 404,
                                'urls' =&gt; Array &amp;65 [],
                            ],
                            1 =&gt; Array &amp;66 [
                                'code' =&gt; 405,
                                'urls' =&gt; Array &amp;67 [],
                            ],
                        ],
                        'inner' =&gt; Monolog\Handler\FingersCrossed\ErrorLevelActivationStrategy Object #1192 (
                            'actionLevel' =&gt; Monolog\Level Enum #1207 (Error, 400),
                        ),
                    ),
                    'buffering' =&gt; true,
                    'bufferSize' =&gt; 0,
                    'buffer' =&gt; Array &amp;68 [
                        0 =&gt; Monolog\LogRecord Object #223 (
                            'datetime' =&gt; Monolog\JsonSerializableDateTimeImmutable Object #222 (
                                'useMicroseconds' =&gt; true,
                                'date' =&gt; '2025-11-05 22:32:29.386244',
                                'timezone_type' =&gt; 3,
                                'timezone' =&gt; 'UTC',
                            ),
                            'channel' =&gt; 'lark',
                            'level' =&gt; Monolog\Level Enum #1221 (Debug, 100),
                            'message' =&gt; '注册消息处理器',
                            'context' =&gt; Array &amp;69 [
                                'handler' =&gt; '',
                                'priority' =&gt; 0,
                            ],
                            'extra' =&gt; Array &amp;70 [],
                            'formatted' =&gt; null,
                        ),
                        1 =&gt; Monolog\LogRecord Object #226 (
                            'datetime' =&gt; Monolog\JsonSerializableDateTimeImmutable Object #225 (
                                'useMicroseconds' =&gt; true,
                                'date' =&gt; '2025-11-05 22:32:29.386273',
                                'timezone_type' =&gt; 3,
                                'timezone' =&gt; 'UTC',
                            ),
                            'channel' =&gt; 'lark',
                            'level' =&gt; Monolog\Level Enum #1221 (Debug, 100),
                            'message' =&gt; '注册消息处理器',
                            'context' =&gt; Array &amp;71 [
                                'handler' =&gt; '',
                                'priority' =&gt; 0,
                            ],
                            'extra' =&gt; Array &amp;72 [],
                            'formatted' =&gt; null,
                        ),
                    ],
                    'stopBuffering' =&gt; true,
                    'passthruLevel' =&gt; null,
                    'bubble' =&gt; true,
                    'processors' =&gt; Array &amp;73 [],
                ),
            ],
            'processors' =&gt; Array &amp;74 [
                0 =&gt; RequestIdBundle\Processor\RequestIdProcessor Object #1198 (
                    'storage' =&gt; RequestIdBundle\Service\RequestIdStorage Object #1199 (
                        'requestId' =&gt; null,
                    ),
                ),
                1 =&gt; RequestIdBundle\Processor\MessengerEventSubscriber Object #1200 (
                    'requestIdStorage' =&gt; RequestIdBundle\Service\RequestIdStorage Object #1199,
                ),
            ],
            'microsecondTimestamps' =&gt; true,
            'timezone' =&gt; DateTimeZone Object #526 (
                'timezone_type' =&gt; 3,
                'timezone' =&gt; 'UTC',
            ),
            'exceptionHandler' =&gt; null,
            'logDepth' =&gt; 0,
            'fiberLogDepth' =&gt; WeakMap Object #525 (),
            'detectCycles' =&gt; true,
        ),
    ),
    'logger' =&gt; MockObject_LoggerInterface_7ef0d4bf Object #522,
) is of type array.

/home/admin/work/source/php-monorepo/packages/lark-app-bot-bundle/tests/Service/Message/Handler/MessageHandlerRegistryTest.php:117</failure>
      </testcase>
      <testcase name="testClear" file="/home/admin/work/source/php-monorepo/packages/lark-app-bot-bundle/tests/Service/Message/Handler/MessageHandlerRegistryTest.php" line="127" class="Tourze\LarkAppBotBundle\Tests\Service\Message\Handler\MessageHandlerRegistryTest" classname="Tourze.LarkAppBotBundle.Tests.Service.Message.Handler.MessageHandlerRegistryTest" assertions="1" time="0.133172">
        <failure type="PHPUnit\Framework\ExpectationFailedException">Tourze\LarkAppBotBundle\Tests\Service\Message\Handler\MessageHandlerRegistryTest::testClear
Failed asserting that Tourze\LarkAppBotBundle\Tests\Service\Message\Handler\MessageHandlerRegistryTest Object #36 (
    'backupGlobals' =&gt; null,
    'backupGlobalsExcludeList' =&gt; Array &amp;0 [],
    'backupStaticProperties' =&gt; null,
    'backupStaticPropertiesExcludeList' =&gt; Array &amp;1 [],
    'snapshot' =&gt; null,
    'backupGlobalErrorHandlers' =&gt; Array &amp;2 [
        0 =&gt; PHPUnit\Runner\ErrorHandler Object #27 (
            'baseline' =&gt; null,
            'enabled' =&gt; true,
            'originalErrorReportingLevel' =&gt; 32767,
            'source' =&gt; PHPUnit\TextUI\Configuration\Source Object #8 (
                'baseline' =&gt; null,
                'ignoreBaseline' =&gt; false,
                'includeDirectories' =&gt; PHPUnit\TextUI\Configuration\FilterDirectoryCollection Object #9 (
                    'directories' =&gt; Array &amp;3 [],
                ),
                'includeFiles' =&gt; PHPUnit\TextUI\Configuration\FileCollection Object #10 (
                    'files' =&gt; Array &amp;4 [],
                ),
                'excludeDirectories' =&gt; PHPUnit\TextUI\Configuration\FilterDirectoryCollection Object #11 (
                    'directories' =&gt; Array &amp;5 [],
                ),
                'excludeFiles' =&gt; PHPUnit\TextUI\Configuration\FileCollection Object #12 (
                    'files' =&gt; Array &amp;6 [],
                ),
                'restrictDeprecations' =&gt; false,
                'restrictNotices' =&gt; false,
                'restrictWarnings' =&gt; false,
                'ignoreSuppressionOfDeprecations' =&gt; false,
                'ignoreSuppressionOfPhpDeprecations' =&gt; false,
                'ignoreSuppressionOfErrors' =&gt; false,
                'ignoreSuppressionOfNotices' =&gt; false,
                'ignoreSuppressionOfPhpNotices' =&gt; false,
                'ignoreSuppressionOfWarnings' =&gt; false,
                'ignoreSuppressionOfPhpWarnings' =&gt; false,
                'ignoreSelfDeprecations' =&gt; false,
                'ignoreDirectDeprecations' =&gt; false,
                'ignoreIndirectDeprecations' =&gt; false,
                'deprecationTriggers' =&gt; Array &amp;7 [
                    'functions' =&gt; Array &amp;8 [],
                    'methods' =&gt; Array &amp;9 [],
                ],
            ),
            'deprecationTriggers' =&gt; Array &amp;10 [
                'functions' =&gt; Array &amp;11 [],
                'methods' =&gt; Array &amp;12 [],
            ],
        ),
    ],
    'backupGlobalExceptionHandlers' =&gt; Array &amp;13 [],
    'runClassInSeparateProcess' =&gt; null,
    'runTestInSeparateProcess' =&gt; null,
    'preserveGlobalState' =&gt; false,
    'inIsolation' =&gt; true,
    'expectedException' =&gt; null,
    'expectedExceptionMessage' =&gt; null,
    'expectedExceptionMessageRegExp' =&gt; null,
    'expectedExceptionCode' =&gt; null,
    'providedTests' =&gt; Array &amp;14 [
        0 =&gt; PHPUnit\Framework\ExecutionOrderDependency Object #39 (
            'className' =&gt; 'Tourze\LarkAppBotBundle\Tests\Service\Message\Handler\MessageHandlerRegistryTest',
            'methodName' =&gt; 'testClear',
            'shallowClone' =&gt; false,
            'deepClone' =&gt; false,
        ),
    ],
    'data' =&gt; Array &amp;15 [],
    'dataName' =&gt; '',
    'methodName' =&gt; 'testClear',
    'groups' =&gt; Array &amp;16 [],
    'dependencies' =&gt; Array &amp;17 [],
    'dependencyInput' =&gt; Array &amp;18 [],
    'iniSettings' =&gt; Array &amp;19 [],
    'locale' =&gt; Array &amp;20 [],
    'mockObjects' =&gt; Array &amp;21 [
        0 =&gt; MockObject_LoggerInterface_13bf5033 Object #522 (
            '__phpunit_state' =&gt; PHPUnit\Framework\MockObject\TestDoubleState Object #150 (
                'configurableMethods' =&gt; Array &amp;22 [
                    0 =&gt; PHPUnit\Framework\MockObject\ConfigurableMethod Object #511 (
                        'name' =&gt; 'emergency',
                        'defaultParameterValues' =&gt; Array &amp;23 [
                            1 =&gt; Array &amp;24 [],
                        ],
                        'numberOfParameters' =&gt; 2,
                        'returnType' =&gt; SebastianBergmann\Type\VoidType Object #143 (),
                    ),
                    1 =&gt; PHPUnit\Framework\MockObject\ConfigurableMethod Object #520 (
                        'name' =&gt; 'alert',
                        'defaultParameterValues' =&gt; Array &amp;25 [
                            1 =&gt; Array &amp;26 [],
                        ],
                        'numberOfParameters' =&gt; 2,
                        'returnType' =&gt; SebastianBergmann\Type\VoidType Object #145 (),
                    ),
                    2 =&gt; PHPUnit\Framework\MockObject\ConfigurableMethod Object #512 (
                        'name' =&gt; 'critical',
                        'defaultParameterValues' =&gt; Array &amp;27 [
                            1 =&gt; Array &amp;28 [],
                        ],
                        'numberOfParameters' =&gt; 2,
                        'returnType' =&gt; SebastianBergmann\Type\VoidType Object #147 (),
                    ),
                    3 =&gt; PHPUnit\Framework\MockObject\ConfigurableMethod Object #513 (
                        'name' =&gt; 'error',
                        'defaultParameterValues' =&gt; Array &amp;29 [
                            1 =&gt; Array &amp;30 [],
                        ],
                        'numberOfParameters' =&gt; 2,
                        'returnType' =&gt; SebastianBergmann\Type\VoidType Object #149 (),
                    ),
                    4 =&gt; PHPUnit\Framework\MockObject\ConfigurableMethod Object #514 (
                        'name' =&gt; 'warning',
                        'defaultParameterValues' =&gt; Array &amp;31 [
                            1 =&gt; Array &amp;32 [],
                        ],
                        'numberOfParameters' =&gt; 2,
                        'returnType' =&gt; SebastianBergmann\Type\VoidType Object #151 (),
                    ),
                    5 =&gt; PHPUnit\Framework\MockObject\ConfigurableMethod Object #515 (
                        'name' =&gt; 'notice',
                        'defaultParameterValues' =&gt; Array &amp;33 [
                            1 =&gt; Array &amp;34 [],
                        ],
                        'numberOfParameters' =&gt; 2,
                        'returnType' =&gt; SebastianBergmann\Type\VoidType Object #153 (),
                    ),
                    6 =&gt; PHPUnit\Framework\MockObject\ConfigurableMethod Object #516 (
                        'name' =&gt; 'info',
                        'defaultParameterValues' =&gt; Array &amp;35 [
                            1 =&gt; Array &amp;36 [],
                        ],
                        'numberOfParameters' =&gt; 2,
                        'returnType' =&gt; SebastianBergmann\Type\VoidType Object #155 (),
                    ),
                    7 =&gt; PHPUnit\Framework\MockObject\ConfigurableMethod Object #517 (
                        'name' =&gt; 'debug',
                        'defaultParameterValues' =&gt; Array &amp;37 [
                            1 =&gt; Array &amp;38 [],
                        ],
                        'numberOfParameters' =&gt; 2,
                        'returnType' =&gt; SebastianBergmann\Type\VoidType Object #157 (),
                    ),
                    8 =&gt; PHPUnit\Framework\MockObject\ConfigurableMethod Object #518 (
                        'name' =&gt; 'log',
                        'defaultParameterValues' =&gt; Array &amp;39 [
                            2 =&gt; Array &amp;40 [],
                        ],
                        'numberOfParameters' =&gt; 3,
                        'returnType' =&gt; SebastianBergmann\Type\VoidType Object #156 (),
                    ),
                ],
                'generateReturnValues' =&gt; true,
                'invocationHandler' =&gt; null,
                'proxyTarget' =&gt; null,
            ),
        ),
        1 =&gt; MockObject_MessageHandlerInterface_ebdc3e47 Object #186 (
            '__phpunit_state' =&gt; PHPUnit\Framework\MockObject\TestDoubleState Object #194 (
                'configurableMethods' =&gt; Array &amp;41 [
                    0 =&gt; PHPUnit\Framework\MockObject\ConfigurableMethod Object #192 (
                        'name' =&gt; 'supports',
                        'defaultParameterValues' =&gt; Array &amp;42 [],
                        'numberOfParameters' =&gt; 1,
                        'returnType' =&gt; SebastianBergmann\Type\SimpleType Object #198 (
                            'name' =&gt; 'bool',
                            'allowsNull' =&gt; false,
                            'value' =&gt; null,
                        ),
                    ),
                    1 =&gt; PHPUnit\Framework\MockObject\ConfigurableMethod Object #188 (
                        'name' =&gt; 'handle',
                        'defaultParameterValues' =&gt; Array &amp;43 [],
                        'numberOfParameters' =&gt; 1,
                        'returnType' =&gt; SebastianBergmann\Type\VoidType Object #200 (),
                    ),
                    2 =&gt; PHPUnit\Framework\MockObject\ConfigurableMethod Object #191 (
                        'name' =&gt; 'getPriority',
                        'defaultParameterValues' =&gt; Array &amp;44 [],
                        'numberOfParameters' =&gt; 0,
                        'returnType' =&gt; SebastianBergmann\Type\SimpleType Object #196 (
                            'name' =&gt; 'int',
                            'allowsNull' =&gt; false,
                            'value' =&gt; null,
                        ),
                    ),
                    3 =&gt; PHPUnit\Framework\MockObject\ConfigurableMethod Object #190 (
                        'name' =&gt; 'getName',
                        'defaultParameterValues' =&gt; Array &amp;45 [],
                        'numberOfParameters' =&gt; 0,
                        'returnType' =&gt; SebastianBergmann\Type\SimpleType Object #202 (
                            'name' =&gt; 'string',
                            'allowsNull' =&gt; false,
                            'value' =&gt; null,
                        ),
                    ),
                ],
                'generateReturnValues' =&gt; true,
                'invocationHandler' =&gt; PHPUnit\Framework\MockObject\InvocationHandler Object #207 (
                    'matchers' =&gt; Array &amp;46 [],
                    'matcherMap' =&gt; Array &amp;47 [],
                    'configurableMethods' =&gt; Array &amp;48 [
                        0 =&gt; PHPUnit\Framework\MockObject\ConfigurableMethod Object #192,
                        1 =&gt; PHPUnit\Framework\MockObject\ConfigurableMethod Object #188,
                        2 =&gt; PHPUnit\Framework\MockObject\ConfigurableMethod Object #191,
                        3 =&gt; PHPUnit\Framework\MockObject\ConfigurableMethod Object #190,
                    ],
                    'returnValueGeneration' =&gt; true,
                ),
                'proxyTarget' =&gt; null,
            ),
        ),
    ],
    'status' =&gt; PHPUnit\Framework\TestStatus\Unknown Object #40 (
        'message' =&gt; '',
    ),
    'numberOfAssertionsPerformed' =&gt; 0,
    'testResult' =&gt; null,
    'output' =&gt; '',
    'outputExpectedRegex' =&gt; null,
    'outputExpectedString' =&gt; null,
    'outputBufferingActive' =&gt; true,
    'outputBufferingLevel' =&gt; 1,
    'outputRetrievedForAssertion' =&gt; false,
    'doesNotPerformAssertions' =&gt; false,
    'customComparators' =&gt; Array &amp;49 [],
    'testValueObjectForEvents' =&gt; PHPUnit\Event\Code\TestMethod Object #66 (
        'file' =&gt; '/home/admin/work/source/php-monorepo/packages/lark-app-bot-bundle/tests/Service/Message/Handler/MessageHandlerRegistryTest.php',
        'className' =&gt; 'Tourze\LarkAppBotBundle\Tests\Service\Message\Handler\MessageHandlerRegistryTest',
        'methodName' =&gt; 'testClear',
        'line' =&gt; 127,
        'testDox' =&gt; PHPUnit\Event\Code\TestDox Object #68 (
            'prettifiedClassName' =&gt; 'Message Handler Registry (Tourze\LarkAppBotBundle\Tests\Service\Message\Handler\MessageHandlerRegistry)',
            'prettifiedMethodName' =&gt; 'Clear',
            'prettifiedAndColorizedMethodName' =&gt; 'Clear',
        ),
        'metadata' =&gt; PHPUnit\Metadata\MetadataCollection Object #69 (
            'metadata' =&gt; Array &amp;50 [
                0 =&gt; PHPUnit\Metadata\CoversClass Object #63 (
                    'level' =&gt; 0,
                    'className' =&gt; 'Tourze\LarkAppBotBundle\Service\Message\Handler\MessageHandlerRegistry',
                ),
                1 =&gt; PHPUnit\Metadata\RunTestsInSeparateProcesses Object #62 (
                    'level' =&gt; 0,
                ),
            ],
        ),
        'testData' =&gt; PHPUnit\Event\TestData\TestDataCollection Object #70 (
            'data' =&gt; Array &amp;51 [],
            'fromDataProvider' =&gt; null,
        ),
    ),
    'wasPrepared' =&gt; true,
    'failureTypes' =&gt; Array &amp;52 [],
    'expectedUserDeprecationMessage' =&gt; Array &amp;53 [],
    'expectedUserDeprecationMessageRegularExpression' =&gt; Array &amp;54 [],
    'entityManager' =&gt; null,
    'entityManagerHelper' =&gt; null,
    'registry' =&gt; Tourze\LarkAppBotBundle\Service\Message\Handler\MessageHandlerRegistry Object #1245 (
        'handlers' =&gt; Array &amp;55 [
            0 =&gt; MockObject_MessageHandlerInterface_ebdc3e47 Object #186,
        ],
        'sorted' =&gt; false,
        'logger' =&gt; Monolog\Logger Object #1243 (
            'name' =&gt; 'lark',
            'handlers' =&gt; Array &amp;56 [
                0 =&gt; Monolog\Handler\FingersCrossedHandler Object #1197 (
                    'handler' =&gt; Monolog\Handler\StreamHandler Object #1196 (
                        'level' =&gt; Monolog\Level Enum #1221 (Debug, 100),
                        'bubble' =&gt; true,
                        'processors' =&gt; Array &amp;57 [
                            0 =&gt; Monolog\Processor\PsrLogMessageProcessor Object #1195 (
                                'dateFormat' =&gt; null,
                                'removeUsedContextFields' =&gt; false,
                            ),
                        ],
                        'formatter' =&gt; null,
                        'streamChunkSize' =&gt; 214748364,
                        'stream' =&gt; null,
                        'url' =&gt; '/tmp/symfony-test-Tourze8fa81a9ee7c504a046ec0084f697705e/var/log/test.log',
                        'errorMessage' =&gt; null,
                        'filePermission' =&gt; null,
                        'useLocking' =&gt; false,
                        'fileOpenMode' =&gt; 'a',
                        'dirCreated' =&gt; null,
                        'retrying' =&gt; false,
                    ),
                    'activationStrategy' =&gt; Symfony\Bridge\Monolog\Handler\FingersCrossed\HttpCodeActivationStrategy Object #1194 (
                        'requestStack' =&gt; Symfony\Component\HttpFoundation\RequestStack Object #1193 (
                            'requests' =&gt; Array &amp;58 [],
                        ),
                        'exclusions' =&gt; Array &amp;59 [
                            0 =&gt; Array &amp;60 [
                                'code' =&gt; 404,
                                'urls' =&gt; Array &amp;61 [],
                            ],
                            1 =&gt; Array &amp;62 [
                                'code' =&gt; 405,
                                'urls' =&gt; Array &amp;63 [],
                            ],
                        ],
                        'inner' =&gt; Monolog\Handler\FingersCrossed\ErrorLevelActivationStrategy Object #1192 (
                            'actionLevel' =&gt; Monolog\Level Enum #1207 (Error, 400),
                        ),
                    ),
                    'buffering' =&gt; true,
                    'bufferSize' =&gt; 0,
                    'buffer' =&gt; Array &amp;64 [
                        0 =&gt; Monolog\LogRecord Object #210 (
                            'datetime' =&gt; Monolog\JsonSerializableDateTimeImmutable Object #209 (
                                'useMicroseconds' =&gt; true,
                                'date' =&gt; '2025-11-05 22:32:29.615202',
                                'timezone_type' =&gt; 3,
                                'timezone' =&gt; 'UTC',
                            ),
                            'channel' =&gt; 'lark',
                            'level' =&gt; Monolog\Level Enum #1221 (Debug, 100),
                            'message' =&gt; '注册消息处理器',
                            'context' =&gt; Array &amp;65 [
                                'handler' =&gt; '',
                                'priority' =&gt; 0,
                            ],
                            'extra' =&gt; Array &amp;66 [],
                            'formatted' =&gt; null,
                        ),
                    ],
                    'stopBuffering' =&gt; true,
                    'passthruLevel' =&gt; null,
                    'bubble' =&gt; true,
                    'processors' =&gt; Array &amp;67 [],
                ),
            ],
            'processors' =&gt; Array &amp;68 [
                0 =&gt; RequestIdBundle\Processor\RequestIdProcessor Object #1198 (
                    'storage' =&gt; RequestIdBundle\Service\RequestIdStorage Object #1199 (
                        'requestId' =&gt; null,
                    ),
                ),
                1 =&gt; RequestIdBundle\Processor\MessengerEventSubscriber Object #1200 (
                    'requestIdStorage' =&gt; RequestIdBundle\Service\RequestIdStorage Object #1199,
                ),
            ],
            'microsecondTimestamps' =&gt; true,
            'timezone' =&gt; DateTimeZone Object #526 (
                'timezone_type' =&gt; 3,
                'timezone' =&gt; 'UTC',
            ),
            'exceptionHandler' =&gt; null,
            'logDepth' =&gt; 0,
            'fiberLogDepth' =&gt; WeakMap Object #525 (),
            'detectCycles' =&gt; true,
        ),
    ),
    'logger' =&gt; MockObject_LoggerInterface_13bf5033 Object #522,
) is of type array.

/home/admin/work/source/php-monorepo/packages/lark-app-bot-bundle/tests/Service/Message/Handler/MessageHandlerRegistryTest.php:132</failure>
      </testcase>
      <testcase name="testCount" file="/home/admin/work/source/php-monorepo/packages/lark-app-bot-bundle/tests/Service/Message/Handler/MessageHandlerRegistryTest.php" line="140" class="Tourze\LarkAppBotBundle\Tests\Service\Message\Handler\MessageHandlerRegistryTest" classname="Tourze.LarkAppBotBundle.Tests.Service.Message.Handler.MessageHandlerRegistryTest" assertions="1" time="0.133598"/>
      <testcase name="testHandlerExceptionDoesNotStopOthers" file="/home/admin/work/source/php-monorepo/packages/lark-app-bot-bundle/tests/Service/Message/Handler/MessageHandlerRegistryTest.php" line="147" class="Tourze\LarkAppBotBundle\Tests\Service\Message\Handler\MessageHandlerRegistryTest" classname="Tourze.LarkAppBotBundle.Tests.Service.Message.Handler.MessageHandlerRegistryTest" assertions="1" time="0.137537">
        <failure type="PHPUnit\Framework\ExpectationFailedException">Tourze\LarkAppBotBundle\Tests\Service\Message\Handler\MessageHandlerRegistryTest::testHandlerExceptionDoesNotStopOthers
Expectation failed for method name is "error" when invoked 1 time.
Method was expected to be called 1 time, actually called 0 times.</failure>
      </testcase>
    </testsuite>
    <testsuite name="Tourze\LarkAppBotBundle\Tests\Service\Message\MessageServiceTest" file="/home/admin/work/source/php-monorepo/packages/lark-app-bot-bundle/tests/Service/Message/MessageServiceTest.php" tests="19" assertions="116" errors="0" failures="0" skipped="0" time="2.403247">
      <testcase name="testShouldHaveRunTestsInSeparateProcesses" file="/home/admin/work/source/php-monorepo/packages/phpunit-symfony-kernel-test/src/AbstractIntegrationTestCase.php" line="919" class="Tourze\LarkAppBotBundle\Tests\Service\Message\MessageServiceTest" classname="Tourze.LarkAppBotBundle.Tests.Service.Message.MessageServiceTest" assertions="2" time="0.135283"/>
      <testcase name="testSendTextMessage" file="/home/admin/work/source/php-monorepo/packages/lark-app-bot-bundle/tests/Service/Message/MessageServiceTest.php" line="32" class="Tourze\LarkAppBotBundle\Tests\Service\Message\MessageServiceTest" classname="Tourze.LarkAppBotBundle.Tests.Service.Message.MessageServiceTest" assertions="8" time="0.136429"/>
      <testcase name="testSendWithBuilder" file="/home/admin/work/source/php-monorepo/packages/lark-app-bot-bundle/tests/Service/Message/MessageServiceTest.php" line="74" class="Tourze\LarkAppBotBundle\Tests\Service\Message\MessageServiceTest" classname="Tourze.LarkAppBotBundle.Tests.Service.Message.MessageServiceTest" assertions="4" time="0.132944"/>
      <testcase name="testValidateMsgTypeThrowsException" file="/home/admin/work/source/php-monorepo/packages/lark-app-bot-bundle/tests/Service/Message/MessageServiceTest.php" line="106" class="Tourze\LarkAppBotBundle\Tests\Service\Message\MessageServiceTest" classname="Tourze.LarkAppBotBundle.Tests.Service.Message.MessageServiceTest" assertions="3" time="0.130600"/>
      <testcase name="testValidateReceiveIdTypeThrowsException" file="/home/admin/work/source/php-monorepo/packages/lark-app-bot-bundle/tests/Service/Message/MessageServiceTest.php" line="114" class="Tourze\LarkAppBotBundle\Tests\Service\Message\MessageServiceTest" classname="Tourze.LarkAppBotBundle.Tests.Service.Message.MessageServiceTest" assertions="3" time="0.131219"/>
      <testcase name="testReplyMessage" file="/home/admin/work/source/php-monorepo/packages/lark-app-bot-bundle/tests/Service/Message/MessageServiceTest.php" line="127" class="Tourze\LarkAppBotBundle\Tests\Service\Message\MessageServiceTest" classname="Tourze.LarkAppBotBundle.Tests.Service.Message.MessageServiceTest" assertions="8" time="0.132475"/>
      <testcase name="testEditMessage" file="/home/admin/work/source/php-monorepo/packages/lark-app-bot-bundle/tests/Service/Message/MessageServiceTest.php" line="170" class="Tourze\LarkAppBotBundle\Tests\Service\Message\MessageServiceTest" classname="Tourze.LarkAppBotBundle.Tests.Service.Message.MessageServiceTest" assertions="6" time="0.133696"/>
      <testcase name="testRecallMessage" file="/home/admin/work/source/php-monorepo/packages/lark-app-bot-bundle/tests/Service/Message/MessageServiceTest.php" line="213" class="Tourze\LarkAppBotBundle\Tests\Service\Message\MessageServiceTest" classname="Tourze.LarkAppBotBundle.Tests.Service.Message.MessageServiceTest" assertions="7" time="0.138707"/>
      <testcase name="testGetMessage" file="/home/admin/work/source/php-monorepo/packages/lark-app-bot-bundle/tests/Service/Message/MessageServiceTest.php" line="249" class="Tourze\LarkAppBotBundle\Tests\Service\Message\MessageServiceTest" classname="Tourze.LarkAppBotBundle.Tests.Service.Message.MessageServiceTest" assertions="7" time="0.133785"/>
      <testcase name="testSendBatchMessage" file="/home/admin/work/source/php-monorepo/packages/lark-app-bot-bundle/tests/Service/Message/MessageServiceTest.php" line="287" class="Tourze\LarkAppBotBundle\Tests\Service\Message\MessageServiceTest" classname="Tourze.LarkAppBotBundle.Tests.Service.Message.MessageServiceTest" assertions="8" time="0.136089"/>
      <testcase name="testSendBatchMessageWithEmptyReceiversThrowsException" file="/home/admin/work/source/php-monorepo/packages/lark-app-bot-bundle/tests/Service/Message/MessageServiceTest.php" line="333" class="Tourze\LarkAppBotBundle\Tests\Service\Message\MessageServiceTest" classname="Tourze.LarkAppBotBundle.Tests.Service.Message.MessageServiceTest" assertions="3" time="0.132120"/>
      <testcase name="testSendBatchMessageWithTooManyReceiversThrowsException" file="/home/admin/work/source/php-monorepo/packages/lark-app-bot-bundle/tests/Service/Message/MessageServiceTest.php" line="343" class="Tourze\LarkAppBotBundle\Tests\Service\Message\MessageServiceTest" classname="Tourze.LarkAppBotBundle.Tests.Service.Message.MessageServiceTest" assertions="3" time="0.137514"/>
      <testcase name="testGetSupportedMsgTypes" file="/home/admin/work/source/php-monorepo/packages/lark-app-bot-bundle/tests/Service/Message/MessageServiceTest.php" line="356" class="Tourze\LarkAppBotBundle\Tests\Service\Message\MessageServiceTest" classname="Tourze.LarkAppBotBundle.Tests.Service.Message.MessageServiceTest" assertions="6" time="0.132612"/>
      <testcase name="testSendCard" file="/home/admin/work/source/php-monorepo/packages/lark-app-bot-bundle/tests/Service/Message/MessageServiceTest.php" line="367" class="Tourze\LarkAppBotBundle\Tests\Service\Message\MessageServiceTest" classname="Tourze.LarkAppBotBundle.Tests.Service.Message.MessageServiceTest" assertions="8" time="0.133142"/>
      <testcase name="testSendCardWithRootId" file="/home/admin/work/source/php-monorepo/packages/lark-app-bot-bundle/tests/Service/Message/MessageServiceTest.php" line="415" class="Tourze\LarkAppBotBundle\Tests\Service\Message\MessageServiceTest" classname="Tourze.LarkAppBotBundle.Tests.Service.Message.MessageServiceTest" assertions="8" time="0.132585"/>
      <testcase name="testSendFile" file="/home/admin/work/source/php-monorepo/packages/lark-app-bot-bundle/tests/Service/Message/MessageServiceTest.php" line="465" class="Tourze\LarkAppBotBundle\Tests\Service\Message\MessageServiceTest" classname="Tourze.LarkAppBotBundle.Tests.Service.Message.MessageServiceTest" assertions="8" time="0.132063"/>
      <testcase name="testSendImage" file="/home/admin/work/source/php-monorepo/packages/lark-app-bot-bundle/tests/Service/Message/MessageServiceTest.php" line="507" class="Tourze\LarkAppBotBundle\Tests\Service\Message\MessageServiceTest" classname="Tourze.LarkAppBotBundle.Tests.Service.Message.MessageServiceTest" assertions="8" time="0.086143"/>
      <testcase name="testSendRichText" file="/home/admin/work/source/php-monorepo/packages/lark-app-bot-bundle/tests/Service/Message/MessageServiceTest.php" line="549" class="Tourze\LarkAppBotBundle\Tests\Service\Message\MessageServiceTest" classname="Tourze.LarkAppBotBundle.Tests.Service.Message.MessageServiceTest" assertions="8" time="0.088352"/>
      <testcase name="testSendRichTextWithRootId" file="/home/admin/work/source/php-monorepo/packages/lark-app-bot-bundle/tests/Service/Message/MessageServiceTest.php" line="598" class="Tourze\LarkAppBotBundle\Tests\Service\Message\MessageServiceTest" classname="Tourze.LarkAppBotBundle.Tests.Service.Message.MessageServiceTest" assertions="8" time="0.087489"/>
    </testsuite>
    <testsuite name="Tourze\LarkAppBotBundle\Tests\Service\Message\SendResultTest" file="/home/admin/work/source/php-monorepo/packages/lark-app-bot-bundle/tests/Service/Message/SendResultTest.php" tests="8" assertions="48" errors="0" failures="0" skipped="0" time="0.000424">
      <testcase name="testSuccessfulResult" file="/home/admin/work/source/php-monorepo/packages/lark-app-bot-bundle/tests/Service/Message/SendResultTest.php" line="17" class="Tourze\LarkAppBotBundle\Tests\Service\Message\SendResultTest" classname="Tourze.LarkAppBotBundle.Tests.Service.Message.SendResultTest" assertions="4" time="0.000177"/>
      <testcase name="testFailedResult" file="/home/admin/work/source/php-monorepo/packages/lark-app-bot-bundle/tests/Service/Message/SendResultTest.php" line="32" class="Tourze\LarkAppBotBundle\Tests\Service\Message\SendResultTest" classname="Tourze.LarkAppBotBundle.Tests.Service.Message.SendResultTest" assertions="4" time="0.000044"/>
      <testcase name="testFailedResultWithMessageId" file="/home/admin/work/source/php-monorepo/packages/lark-app-bot-bundle/tests/Service/Message/SendResultTest.php" line="47" class="Tourze\LarkAppBotBundle\Tests\Service\Message\SendResultTest" classname="Tourze.LarkAppBotBundle.Tests.Service.Message.SendResultTest" assertions="4" time="0.000037"/>
      <testcase name="testDefaultErrorCode" file="/home/admin/work/source/php-monorepo/packages/lark-app-bot-bundle/tests/Service/Message/SendResultTest.php" line="63" class="Tourze\LarkAppBotBundle\Tests\Service\Message\SendResultTest" classname="Tourze.LarkAppBotBundle.Tests.Service.Message.SendResultTest" assertions="4" time="0.000033"/>
      <testcase name="testReadonlyProperties" file="/home/admin/work/source/php-monorepo/packages/lark-app-bot-bundle/tests/Service/Message/SendResultTest.php" line="78" class="Tourze\LarkAppBotBundle\Tests\Service\Message\SendResultTest" classname="Tourze.LarkAppBotBundle.Tests.Service.Message.SendResultTest" assertions="4" time="0.000035"/>
      <testcase name="testDifferentErrorScenarios" file="/home/admin/work/source/php-monorepo/packages/lark-app-bot-bundle/tests/Service/Message/SendResultTest.php" line="94" class="Tourze\LarkAppBotBundle\Tests\Service\Message\SendResultTest" classname="Tourze.LarkAppBotBundle.Tests.Service.Message.SendResultTest" assertions="20" time="0.000038"/>
      <testcase name="testSuccessWithoutMessageId" file="/home/admin/work/source/php-monorepo/packages/lark-app-bot-bundle/tests/Service/Message/SendResultTest.php" line="118" class="Tourze\LarkAppBotBundle\Tests\Service\Message\SendResultTest" classname="Tourze.LarkAppBotBundle.Tests.Service.Message.SendResultTest" assertions="4" time="0.000030"/>
      <testcase name="testSuccessWithErrorInfo" file="/home/admin/work/source/php-monorepo/packages/lark-app-bot-bundle/tests/Service/Message/SendResultTest.php" line="134" class="Tourze\LarkAppBotBundle\Tests\Service\Message\SendResultTest" classname="Tourze.LarkAppBotBundle.Tests.Service.Message.SendResultTest" assertions="4" time="0.000029"/>
    </testsuite>
    <testsuite name="Tourze\LarkAppBotBundle\Tests\Service\Message\Template\CardTemplateManagerIntegrationTest" file="/home/admin/work/source/php-monorepo/packages/lark-app-bot-bundle/tests/Service/Message/Template/CardTemplateManagerIntegrationTest.php" tests="5" assertions="25" errors="0" failures="0" skipped="0" time="0.436949">
      <testcase name="testShouldHaveRunTestsInSeparateProcesses" file="/home/admin/work/source/php-monorepo/packages/phpunit-symfony-kernel-test/src/AbstractIntegrationTestCase.php" line="919" class="Tourze\LarkAppBotBundle\Tests\Service\Message\Template\CardTemplateManagerIntegrationTest" classname="Tourze.LarkAppBotBundle.Tests.Service.Message.Template.CardTemplateManagerIntegrationTest" assertions="1" time="0.086614"/>
      <testcase name="testCardTemplate" file="/home/admin/work/source/php-monorepo/packages/lark-app-bot-bundle/tests/Service/Message/Template/CardTemplateManagerIntegrationTest.php" line="24" class="Tourze\LarkAppBotBundle\Tests\Service\Message\Template\CardTemplateManagerIntegrationTest" classname="Tourze.LarkAppBotBundle.Tests.Service.Message.Template.CardTemplateManagerIntegrationTest" assertions="8" time="0.085966"/>
      <testcase name="testCustomTemplate" file="/home/admin/work/source/php-monorepo/packages/lark-app-bot-bundle/tests/Service/Message/Template/CardTemplateManagerIntegrationTest.php" line="63" class="Tourze\LarkAppBotBundle\Tests\Service\Message\Template\CardTemplateManagerIntegrationTest" classname="Tourze.LarkAppBotBundle.Tests.Service.Message.Template.CardTemplateManagerIntegrationTest" assertions="2" time="0.090415"/>
      <testcase name="testApplyTemplate" file="/home/admin/work/source/php-monorepo/packages/lark-app-bot-bundle/tests/Service/Message/Template/CardTemplateManagerIntegrationTest.php" line="89" class="Tourze\LarkAppBotBundle\Tests\Service\Message\Template\CardTemplateManagerIntegrationTest" classname="Tourze.LarkAppBotBundle.Tests.Service.Message.Template.CardTemplateManagerIntegrationTest" assertions="5" time="0.086623"/>
      <testcase name="testRegisterTemplate" file="/home/admin/work/source/php-monorepo/packages/lark-app-bot-bundle/tests/Service/Message/Template/CardTemplateManagerIntegrationTest.php" line="113" class="Tourze\LarkAppBotBundle\Tests\Service\Message\Template\CardTemplateManagerIntegrationTest" classname="Tourze.LarkAppBotBundle.Tests.Service.Message.Template.CardTemplateManagerIntegrationTest" assertions="9" time="0.087331"/>
    </testsuite>
    <testsuite name="Tourze\LarkAppBotBundle\Tests\Service\Message\Template\CardTemplateManagerTest" file="/home/admin/work/source/php-monorepo/packages/lark-app-bot-bundle/tests/Service/Message/Template/CardTemplateManagerTest.php" tests="12" assertions="44" errors="0" failures="0" skipped="0" time="1.028166">
      <testcase name="testShouldHaveRunTestsInSeparateProcesses" file="/home/admin/work/source/php-monorepo/packages/phpunit-symfony-kernel-test/src/AbstractIntegrationTestCase.php" line="919" class="Tourze\LarkAppBotBundle\Tests\Service\Message\Template\CardTemplateManagerTest" classname="Tourze.LarkAppBotBundle.Tests.Service.Message.Template.CardTemplateManagerTest" assertions="1" time="0.083327"/>
      <testcase name="testConstructor" file="/home/admin/work/source/php-monorepo/packages/lark-app-bot-bundle/tests/Service/Message/Template/CardTemplateManagerTest.php" line="20" class="Tourze\LarkAppBotBundle\Tests\Service\Message\Template\CardTemplateManagerTest" classname="Tourze.LarkAppBotBundle.Tests.Service.Message.Template.CardTemplateManagerTest" assertions="9" time="0.085081"/>
      <testcase name="testRegisterTemplate" file="/home/admin/work/source/php-monorepo/packages/lark-app-bot-bundle/tests/Service/Message/Template/CardTemplateManagerTest.php" line="35" class="Tourze\LarkAppBotBundle\Tests\Service\Message\Template\CardTemplateManagerTest" classname="Tourze.LarkAppBotBundle.Tests.Service.Message.Template.CardTemplateManagerTest" assertions="2" time="0.085687"/>
      <testcase name="testGetTemplate" file="/home/admin/work/source/php-monorepo/packages/lark-app-bot-bundle/tests/Service/Message/Template/CardTemplateManagerTest.php" line="49" class="Tourze\LarkAppBotBundle\Tests\Service\Message\Template\CardTemplateManagerTest" classname="Tourze.LarkAppBotBundle.Tests.Service.Message.Template.CardTemplateManagerTest" assertions="2" time="0.083869"/>
      <testcase name="testApplyTemplateWithValidTemplate" file="/home/admin/work/source/php-monorepo/packages/lark-app-bot-bundle/tests/Service/Message/Template/CardTemplateManagerTest.php" line="59" class="Tourze\LarkAppBotBundle\Tests\Service\Message\Template\CardTemplateManagerTest" classname="Tourze.LarkAppBotBundle.Tests.Service.Message.Template.CardTemplateManagerTest" assertions="6" time="0.088561"/>
      <testcase name="testApplyTemplateWithInvalidTemplate" file="/home/admin/work/source/php-monorepo/packages/lark-app-bot-bundle/tests/Service/Message/Template/CardTemplateManagerTest.php" line="100" class="Tourze\LarkAppBotBundle\Tests\Service\Message\Template\CardTemplateManagerTest" classname="Tourze.LarkAppBotBundle.Tests.Service.Message.Template.CardTemplateManagerTest" assertions="1" time="0.084122"/>
      <testcase name="testGetTemplateNames" file="/home/admin/work/source/php-monorepo/packages/lark-app-bot-bundle/tests/Service/Message/Template/CardTemplateManagerTest.php" line="114" class="Tourze\LarkAppBotBundle\Tests\Service\Message\Template\CardTemplateManagerTest" classname="Tourze.LarkAppBotBundle.Tests.Service.Message.Template.CardTemplateManagerTest" assertions="9" time="0.086289"/>
      <testcase name="testHasTemplate" file="/home/admin/work/source/php-monorepo/packages/lark-app-bot-bundle/tests/Service/Message/Template/CardTemplateManagerTest.php" line="129" class="Tourze\LarkAppBotBundle\Tests\Service\Message\Template\CardTemplateManagerTest" classname="Tourze.LarkAppBotBundle.Tests.Service.Message.Template.CardTemplateManagerTest" assertions="2" time="0.083967"/>
      <testcase name="testApprovalTemplate" file="/home/admin/work/source/php-monorepo/packages/lark-app-bot-bundle/tests/Service/Message/Template/CardTemplateManagerTest.php" line="136" class="Tourze\LarkAppBotBundle\Tests\Service\Message\Template\CardTemplateManagerTest" classname="Tourze.LarkAppBotBundle.Tests.Service.Message.Template.CardTemplateManagerTest" assertions="4" time="0.084182"/>
      <testcase name="testTaskTemplate" file="/home/admin/work/source/php-monorepo/packages/lark-app-bot-bundle/tests/Service/Message/Template/CardTemplateManagerTest.php" line="180" class="Tourze\LarkAppBotBundle\Tests\Service\Message\Template\CardTemplateManagerTest" classname="Tourze.LarkAppBotBundle.Tests.Service.Message.Template.CardTemplateManagerTest" assertions="3" time="0.091218"/>
      <testcase name="testReportTemplateWithMetricsAndChart" file="/home/admin/work/source/php-monorepo/packages/lark-app-bot-bundle/tests/Service/Message/Template/CardTemplateManagerTest.php" line="226" class="Tourze\LarkAppBotBundle\Tests\Service\Message\Template\CardTemplateManagerTest" classname="Tourze.LarkAppBotBundle.Tests.Service.Message.Template.CardTemplateManagerTest" assertions="3" time="0.086717"/>
      <testcase name="testPollTemplateWithOptions" file="/home/admin/work/source/php-monorepo/packages/lark-app-bot-bundle/tests/Service/Message/Template/CardTemplateManagerTest.php" line="278" class="Tourze\LarkAppBotBundle\Tests\Service\Message\Template\CardTemplateManagerTest" classname="Tourze.LarkAppBotBundle.Tests.Service.Message.Template.CardTemplateManagerTest" assertions="2" time="0.085147"/>
    </testsuite>
    <testsuite name="Tourze\LarkAppBotBundle\Tests\Service\Message\Template\NotificationMessageTemplateTest" file="/home/admin/work/source/php-monorepo/packages/lark-app-bot-bundle/tests/Service/Message/Template/NotificationMessageTemplateTest.php" tests="10" assertions="43" errors="0" failures="0" skipped="0" time="0.000662">
      <testcase name="testGetName" file="/home/admin/work/source/php-monorepo/packages/lark-app-bot-bundle/tests/Service/Message/Template/NotificationMessageTemplateTest.php" line="24" class="Tourze\LarkAppBotBundle\Tests\Service\Message\Template\NotificationMessageTemplateTest" classname="Tourze.LarkAppBotBundle.Tests.Service.Message.Template.NotificationMessageTemplateTest" assertions="1" time="0.000140"/>
      <testcase name="testGetDescription" file="/home/admin/work/source/php-monorepo/packages/lark-app-bot-bundle/tests/Service/Message/Template/NotificationMessageTemplateTest.php" line="29" class="Tourze\LarkAppBotBundle\Tests\Service\Message\Template\NotificationMessageTemplateTest" classname="Tourze.LarkAppBotBundle.Tests.Service.Message.Template.NotificationMessageTemplateTest" assertions="1" time="0.000040"/>
      <testcase name="testGetRequiredVariables" file="/home/admin/work/source/php-monorepo/packages/lark-app-bot-bundle/tests/Service/Message/Template/NotificationMessageTemplateTest.php" line="34" class="Tourze\LarkAppBotBundle\Tests\Service\Message\Template\NotificationMessageTemplateTest" classname="Tourze.LarkAppBotBundle.Tests.Service.Message.Template.NotificationMessageTemplateTest" assertions="4" time="0.000052"/>
      <testcase name="testRenderWithMinimalVariables" file="/home/admin/work/source/php-monorepo/packages/lark-app-bot-bundle/tests/Service/Message/Template/NotificationMessageTemplateTest.php" line="44" class="Tourze\LarkAppBotBundle\Tests\Service\Message\Template\NotificationMessageTemplateTest" classname="Tourze.LarkAppBotBundle.Tests.Service.Message.Template.NotificationMessageTemplateTest" assertions="7" time="0.000106"/>
      <testcase name="testRenderWithDifferentLevels" file="/home/admin/work/source/php-monorepo/packages/lark-app-bot-bundle/tests/Service/Message/Template/NotificationMessageTemplateTest.php" line="65" class="Tourze\LarkAppBotBundle\Tests\Service\Message\Template\NotificationMessageTemplateTest" classname="Tourze.LarkAppBotBundle.Tests.Service.Message.Template.NotificationMessageTemplateTest" assertions="4" time="0.000061"/>
      <testcase name="testRenderWithMentions" file="/home/admin/work/source/php-monorepo/packages/lark-app-bot-bundle/tests/Service/Message/Template/NotificationMessageTemplateTest.php" line="88" class="Tourze\LarkAppBotBundle\Tests\Service\Message\Template\NotificationMessageTemplateTest" classname="Tourze.LarkAppBotBundle.Tests.Service.Message.Template.NotificationMessageTemplateTest" assertions="7" time="0.000051"/>
      <testcase name="testRenderWithActions" file="/home/admin/work/source/php-monorepo/packages/lark-app-bot-bundle/tests/Service/Message/Template/NotificationMessageTemplateTest.php" line="112" class="Tourze\LarkAppBotBundle\Tests\Service\Message\Template\NotificationMessageTemplateTest" classname="Tourze.LarkAppBotBundle.Tests.Service.Message.Template.NotificationMessageTemplateTest" assertions="6" time="0.000057"/>
      <testcase name="testRenderWithCustomTime" file="/home/admin/work/source/php-monorepo/packages/lark-app-bot-bundle/tests/Service/Message/Template/NotificationMessageTemplateTest.php" line="136" class="Tourze\LarkAppBotBundle\Tests\Service\Message\Template\NotificationMessageTemplateTest" classname="Tourze.LarkAppBotBundle.Tests.Service.Message.Template.NotificationMessageTemplateTest" assertions="2" time="0.000049"/>
      <testcase name="testLevelSpecificTips" file="/home/admin/work/source/php-monorepo/packages/lark-app-bot-bundle/tests/Service/Message/Template/NotificationMessageTemplateTest.php" line="154" class="Tourze\LarkAppBotBundle\Tests\Service\Message\Template\NotificationMessageTemplateTest" classname="Tourze.LarkAppBotBundle.Tests.Service.Message.Template.NotificationMessageTemplateTest" assertions="4" time="0.000048"/>
      <testcase name="testCompleteNotification" file="/home/admin/work/source/php-monorepo/packages/lark-app-bot-bundle/tests/Service/Message/Template/NotificationMessageTemplateTest.php" line="180" class="Tourze\LarkAppBotBundle\Tests\Service\Message\Template\NotificationMessageTemplateTest" classname="Tourze.LarkAppBotBundle.Tests.Service.Message.Template.NotificationMessageTemplateTest" assertions="7" time="0.000058"/>
    </testsuite>
    <testsuite name="Tourze\LarkAppBotBundle\Tests\Service\Message\Template\TemplateManagerTest" file="/home/admin/work/source/php-monorepo/packages/lark-app-bot-bundle/tests/Service/Message/Template/TemplateManagerTest.php" tests="12" assertions="42" errors="0" failures="1" skipped="0" time="1.235888">
      <testcase name="testShouldHaveRunTestsInSeparateProcesses" file="/home/admin/work/source/php-monorepo/packages/phpunit-symfony-kernel-test/src/AbstractIntegrationTestCase.php" line="919" class="Tourze\LarkAppBotBundle\Tests\Service\Message\Template\TemplateManagerTest" classname="Tourze.LarkAppBotBundle.Tests.Service.Message.Template.TemplateManagerTest" assertions="2" time="0.086408"/>
      <testcase name="testRegisterTemplate" file="/home/admin/work/source/php-monorepo/packages/lark-app-bot-bundle/tests/Service/Message/Template/TemplateManagerTest.php" line="25" class="Tourze\LarkAppBotBundle\Tests\Service\Message\Template\TemplateManagerTest" classname="Tourze.LarkAppBotBundle.Tests.Service.Message.Template.TemplateManagerTest" assertions="3" time="0.089519"/>
      <testcase name="testGetTemplate" file="/home/admin/work/source/php-monorepo/packages/lark-app-bot-bundle/tests/Service/Message/Template/TemplateManagerTest.php" line="36" class="Tourze\LarkAppBotBundle\Tests\Service\Message\Template\TemplateManagerTest" classname="Tourze.LarkAppBotBundle.Tests.Service.Message.Template.TemplateManagerTest" assertions="2" time="0.087086"/>
      <testcase name="testGetTemplateThrowsExceptionWhenNotFound" file="/home/admin/work/source/php-monorepo/packages/lark-app-bot-bundle/tests/Service/Message/Template/TemplateManagerTest.php" line="47" class="Tourze\LarkAppBotBundle\Tests\Service\Message\Template\TemplateManagerTest" classname="Tourze.LarkAppBotBundle.Tests.Service.Message.Template.TemplateManagerTest" assertions="3" time="0.083447"/>
      <testcase name="testHasTemplate" file="/home/admin/work/source/php-monorepo/packages/lark-app-bot-bundle/tests/Service/Message/Template/TemplateManagerTest.php" line="55" class="Tourze\LarkAppBotBundle\Tests\Service\Message\Template\TemplateManagerTest" classname="Tourze.LarkAppBotBundle.Tests.Service.Message.Template.TemplateManagerTest" assertions="3" time="0.088299"/>
      <testcase name="testGetAllTemplates" file="/home/admin/work/source/php-monorepo/packages/lark-app-bot-bundle/tests/Service/Message/Template/TemplateManagerTest.php" line="66" class="Tourze\LarkAppBotBundle\Tests\Service\Message\Template\TemplateManagerTest" classname="Tourze.LarkAppBotBundle.Tests.Service.Message.Template.TemplateManagerTest" assertions="5" time="0.083826"/>
      <testcase name="testGetTemplatesInfo" file="/home/admin/work/source/php-monorepo/packages/lark-app-bot-bundle/tests/Service/Message/Template/TemplateManagerTest.php" line="89" class="Tourze\LarkAppBotBundle\Tests\Service\Message\Template\TemplateManagerTest" classname="Tourze.LarkAppBotBundle.Tests.Service.Message.Template.TemplateManagerTest" assertions="6" time="0.084355"/>
      <testcase name="testRemoveTemplate" file="/home/admin/work/source/php-monorepo/packages/lark-app-bot-bundle/tests/Service/Message/Template/TemplateManagerTest.php" line="113" class="Tourze\LarkAppBotBundle\Tests\Service\Message\Template\TemplateManagerTest" classname="Tourze.LarkAppBotBundle.Tests.Service.Message.Template.TemplateManagerTest" assertions="4" time="0.105616"/>
      <testcase name="testClearTemplates" file="/home/admin/work/source/php-monorepo/packages/lark-app-bot-bundle/tests/Service/Message/Template/TemplateManagerTest.php" line="127" class="Tourze\LarkAppBotBundle\Tests\Service\Message\Template\TemplateManagerTest" classname="Tourze.LarkAppBotBundle.Tests.Service.Message.Template.TemplateManagerTest" assertions="3" time="0.135925">
        <failure type="PHPUnit\Framework\ExpectationFailedException">Tourze\LarkAppBotBundle\Tests\Service\Message\Template\TemplateManagerTest::testClearTemplates
Failed asserting that Tourze\LarkAppBotBundle\Tests\Service\Message\Template\TemplateManagerTest Object #36 (
    'backupGlobals' =&gt; null,
    'backupGlobalsExcludeList' =&gt; Array &amp;0 [],
    'backupStaticProperties' =&gt; null,
    'backupStaticPropertiesExcludeList' =&gt; Array &amp;1 [],
    'snapshot' =&gt; null,
    'backupGlobalErrorHandlers' =&gt; Array &amp;2 [
        0 =&gt; PHPUnit\Runner\ErrorHandler Object #27 (
            'baseline' =&gt; null,
            'enabled' =&gt; true,
            'originalErrorReportingLevel' =&gt; 32767,
            'source' =&gt; PHPUnit\TextUI\Configuration\Source Object #8 (
                'baseline' =&gt; null,
                'ignoreBaseline' =&gt; false,
                'includeDirectories' =&gt; PHPUnit\TextUI\Configuration\FilterDirectoryCollection Object #9 (
                    'directories' =&gt; Array &amp;3 [],
                ),
                'includeFiles' =&gt; PHPUnit\TextUI\Configuration\FileCollection Object #10 (
                    'files' =&gt; Array &amp;4 [],
                ),
                'excludeDirectories' =&gt; PHPUnit\TextUI\Configuration\FilterDirectoryCollection Object #11 (
                    'directories' =&gt; Array &amp;5 [],
                ),
                'excludeFiles' =&gt; PHPUnit\TextUI\Configuration\FileCollection Object #12 (
                    'files' =&gt; Array &amp;6 [],
                ),
                'restrictDeprecations' =&gt; false,
                'restrictNotices' =&gt; false,
                'restrictWarnings' =&gt; false,
                'ignoreSuppressionOfDeprecations' =&gt; false,
                'ignoreSuppressionOfPhpDeprecations' =&gt; false,
                'ignoreSuppressionOfErrors' =&gt; false,
                'ignoreSuppressionOfNotices' =&gt; false,
                'ignoreSuppressionOfPhpNotices' =&gt; false,
                'ignoreSuppressionOfWarnings' =&gt; false,
                'ignoreSuppressionOfPhpWarnings' =&gt; false,
                'ignoreSelfDeprecations' =&gt; false,
                'ignoreDirectDeprecations' =&gt; false,
                'ignoreIndirectDeprecations' =&gt; false,
                'deprecationTriggers' =&gt; Array &amp;7 [
                    'functions' =&gt; Array &amp;8 [],
                    'methods' =&gt; Array &amp;9 [],
                ],
            ),
            'deprecationTriggers' =&gt; Array &amp;10 [
                'functions' =&gt; Array &amp;11 [],
                'methods' =&gt; Array &amp;12 [],
            ],
        ),
    ],
    'backupGlobalExceptionHandlers' =&gt; Array &amp;13 [],
    'runClassInSeparateProcess' =&gt; null,
    'runTestInSeparateProcess' =&gt; null,
    'preserveGlobalState' =&gt; false,
    'inIsolation' =&gt; true,
    'expectedException' =&gt; null,
    'expectedExceptionMessage' =&gt; null,
    'expectedExceptionMessageRegExp' =&gt; null,
    'expectedExceptionCode' =&gt; null,
    'providedTests' =&gt; Array &amp;14 [
        0 =&gt; PHPUnit\Framework\ExecutionOrderDependency Object #39 (
            'className' =&gt; 'Tourze\LarkAppBotBundle\Tests\Service\Message\Template\TemplateManagerTest',
            'methodName' =&gt; 'testClearTemplates',
            'shallowClone' =&gt; false,
            'deepClone' =&gt; false,
        ),
    ],
    'data' =&gt; Array &amp;15 [],
    'dataName' =&gt; '',
    'methodName' =&gt; 'testClearTemplates',
    'groups' =&gt; Array &amp;16 [],
    'dependencies' =&gt; Array &amp;17 [],
    'dependencyInput' =&gt; Array &amp;18 [],
    'iniSettings' =&gt; Array &amp;19 [],
    'locale' =&gt; Array &amp;20 [],
    'mockObjects' =&gt; Array &amp;21 [
        0 =&gt; MockObject_MessageTemplateInterface_c82becc2 Object #152 (
            '__phpunit_state' =&gt; PHPUnit\Framework\MockObject\TestDoubleState Object #162 (
                'configurableMethods' =&gt; Array &amp;22 [
                    0 =&gt; PHPUnit\Framework\MockObject\ConfigurableMethod Object #159 (
                        'name' =&gt; 'getName',
                        'defaultParameterValues' =&gt; Array &amp;23 [],
                        'numberOfParameters' =&gt; 0,
                        'returnType' =&gt; SebastianBergmann\Type\SimpleType Object #163 (
                            'name' =&gt; 'string',
                            'allowsNull' =&gt; false,
                            'value' =&gt; null,
                        ),
                    ),
                    1 =&gt; PHPUnit\Framework\MockObject\ConfigurableMethod Object #154 (
                        'name' =&gt; 'getDescription',
                        'defaultParameterValues' =&gt; Array &amp;24 [],
                        'numberOfParameters' =&gt; 0,
                        'returnType' =&gt; SebastianBergmann\Type\SimpleType Object #165 (
                            'name' =&gt; 'string',
                            'allowsNull' =&gt; false,
                            'value' =&gt; null,
                        ),
                    ),
                    2 =&gt; PHPUnit\Framework\MockObject\ConfigurableMethod Object #158 (
                        'name' =&gt; 'render',
                        'defaultParameterValues' =&gt; Array &amp;25 [
                            0 =&gt; Array &amp;26 [],
                        ],
                        'numberOfParameters' =&gt; 1,
                        'returnType' =&gt; SebastianBergmann\Type\ObjectType Object #169 (
                            'className' =&gt; SebastianBergmann\Type\TypeName Object #167 (
                                'namespaceName' =&gt; 'Tourze\LarkAppBotBundle\Service\Message\Builder',
                                'simpleName' =&gt; 'MessageBuilderInterface',
                            ),
                            'allowsNull' =&gt; false,
                        ),
                    ),
                    3 =&gt; PHPUnit\Framework\MockObject\ConfigurableMethod Object #157 (
                        'name' =&gt; 'getRequiredVariables',
                        'defaultParameterValues' =&gt; Array &amp;27 [],
                        'numberOfParameters' =&gt; 0,
                        'returnType' =&gt; SebastianBergmann\Type\SimpleType Object #170 (
                            'name' =&gt; 'array',
                            'allowsNull' =&gt; false,
                            'value' =&gt; null,
                        ),
                    ),
                    4 =&gt; PHPUnit\Framework\MockObject\ConfigurableMethod Object #156 (
                        'name' =&gt; 'validateVariables',
                        'defaultParameterValues' =&gt; Array &amp;28 [],
                        'numberOfParameters' =&gt; 1,
                        'returnType' =&gt; SebastianBergmann\Type\SimpleType Object #174 (
                            'name' =&gt; 'bool',
                            'allowsNull' =&gt; false,
                            'value' =&gt; null,
                        ),
                    ),
                ],
                'generateReturnValues' =&gt; true,
                'invocationHandler' =&gt; PHPUnit\Framework\MockObject\InvocationHandler Object #177 (
                    'matchers' =&gt; Array &amp;29 [
                        0 =&gt; PHPUnit\Framework\MockObject\Matcher Object #179 (
                            'invocationRule' =&gt; PHPUnit\Framework\MockObject\Rule\AnyInvokedCount Object #178 (
                                'invocations' =&gt; Array &amp;30 [
                                    0 =&gt; PHPUnit\Framework\MockObject\Invocation Object #199 (
                                        'className' =&gt; 'Tourze\LarkAppBotBundle\Service\Message\Template\MessageTemplateInterface',
                                        'methodName' =&gt; 'getName',
                                        'parameters' =&gt; Array &amp;31 [],
                                        'returnType' =&gt; 'string',
                                        'isReturnTypeNullable' =&gt; false,
                                        'proxiedCall' =&gt; false,
                                        'object' =&gt; MockObject_MessageTemplateInterface_c82becc2 Object #152,
                                    ),
                                ],
                            ),
                            'afterMatchBuilderId' =&gt; null,
                            'methodNameRule' =&gt; PHPUnit\Framework\MockObject\Rule\MethodName Object #181 (
                                'constraint' =&gt; PHPUnit\Framework\MockObject\MethodNameConstraint Object #182 (
                                    'methodName' =&gt; 'getName',
                                ),
                            ),
                            'parametersRule' =&gt; null,
                            'stub' =&gt; PHPUnit\Framework\MockObject\Stub\ReturnStub Object #184 (
                                'value' =&gt; 'template1',
                            ),
                        ),
                    ],
                    'matcherMap' =&gt; Array &amp;32 [],
                    'configurableMethods' =&gt; Array &amp;33 [
                        0 =&gt; PHPUnit\Framework\MockObject\ConfigurableMethod Object #159,
                        1 =&gt; PHPUnit\Framework\MockObject\ConfigurableMethod Object #154,
                        2 =&gt; PHPUnit\Framework\MockObject\ConfigurableMethod Object #158,
                        3 =&gt; PHPUnit\Framework\MockObject\ConfigurableMethod Object #157,
                        4 =&gt; PHPUnit\Framework\MockObject\ConfigurableMethod Object #156,
                    ],
                    'returnValueGeneration' =&gt; true,
                ),
                'proxyTarget' =&gt; null,
            ),
        ),
        1 =&gt; MockObject_MessageTemplateInterface_c82becc2 Object #185 (
            '__phpunit_state' =&gt; PHPUnit\Framework\MockObject\TestDoubleState Object #187 (
                'configurableMethods' =&gt; Array &amp;34 [
                    0 =&gt; PHPUnit\Framework\MockObject\ConfigurableMethod Object #159,
                    1 =&gt; PHPUnit\Framework\MockObject\ConfigurableMethod Object #154,
                    2 =&gt; PHPUnit\Framework\MockObject\ConfigurableMethod Object #158,
                    3 =&gt; PHPUnit\Framework\MockObject\ConfigurableMethod Object #157,
                    4 =&gt; PHPUnit\Framework\MockObject\ConfigurableMethod Object #156,
                ],
                'generateReturnValues' =&gt; true,
                'invocationHandler' =&gt; PHPUnit\Framework\MockObject\InvocationHandler Object #196 (
                    'matchers' =&gt; Array &amp;35 [
                        0 =&gt; PHPUnit\Framework\MockObject\Matcher Object #198 (
                            'invocationRule' =&gt; PHPUnit\Framework\MockObject\Rule\AnyInvokedCount Object #197 (
                                'invocations' =&gt; Array &amp;36 [
                                    0 =&gt; PHPUnit\Framework\MockObject\Invocation Object #202 (
                                        'className' =&gt; 'Tourze\LarkAppBotBundle\Service\Message\Template\MessageTemplateInterface',
                                        'methodName' =&gt; 'getName',
                                        'parameters' =&gt; Array &amp;37 [],
                                        'returnType' =&gt; 'string',
                                        'isReturnTypeNullable' =&gt; false,
                                        'proxiedCall' =&gt; false,
                                        'object' =&gt; MockObject_MessageTemplateInterface_c82becc2 Object #185,
                                    ),
                                ],
                            ),
                            'afterMatchBuilderId' =&gt; null,
                            'methodNameRule' =&gt; PHPUnit\Framework\MockObject\Rule\MethodName Object #200 (
                                'constraint' =&gt; PHPUnit\Framework\MockObject\MethodNameConstraint Object #201 (
                                    'methodName' =&gt; 'getName',
                                ),
                            ),
                            'parametersRule' =&gt; null,
                            'stub' =&gt; PHPUnit\Framework\MockObject\Stub\ReturnStub Object #203 (
                                'value' =&gt; 'template2',
                            ),
                        ),
                    ],
                    'matcherMap' =&gt; Array &amp;38 [],
                    'configurableMethods' =&gt; Array &amp;39 [
                        0 =&gt; PHPUnit\Framework\MockObject\ConfigurableMethod Object #159,
                        1 =&gt; PHPUnit\Framework\MockObject\ConfigurableMethod Object #154,
                        2 =&gt; PHPUnit\Framework\MockObject\ConfigurableMethod Object #158,
                        3 =&gt; PHPUnit\Framework\MockObject\ConfigurableMethod Object #157,
                        4 =&gt; PHPUnit\Framework\MockObject\ConfigurableMethod Object #156,
                    ],
                    'returnValueGeneration' =&gt; true,
                ),
                'proxyTarget' =&gt; null,
            ),
        ),
    ],
    'status' =&gt; PHPUnit\Framework\TestStatus\Unknown Object #40 (
        'message' =&gt; '',
    ),
    'numberOfAssertionsPerformed' =&gt; 0,
    'testResult' =&gt; null,
    'output' =&gt; '',
    'outputExpectedRegex' =&gt; null,
    'outputExpectedString' =&gt; null,
    'outputBufferingActive' =&gt; true,
    'outputBufferingLevel' =&gt; 1,
    'outputRetrievedForAssertion' =&gt; false,
    'doesNotPerformAssertions' =&gt; false,
    'customComparators' =&gt; Array &amp;40 [],
    'testValueObjectForEvents' =&gt; PHPUnit\Event\Code\TestMethod Object #66 (
        'file' =&gt; '/home/admin/work/source/php-monorepo/packages/lark-app-bot-bundle/tests/Service/Message/Template/TemplateManagerTest.php',
        'className' =&gt; 'Tourze\LarkAppBotBundle\Tests\Service\Message\Template\TemplateManagerTest',
        'methodName' =&gt; 'testClearTemplates',
        'line' =&gt; 127,
        'testDox' =&gt; PHPUnit\Event\Code\TestDox Object #68 (
            'prettifiedClassName' =&gt; 'Template Manager (Tourze\LarkAppBotBundle\Tests\Service\Message\Template\TemplateManager)',
            'prettifiedMethodName' =&gt; 'Clear templates',
            'prettifiedAndColorizedMethodName' =&gt; 'Clear templates',
        ),
        'metadata' =&gt; PHPUnit\Metadata\MetadataCollection Object #69 (
            'metadata' =&gt; Array &amp;41 [
                0 =&gt; PHPUnit\Metadata\CoversClass Object #63 (
                    'level' =&gt; 0,
                    'className' =&gt; 'Tourze\LarkAppBotBundle\Service\Message\Template\TemplateManager',
                ),
                1 =&gt; PHPUnit\Metadata\RunTestsInSeparateProcesses Object #62 (
                    'level' =&gt; 0,
                ),
            ],
        ),
        'testData' =&gt; PHPUnit\Event\TestData\TestDataCollection Object #70 (
            'data' =&gt; Array &amp;42 [],
            'fromDataProvider' =&gt; null,
        ),
    ),
    'wasPrepared' =&gt; true,
    'failureTypes' =&gt; Array &amp;43 [],
    'expectedUserDeprecationMessage' =&gt; Array &amp;44 [],
    'expectedUserDeprecationMessageRegularExpression' =&gt; Array &amp;45 [],
    'entityManager' =&gt; null,
    'entityManagerHelper' =&gt; null,
    'manager' =&gt; Tourze\LarkAppBotBundle\Service\Message\Template\TemplateManager Object #1245 (
        'templates' =&gt; Array &amp;46 [],
    ),
) is of type array.

/home/admin/work/source/php-monorepo/packages/lark-app-bot-bundle/tests/Service/Message/Template/TemplateManagerTest.php:141</failure>
      </testcase>
      <testcase name="testRegisterTemplates" file="/home/admin/work/source/php-monorepo/packages/lark-app-bot-bundle/tests/Service/Message/Template/TemplateManagerTest.php" line="145" class="Tourze\LarkAppBotBundle\Tests\Service\Message\Template\TemplateManagerTest" classname="Tourze.LarkAppBotBundle.Tests.Service.Message.Template.TemplateManagerTest" assertions="4" time="0.130446"/>
      <testcase name="testCreateDefault" file="/home/admin/work/source/php-monorepo/packages/lark-app-bot-bundle/tests/Service/Message/Template/TemplateManagerTest.php" line="160" class="Tourze\LarkAppBotBundle\Tests\Service\Message\Template\TemplateManagerTest" classname="Tourze.LarkAppBotBundle.Tests.Service.Message.Template.TemplateManagerTest" assertions="5" time="0.127126"/>
      <testcase name="testTemplateOverride" file="/home/admin/work/source/php-monorepo/packages/lark-app-bot-bundle/tests/Service/Message/Template/TemplateManagerTest.php" line="174" class="Tourze\LarkAppBotBundle\Tests\Service\Message\Template\TemplateManagerTest" classname="Tourze.LarkAppBotBundle.Tests.Service.Message.Template.TemplateManagerTest" assertions="2" time="0.133835"/>
    </testsuite>
    <testsuite name="Tourze\LarkAppBotBundle\Tests\Service\Message\Template\WelcomeMessageTemplateTest" file="/home/admin/work/source/php-monorepo/packages/lark-app-bot-bundle/tests/Service/Message/Template/WelcomeMessageTemplateTest.php" tests="8" assertions="24" errors="0" failures="0" skipped="0" time="0.000861">
      <testcase name="testGetName" file="/home/admin/work/source/php-monorepo/packages/lark-app-bot-bundle/tests/Service/Message/Template/WelcomeMessageTemplateTest.php" line="25" class="Tourze\LarkAppBotBundle\Tests\Service\Message\Template\WelcomeMessageTemplateTest" classname="Tourze.LarkAppBotBundle.Tests.Service.Message.Template.WelcomeMessageTemplateTest" assertions="1" time="0.000174"/>
      <testcase name="testGetDescription" file="/home/admin/work/source/php-monorepo/packages/lark-app-bot-bundle/tests/Service/Message/Template/WelcomeMessageTemplateTest.php" line="30" class="Tourze\LarkAppBotBundle\Tests\Service\Message\Template\WelcomeMessageTemplateTest" classname="Tourze.LarkAppBotBundle.Tests.Service.Message.Template.WelcomeMessageTemplateTest" assertions="1" time="0.000078"/>
      <testcase name="testGetRequiredVariables" file="/home/admin/work/source/php-monorepo/packages/lark-app-bot-bundle/tests/Service/Message/Template/WelcomeMessageTemplateTest.php" line="35" class="Tourze\LarkAppBotBundle\Tests\Service\Message\Template\WelcomeMessageTemplateTest" classname="Tourze.LarkAppBotBundle.Tests.Service.Message.Template.WelcomeMessageTemplateTest" assertions="3" time="0.000078"/>
      <testcase name="testRenderWithMinimalVariables" file="/home/admin/work/source/php-monorepo/packages/lark-app-bot-bundle/tests/Service/Message/Template/WelcomeMessageTemplateTest.php" line="44" class="Tourze\LarkAppBotBundle\Tests\Service\Message\Template\WelcomeMessageTemplateTest" classname="Tourze.LarkAppBotBundle.Tests.Service.Message.Template.WelcomeMessageTemplateTest" assertions="6" time="0.000148"/>
      <testcase name="testRenderWithGroupInfo" file="/home/admin/work/source/php-monorepo/packages/lark-app-bot-bundle/tests/Service/Message/Template/WelcomeMessageTemplateTest.php" line="65" class="Tourze\LarkAppBotBundle\Tests\Service\Message\Template\WelcomeMessageTemplateTest" classname="Tourze.LarkAppBotBundle.Tests.Service.Message.Template.WelcomeMessageTemplateTest" assertions="3" time="0.000129"/>
      <testcase name="testRenderWithRulesAndTips" file="/home/admin/work/source/php-monorepo/packages/lark-app-bot-bundle/tests/Service/Message/Template/WelcomeMessageTemplateTest.php" line="83" class="Tourze\LarkAppBotBundle\Tests\Service\Message\Template\WelcomeMessageTemplateTest" classname="Tourze.LarkAppBotBundle.Tests.Service.Message.Template.WelcomeMessageTemplateTest" assertions="6" time="0.000092"/>
      <testcase name="testValidateVariables" file="/home/admin/work/source/php-monorepo/packages/lark-app-bot-bundle/tests/Service/Message/Template/WelcomeMessageTemplateTest.php" line="116" class="Tourze\LarkAppBotBundle\Tests\Service\Message\Template\WelcomeMessageTemplateTest" classname="Tourze.LarkAppBotBundle.Tests.Service.Message.Template.WelcomeMessageTemplateTest" assertions="3" time="0.000072"/>
      <testcase name="testRenderWithMissingVariableThrowsException" file="/home/admin/work/source/php-monorepo/packages/lark-app-bot-bundle/tests/Service/Message/Template/WelcomeMessageTemplateTest.php" line="139" class="Tourze\LarkAppBotBundle\Tests\Service\Message\Template\WelcomeMessageTemplateTest" classname="Tourze.LarkAppBotBundle.Tests.Service.Message.Template.WelcomeMessageTemplateTest" assertions="1" time="0.000090"/>
    </testsuite>
    <testsuite name="Tourze\LarkAppBotBundle\Tests\Service\Performance\MetricsCollectorTest" file="/home/admin/work/source/php-monorepo/packages/lark-app-bot-bundle/tests/Service/Performance/MetricsCollectorTest.php" tests="17" assertions="18" errors="0" failures="13" skipped="0" time="2.301206">
      <testcase name="testShouldHaveRunTestsInSeparateProcesses" file="/home/admin/work/source/php-monorepo/packages/phpunit-symfony-kernel-test/src/AbstractIntegrationTestCase.php" line="919" class="Tourze\LarkAppBotBundle\Tests\Service\Performance\MetricsCollectorTest" classname="Tourze.LarkAppBotBundle.Tests.Service.Performance.MetricsCollectorTest" assertions="1" time="0.132539"/>
      <testcase name="testConstructor" file="/home/admin/work/source/php-monorepo/packages/lark-app-bot-bundle/tests/Service/Performance/MetricsCollectorTest.php" line="24" class="Tourze\LarkAppBotBundle\Tests\Service\Performance\MetricsCollectorTest" classname="Tourze.LarkAppBotBundle.Tests.Service.Performance.MetricsCollectorTest" assertions="1" time="0.125607"/>
      <testcase name="testConstructorWithoutRegistry" file="/home/admin/work/source/php-monorepo/packages/lark-app-bot-bundle/tests/Service/Performance/MetricsCollectorTest.php" line="30" class="Tourze\LarkAppBotBundle\Tests\Service\Performance\MetricsCollectorTest" classname="Tourze.LarkAppBotBundle.Tests.Service.Performance.MetricsCollectorTest" assertions="1" time="0.128220"/>
      <testcase name="testRecordApiRequest" file="/home/admin/work/source/php-monorepo/packages/lark-app-bot-bundle/tests/Service/Performance/MetricsCollectorTest.php" line="36" class="Tourze\LarkAppBotBundle\Tests\Service\Performance\MetricsCollectorTest" classname="Tourze.LarkAppBotBundle.Tests.Service.Performance.MetricsCollectorTest" assertions="1" time="0.135220">
        <failure type="PHPUnit\Framework\ExpectationFailedException">Tourze\LarkAppBotBundle\Tests\Service\Performance\MetricsCollectorTest::testRecordApiRequest
Expectation failed for method name is "inc" when invoked 1 time.
Method was expected to be called 1 time, actually called 0 times.</failure>
      </testcase>
      <testcase name="testRecordMessage" file="/home/admin/work/source/php-monorepo/packages/lark-app-bot-bundle/tests/Service/Performance/MetricsCollectorTest.php" line="91" class="Tourze\LarkAppBotBundle\Tests\Service\Performance\MetricsCollectorTest" classname="Tourze.LarkAppBotBundle.Tests.Service.Performance.MetricsCollectorTest" assertions="1" time="0.136818">
        <failure type="PHPUnit\Framework\ExpectationFailedException">Tourze\LarkAppBotBundle\Tests\Service\Performance\MetricsCollectorTest::testRecordMessage
Expectation failed for method name is "inc" when invoked 1 time.
Method was expected to be called 1 time, actually called 0 times.</failure>
      </testcase>
      <testcase name="testRecordMessageWithoutProcessingTime" file="/home/admin/work/source/php-monorepo/packages/lark-app-bot-bundle/tests/Service/Performance/MetricsCollectorTest.php" line="138" class="Tourze\LarkAppBotBundle\Tests\Service\Performance\MetricsCollectorTest" classname="Tourze.LarkAppBotBundle.Tests.Service.Performance.MetricsCollectorTest" assertions="1" time="0.148456">
        <failure type="PHPUnit\Framework\ExpectationFailedException">Tourze\LarkAppBotBundle\Tests\Service\Performance\MetricsCollectorTest::testRecordMessageWithoutProcessingTime
Expectation failed for method name is "inc" when invoked 1 time.
Method was expected to be called 1 time, actually called 0 times.</failure>
      </testcase>
      <testcase name="testRecordWebhookProcessing" file="/home/admin/work/source/php-monorepo/packages/lark-app-bot-bundle/tests/Service/Performance/MetricsCollectorTest.php" line="179" class="Tourze\LarkAppBotBundle\Tests\Service\Performance\MetricsCollectorTest" classname="Tourze.LarkAppBotBundle.Tests.Service.Performance.MetricsCollectorTest" assertions="1" time="0.135724">
        <failure type="PHPUnit\Framework\ExpectationFailedException">Tourze\LarkAppBotBundle\Tests\Service\Performance\MetricsCollectorTest::testRecordWebhookProcessing
Expectation failed for method name is "observe" when invoked 1 time.
Method was expected to be called 1 time, actually called 0 times.</failure>
      </testcase>
      <testcase name="testRecordError" file="/home/admin/work/source/php-monorepo/packages/lark-app-bot-bundle/tests/Service/Performance/MetricsCollectorTest.php" line="217" class="Tourze\LarkAppBotBundle\Tests\Service\Performance\MetricsCollectorTest" classname="Tourze.LarkAppBotBundle.Tests.Service.Performance.MetricsCollectorTest" assertions="1" time="0.133298">
        <failure type="PHPUnit\Framework\ExpectationFailedException">Tourze\LarkAppBotBundle\Tests\Service\Performance\MetricsCollectorTest::testRecordError
Expectation failed for method name is "inc" when invoked 1 time.
Method was expected to be called 1 time, actually called 0 times.</failure>
      </testcase>
      <testcase name="testRecordCacheHit" file="/home/admin/work/source/php-monorepo/packages/lark-app-bot-bundle/tests/Service/Performance/MetricsCollectorTest.php" line="283" class="Tourze\LarkAppBotBundle\Tests\Service\Performance\MetricsCollectorTest" classname="Tourze.LarkAppBotBundle.Tests.Service.Performance.MetricsCollectorTest" assertions="1" time="0.134158">
        <failure type="PHPUnit\Framework\ExpectationFailedException">Tourze\LarkAppBotBundle\Tests\Service\Performance\MetricsCollectorTest::testRecordCacheHit
Expectation failed for method name is "inc" when invoked 1 time.
Method was expected to be called 1 time, actually called 0 times.</failure>
      </testcase>
      <testcase name="testRecordCacheMiss" file="/home/admin/work/source/php-monorepo/packages/lark-app-bot-bundle/tests/Service/Performance/MetricsCollectorTest.php" line="345" class="Tourze\LarkAppBotBundle\Tests\Service\Performance\MetricsCollectorTest" classname="Tourze.LarkAppBotBundle.Tests.Service.Performance.MetricsCollectorTest" assertions="1" time="0.144824">
        <failure type="PHPUnit\Framework\ExpectationFailedException">Tourze\LarkAppBotBundle\Tests\Service\Performance\MetricsCollectorTest::testRecordCacheMiss
Expectation failed for method name is "inc" when invoked 1 time.
Method was expected to be called 1 time, actually called 0 times.</failure>
      </testcase>
      <testcase name="testUpdateActiveConnections" file="/home/admin/work/source/php-monorepo/packages/lark-app-bot-bundle/tests/Service/Performance/MetricsCollectorTest.php" line="407" class="Tourze\LarkAppBotBundle\Tests\Service\Performance\MetricsCollectorTest" classname="Tourze.LarkAppBotBundle.Tests.Service.Performance.MetricsCollectorTest" assertions="1" time="0.139829">
        <failure type="PHPUnit\Framework\ExpectationFailedException">Tourze\LarkAppBotBundle\Tests\Service\Performance\MetricsCollectorTest::testUpdateActiveConnections
Expectation failed for method name is "set" when invoked 1 time.
Method was expected to be called 1 time, actually called 0 times.</failure>
      </testcase>
      <testcase name="testUpdateQueueSize" file="/home/admin/work/source/php-monorepo/packages/lark-app-bot-bundle/tests/Service/Performance/MetricsCollectorTest.php" line="469" class="Tourze\LarkAppBotBundle\Tests\Service\Performance\MetricsCollectorTest" classname="Tourze.LarkAppBotBundle.Tests.Service.Performance.MetricsCollectorTest" assertions="1" time="0.133517">
        <failure type="PHPUnit\Framework\ExpectationFailedException">Tourze\LarkAppBotBundle\Tests\Service\Performance\MetricsCollectorTest::testUpdateQueueSize
Expectation failed for method name is "set" when invoked 1 time.
Method was expected to be called 1 time, actually called 0 times.</failure>
      </testcase>
      <testcase name="testGetMetricFamilySamples" file="/home/admin/work/source/php-monorepo/packages/lark-app-bot-bundle/tests/Service/Performance/MetricsCollectorTest.php" line="531" class="Tourze\LarkAppBotBundle\Tests\Service\Performance\MetricsCollectorTest" classname="Tourze.LarkAppBotBundle.Tests.Service.Performance.MetricsCollectorTest" assertions="2" time="0.131371">
        <failure type="PHPUnit\Framework\ExpectationFailedException">Tourze\LarkAppBotBundle\Tests\Service\Performance\MetricsCollectorTest::testGetMetricFamilySamples
Expectation failed for method name is "getMetricFamilySamples" when invoked 1 time.
Method was expected to be called 1 time, actually called 0 times.</failure>
      </testcase>
      <testcase name="testReset" file="/home/admin/work/source/php-monorepo/packages/lark-app-bot-bundle/tests/Service/Performance/MetricsCollectorTest.php" line="560" class="Tourze\LarkAppBotBundle\Tests\Service\Performance\MetricsCollectorTest" classname="Tourze.LarkAppBotBundle.Tests.Service.Performance.MetricsCollectorTest" assertions="1" time="0.130535"/>
      <testcase name="testExceptionHandlingInRecordApiRequest" file="/home/admin/work/source/php-monorepo/packages/lark-app-bot-bundle/tests/Service/Performance/MetricsCollectorTest.php" line="571" class="Tourze\LarkAppBotBundle\Tests\Service\Performance\MetricsCollectorTest" classname="Tourze.LarkAppBotBundle.Tests.Service.Performance.MetricsCollectorTest" assertions="1" time="0.133732">
        <failure type="PHPUnit\Framework\ExpectationFailedException">Tourze\LarkAppBotBundle\Tests\Service\Performance\MetricsCollectorTest::testExceptionHandlingInRecordApiRequest
Expectation failed for method name is "error" when invoked 1 time.
Method was expected to be called 1 time, actually called 0 times.</failure>
      </testcase>
      <testcase name="testStatusGroupMapping" file="/home/admin/work/source/php-monorepo/packages/lark-app-bot-bundle/tests/Service/Performance/MetricsCollectorTest.php" line="611" class="Tourze\LarkAppBotBundle\Tests\Service\Performance\MetricsCollectorTest" classname="Tourze.LarkAppBotBundle.Tests.Service.Performance.MetricsCollectorTest" assertions="1" time="0.136774">
        <failure type="PHPUnit\Framework\ExpectationFailedException">Tourze\LarkAppBotBundle\Tests\Service\Performance\MetricsCollectorTest::testStatusGroupMapping
Expectation failed for method name is "inc" when invoked 1 time.
Method was expected to be called 1 time, actually called 0 times.</failure>
      </testcase>
      <testcase name="testEndpointNormalization" file="/home/admin/work/source/php-monorepo/packages/lark-app-bot-bundle/tests/Service/Performance/MetricsCollectorTest.php" line="674" class="Tourze\LarkAppBotBundle\Tests\Service\Performance\MetricsCollectorTest" classname="Tourze.LarkAppBotBundle.Tests.Service.Performance.MetricsCollectorTest" assertions="1" time="0.140585">
        <failure type="PHPUnit\Framework\ExpectationFailedException">Tourze\LarkAppBotBundle\Tests\Service\Performance\MetricsCollectorTest::testEndpointNormalization
Expectation failed for method name is "inc" when invoked 1 time.
Method was expected to be called 1 time, actually called 0 times.</failure>
      </testcase>
    </testsuite>
    <testsuite name="Tourze\LarkAppBotBundle\Tests\Service\Performance\PerformanceMonitorTest" file="/home/admin/work/source/php-monorepo/packages/lark-app-bot-bundle/tests/Service/Performance/PerformanceMonitorTest.php" tests="20" assertions="68" errors="0" failures="16" skipped="0" time="2.597349">
      <testcase name="testShouldHaveRunTestsInSeparateProcesses" file="/home/admin/work/source/php-monorepo/packages/phpunit-symfony-kernel-test/src/AbstractIntegrationTestCase.php" line="919" class="Tourze\LarkAppBotBundle\Tests\Service\Performance\PerformanceMonitorTest" classname="Tourze.LarkAppBotBundle.Tests.Service.Performance.PerformanceMonitorTest" assertions="2" time="0.132164"/>
      <testcase name="testStartApiRequest" file="/home/admin/work/source/php-monorepo/packages/lark-app-bot-bundle/tests/Service/Performance/PerformanceMonitorTest.php" line="29" class="Tourze\LarkAppBotBundle\Tests\Service\Performance\PerformanceMonitorTest" classname="Tourze.LarkAppBotBundle.Tests.Service.Performance.PerformanceMonitorTest" assertions="4" time="0.131146"/>
      <testcase name="testConstructor" file="/home/admin/work/source/php-monorepo/packages/lark-app-bot-bundle/tests/Service/Performance/PerformanceMonitorTest.php" line="41" class="Tourze\LarkAppBotBundle\Tests\Service\Performance\PerformanceMonitorTest" classname="Tourze.LarkAppBotBundle.Tests.Service.Performance.PerformanceMonitorTest" assertions="2" time="0.131434"/>
      <testcase name="testStartAndEndApiRequest" file="/home/admin/work/source/php-monorepo/packages/lark-app-bot-bundle/tests/Service/Performance/PerformanceMonitorTest.php" line="46" class="Tourze\LarkAppBotBundle\Tests\Service\Performance\PerformanceMonitorTest" classname="Tourze.LarkAppBotBundle.Tests.Service.Performance.PerformanceMonitorTest" assertions="5" time="0.147199">
        <failure type="PHPUnit\Framework\ExpectationFailedException">Tourze\LarkAppBotBundle\Tests\Service\Performance\PerformanceMonitorTest::testStartAndEndApiRequest
Expectation failed for method name is "recordApiRequest" when invoked 1 time.
Method was expected to be called 1 time, actually called 0 times.</failure>
      </testcase>
      <testcase name="testEndApiRequestWithNonExistentSession" file="/home/admin/work/source/php-monorepo/packages/lark-app-bot-bundle/tests/Service/Performance/PerformanceMonitorTest.php" line="71" class="Tourze\LarkAppBotBundle\Tests\Service\Performance\PerformanceMonitorTest" classname="Tourze.LarkAppBotBundle.Tests.Service.Performance.PerformanceMonitorTest" assertions="2" time="0.137712">
        <failure type="PHPUnit\Framework\ExpectationFailedException">Tourze\LarkAppBotBundle\Tests\Service\Performance\PerformanceMonitorTest::testEndApiRequestWithNonExistentSession
Expectation failed for method name is "warning" when invoked 1 time.
Method was expected to be called 1 time, actually called 0 times.</failure>
      </testcase>
      <testcase name="testMonitorMessageSend" file="/home/admin/work/source/php-monorepo/packages/lark-app-bot-bundle/tests/Service/Performance/PerformanceMonitorTest.php" line="82" class="Tourze\LarkAppBotBundle\Tests\Service\Performance\PerformanceMonitorTest" classname="Tourze.LarkAppBotBundle.Tests.Service.Performance.PerformanceMonitorTest" assertions="3" time="0.161614">
        <failure type="PHPUnit\Framework\ExpectationFailedException">Tourze\LarkAppBotBundle\Tests\Service\Performance\PerformanceMonitorTest::testMonitorMessageSend
Expectation failed for method name is "recordMessage" when invoked 1 time.
Method was expected to be called 1 time, actually called 0 times.</failure>
      </testcase>
      <testcase name="testMonitorMessageSendWithException" file="/home/admin/work/source/php-monorepo/packages/lark-app-bot-bundle/tests/Service/Performance/PerformanceMonitorTest.php" line="98" class="Tourze\LarkAppBotBundle\Tests\Service\Performance\PerformanceMonitorTest" classname="Tourze.LarkAppBotBundle.Tests.Service.Performance.PerformanceMonitorTest" assertions="4" time="0.137294">
        <failure type="PHPUnit\Framework\ExpectationFailedException">Tourze\LarkAppBotBundle\Tests\Service\Performance\PerformanceMonitorTest::testMonitorMessageSendWithException
Expectation failed for method name is "recordMessage" when invoked 1 time.
Method was expected to be called 1 time, actually called 0 times.</failure>
      </testcase>
      <testcase name="testMonitorMessageProcessing" file="/home/admin/work/source/php-monorepo/packages/lark-app-bot-bundle/tests/Service/Performance/PerformanceMonitorTest.php" line="118" class="Tourze\LarkAppBotBundle\Tests\Service\Performance\PerformanceMonitorTest" classname="Tourze.LarkAppBotBundle.Tests.Service.Performance.PerformanceMonitorTest" assertions="3" time="0.147702">
        <failure type="PHPUnit\Framework\ExpectationFailedException">Tourze\LarkAppBotBundle\Tests\Service\Performance\PerformanceMonitorTest::testMonitorMessageProcessing
Expectation failed for method name is "recordMessage" when invoked 1 time.
Method was expected to be called 1 time, actually called 0 times.</failure>
      </testcase>
      <testcase name="testMonitorMessageProcessingWithException" file="/home/admin/work/source/php-monorepo/packages/lark-app-bot-bundle/tests/Service/Performance/PerformanceMonitorTest.php" line="134" class="Tourze\LarkAppBotBundle\Tests\Service\Performance\PerformanceMonitorTest" classname="Tourze.LarkAppBotBundle.Tests.Service.Performance.PerformanceMonitorTest" assertions="4" time="0.138719">
        <failure type="PHPUnit\Framework\ExpectationFailedException">Tourze\LarkAppBotBundle\Tests\Service\Performance\PerformanceMonitorTest::testMonitorMessageProcessingWithException
Expectation failed for method name is "recordError" when invoked 1 time.
Method was expected to be called 1 time, actually called 0 times.</failure>
      </testcase>
      <testcase name="testMonitorWebhookProcessing" file="/home/admin/work/source/php-monorepo/packages/lark-app-bot-bundle/tests/Service/Performance/PerformanceMonitorTest.php" line="149" class="Tourze\LarkAppBotBundle\Tests\Service\Performance\PerformanceMonitorTest" classname="Tourze.LarkAppBotBundle.Tests.Service.Performance.PerformanceMonitorTest" assertions="3" time="0.152333">
        <failure type="PHPUnit\Framework\ExpectationFailedException">Tourze\LarkAppBotBundle\Tests\Service\Performance\PerformanceMonitorTest::testMonitorWebhookProcessing
Expectation failed for method name is "recordWebhookProcessing" when invoked 1 time.
Method was expected to be called 1 time, actually called 0 times.</failure>
      </testcase>
      <testcase name="testMonitorWebhookProcessingWithException" file="/home/admin/work/source/php-monorepo/packages/lark-app-bot-bundle/tests/Service/Performance/PerformanceMonitorTest.php" line="165" class="Tourze\LarkAppBotBundle\Tests\Service\Performance\PerformanceMonitorTest" classname="Tourze.LarkAppBotBundle.Tests.Service.Performance.PerformanceMonitorTest" assertions="4" time="0.145896">
        <failure type="PHPUnit\Framework\ExpectationFailedException">Tourze\LarkAppBotBundle\Tests\Service\Performance\PerformanceMonitorTest::testMonitorWebhookProcessingWithException
Expectation failed for method name is "recordError" when invoked 1 time.
Method was expected to be called 1 time, actually called 0 times.</failure>
      </testcase>
      <testcase name="testMonitorCacheOperationGet" file="/home/admin/work/source/php-monorepo/packages/lark-app-bot-bundle/tests/Service/Performance/PerformanceMonitorTest.php" line="180" class="Tourze\LarkAppBotBundle\Tests\Service\Performance\PerformanceMonitorTest" classname="Tourze.LarkAppBotBundle.Tests.Service.Performance.PerformanceMonitorTest" assertions="4" time="0.135106">
        <failure type="PHPUnit\Framework\ExpectationFailedException">Tourze\LarkAppBotBundle\Tests\Service\Performance\PerformanceMonitorTest::testMonitorCacheOperationGet
Expectation failed for method name is "recordCacheHit" when invoked 1 time.
Method was expected to be called 1 time, actually called 0 times.</failure>
      </testcase>
      <testcase name="testMonitorCacheOperationWithException" file="/home/admin/work/source/php-monorepo/packages/lark-app-bot-bundle/tests/Service/Performance/PerformanceMonitorTest.php" line="207" class="Tourze\LarkAppBotBundle\Tests\Service\Performance\PerformanceMonitorTest" classname="Tourze.LarkAppBotBundle.Tests.Service.Performance.PerformanceMonitorTest" assertions="4" time="0.138145">
        <failure type="PHPUnit\Framework\ExpectationFailedException">Tourze\LarkAppBotBundle\Tests\Service\Performance\PerformanceMonitorTest::testMonitorCacheOperationWithException
Expectation failed for method name is "recordError" when invoked 1 time.
Method was expected to be called 1 time, actually called 0 times.</failure>
      </testcase>
      <testcase name="testRecordCustomMetric" file="/home/admin/work/source/php-monorepo/packages/lark-app-bot-bundle/tests/Service/Performance/PerformanceMonitorTest.php" line="222" class="Tourze\LarkAppBotBundle\Tests\Service\Performance\PerformanceMonitorTest" classname="Tourze.LarkAppBotBundle.Tests.Service.Performance.PerformanceMonitorTest" assertions="2" time="0.131029">
        <failure type="PHPUnit\Framework\ExpectationFailedException">Tourze\LarkAppBotBundle\Tests\Service\Performance\PerformanceMonitorTest::testRecordCustomMetric
Expectation failed for method name is "info" when invoked 1 time.
Method was expected to be called 1 time, actually called 0 times.</failure>
      </testcase>
      <testcase name="testCleanupStaleSessions" file="/home/admin/work/source/php-monorepo/packages/lark-app-bot-bundle/tests/Service/Performance/PerformanceMonitorTest.php" line="235" class="Tourze\LarkAppBotBundle\Tests\Service\Performance\PerformanceMonitorTest" classname="Tourze.LarkAppBotBundle.Tests.Service.Performance.PerformanceMonitorTest" assertions="4" time="0.104904">
        <failure type="PHPUnit\Framework\ExpectationFailedException">Tourze\LarkAppBotBundle\Tests\Service\Performance\PerformanceMonitorTest::testCleanupStaleSessions
Expectation failed for method name is "recordError" when invoked 1 time.
Method was expected to be called 1 time, actually called 0 times.</failure>
      </testcase>
      <testcase name="testSetSlowThreshold" file="/home/admin/work/source/php-monorepo/packages/lark-app-bot-bundle/tests/Service/Performance/PerformanceMonitorTest.php" line="265" class="Tourze\LarkAppBotBundle\Tests\Service\Performance\PerformanceMonitorTest" classname="Tourze.LarkAppBotBundle.Tests.Service.Performance.PerformanceMonitorTest" assertions="2" time="0.104066"/>
      <testcase name="testSlowOperationDetection" file="/home/admin/work/source/php-monorepo/packages/lark-app-bot-bundle/tests/Service/Performance/PerformanceMonitorTest.php" line="273" class="Tourze\LarkAppBotBundle\Tests\Service\Performance\PerformanceMonitorTest" classname="Tourze.LarkAppBotBundle.Tests.Service.Performance.PerformanceMonitorTest" assertions="2" time="0.105553">
        <failure type="PHPUnit\Framework\ExpectationFailedException">Tourze\LarkAppBotBundle\Tests\Service\Performance\PerformanceMonitorTest::testSlowOperationDetection
Expectation failed for method name is "recordError" when invoked 1 time.
Method was expected to be called 1 time, actually called 0 times.</failure>
      </testcase>
      <testcase name="testGetPerformanceStats" file="/home/admin/work/source/php-monorepo/packages/lark-app-bot-bundle/tests/Service/Performance/PerformanceMonitorTest.php" line="304" class="Tourze\LarkAppBotBundle\Tests\Service\Performance\PerformanceMonitorTest" classname="Tourze.LarkAppBotBundle.Tests.Service.Performance.PerformanceMonitorTest" assertions="7" time="0.106093">
        <failure type="PHPUnit\Framework\ExpectationFailedException">Tourze\LarkAppBotBundle\Tests\Service\Performance\PerformanceMonitorTest::testGetPerformanceStats
Failed asserting that 2 is identical to 0.

/home/admin/work/source/php-monorepo/packages/lark-app-bot-bundle/tests/Service/Performance/PerformanceMonitorTest.php:323</failure>
      </testcase>
      <testcase name="testGetActiveSessionCount" file="/home/admin/work/source/php-monorepo/packages/lark-app-bot-bundle/tests/Service/Performance/PerformanceMonitorTest.php" line="326" class="Tourze\LarkAppBotBundle\Tests\Service\Performance\PerformanceMonitorTest" classname="Tourze.LarkAppBotBundle.Tests.Service.Performance.PerformanceMonitorTest" assertions="5" time="0.103807">
        <failure type="PHPUnit\Framework\ExpectationFailedException">Tourze\LarkAppBotBundle\Tests\Service\Performance\PerformanceMonitorTest::testGetActiveSessionCount
Expectation failed for method name is "updateActiveConnections" when invoked 3 times.
Method was expected to be called 3 times, actually called 0 times.</failure>
      </testcase>
      <testcase name="testPerformanceLogging" file="/home/admin/work/source/php-monorepo/packages/lark-app-bot-bundle/tests/Service/Performance/PerformanceMonitorTest.php" line="343" class="Tourze\LarkAppBotBundle\Tests\Service\Performance\PerformanceMonitorTest" classname="Tourze.LarkAppBotBundle.Tests.Service.Performance.PerformanceMonitorTest" assertions="2" time="0.105435">
        <failure type="PHPUnit\Framework\ExpectationFailedException">Tourze\LarkAppBotBundle\Tests\Service\Performance\PerformanceMonitorTest::testPerformanceLogging
Expectation failed for method name is "recordApiRequest" when invoked 1 time.
Method was expected to be called 1 time, actually called 0 times.</failure>
      </testcase>
    </testsuite>
    <testsuite name="Tourze\LarkAppBotBundle\Tests\Service\User\EventHandler\UserEventHandlerTest" file="/home/admin/work/source/php-monorepo/packages/lark-app-bot-bundle/tests/Service/User/EventHandler/UserEventHandlerTest.php" tests="9" assertions="9" errors="0" failures="8" skipped="0" time="0.964094">
      <testcase name="testShouldHaveRunTestsInSeparateProcesses" file="/home/admin/work/source/php-monorepo/packages/phpunit-symfony-kernel-test/src/AbstractIntegrationTestCase.php" line="919" class="Tourze\LarkAppBotBundle\Tests\Service\User\EventHandler\UserEventHandlerTest" classname="Tourze.LarkAppBotBundle.Tests.Service.User.EventHandler.UserEventHandlerTest" assertions="1" time="0.108205"/>
      <testcase name="testHandleUserCreated" file="/home/admin/work/source/php-monorepo/packages/lark-app-bot-bundle/tests/Service/User/EventHandler/UserEventHandlerTest.php" line="31" class="Tourze\LarkAppBotBundle\Tests\Service\User\EventHandler\UserEventHandlerTest" classname="Tourze.LarkAppBotBundle.Tests.Service.User.EventHandler.UserEventHandlerTest" assertions="1" time="0.106730">
        <failure type="PHPUnit\Framework\ExpectationFailedException">Tourze\LarkAppBotBundle\Tests\Service\User\EventHandler\UserEventHandlerTest::testHandleUserCreated
Expectation failed for method name is "warmupUsers" when invoked 1 time.
Method was expected to be called 1 time, actually called 0 times.</failure>
      </testcase>
      <testcase name="testHandleUserUpdated" file="/home/admin/work/source/php-monorepo/packages/lark-app-bot-bundle/tests/Service/User/EventHandler/UserEventHandlerTest.php" line="61" class="Tourze\LarkAppBotBundle\Tests\Service\User\EventHandler\UserEventHandlerTest" classname="Tourze.LarkAppBotBundle.Tests.Service.User.EventHandler.UserEventHandlerTest" assertions="1" time="0.107865">
        <failure type="PHPUnit\Framework\ExpectationFailedException">Tourze\LarkAppBotBundle\Tests\Service\User\EventHandler\UserEventHandlerTest::testHandleUserUpdated
Expectation failed for method name is "invalidateUser" when invoked 1 time.
Method was expected to be called 1 time, actually called 0 times.</failure>
      </testcase>
      <testcase name="testHandleUserDeleted" file="/home/admin/work/source/php-monorepo/packages/lark-app-bot-bundle/tests/Service/User/EventHandler/UserEventHandlerTest.php" line="104" class="Tourze\LarkAppBotBundle\Tests\Service\User\EventHandler\UserEventHandlerTest" classname="Tourze.LarkAppBotBundle.Tests.Service.User.EventHandler.UserEventHandlerTest" assertions="1" time="0.113882">
        <failure type="PHPUnit\Framework\ExpectationFailedException">Tourze\LarkAppBotBundle\Tests\Service\User\EventHandler\UserEventHandlerTest::testHandleUserDeleted
Expectation failed for method name is "invalidateUser" when invoked 5 times.
Method was expected to be called 5 times, actually called 0 times.</failure>
      </testcase>
      <testcase name="testHandleUserActivity" file="/home/admin/work/source/php-monorepo/packages/lark-app-bot-bundle/tests/Service/User/EventHandler/UserEventHandlerTest.php" line="144" class="Tourze\LarkAppBotBundle\Tests\Service\User\EventHandler\UserEventHandlerTest" classname="Tourze.LarkAppBotBundle.Tests.Service.User.EventHandler.UserEventHandlerTest" assertions="1" time="0.108701">
        <failure type="PHPUnit\Framework\ExpectationFailedException">Tourze\LarkAppBotBundle\Tests\Service\User\EventHandler\UserEventHandlerTest::testHandleUserActivity
Expectation failed for method name is "trackActivity" when invoked 1 time.
Method was expected to be called 1 time, actually called 0 times.</failure>
      </testcase>
      <testcase name="testHandleUserDataLoaded" file="/home/admin/work/source/php-monorepo/packages/lark-app-bot-bundle/tests/Service/User/EventHandler/UserEventHandlerTest.php" line="171" class="Tourze\LarkAppBotBundle\Tests\Service\User\EventHandler\UserEventHandlerTest" classname="Tourze.LarkAppBotBundle.Tests.Service.User.EventHandler.UserEventHandlerTest" assertions="1" time="0.104848">
        <failure type="PHPUnit\Framework\ExpectationFailedException">Tourze\LarkAppBotBundle\Tests\Service\User\EventHandler\UserEventHandlerTest::testHandleUserDataLoaded
Expectation failed for method name is "debug" when invoked 1 time.
Method was expected to be called 1 time, actually called 0 times.</failure>
      </testcase>
      <testcase name="testHandleUserDataUpdated" file="/home/admin/work/source/php-monorepo/packages/lark-app-bot-bundle/tests/Service/User/EventHandler/UserEventHandlerTest.php" line="194" class="Tourze\LarkAppBotBundle\Tests\Service\User\EventHandler\UserEventHandlerTest" classname="Tourze.LarkAppBotBundle.Tests.Service.User.EventHandler.UserEventHandlerTest" assertions="1" time="0.107099">
        <failure type="PHPUnit\Framework\ExpectationFailedException">Tourze\LarkAppBotBundle\Tests\Service\User\EventHandler\UserEventHandlerTest::testHandleUserDataUpdated
Expectation failed for method name is "invalidateUser" when invoked 1 time.
Method was expected to be called 1 time, actually called 0 times.</failure>
      </testcase>
      <testcase name="testHandleUserDataDeleted" file="/home/admin/work/source/php-monorepo/packages/lark-app-bot-bundle/tests/Service/User/EventHandler/UserEventHandlerTest.php" line="221" class="Tourze\LarkAppBotBundle\Tests\Service\User\EventHandler\UserEventHandlerTest" classname="Tourze.LarkAppBotBundle.Tests.Service.User.EventHandler.UserEventHandlerTest" assertions="1" time="0.102849">
        <failure type="PHPUnit\Framework\ExpectationFailedException">Tourze\LarkAppBotBundle\Tests\Service\User\EventHandler\UserEventHandlerTest::testHandleUserDataDeleted
Expectation failed for method name is "invalidateUser" when invoked 1 time.
Method was expected to be called 1 time, actually called 0 times.</failure>
      </testcase>
      <testcase name="testHandleUserDataImported" file="/home/admin/work/source/php-monorepo/packages/lark-app-bot-bundle/tests/Service/User/EventHandler/UserEventHandlerTest.php" line="242" class="Tourze\LarkAppBotBundle\Tests\Service\User\EventHandler\UserEventHandlerTest" classname="Tourze.LarkAppBotBundle.Tests.Service.User.EventHandler.UserEventHandlerTest" assertions="1" time="0.103916">
        <failure type="PHPUnit\Framework\ExpectationFailedException">Tourze\LarkAppBotBundle\Tests\Service\User\EventHandler\UserEventHandlerTest::testHandleUserDataImported
Expectation failed for method name is "warmupUsers" when invoked 1 time.
Method was expected to be called 1 time, actually called 0 times.</failure>
      </testcase>
    </testsuite>
    <testsuite name="Tourze\LarkAppBotBundle\Tests\Service\User\Sync\BatchSyncProcessorTest" file="/home/admin/work/source/php-monorepo/packages/lark-app-bot-bundle/tests/Service/User/Sync/BatchSyncProcessorTest.php" tests="8" assertions="70" errors="0" failures="1" skipped="0" time="0.791071">
      <testcase name="testShouldHaveRunTestsInSeparateProcesses" file="/home/admin/work/source/php-monorepo/packages/phpunit-symfony-kernel-test/src/AbstractIntegrationTestCase.php" line="919" class="Tourze\LarkAppBotBundle\Tests\Service\User\Sync\BatchSyncProcessorTest" classname="Tourze.LarkAppBotBundle.Tests.Service.User.Sync.BatchSyncProcessorTest" assertions="1" time="0.102524"/>
      <testcase name="testProcessBatchSyncWithEmptyUserIds" file="/home/admin/work/source/php-monorepo/packages/lark-app-bot-bundle/tests/Service/User/Sync/BatchSyncProcessorTest.php" line="36" class="Tourze\LarkAppBotBundle\Tests\Service\User\Sync\BatchSyncProcessorTest" classname="Tourze.LarkAppBotBundle.Tests.Service.User.Sync.BatchSyncProcessorTest" assertions="3" time="0.100398"/>
      <testcase name="testProcessBatchSyncSuccess" file="/home/admin/work/source/php-monorepo/packages/lark-app-bot-bundle/tests/Service/User/Sync/BatchSyncProcessorTest.php" line="45" class="Tourze\LarkAppBotBundle\Tests\Service\User\Sync\BatchSyncProcessorTest" classname="Tourze.LarkAppBotBundle.Tests.Service.User.Sync.BatchSyncProcessorTest" assertions="16" time="0.103894">
        <failure type="PHPUnit\Framework\ExpectationFailedException">Tourze\LarkAppBotBundle\Tests\Service\User\Sync\BatchSyncProcessorTest::testProcessBatchSyncSuccess
Expectation failed for method name is "info" when invoked 2 times.
Method was expected to be called 2 times, actually called 0 times.</failure>
      </testcase>
      <testcase name="testProcessBatchSyncWithSkippedUsers" file="/home/admin/work/source/php-monorepo/packages/lark-app-bot-bundle/tests/Service/User/Sync/BatchSyncProcessorTest.php" line="104" class="Tourze\LarkAppBotBundle\Tests\Service\User\Sync\BatchSyncProcessorTest" classname="Tourze.LarkAppBotBundle.Tests.Service.User.Sync.BatchSyncProcessorTest" assertions="12" time="0.100569"/>
      <testcase name="testProcessBatchSyncWithMissingUsers" file="/home/admin/work/source/php-monorepo/packages/lark-app-bot-bundle/tests/Service/User/Sync/BatchSyncProcessorTest.php" line="147" class="Tourze\LarkAppBotBundle\Tests\Service\User\Sync\BatchSyncProcessorTest" classname="Tourze.LarkAppBotBundle.Tests.Service.User.Sync.BatchSyncProcessorTest" assertions="9" time="0.099053"/>
      <testcase name="testProcessBatchSyncWithUserServiceException" file="/home/admin/work/source/php-monorepo/packages/lark-app-bot-bundle/tests/Service/User/Sync/BatchSyncProcessorTest.php" line="190" class="Tourze\LarkAppBotBundle\Tests\Service\User\Sync\BatchSyncProcessorTest" classname="Tourze.LarkAppBotBundle.Tests.Service.User.Sync.BatchSyncProcessorTest" assertions="8" time="0.099658"/>
      <testcase name="testProcessBatchSyncWithDataProcessorException" file="/home/admin/work/source/php-monorepo/packages/lark-app-bot-bundle/tests/Service/User/Sync/BatchSyncProcessorTest.php" line="220" class="Tourze\LarkAppBotBundle\Tests\Service\User\Sync\BatchSyncProcessorTest" classname="Tourze.LarkAppBotBundle.Tests.Service.User.Sync.BatchSyncProcessorTest" assertions="13" time="0.093467"/>
      <testcase name="testProcessBatchSyncWithForceFlag" file="/home/admin/work/source/php-monorepo/packages/lark-app-bot-bundle/tests/Service/User/Sync/BatchSyncProcessorTest.php" line="276" class="Tourze\LarkAppBotBundle\Tests\Service\User\Sync\BatchSyncProcessorTest" classname="Tourze.LarkAppBotBundle.Tests.Service.User.Sync.BatchSyncProcessorTest" assertions="8" time="0.091508"/>
    </testsuite>
    <testsuite name="Tourze\LarkAppBotBundle\Tests\Service\User\Sync\SyncErrorHandlerTest" file="/home/admin/work/source/php-monorepo/packages/lark-app-bot-bundle/tests/Service/User/Sync/SyncErrorHandlerTest.php" tests="17" assertions="0" errors="17" failures="0" skipped="0" time="0.000000">
      <testcase name="testShouldHaveRunTestsInSeparateProcesses" file="/home/admin/work/source/php-monorepo/packages/phpunit-symfony-kernel-test/src/AbstractIntegrationTestCase.php" line="919" class="Tourze\LarkAppBotBundle\Tests\Service\User\Sync\SyncErrorHandlerTest" classname="Tourze.LarkAppBotBundle.Tests.Service.User.Sync.SyncErrorHandlerTest" assertions="0" time="0.000000">
        <error type="Symfony\Component\DependencyInjection\Exception\InvalidArgumentException">Tourze\LarkAppBotBundle\Tests\Service\User\Sync\SyncErrorHandlerTest::testShouldHaveRunTestsInSeparateProcesses
Symfony\Component\DependencyInjection\Exception\InvalidArgumentException: The "Psr\Log\LoggerInterface" service is already initialized, you cannot replace it.

/home/admin/work/source/php-monorepo/vendor/symfony/framework-bundle/Test/TestContainer.php:81
/home/admin/work/source/php-monorepo/packages/lark-app-bot-bundle/tests/Service/User/Sync/SyncErrorHandlerTest.php:366
/home/admin/work/source/php-monorepo/packages/phpunit-symfony-kernel-test/src/AbstractIntegrationTestCase.php:591</error>
      </testcase>
      <testcase name="testHandleSingleUserError" file="/home/admin/work/source/php-monorepo/packages/lark-app-bot-bundle/tests/Service/User/Sync/SyncErrorHandlerTest.php" line="32" class="Tourze\LarkAppBotBundle\Tests\Service\User\Sync\SyncErrorHandlerTest" classname="Tourze.LarkAppBotBundle.Tests.Service.User.Sync.SyncErrorHandlerTest" assertions="0" time="0.000000">
        <error type="Symfony\Component\DependencyInjection\Exception\InvalidArgumentException">Tourze\LarkAppBotBundle\Tests\Service\User\Sync\SyncErrorHandlerTest::testHandleSingleUserError
Symfony\Component\DependencyInjection\Exception\InvalidArgumentException: The "Psr\Log\LoggerInterface" service is already initialized, you cannot replace it.

/home/admin/work/source/php-monorepo/vendor/symfony/framework-bundle/Test/TestContainer.php:81
/home/admin/work/source/php-monorepo/packages/lark-app-bot-bundle/tests/Service/User/Sync/SyncErrorHandlerTest.php:366
/home/admin/work/source/php-monorepo/packages/phpunit-symfony-kernel-test/src/AbstractIntegrationTestCase.php:591</error>
      </testcase>
      <testcase name="testHandleBatchSyncErrorWithFailedRef" file="/home/admin/work/source/php-monorepo/packages/lark-app-bot-bundle/tests/Service/User/Sync/SyncErrorHandlerTest.php" line="55" class="Tourze\LarkAppBotBundle\Tests\Service\User\Sync\SyncErrorHandlerTest" classname="Tourze.LarkAppBotBundle.Tests.Service.User.Sync.SyncErrorHandlerTest" assertions="0" time="0.000000">
        <error type="Symfony\Component\DependencyInjection\Exception\InvalidArgumentException">Tourze\LarkAppBotBundle\Tests\Service\User\Sync\SyncErrorHandlerTest::testHandleBatchSyncErrorWithFailedRef
Symfony\Component\DependencyInjection\Exception\InvalidArgumentException: The "Psr\Log\LoggerInterface" service is already initialized, you cannot replace it.

/home/admin/work/source/php-monorepo/vendor/symfony/framework-bundle/Test/TestContainer.php:81
/home/admin/work/source/php-monorepo/packages/lark-app-bot-bundle/tests/Service/User/Sync/SyncErrorHandlerTest.php:366
/home/admin/work/source/php-monorepo/packages/phpunit-symfony-kernel-test/src/AbstractIntegrationTestCase.php:591</error>
      </testcase>
      <testcase name="testHandleDepartmentSyncError" file="/home/admin/work/source/php-monorepo/packages/lark-app-bot-bundle/tests/Service/User/Sync/SyncErrorHandlerTest.php" line="82" class="Tourze\LarkAppBotBundle\Tests\Service\User\Sync\SyncErrorHandlerTest" classname="Tourze.LarkAppBotBundle.Tests.Service.User.Sync.SyncErrorHandlerTest" assertions="0" time="0.000000">
        <error type="Symfony\Component\DependencyInjection\Exception\InvalidArgumentException">Tourze\LarkAppBotBundle\Tests\Service\User\Sync\SyncErrorHandlerTest::testHandleDepartmentSyncError
Symfony\Component\DependencyInjection\Exception\InvalidArgumentException: The "Psr\Log\LoggerInterface" service is already initialized, you cannot replace it.

/home/admin/work/source/php-monorepo/vendor/symfony/framework-bundle/Test/TestContainer.php:81
/home/admin/work/source/php-monorepo/packages/lark-app-bot-bundle/tests/Service/User/Sync/SyncErrorHandlerTest.php:366
/home/admin/work/source/php-monorepo/packages/phpunit-symfony-kernel-test/src/AbstractIntegrationTestCase.php:591</error>
      </testcase>
      <testcase name="testHandleMissingUsers" file="/home/admin/work/source/php-monorepo/packages/lark-app-bot-bundle/tests/Service/User/Sync/SyncErrorHandlerTest.php" line="105" class="Tourze\LarkAppBotBundle\Tests\Service\User\Sync\SyncErrorHandlerTest" classname="Tourze.LarkAppBotBundle.Tests.Service.User.Sync.SyncErrorHandlerTest" assertions="0" time="0.000000">
        <error type="Symfony\Component\DependencyInjection\Exception\InvalidArgumentException">Tourze\LarkAppBotBundle\Tests\Service\User\Sync\SyncErrorHandlerTest::testHandleMissingUsers
Symfony\Component\DependencyInjection\Exception\InvalidArgumentException: The "Psr\Log\LoggerInterface" service is already initialized, you cannot replace it.

/home/admin/work/source/php-monorepo/vendor/symfony/framework-bundle/Test/TestContainer.php:81
/home/admin/work/source/php-monorepo/packages/lark-app-bot-bundle/tests/Service/User/Sync/SyncErrorHandlerTest.php:366
/home/admin/work/source/php-monorepo/packages/phpunit-symfony-kernel-test/src/AbstractIntegrationTestCase.php:591</error>
      </testcase>
      <testcase name="testHandleMissingUsersWithNoMissing" file="/home/admin/work/source/php-monorepo/packages/lark-app-bot-bundle/tests/Service/User/Sync/SyncErrorHandlerTest.php" line="131" class="Tourze\LarkAppBotBundle\Tests\Service\User\Sync\SyncErrorHandlerTest" classname="Tourze.LarkAppBotBundle.Tests.Service.User.Sync.SyncErrorHandlerTest" assertions="0" time="0.000000">
        <error type="Symfony\Component\DependencyInjection\Exception\InvalidArgumentException">Tourze\LarkAppBotBundle\Tests\Service\User\Sync\SyncErrorHandlerTest::testHandleMissingUsersWithNoMissing
Symfony\Component\DependencyInjection\Exception\InvalidArgumentException: The "Psr\Log\LoggerInterface" service is already initialized, you cannot replace it.

/home/admin/work/source/php-monorepo/vendor/symfony/framework-bundle/Test/TestContainer.php:81
/home/admin/work/source/php-monorepo/packages/lark-app-bot-bundle/tests/Service/User/Sync/SyncErrorHandlerTest.php:366
/home/admin/work/source/php-monorepo/packages/phpunit-symfony-kernel-test/src/AbstractIntegrationTestCase.php:591</error>
      </testcase>
      <testcase name="testSafeExecuteWithSuccess" file="/home/admin/work/source/php-monorepo/packages/lark-app-bot-bundle/tests/Service/User/Sync/SyncErrorHandlerTest.php" line="157" class="Tourze\LarkAppBotBundle\Tests\Service\User\Sync\SyncErrorHandlerTest" classname="Tourze.LarkAppBotBundle.Tests.Service.User.Sync.SyncErrorHandlerTest" assertions="0" time="0.000000">
        <error type="Symfony\Component\DependencyInjection\Exception\InvalidArgumentException">Tourze\LarkAppBotBundle\Tests\Service\User\Sync\SyncErrorHandlerTest::testSafeExecuteWithSuccess
Symfony\Component\DependencyInjection\Exception\InvalidArgumentException: The "Psr\Log\LoggerInterface" service is already initialized, you cannot replace it.

/home/admin/work/source/php-monorepo/vendor/symfony/framework-bundle/Test/TestContainer.php:81
/home/admin/work/source/php-monorepo/packages/lark-app-bot-bundle/tests/Service/User/Sync/SyncErrorHandlerTest.php:366
/home/admin/work/source/php-monorepo/packages/phpunit-symfony-kernel-test/src/AbstractIntegrationTestCase.php:591</error>
      </testcase>
      <testcase name="testSafeExecuteWithGeneralException" file="/home/admin/work/source/php-monorepo/packages/lark-app-bot-bundle/tests/Service/User/Sync/SyncErrorHandlerTest.php" line="171" class="Tourze\LarkAppBotBundle\Tests\Service\User\Sync\SyncErrorHandlerTest" classname="Tourze.LarkAppBotBundle.Tests.Service.User.Sync.SyncErrorHandlerTest" assertions="0" time="0.000000">
        <error type="Symfony\Component\DependencyInjection\Exception\InvalidArgumentException">Tourze\LarkAppBotBundle\Tests\Service\User\Sync\SyncErrorHandlerTest::testSafeExecuteWithGeneralException
Symfony\Component\DependencyInjection\Exception\InvalidArgumentException: The "Psr\Log\LoggerInterface" service is already initialized, you cannot replace it.

/home/admin/work/source/php-monorepo/vendor/symfony/framework-bundle/Test/TestContainer.php:81
/home/admin/work/source/php-monorepo/packages/lark-app-bot-bundle/tests/Service/User/Sync/SyncErrorHandlerTest.php:366
/home/admin/work/source/php-monorepo/packages/phpunit-symfony-kernel-test/src/AbstractIntegrationTestCase.php:591</error>
      </testcase>
      <testcase name="testSafeExecuteWithApiException" file="/home/admin/work/source/php-monorepo/packages/lark-app-bot-bundle/tests/Service/User/Sync/SyncErrorHandlerTest.php" line="192" class="Tourze\LarkAppBotBundle\Tests\Service\User\Sync\SyncErrorHandlerTest" classname="Tourze.LarkAppBotBundle.Tests.Service.User.Sync.SyncErrorHandlerTest" assertions="0" time="0.000000">
        <error type="Symfony\Component\DependencyInjection\Exception\InvalidArgumentException">Tourze\LarkAppBotBundle\Tests\Service\User\Sync\SyncErrorHandlerTest::testSafeExecuteWithApiException
Symfony\Component\DependencyInjection\Exception\InvalidArgumentException: The "Psr\Log\LoggerInterface" service is already initialized, you cannot replace it.

/home/admin/work/source/php-monorepo/vendor/symfony/framework-bundle/Test/TestContainer.php:81
/home/admin/work/source/php-monorepo/packages/lark-app-bot-bundle/tests/Service/User/Sync/SyncErrorHandlerTest.php:366
/home/admin/work/source/php-monorepo/packages/phpunit-symfony-kernel-test/src/AbstractIntegrationTestCase.php:591</error>
      </testcase>
      <testcase name="testSafeExecuteWithEmptyContext" file="/home/admin/work/source/php-monorepo/packages/lark-app-bot-bundle/tests/Service/User/Sync/SyncErrorHandlerTest.php" line="214" class="Tourze\LarkAppBotBundle\Tests\Service\User\Sync\SyncErrorHandlerTest" classname="Tourze.LarkAppBotBundle.Tests.Service.User.Sync.SyncErrorHandlerTest" assertions="0" time="0.000000">
        <error type="Symfony\Component\DependencyInjection\Exception\InvalidArgumentException">Tourze\LarkAppBotBundle\Tests\Service\User\Sync\SyncErrorHandlerTest::testSafeExecuteWithEmptyContext
Symfony\Component\DependencyInjection\Exception\InvalidArgumentException: The "Psr\Log\LoggerInterface" service is already initialized, you cannot replace it.

/home/admin/work/source/php-monorepo/vendor/symfony/framework-bundle/Test/TestContainer.php:81
/home/admin/work/source/php-monorepo/packages/lark-app-bot-bundle/tests/Service/User/Sync/SyncErrorHandlerTest.php:366
/home/admin/work/source/php-monorepo/packages/phpunit-symfony-kernel-test/src/AbstractIntegrationTestCase.php:591</error>
      </testcase>
      <testcase name="testWrapException" file="/home/admin/work/source/php-monorepo/packages/lark-app-bot-bundle/tests/Service/User/Sync/SyncErrorHandlerTest.php" line="235" class="Tourze\LarkAppBotBundle\Tests\Service\User\Sync\SyncErrorHandlerTest" classname="Tourze.LarkAppBotBundle.Tests.Service.User.Sync.SyncErrorHandlerTest" assertions="0" time="0.000000">
        <error type="Symfony\Component\DependencyInjection\Exception\InvalidArgumentException">Tourze\LarkAppBotBundle\Tests\Service\User\Sync\SyncErrorHandlerTest::testWrapException
Symfony\Component\DependencyInjection\Exception\InvalidArgumentException: The "Psr\Log\LoggerInterface" service is already initialized, you cannot replace it.

/home/admin/work/source/php-monorepo/vendor/symfony/framework-bundle/Test/TestContainer.php:81
/home/admin/work/source/php-monorepo/packages/lark-app-bot-bundle/tests/Service/User/Sync/SyncErrorHandlerTest.php:366
/home/admin/work/source/php-monorepo/packages/phpunit-symfony-kernel-test/src/AbstractIntegrationTestCase.php:591</error>
      </testcase>
      <testcase name="testLogSyncSuccess" file="/home/admin/work/source/php-monorepo/packages/lark-app-bot-bundle/tests/Service/User/Sync/SyncErrorHandlerTest.php" line="247" class="Tourze\LarkAppBotBundle\Tests\Service\User\Sync\SyncErrorHandlerTest" classname="Tourze.LarkAppBotBundle.Tests.Service.User.Sync.SyncErrorHandlerTest" assertions="0" time="0.000000">
        <error type="Symfony\Component\DependencyInjection\Exception\InvalidArgumentException">Tourze\LarkAppBotBundle\Tests\Service\User\Sync\SyncErrorHandlerTest::testLogSyncSuccess
Symfony\Component\DependencyInjection\Exception\InvalidArgumentException: The "Psr\Log\LoggerInterface" service is already initialized, you cannot replace it.

/home/admin/work/source/php-monorepo/vendor/symfony/framework-bundle/Test/TestContainer.php:81
/home/admin/work/source/php-monorepo/packages/lark-app-bot-bundle/tests/Service/User/Sync/SyncErrorHandlerTest.php:366
/home/admin/work/source/php-monorepo/packages/phpunit-symfony-kernel-test/src/AbstractIntegrationTestCase.php:591</error>
      </testcase>
      <testcase name="testLogSyncSuccessWithoutName" file="/home/admin/work/source/php-monorepo/packages/lark-app-bot-bundle/tests/Service/User/Sync/SyncErrorHandlerTest.php" line="266" class="Tourze\LarkAppBotBundle\Tests\Service\User\Sync\SyncErrorHandlerTest" classname="Tourze.LarkAppBotBundle.Tests.Service.User.Sync.SyncErrorHandlerTest" assertions="0" time="0.000000">
        <error type="Symfony\Component\DependencyInjection\Exception\InvalidArgumentException">Tourze\LarkAppBotBundle\Tests\Service\User\Sync\SyncErrorHandlerTest::testLogSyncSuccessWithoutName
Symfony\Component\DependencyInjection\Exception\InvalidArgumentException: The "Psr\Log\LoggerInterface" service is already initialized, you cannot replace it.

/home/admin/work/source/php-monorepo/vendor/symfony/framework-bundle/Test/TestContainer.php:81
/home/admin/work/source/php-monorepo/packages/lark-app-bot-bundle/tests/Service/User/Sync/SyncErrorHandlerTest.php:366
/home/admin/work/source/php-monorepo/packages/phpunit-symfony-kernel-test/src/AbstractIntegrationTestCase.php:591</error>
      </testcase>
      <testcase name="testLogSyncStart" file="/home/admin/work/source/php-monorepo/packages/lark-app-bot-bundle/tests/Service/User/Sync/SyncErrorHandlerTest.php" line="284" class="Tourze\LarkAppBotBundle\Tests\Service\User\Sync\SyncErrorHandlerTest" classname="Tourze.LarkAppBotBundle.Tests.Service.User.Sync.SyncErrorHandlerTest" assertions="0" time="0.000000">
        <error type="Symfony\Component\DependencyInjection\Exception\InvalidArgumentException">Tourze\LarkAppBotBundle\Tests\Service\User\Sync\SyncErrorHandlerTest::testLogSyncStart
Symfony\Component\DependencyInjection\Exception\InvalidArgumentException: The "Psr\Log\LoggerInterface" service is already initialized, you cannot replace it.

/home/admin/work/source/php-monorepo/vendor/symfony/framework-bundle/Test/TestContainer.php:81
/home/admin/work/source/php-monorepo/packages/lark-app-bot-bundle/tests/Service/User/Sync/SyncErrorHandlerTest.php:366
/home/admin/work/source/php-monorepo/packages/phpunit-symfony-kernel-test/src/AbstractIntegrationTestCase.php:591</error>
      </testcase>
      <testcase name="testLogSyncSkipped" file="/home/admin/work/source/php-monorepo/packages/lark-app-bot-bundle/tests/Service/User/Sync/SyncErrorHandlerTest.php" line="304" class="Tourze\LarkAppBotBundle\Tests\Service\User\Sync\SyncErrorHandlerTest" classname="Tourze.LarkAppBotBundle.Tests.Service.User.Sync.SyncErrorHandlerTest" assertions="0" time="0.000000">
        <error type="Symfony\Component\DependencyInjection\Exception\InvalidArgumentException">Tourze\LarkAppBotBundle\Tests\Service\User\Sync\SyncErrorHandlerTest::testLogSyncSkipped
Symfony\Component\DependencyInjection\Exception\InvalidArgumentException: The "Psr\Log\LoggerInterface" service is already initialized, you cannot replace it.

/home/admin/work/source/php-monorepo/vendor/symfony/framework-bundle/Test/TestContainer.php:81
/home/admin/work/source/php-monorepo/packages/lark-app-bot-bundle/tests/Service/User/Sync/SyncErrorHandlerTest.php:366
/home/admin/work/source/php-monorepo/packages/phpunit-symfony-kernel-test/src/AbstractIntegrationTestCase.php:591</error>
      </testcase>
      <testcase name="testHandleSingleUserSyncError" file="/home/admin/work/source/php-monorepo/packages/lark-app-bot-bundle/tests/Service/User/Sync/SyncErrorHandlerTest.php" line="322" class="Tourze\LarkAppBotBundle\Tests\Service\User\Sync\SyncErrorHandlerTest" classname="Tourze.LarkAppBotBundle.Tests.Service.User.Sync.SyncErrorHandlerTest" assertions="0" time="0.000000">
        <error type="Symfony\Component\DependencyInjection\Exception\InvalidArgumentException">Tourze\LarkAppBotBundle\Tests\Service\User\Sync\SyncErrorHandlerTest::testHandleSingleUserSyncError
Symfony\Component\DependencyInjection\Exception\InvalidArgumentException: The "Psr\Log\LoggerInterface" service is already initialized, you cannot replace it.

/home/admin/work/source/php-monorepo/vendor/symfony/framework-bundle/Test/TestContainer.php:81
/home/admin/work/source/php-monorepo/packages/lark-app-bot-bundle/tests/Service/User/Sync/SyncErrorHandlerTest.php:366
/home/admin/work/source/php-monorepo/packages/phpunit-symfony-kernel-test/src/AbstractIntegrationTestCase.php:591</error>
      </testcase>
      <testcase name="testHandleBatchSyncError" file="/home/admin/work/source/php-monorepo/packages/lark-app-bot-bundle/tests/Service/User/Sync/SyncErrorHandlerTest.php" line="341" class="Tourze\LarkAppBotBundle\Tests\Service\User\Sync\SyncErrorHandlerTest" classname="Tourze.LarkAppBotBundle.Tests.Service.User.Sync.SyncErrorHandlerTest" assertions="0" time="0.000000">
        <error type="Symfony\Component\DependencyInjection\Exception\InvalidArgumentException">Tourze\LarkAppBotBundle\Tests\Service\User\Sync\SyncErrorHandlerTest::testHandleBatchSyncError
Symfony\Component\DependencyInjection\Exception\InvalidArgumentException: The "Psr\Log\LoggerInterface" service is already initialized, you cannot replace it.

/home/admin/work/source/php-monorepo/vendor/symfony/framework-bundle/Test/TestContainer.php:81
/home/admin/work/source/php-monorepo/packages/lark-app-bot-bundle/tests/Service/User/Sync/SyncErrorHandlerTest.php:366
/home/admin/work/source/php-monorepo/packages/phpunit-symfony-kernel-test/src/AbstractIntegrationTestCase.php:591</error>
      </testcase>
    </testsuite>
    <testsuite name="Tourze\LarkAppBotBundle\Tests\Service\User\Sync\SyncResultCollectorTest" file="/home/admin/work/source/php-monorepo/packages/lark-app-bot-bundle/tests/Service/User/Sync/SyncResultCollectorTest.php" tests="12" assertions="34" errors="0" failures="6" skipped="0" time="1.167502">
      <testcase name="testShouldHaveRunTestsInSeparateProcesses" file="/home/admin/work/source/php-monorepo/packages/phpunit-symfony-kernel-test/src/AbstractIntegrationTestCase.php" line="919" class="Tourze\LarkAppBotBundle\Tests\Service\User\Sync\SyncResultCollectorTest" classname="Tourze.LarkAppBotBundle.Tests.Service.User.Sync.SyncResultCollectorTest" assertions="1" time="0.086178"/>
      <testcase name="testCreateEmptyResult" file="/home/admin/work/source/php-monorepo/packages/lark-app-bot-bundle/tests/Service/User/Sync/SyncResultCollectorTest.php" line="24" class="Tourze\LarkAppBotBundle\Tests\Service\User\Sync\SyncResultCollectorTest" classname="Tourze.LarkAppBotBundle.Tests.Service.User.Sync.SyncResultCollectorTest" assertions="7" time="0.088897"/>
      <testcase name="testInitializeResult" file="/home/admin/work/source/php-monorepo/packages/lark-app-bot-bundle/tests/Service/User/Sync/SyncResultCollectorTest.php" line="37" class="Tourze\LarkAppBotBundle\Tests\Service\User\Sync\SyncResultCollectorTest" classname="Tourze.LarkAppBotBundle.Tests.Service.User.Sync.SyncResultCollectorTest" assertions="7" time="0.085979"/>
      <testcase name="testAddSuccess" file="/home/admin/work/source/php-monorepo/packages/lark-app-bot-bundle/tests/Service/User/Sync/SyncResultCollectorTest.php" line="50" class="Tourze\LarkAppBotBundle\Tests\Service\User\Sync\SyncResultCollectorTest" classname="Tourze.LarkAppBotBundle.Tests.Service.User.Sync.SyncResultCollectorTest" assertions="2" time="0.083570">
        <failure type="PHPUnit\Framework\ExpectationFailedException">Tourze\LarkAppBotBundle\Tests\Service\User\Sync\SyncResultCollectorTest::testAddSuccess
Failed asserting that an array has the key 'user123'.

/home/admin/work/source/php-monorepo/packages/lark-app-bot-bundle/tests/Service/User/Sync/SyncResultCollectorTest.php:58</failure>
      </testcase>
      <testcase name="testAddFailure" file="/home/admin/work/source/php-monorepo/packages/lark-app-bot-bundle/tests/Service/User/Sync/SyncResultCollectorTest.php" line="62" class="Tourze\LarkAppBotBundle\Tests\Service\User\Sync\SyncResultCollectorTest" classname="Tourze.LarkAppBotBundle.Tests.Service.User.Sync.SyncResultCollectorTest" assertions="1" time="0.085182">
        <failure type="PHPUnit\Framework\ExpectationFailedException">Tourze\LarkAppBotBundle\Tests\Service\User\Sync\SyncResultCollectorTest::testAddFailure
Failed asserting that an array contains 'user123'.

/home/admin/work/source/php-monorepo/packages/lark-app-bot-bundle/tests/Service/User/Sync/SyncResultCollectorTest.php:68</failure>
      </testcase>
      <testcase name="testAddBatchFailures" file="/home/admin/work/source/php-monorepo/packages/lark-app-bot-bundle/tests/Service/User/Sync/SyncResultCollectorTest.php" line="71" class="Tourze\LarkAppBotBundle\Tests\Service\User\Sync\SyncResultCollectorTest" classname="Tourze.LarkAppBotBundle.Tests.Service.User.Sync.SyncResultCollectorTest" assertions="1" time="0.086971">
        <failure type="PHPUnit\Framework\ExpectationFailedException">Tourze\LarkAppBotBundle\Tests\Service\User\Sync\SyncResultCollectorTest::testAddBatchFailures
Failed asserting that two arrays are identical.
--- Expected
+++ Actual
@@ @@
-Array &amp;0 [
-    0 =&gt; 'user123',
-    1 =&gt; 'user456',
-    2 =&gt; 'user789',
-]
+Array &amp;0 []

/home/admin/work/source/php-monorepo/packages/lark-app-bot-bundle/tests/Service/User/Sync/SyncResultCollectorTest.php:78</failure>
      </testcase>
      <testcase name="testAddSkipped" file="/home/admin/work/source/php-monorepo/packages/lark-app-bot-bundle/tests/Service/User/Sync/SyncResultCollectorTest.php" line="81" class="Tourze\LarkAppBotBundle\Tests\Service\User\Sync\SyncResultCollectorTest" classname="Tourze.LarkAppBotBundle.Tests.Service.User.Sync.SyncResultCollectorTest" assertions="1" time="0.086996">
        <failure type="PHPUnit\Framework\ExpectationFailedException">Tourze\LarkAppBotBundle\Tests\Service\User\Sync\SyncResultCollectorTest::testAddSkipped
Failed asserting that two arrays are identical.
--- Expected
+++ Actual
@@ @@
-Array &amp;0 [
-    0 =&gt; 'user123',
-    1 =&gt; 'user456',
-]
+Array &amp;0 []

/home/admin/work/source/php-monorepo/packages/lark-app-bot-bundle/tests/Service/User/Sync/SyncResultCollectorTest.php:88</failure>
      </testcase>
      <testcase name="testCreateBatches" file="/home/admin/work/source/php-monorepo/packages/lark-app-bot-bundle/tests/Service/User/Sync/SyncResultCollectorTest.php" line="91" class="Tourze\LarkAppBotBundle\Tests\Service\User\Sync\SyncResultCollectorTest" classname="Tourze.LarkAppBotBundle.Tests.Service.User.Sync.SyncResultCollectorTest" assertions="5" time="0.084921"/>
      <testcase name="testLogBatchSyncStart" file="/home/admin/work/source/php-monorepo/packages/lark-app-bot-bundle/tests/Service/User/Sync/SyncResultCollectorTest.php" line="104" class="Tourze\LarkAppBotBundle\Tests\Service\User\Sync\SyncResultCollectorTest" classname="Tourze.LarkAppBotBundle.Tests.Service.User.Sync.SyncResultCollectorTest" assertions="1" time="0.088530">
        <failure type="PHPUnit\Framework\ExpectationFailedException">Tourze\LarkAppBotBundle\Tests\Service\User\Sync\SyncResultCollectorTest::testLogBatchSyncStart
Expectation failed for method name is "info" when invoked 1 time.
Method was expected to be called 1 time, actually called 0 times.</failure>
      </testcase>
      <testcase name="testLogBatchSyncComplete" file="/home/admin/work/source/php-monorepo/packages/lark-app-bot-bundle/tests/Service/User/Sync/SyncResultCollectorTest.php" line="120" class="Tourze\LarkAppBotBundle\Tests\Service\User\Sync\SyncResultCollectorTest" classname="Tourze.LarkAppBotBundle.Tests.Service.User.Sync.SyncResultCollectorTest" assertions="1" time="0.132393">
        <failure type="PHPUnit\Framework\ExpectationFailedException">Tourze\LarkAppBotBundle\Tests\Service\User\Sync\SyncResultCollectorTest::testLogBatchSyncComplete
Expectation failed for method name is "info" when invoked 1 time.
Method was expected to be called 1 time, actually called 0 times.</failure>
      </testcase>
      <testcase name="testGetResultStats" file="/home/admin/work/source/php-monorepo/packages/lark-app-bot-bundle/tests/Service/User/Sync/SyncResultCollectorTest.php" line="142" class="Tourze\LarkAppBotBundle\Tests\Service\User\Sync\SyncResultCollectorTest" classname="Tourze.LarkAppBotBundle.Tests.Service.User.Sync.SyncResultCollectorTest" assertions="5" time="0.129928"/>
      <testcase name="testGetResultStatsWithZeroTotal" file="/home/admin/work/source/php-monorepo/packages/lark-app-bot-bundle/tests/Service/User/Sync/SyncResultCollectorTest.php" line="159" class="Tourze\LarkAppBotBundle\Tests\Service\User\Sync\SyncResultCollectorTest" classname="Tourze.LarkAppBotBundle.Tests.Service.User.Sync.SyncResultCollectorTest" assertions="2" time="0.127958"/>
    </testsuite>
    <testsuite name="Tourze\LarkAppBotBundle\Tests\Service\User\Sync\SyncStrategyManagerTest" file="/home/admin/work/source/php-monorepo/packages/lark-app-bot-bundle/tests/Service/User/Sync/SyncStrategyManagerTest.php" tests="17" assertions="45" errors="0" failures="0" skipped="0" time="2.120308">
      <testcase name="testShouldHaveRunTestsInSeparateProcesses" file="/home/admin/work/source/php-monorepo/packages/phpunit-symfony-kernel-test/src/AbstractIntegrationTestCase.php" line="919" class="Tourze\LarkAppBotBundle\Tests\Service\User\Sync\SyncStrategyManagerTest" classname="Tourze.LarkAppBotBundle.Tests.Service.User.Sync.SyncStrategyManagerTest" assertions="1" time="0.124885"/>
      <testcase name="testFilterUsersToSyncWithForce" file="/home/admin/work/source/php-monorepo/packages/lark-app-bot-bundle/tests/Service/User/Sync/SyncStrategyManagerTest.php" line="21" class="Tourze\LarkAppBotBundle\Tests\Service\User\Sync\SyncStrategyManagerTest" classname="Tourze.LarkAppBotBundle.Tests.Service.User.Sync.SyncStrategyManagerTest" assertions="2" time="0.130916"/>
      <testcase name="testFilterUsersToSyncWithoutForce" file="/home/admin/work/source/php-monorepo/packages/lark-app-bot-bundle/tests/Service/User/Sync/SyncStrategyManagerTest.php" line="33" class="Tourze\LarkAppBotBundle\Tests\Service\User\Sync\SyncStrategyManagerTest" classname="Tourze.LarkAppBotBundle.Tests.Service.User.Sync.SyncStrategyManagerTest" assertions="2" time="0.130505"/>
      <testcase name="testFilterUsersToSyncAfterRecentSync" file="/home/admin/work/source/php-monorepo/packages/lark-app-bot-bundle/tests/Service/User/Sync/SyncStrategyManagerTest.php" line="46" class="Tourze\LarkAppBotBundle\Tests\Service\User\Sync\SyncStrategyManagerTest" classname="Tourze.LarkAppBotBundle.Tests.Service.User.Sync.SyncStrategyManagerTest" assertions="2" time="0.128322"/>
      <testcase name="testFilterUsersToSyncMixedScenario" file="/home/admin/work/source/php-monorepo/packages/lark-app-bot-bundle/tests/Service/User/Sync/SyncStrategyManagerTest.php" line="63" class="Tourze\LarkAppBotBundle\Tests\Service\User\Sync\SyncStrategyManagerTest" classname="Tourze.LarkAppBotBundle.Tests.Service.User.Sync.SyncStrategyManagerTest" assertions="2" time="0.135664"/>
      <testcase name="testNeedsSyncWithForce" file="/home/admin/work/source/php-monorepo/packages/lark-app-bot-bundle/tests/Service/User/Sync/SyncStrategyManagerTest.php" line="78" class="Tourze\LarkAppBotBundle\Tests\Service\User\Sync\SyncStrategyManagerTest" classname="Tourze.LarkAppBotBundle.Tests.Service.User.Sync.SyncStrategyManagerTest" assertions="1" time="0.130568"/>
      <testcase name="testNeedsSyncWithoutPreviousSync" file="/home/admin/work/source/php-monorepo/packages/lark-app-bot-bundle/tests/Service/User/Sync/SyncStrategyManagerTest.php" line="90" class="Tourze\LarkAppBotBundle\Tests\Service\User\Sync\SyncStrategyManagerTest" classname="Tourze.LarkAppBotBundle.Tests.Service.User.Sync.SyncStrategyManagerTest" assertions="1" time="0.132401"/>
      <testcase name="testNeedsSyncWithRecentSync" file="/home/admin/work/source/php-monorepo/packages/lark-app-bot-bundle/tests/Service/User/Sync/SyncStrategyManagerTest.php" line="99" class="Tourze\LarkAppBotBundle\Tests\Service\User\Sync\SyncStrategyManagerTest" classname="Tourze.LarkAppBotBundle.Tests.Service.User.Sync.SyncStrategyManagerTest" assertions="1" time="0.132645"/>
      <testcase name="testRecordSyncTime" file="/home/admin/work/source/php-monorepo/packages/lark-app-bot-bundle/tests/Service/User/Sync/SyncStrategyManagerTest.php" line="111" class="Tourze\LarkAppBotBundle\Tests\Service\User\Sync\SyncStrategyManagerTest" classname="Tourze.LarkAppBotBundle.Tests.Service.User.Sync.SyncStrategyManagerTest" assertions="2" time="0.128073"/>
      <testcase name="testBatchRecordSyncTime" file="/home/admin/work/source/php-monorepo/packages/lark-app-bot-bundle/tests/Service/User/Sync/SyncStrategyManagerTest.php" line="126" class="Tourze\LarkAppBotBundle\Tests\Service\User\Sync\SyncStrategyManagerTest" classname="Tourze.LarkAppBotBundle.Tests.Service.User.Sync.SyncStrategyManagerTest" assertions="6" time="0.129193"/>
      <testcase name="testClearSyncHistory" file="/home/admin/work/source/php-monorepo/packages/lark-app-bot-bundle/tests/Service/User/Sync/SyncStrategyManagerTest.php" line="145" class="Tourze\LarkAppBotBundle\Tests\Service\User\Sync\SyncStrategyManagerTest" classname="Tourze.LarkAppBotBundle.Tests.Service.User.Sync.SyncStrategyManagerTest" assertions="2" time="0.130594"/>
      <testcase name="testDifferentUserIdTypes" file="/home/admin/work/source/php-monorepo/packages/lark-app-bot-bundle/tests/Service/User/Sync/SyncStrategyManagerTest.php" line="161" class="Tourze\LarkAppBotBundle\Tests\Service\User\Sync\SyncStrategyManagerTest" classname="Tourze.LarkAppBotBundle.Tests.Service.User.Sync.SyncStrategyManagerTest" assertions="6" time="0.127484"/>
      <testcase name="testSyncKeyGeneration" file="/home/admin/work/source/php-monorepo/packages/lark-app-bot-bundle/tests/Service/User/Sync/SyncStrategyManagerTest.php" line="182" class="Tourze\LarkAppBotBundle\Tests\Service\User\Sync\SyncStrategyManagerTest" classname="Tourze.LarkAppBotBundle.Tests.Service.User.Sync.SyncStrategyManagerTest" assertions="2" time="0.129262"/>
      <testcase name="testEmptyUserIdsList" file="/home/admin/work/source/php-monorepo/packages/lark-app-bot-bundle/tests/Service/User/Sync/SyncStrategyManagerTest.php" line="196" class="Tourze\LarkAppBotBundle\Tests\Service\User\Sync\SyncStrategyManagerTest" classname="Tourze.LarkAppBotBundle.Tests.Service.User.Sync.SyncStrategyManagerTest" assertions="2" time="0.129715"/>
      <testcase name="testSingleUserFiltering" file="/home/admin/work/source/php-monorepo/packages/lark-app-bot-bundle/tests/Service/User/Sync/SyncStrategyManagerTest.php" line="207" class="Tourze\LarkAppBotBundle\Tests\Service\User\Sync\SyncStrategyManagerTest" classname="Tourze.LarkAppBotBundle.Tests.Service.User.Sync.SyncStrategyManagerTest" assertions="4" time="0.130499"/>
      <testcase name="testBatchOperationsConsistency" file="/home/admin/work/source/php-monorepo/packages/lark-app-bot-bundle/tests/Service/User/Sync/SyncStrategyManagerTest.php" line="226" class="Tourze\LarkAppBotBundle\Tests\Service\User\Sync\SyncStrategyManagerTest" classname="Tourze.LarkAppBotBundle.Tests.Service.User.Sync.SyncStrategyManagerTest" assertions="5" time="0.085189"/>
      <testcase name="testTimeBasedSyncLogic" file="/home/admin/work/source/php-monorepo/packages/lark-app-bot-bundle/tests/Service/User/Sync/SyncStrategyManagerTest.php" line="245" class="Tourze\LarkAppBotBundle\Tests\Service\User\Sync\SyncStrategyManagerTest" classname="Tourze.LarkAppBotBundle.Tests.Service.User.Sync.SyncStrategyManagerTest" assertions="4" time="0.084394"/>
    </testsuite>
    <testsuite name="Tourze\LarkAppBotBundle\Tests\Service\User\Sync\UserChangeDetectorTest" file="/home/admin/work/source/php-monorepo/packages/lark-app-bot-bundle/tests/Service/User/Sync/UserChangeDetectorTest.php" tests="19" assertions="41" errors="0" failures="0" skipped="0" time="1.617738">
      <testcase name="testShouldHaveRunTestsInSeparateProcesses" file="/home/admin/work/source/php-monorepo/packages/phpunit-symfony-kernel-test/src/AbstractIntegrationTestCase.php" line="919" class="Tourze\LarkAppBotBundle\Tests\Service\User\Sync\UserChangeDetectorTest" classname="Tourze.LarkAppBotBundle.Tests.Service.User.Sync.UserChangeDetectorTest" assertions="1" time="0.083138"/>
      <testcase name="testDetectChangesWithNoChanges" file="/home/admin/work/source/php-monorepo/packages/lark-app-bot-bundle/tests/Service/User/Sync/UserChangeDetectorTest.php" line="21" class="Tourze\LarkAppBotBundle\Tests\Service\User\Sync\UserChangeDetectorTest" classname="Tourze.LarkAppBotBundle.Tests.Service.User.Sync.UserChangeDetectorTest" assertions="1" time="0.088910"/>
      <testcase name="testDetectChangesWithStringChanges" file="/home/admin/work/source/php-monorepo/packages/lark-app-bot-bundle/tests/Service/User/Sync/UserChangeDetectorTest.php" line="39" class="Tourze\LarkAppBotBundle\Tests\Service\User\Sync\UserChangeDetectorTest" classname="Tourze.LarkAppBotBundle.Tests.Service.User.Sync.UserChangeDetectorTest" assertions="4" time="0.087167"/>
      <testcase name="testDetectChangesWithArrayChanges" file="/home/admin/work/source/php-monorepo/packages/lark-app-bot-bundle/tests/Service/User/Sync/UserChangeDetectorTest.php" line="58" class="Tourze\LarkAppBotBundle\Tests\Service\User\Sync\UserChangeDetectorTest" classname="Tourze.LarkAppBotBundle.Tests.Service.User.Sync.UserChangeDetectorTest" assertions="3" time="0.083499"/>
      <testcase name="testDetectChangesWithNullValues" file="/home/admin/work/source/php-monorepo/packages/lark-app-bot-bundle/tests/Service/User/Sync/UserChangeDetectorTest.php" line="74" class="Tourze\LarkAppBotBundle\Tests\Service\User\Sync\UserChangeDetectorTest" classname="Tourze.LarkAppBotBundle.Tests.Service.User.Sync.UserChangeDetectorTest" assertions="3" time="0.083003"/>
      <testcase name="testDetectChangesWithMissingOldField" file="/home/admin/work/source/php-monorepo/packages/lark-app-bot-bundle/tests/Service/User/Sync/UserChangeDetectorTest.php" line="90" class="Tourze\LarkAppBotBundle\Tests\Service\User\Sync\UserChangeDetectorTest" classname="Tourze.LarkAppBotBundle.Tests.Service.User.Sync.UserChangeDetectorTest" assertions="3" time="0.081268"/>
      <testcase name="testShouldDispatchUpdateEventWithNoOldData" file="/home/admin/work/source/php-monorepo/packages/lark-app-bot-bundle/tests/Service/User/Sync/UserChangeDetectorTest.php" line="104" class="Tourze\LarkAppBotBundle\Tests\Service\User\Sync\UserChangeDetectorTest" classname="Tourze.LarkAppBotBundle.Tests.Service.User.Sync.UserChangeDetectorTest" assertions="1" time="0.079504"/>
      <testcase name="testShouldDispatchUpdateEventWithNoChanges" file="/home/admin/work/source/php-monorepo/packages/lark-app-bot-bundle/tests/Service/User/Sync/UserChangeDetectorTest.php" line="113" class="Tourze\LarkAppBotBundle\Tests\Service\User\Sync\UserChangeDetectorTest" classname="Tourze.LarkAppBotBundle.Tests.Service.User.Sync.UserChangeDetectorTest" assertions="1" time="0.084140"/>
      <testcase name="testShouldDispatchUpdateEventWithChanges" file="/home/admin/work/source/php-monorepo/packages/lark-app-bot-bundle/tests/Service/User/Sync/UserChangeDetectorTest.php" line="123" class="Tourze\LarkAppBotBundle\Tests\Service\User\Sync\UserChangeDetectorTest" classname="Tourze.LarkAppBotBundle.Tests.Service.User.Sync.UserChangeDetectorTest" assertions="1" time="0.086075"/>
      <testcase name="testHasChangesWithNullOldData" file="/home/admin/work/source/php-monorepo/packages/lark-app-bot-bundle/tests/Service/User/Sync/UserChangeDetectorTest.php" line="133" class="Tourze\LarkAppBotBundle\Tests\Service\User\Sync\UserChangeDetectorTest" classname="Tourze.LarkAppBotBundle.Tests.Service.User.Sync.UserChangeDetectorTest" assertions="1" time="0.085329"/>
      <testcase name="testHasChangesWithNoChanges" file="/home/admin/work/source/php-monorepo/packages/lark-app-bot-bundle/tests/Service/User/Sync/UserChangeDetectorTest.php" line="142" class="Tourze\LarkAppBotBundle\Tests\Service\User\Sync\UserChangeDetectorTest" classname="Tourze.LarkAppBotBundle.Tests.Service.User.Sync.UserChangeDetectorTest" assertions="1" time="0.085698"/>
      <testcase name="testHasChangesWithKeyFieldChanges" file="/home/admin/work/source/php-monorepo/packages/lark-app-bot-bundle/tests/Service/User/Sync/UserChangeDetectorTest.php" line="160" class="Tourze\LarkAppBotBundle\Tests\Service\User\Sync\UserChangeDetectorTest" classname="Tourze.LarkAppBotBundle.Tests.Service.User.Sync.UserChangeDetectorTest" assertions="1" time="0.084746"/>
      <testcase name="testHasChangesWithNonKeyFieldChanges" file="/home/admin/work/source/php-monorepo/packages/lark-app-bot-bundle/tests/Service/User/Sync/UserChangeDetectorTest.php" line="170" class="Tourze\LarkAppBotBundle\Tests\Service\User\Sync\UserChangeDetectorTest" classname="Tourze.LarkAppBotBundle.Tests.Service.User.Sync.UserChangeDetectorTest" assertions="1" time="0.085631"/>
      <testcase name="testGetChangeSummaryWithNullOldData" file="/home/admin/work/source/php-monorepo/packages/lark-app-bot-bundle/tests/Service/User/Sync/UserChangeDetectorTest.php" line="180" class="Tourze\LarkAppBotBundle\Tests\Service\User\Sync\UserChangeDetectorTest" classname="Tourze.LarkAppBotBundle.Tests.Service.User.Sync.UserChangeDetectorTest" assertions="3" time="0.087384"/>
      <testcase name="testGetChangeSummaryWithNoChanges" file="/home/admin/work/source/php-monorepo/packages/lark-app-bot-bundle/tests/Service/User/Sync/UserChangeDetectorTest.php" line="191" class="Tourze\LarkAppBotBundle\Tests\Service\User\Sync\UserChangeDetectorTest" classname="Tourze.LarkAppBotBundle.Tests.Service.User.Sync.UserChangeDetectorTest" assertions="3" time="0.087360"/>
      <testcase name="testGetChangeSummaryWithRegularChanges" file="/home/admin/work/source/php-monorepo/packages/lark-app-bot-bundle/tests/Service/User/Sync/UserChangeDetectorTest.php" line="203" class="Tourze\LarkAppBotBundle\Tests\Service\User\Sync\UserChangeDetectorTest" classname="Tourze.LarkAppBotBundle.Tests.Service.User.Sync.UserChangeDetectorTest" assertions="3" time="0.085024"/>
      <testcase name="testGetChangeSummaryWithCriticalChanges" file="/home/admin/work/source/php-monorepo/packages/lark-app-bot-bundle/tests/Service/User/Sync/UserChangeDetectorTest.php" line="215" class="Tourze\LarkAppBotBundle\Tests\Service\User\Sync\UserChangeDetectorTest" classname="Tourze.LarkAppBotBundle.Tests.Service.User.Sync.UserChangeDetectorTest" assertions="3" time="0.084337"/>
      <testcase name="testGetChangeSummaryWithMixedChanges" file="/home/admin/work/source/php-monorepo/packages/lark-app-bot-bundle/tests/Service/User/Sync/UserChangeDetectorTest.php" line="237" class="Tourze\LarkAppBotBundle\Tests\Service\User\Sync\UserChangeDetectorTest" classname="Tourze.LarkAppBotBundle.Tests.Service.User.Sync.UserChangeDetectorTest" assertions="3" time="0.088497"/>
      <testcase name="testAllKeyFieldsAreChecked" file="/home/admin/work/source/php-monorepo/packages/lark-app-bot-bundle/tests/Service/User/Sync/UserChangeDetectorTest.php" line="257" class="Tourze\LarkAppBotBundle\Tests\Service\User\Sync\UserChangeDetectorTest" classname="Tourze.LarkAppBotBundle.Tests.Service.User.Sync.UserChangeDetectorTest" assertions="4" time="0.087028"/>
    </testsuite>
    <testsuite name="Tourze\LarkAppBotBundle\Tests\Service\User\Sync\UserDataProcessorTest" file="/home/admin/work/source/php-monorepo/packages/lark-app-bot-bundle/tests/Service/User/Sync/UserDataProcessorTest.php" tests="16" assertions="0" errors="16" failures="0" skipped="0" time="0.000000">
      <testcase name="testShouldHaveRunTestsInSeparateProcesses" file="/home/admin/work/source/php-monorepo/packages/phpunit-symfony-kernel-test/src/AbstractIntegrationTestCase.php" line="919" class="Tourze\LarkAppBotBundle\Tests\Service\User\Sync\UserDataProcessorTest" classname="Tourze.LarkAppBotBundle.Tests.Service.User.Sync.UserDataProcessorTest" assertions="0" time="0.000000">
        <error type="Symfony\Component\DependencyInjection\Exception\InvalidArgumentException">Tourze\LarkAppBotBundle\Tests\Service\User\Sync\UserDataProcessorTest::testShouldHaveRunTestsInSeparateProcesses
Symfony\Component\DependencyInjection\Exception\InvalidArgumentException: The "Tourze\LarkAppBotBundle\Service\User\UserService" service is already initialized, you cannot replace it.

/home/admin/work/source/php-monorepo/vendor/symfony/dependency-injection/Container.php:160
/home/admin/work/source/php-monorepo/vendor/symfony/framework-bundle/Test/TestContainer.php:75
/home/admin/work/source/php-monorepo/packages/lark-app-bot-bundle/tests/Service/User/Sync/UserDataProcessorTest.php:414
/home/admin/work/source/php-monorepo/packages/phpunit-symfony-kernel-test/src/AbstractIntegrationTestCase.php:591</error>
      </testcase>
      <testcase name="testProcessUserDataBasic" file="/home/admin/work/source/php-monorepo/packages/lark-app-bot-bundle/tests/Service/User/Sync/UserDataProcessorTest.php" line="30" class="Tourze\LarkAppBotBundle\Tests\Service\User\Sync\UserDataProcessorTest" classname="Tourze.LarkAppBotBundle.Tests.Service.User.Sync.UserDataProcessorTest" assertions="0" time="0.000000">
        <error type="Symfony\Component\DependencyInjection\Exception\InvalidArgumentException">Tourze\LarkAppBotBundle\Tests\Service\User\Sync\UserDataProcessorTest::testProcessUserDataBasic
Symfony\Component\DependencyInjection\Exception\InvalidArgumentException: The "Tourze\LarkAppBotBundle\Service\User\UserService" service is already initialized, you cannot replace it.

/home/admin/work/source/php-monorepo/vendor/symfony/dependency-injection/Container.php:160
/home/admin/work/source/php-monorepo/vendor/symfony/framework-bundle/Test/TestContainer.php:75
/home/admin/work/source/php-monorepo/packages/lark-app-bot-bundle/tests/Service/User/Sync/UserDataProcessorTest.php:414
/home/admin/work/source/php-monorepo/packages/phpunit-symfony-kernel-test/src/AbstractIntegrationTestCase.php:591</error>
      </testcase>
      <testcase name="testProcessUserDataWithDepartments" file="/home/admin/work/source/php-monorepo/packages/lark-app-bot-bundle/tests/Service/User/Sync/UserDataProcessorTest.php" line="48" class="Tourze\LarkAppBotBundle\Tests\Service\User\Sync\UserDataProcessorTest" classname="Tourze.LarkAppBotBundle.Tests.Service.User.Sync.UserDataProcessorTest" assertions="0" time="0.000000">
        <error type="Symfony\Component\DependencyInjection\Exception\InvalidArgumentException">Tourze\LarkAppBotBundle\Tests\Service\User\Sync\UserDataProcessorTest::testProcessUserDataWithDepartments
Symfony\Component\DependencyInjection\Exception\InvalidArgumentException: The "Tourze\LarkAppBotBundle\Service\User\UserService" service is already initialized, you cannot replace it.

/home/admin/work/source/php-monorepo/vendor/symfony/dependency-injection/Container.php:160
/home/admin/work/source/php-monorepo/vendor/symfony/framework-bundle/Test/TestContainer.php:75
/home/admin/work/source/php-monorepo/packages/lark-app-bot-bundle/tests/Service/User/Sync/UserDataProcessorTest.php:414
/home/admin/work/source/php-monorepo/packages/phpunit-symfony-kernel-test/src/AbstractIntegrationTestCase.php:591</error>
      </testcase>
      <testcase name="testProcessUserDataWithTenantManager" file="/home/admin/work/source/php-monorepo/packages/lark-app-bot-bundle/tests/Service/User/Sync/UserDataProcessorTest.php" line="77" class="Tourze\LarkAppBotBundle\Tests\Service\User\Sync\UserDataProcessorTest" classname="Tourze.LarkAppBotBundle.Tests.Service.User.Sync.UserDataProcessorTest" assertions="0" time="0.000000">
        <error type="Symfony\Component\DependencyInjection\Exception\InvalidArgumentException">Tourze\LarkAppBotBundle\Tests\Service\User\Sync\UserDataProcessorTest::testProcessUserDataWithTenantManager
Symfony\Component\DependencyInjection\Exception\InvalidArgumentException: The "Tourze\LarkAppBotBundle\Service\User\UserService" service is already initialized, you cannot replace it.

/home/admin/work/source/php-monorepo/vendor/symfony/dependency-injection/Container.php:160
/home/admin/work/source/php-monorepo/vendor/symfony/framework-bundle/Test/TestContainer.php:75
/home/admin/work/source/php-monorepo/packages/lark-app-bot-bundle/tests/Service/User/Sync/UserDataProcessorTest.php:414
/home/admin/work/source/php-monorepo/packages/phpunit-symfony-kernel-test/src/AbstractIntegrationTestCase.php:591</error>
      </testcase>
      <testcase name="testProcessUserDataWithCustomAttributes" file="/home/admin/work/source/php-monorepo/packages/lark-app-bot-bundle/tests/Service/User/Sync/UserDataProcessorTest.php" line="100" class="Tourze\LarkAppBotBundle\Tests\Service\User\Sync\UserDataProcessorTest" classname="Tourze.LarkAppBotBundle.Tests.Service.User.Sync.UserDataProcessorTest" assertions="0" time="0.000000">
        <error type="Symfony\Component\DependencyInjection\Exception\InvalidArgumentException">Tourze\LarkAppBotBundle\Tests\Service\User\Sync\UserDataProcessorTest::testProcessUserDataWithCustomAttributes
Symfony\Component\DependencyInjection\Exception\InvalidArgumentException: The "Tourze\LarkAppBotBundle\Service\User\UserService" service is already initialized, you cannot replace it.

/home/admin/work/source/php-monorepo/vendor/symfony/dependency-injection/Container.php:160
/home/admin/work/source/php-monorepo/vendor/symfony/framework-bundle/Test/TestContainer.php:75
/home/admin/work/source/php-monorepo/packages/lark-app-bot-bundle/tests/Service/User/Sync/UserDataProcessorTest.php:414
/home/admin/work/source/php-monorepo/packages/phpunit-symfony-kernel-test/src/AbstractIntegrationTestCase.php:591</error>
      </testcase>
      <testcase name="testProcessUserDataWithMixedPermissions" file="/home/admin/work/source/php-monorepo/packages/lark-app-bot-bundle/tests/Service/User/Sync/UserDataProcessorTest.php" line="133" class="Tourze\LarkAppBotBundle\Tests\Service\User\Sync\UserDataProcessorTest" classname="Tourze.LarkAppBotBundle.Tests.Service.User.Sync.UserDataProcessorTest" assertions="0" time="0.000000">
        <error type="Symfony\Component\DependencyInjection\Exception\InvalidArgumentException">Tourze\LarkAppBotBundle\Tests\Service\User\Sync\UserDataProcessorTest::testProcessUserDataWithMixedPermissions
Symfony\Component\DependencyInjection\Exception\InvalidArgumentException: The "Tourze\LarkAppBotBundle\Service\User\UserService" service is already initialized, you cannot replace it.

/home/admin/work/source/php-monorepo/vendor/symfony/dependency-injection/Container.php:160
/home/admin/work/source/php-monorepo/vendor/symfony/framework-bundle/Test/TestContainer.php:75
/home/admin/work/source/php-monorepo/packages/lark-app-bot-bundle/tests/Service/User/Sync/UserDataProcessorTest.php:414
/home/admin/work/source/php-monorepo/packages/phpunit-symfony-kernel-test/src/AbstractIntegrationTestCase.php:591</error>
      </testcase>
      <testcase name="testProcessUserDataWithSyncError" file="/home/admin/work/source/php-monorepo/packages/lark-app-bot-bundle/tests/Service/User/Sync/UserDataProcessorTest.php" line="168" class="Tourze\LarkAppBotBundle\Tests\Service\User\Sync\UserDataProcessorTest" classname="Tourze.LarkAppBotBundle.Tests.Service.User.Sync.UserDataProcessorTest" assertions="0" time="0.000000">
        <error type="Symfony\Component\DependencyInjection\Exception\InvalidArgumentException">Tourze\LarkAppBotBundle\Tests\Service\User\Sync\UserDataProcessorTest::testProcessUserDataWithSyncError
Symfony\Component\DependencyInjection\Exception\InvalidArgumentException: The "Tourze\LarkAppBotBundle\Service\User\UserService" service is already initialized, you cannot replace it.

/home/admin/work/source/php-monorepo/vendor/symfony/dependency-injection/Container.php:160
/home/admin/work/source/php-monorepo/vendor/symfony/framework-bundle/Test/TestContainer.php:75
/home/admin/work/source/php-monorepo/packages/lark-app-bot-bundle/tests/Service/User/Sync/UserDataProcessorTest.php:414
/home/admin/work/source/php-monorepo/packages/phpunit-symfony-kernel-test/src/AbstractIntegrationTestCase.php:591</error>
      </testcase>
      <testcase name="testGetCachedUserData" file="/home/admin/work/source/php-monorepo/packages/lark-app-bot-bundle/tests/Service/User/Sync/UserDataProcessorTest.php" line="202" class="Tourze\LarkAppBotBundle\Tests\Service\User\Sync\UserDataProcessorTest" classname="Tourze.LarkAppBotBundle.Tests.Service.User.Sync.UserDataProcessorTest" assertions="0" time="0.000000">
        <error type="Symfony\Component\DependencyInjection\Exception\InvalidArgumentException">Tourze\LarkAppBotBundle\Tests\Service\User\Sync\UserDataProcessorTest::testGetCachedUserData
Symfony\Component\DependencyInjection\Exception\InvalidArgumentException: The "Tourze\LarkAppBotBundle\Service\User\UserService" service is already initialized, you cannot replace it.

/home/admin/work/source/php-monorepo/vendor/symfony/dependency-injection/Container.php:160
/home/admin/work/source/php-monorepo/vendor/symfony/framework-bundle/Test/TestContainer.php:75
/home/admin/work/source/php-monorepo/packages/lark-app-bot-bundle/tests/Service/User/Sync/UserDataProcessorTest.php:414
/home/admin/work/source/php-monorepo/packages/phpunit-symfony-kernel-test/src/AbstractIntegrationTestCase.php:591</error>
      </testcase>
      <testcase name="testGetCachedUserDataNotFound" file="/home/admin/work/source/php-monorepo/packages/lark-app-bot-bundle/tests/Service/User/Sync/UserDataProcessorTest.php" line="219" class="Tourze\LarkAppBotBundle\Tests\Service\User\Sync\UserDataProcessorTest" classname="Tourze.LarkAppBotBundle.Tests.Service.User.Sync.UserDataProcessorTest" assertions="0" time="0.000000">
        <error type="Symfony\Component\DependencyInjection\Exception\InvalidArgumentException">Tourze\LarkAppBotBundle\Tests\Service\User\Sync\UserDataProcessorTest::testGetCachedUserDataNotFound
Symfony\Component\DependencyInjection\Exception\InvalidArgumentException: The "Tourze\LarkAppBotBundle\Service\User\UserService" service is already initialized, you cannot replace it.

/home/admin/work/source/php-monorepo/vendor/symfony/dependency-injection/Container.php:160
/home/admin/work/source/php-monorepo/vendor/symfony/framework-bundle/Test/TestContainer.php:75
/home/admin/work/source/php-monorepo/packages/lark-app-bot-bundle/tests/Service/User/Sync/UserDataProcessorTest.php:414
/home/admin/work/source/php-monorepo/packages/phpunit-symfony-kernel-test/src/AbstractIntegrationTestCase.php:591</error>
      </testcase>
      <testcase name="testHandleDeletedUser" file="/home/admin/work/source/php-monorepo/packages/lark-app-bot-bundle/tests/Service/User/Sync/UserDataProcessorTest.php" line="235" class="Tourze\LarkAppBotBundle\Tests\Service\User\Sync\UserDataProcessorTest" classname="Tourze.LarkAppBotBundle.Tests.Service.User.Sync.UserDataProcessorTest" assertions="0" time="0.000000">
        <error type="Symfony\Component\DependencyInjection\Exception\InvalidArgumentException">Tourze\LarkAppBotBundle\Tests\Service\User\Sync\UserDataProcessorTest::testHandleDeletedUser
Symfony\Component\DependencyInjection\Exception\InvalidArgumentException: The "Tourze\LarkAppBotBundle\Service\User\UserService" service is already initialized, you cannot replace it.

/home/admin/work/source/php-monorepo/vendor/symfony/dependency-injection/Container.php:160
/home/admin/work/source/php-monorepo/vendor/symfony/framework-bundle/Test/TestContainer.php:75
/home/admin/work/source/php-monorepo/packages/lark-app-bot-bundle/tests/Service/User/Sync/UserDataProcessorTest.php:414
/home/admin/work/source/php-monorepo/packages/phpunit-symfony-kernel-test/src/AbstractIntegrationTestCase.php:591</error>
      </testcase>
      <testcase name="testProcessUserDataWithEmptyDepartmentIds" file="/home/admin/work/source/php-monorepo/packages/lark-app-bot-bundle/tests/Service/User/Sync/UserDataProcessorTest.php" line="258" class="Tourze\LarkAppBotBundle\Tests\Service\User\Sync\UserDataProcessorTest" classname="Tourze.LarkAppBotBundle.Tests.Service.User.Sync.UserDataProcessorTest" assertions="0" time="0.000000">
        <error type="Symfony\Component\DependencyInjection\Exception\InvalidArgumentException">Tourze\LarkAppBotBundle\Tests\Service\User\Sync\UserDataProcessorTest::testProcessUserDataWithEmptyDepartmentIds
Symfony\Component\DependencyInjection\Exception\InvalidArgumentException: The "Tourze\LarkAppBotBundle\Service\User\UserService" service is already initialized, you cannot replace it.

/home/admin/work/source/php-monorepo/vendor/symfony/dependency-injection/Container.php:160
/home/admin/work/source/php-monorepo/vendor/symfony/framework-bundle/Test/TestContainer.php:75
/home/admin/work/source/php-monorepo/packages/lark-app-bot-bundle/tests/Service/User/Sync/UserDataProcessorTest.php:414
/home/admin/work/source/php-monorepo/packages/phpunit-symfony-kernel-test/src/AbstractIntegrationTestCase.php:591</error>
      </testcase>
      <testcase name="testProcessUserDataWithInvalidDepartmentIds" file="/home/admin/work/source/php-monorepo/packages/lark-app-bot-bundle/tests/Service/User/Sync/UserDataProcessorTest.php" line="282" class="Tourze\LarkAppBotBundle\Tests\Service\User\Sync\UserDataProcessorTest" classname="Tourze.LarkAppBotBundle.Tests.Service.User.Sync.UserDataProcessorTest" assertions="0" time="0.000000">
        <error type="Symfony\Component\DependencyInjection\Exception\InvalidArgumentException">Tourze\LarkAppBotBundle\Tests\Service\User\Sync\UserDataProcessorTest::testProcessUserDataWithInvalidDepartmentIds
Symfony\Component\DependencyInjection\Exception\InvalidArgumentException: The "Tourze\LarkAppBotBundle\Service\User\UserService" service is already initialized, you cannot replace it.

/home/admin/work/source/php-monorepo/vendor/symfony/dependency-injection/Container.php:160
/home/admin/work/source/php-monorepo/vendor/symfony/framework-bundle/Test/TestContainer.php:75
/home/admin/work/source/php-monorepo/packages/lark-app-bot-bundle/tests/Service/User/Sync/UserDataProcessorTest.php:414
/home/admin/work/source/php-monorepo/packages/phpunit-symfony-kernel-test/src/AbstractIntegrationTestCase.php:591</error>
      </testcase>
      <testcase name="testProcessUserDataWithInvalidCustomAttrs" file="/home/admin/work/source/php-monorepo/packages/lark-app-bot-bundle/tests/Service/User/Sync/UserDataProcessorTest.php" line="305" class="Tourze\LarkAppBotBundle\Tests\Service\User\Sync\UserDataProcessorTest" classname="Tourze.LarkAppBotBundle.Tests.Service.User.Sync.UserDataProcessorTest" assertions="0" time="0.000000">
        <error type="Symfony\Component\DependencyInjection\Exception\InvalidArgumentException">Tourze\LarkAppBotBundle\Tests\Service\User\Sync\UserDataProcessorTest::testProcessUserDataWithInvalidCustomAttrs
Symfony\Component\DependencyInjection\Exception\InvalidArgumentException: The "Tourze\LarkAppBotBundle\Service\User\UserService" service is already initialized, you cannot replace it.

/home/admin/work/source/php-monorepo/vendor/symfony/dependency-injection/Container.php:160
/home/admin/work/source/php-monorepo/vendor/symfony/framework-bundle/Test/TestContainer.php:75
/home/admin/work/source/php-monorepo/packages/lark-app-bot-bundle/tests/Service/User/Sync/UserDataProcessorTest.php:414
/home/admin/work/source/php-monorepo/packages/phpunit-symfony-kernel-test/src/AbstractIntegrationTestCase.php:591</error>
      </testcase>
      <testcase name="testProcessUserDataWithNonStringPermissions" file="/home/admin/work/source/php-monorepo/packages/lark-app-bot-bundle/tests/Service/User/Sync/UserDataProcessorTest.php" line="322" class="Tourze\LarkAppBotBundle\Tests\Service\User\Sync\UserDataProcessorTest" classname="Tourze.LarkAppBotBundle.Tests.Service.User.Sync.UserDataProcessorTest" assertions="0" time="0.000000">
        <error type="Symfony\Component\DependencyInjection\Exception\InvalidArgumentException">Tourze\LarkAppBotBundle\Tests\Service\User\Sync\UserDataProcessorTest::testProcessUserDataWithNonStringPermissions
Symfony\Component\DependencyInjection\Exception\InvalidArgumentException: The "Tourze\LarkAppBotBundle\Service\User\UserService" service is already initialized, you cannot replace it.

/home/admin/work/source/php-monorepo/vendor/symfony/dependency-injection/Container.php:160
/home/admin/work/source/php-monorepo/vendor/symfony/framework-bundle/Test/TestContainer.php:75
/home/admin/work/source/php-monorepo/packages/lark-app-bot-bundle/tests/Service/User/Sync/UserDataProcessorTest.php:414
/home/admin/work/source/php-monorepo/packages/phpunit-symfony-kernel-test/src/AbstractIntegrationTestCase.php:591</error>
      </testcase>
      <testcase name="testProcessUserDataWithNonArrayCustomAttribute" file="/home/admin/work/source/php-monorepo/packages/lark-app-bot-bundle/tests/Service/User/Sync/UserDataProcessorTest.php" line="345" class="Tourze\LarkAppBotBundle\Tests\Service\User\Sync\UserDataProcessorTest" classname="Tourze.LarkAppBotBundle.Tests.Service.User.Sync.UserDataProcessorTest" assertions="0" time="0.000000">
        <error type="Symfony\Component\DependencyInjection\Exception\InvalidArgumentException">Tourze\LarkAppBotBundle\Tests\Service\User\Sync\UserDataProcessorTest::testProcessUserDataWithNonArrayCustomAttribute
Symfony\Component\DependencyInjection\Exception\InvalidArgumentException: The "Tourze\LarkAppBotBundle\Service\User\UserService" service is already initialized, you cannot replace it.

/home/admin/work/source/php-monorepo/vendor/symfony/dependency-injection/Container.php:160
/home/admin/work/source/php-monorepo/vendor/symfony/framework-bundle/Test/TestContainer.php:75
/home/admin/work/source/php-monorepo/packages/lark-app-bot-bundle/tests/Service/User/Sync/UserDataProcessorTest.php:414
/home/admin/work/source/php-monorepo/packages/phpunit-symfony-kernel-test/src/AbstractIntegrationTestCase.php:591</error>
      </testcase>
      <testcase name="testProcessUserDataWithDuplicatePermissions" file="/home/admin/work/source/php-monorepo/packages/lark-app-bot-bundle/tests/Service/User/Sync/UserDataProcessorTest.php" line="375" class="Tourze\LarkAppBotBundle\Tests\Service\User\Sync\UserDataProcessorTest" classname="Tourze.LarkAppBotBundle.Tests.Service.User.Sync.UserDataProcessorTest" assertions="0" time="0.000000">
        <error type="Symfony\Component\DependencyInjection\Exception\InvalidArgumentException">Tourze\LarkAppBotBundle\Tests\Service\User\Sync\UserDataProcessorTest::testProcessUserDataWithDuplicatePermissions
Symfony\Component\DependencyInjection\Exception\InvalidArgumentException: The "Tourze\LarkAppBotBundle\Service\User\UserService" service is already initialized, you cannot replace it.

/home/admin/work/source/php-monorepo/vendor/symfony/dependency-injection/Container.php:160
/home/admin/work/source/php-monorepo/vendor/symfony/framework-bundle/Test/TestContainer.php:75
/home/admin/work/source/php-monorepo/packages/lark-app-bot-bundle/tests/Service/User/Sync/UserDataProcessorTest.php:414
/home/admin/work/source/php-monorepo/packages/phpunit-symfony-kernel-test/src/AbstractIntegrationTestCase.php:591</error>
      </testcase>
    </testsuite>
    <testsuite name="Tourze\LarkAppBotBundle\Tests\Service\User\Sync\UserEventDispatcherTest" file="/home/admin/work/source/php-monorepo/packages/lark-app-bot-bundle/tests/Service/User/Sync/UserEventDispatcherTest.php" tests="9" assertions="2" errors="0" failures="0" skipped="0" time="0.788573">
      <testcase name="testShouldHaveRunTestsInSeparateProcesses" file="/home/admin/work/source/php-monorepo/packages/phpunit-symfony-kernel-test/src/AbstractIntegrationTestCase.php" line="919" class="Tourze\LarkAppBotBundle\Tests\Service\User\Sync\UserEventDispatcherTest" classname="Tourze.LarkAppBotBundle.Tests.Service.User.Sync.UserEventDispatcherTest" assertions="1" time="0.087830"/>
      <testcase name="testDispatchUserUpdatedEvent" file="/home/admin/work/source/php-monorepo/packages/lark-app-bot-bundle/tests/Service/User/Sync/UserEventDispatcherTest.php" line="25" class="Tourze\LarkAppBotBundle\Tests\Service\User\Sync\UserEventDispatcherTest" classname="Tourze.LarkAppBotBundle.Tests.Service.User.Sync.UserEventDispatcherTest" assertions="0" time="0.085550"/>
      <testcase name="testDispatchUserDeletedEvent" file="/home/admin/work/source/php-monorepo/packages/lark-app-bot-bundle/tests/Service/User/Sync/UserEventDispatcherTest.php" line="40" class="Tourze\LarkAppBotBundle\Tests\Service\User\Sync\UserEventDispatcherTest" classname="Tourze.LarkAppBotBundle.Tests.Service.User.Sync.UserEventDispatcherTest" assertions="0" time="0.085108"/>
      <testcase name="testShouldDispatchUpdateEvent" file="/home/admin/work/source/php-monorepo/packages/lark-app-bot-bundle/tests/Service/User/Sync/UserEventDispatcherTest.php" line="53" class="Tourze\LarkAppBotBundle\Tests\Service\User\Sync\UserEventDispatcherTest" classname="Tourze.LarkAppBotBundle.Tests.Service.User.Sync.UserEventDispatcherTest" assertions="1" time="0.086597"/>
      <testcase name="testDispatchBatchSyncCompletedEvent" file="/home/admin/work/source/php-monorepo/packages/lark-app-bot-bundle/tests/Service/User/Sync/UserEventDispatcherTest.php" line="65" class="Tourze\LarkAppBotBundle\Tests\Service\User\Sync\UserEventDispatcherTest" classname="Tourze.LarkAppBotBundle.Tests.Service.User.Sync.UserEventDispatcherTest" assertions="0" time="0.087636"/>
      <testcase name="testDispatch" file="/home/admin/work/source/php-monorepo/packages/lark-app-bot-bundle/tests/Service/User/Sync/UserEventDispatcherTest.php" line="83" class="Tourze\LarkAppBotBundle\Tests\Service\User\Sync\UserEventDispatcherTest" classname="Tourze.LarkAppBotBundle.Tests.Service.User.Sync.UserEventDispatcherTest" assertions="0" time="0.086417"/>
      <testcase name="testDispatchUserUpdatedEventWithEmptyChanges" file="/home/admin/work/source/php-monorepo/packages/lark-app-bot-bundle/tests/Service/User/Sync/UserEventDispatcherTest.php" line="99" class="Tourze\LarkAppBotBundle\Tests\Service\User\Sync\UserEventDispatcherTest" classname="Tourze.LarkAppBotBundle.Tests.Service.User.Sync.UserEventDispatcherTest" assertions="0" time="0.096455"/>
      <testcase name="testDispatchUserUpdatedEventWithMultipleChanges" file="/home/admin/work/source/php-monorepo/packages/lark-app-bot-bundle/tests/Service/User/Sync/UserEventDispatcherTest.php" line="114" class="Tourze\LarkAppBotBundle\Tests\Service\User\Sync\UserEventDispatcherTest" classname="Tourze.LarkAppBotBundle.Tests.Service.User.Sync.UserEventDispatcherTest" assertions="0" time="0.086287"/>
      <testcase name="testTimestampIsSetCorrectlyInEvents" file="/home/admin/work/source/php-monorepo/packages/lark-app-bot-bundle/tests/Service/User/Sync/UserEventDispatcherTest.php" line="129" class="Tourze\LarkAppBotBundle\Tests\Service\User\Sync\UserEventDispatcherTest" classname="Tourze.LarkAppBotBundle.Tests.Service.User.Sync.UserEventDispatcherTest" assertions="0" time="0.086694"/>
    </testsuite>
    <testsuite name="Tourze\LarkAppBotBundle\Tests\Service\User\UserCacheManagerTest" file="/home/admin/work/source/php-monorepo/packages/lark-app-bot-bundle/tests/Service/User/UserCacheManagerTest.php" tests="22" assertions="27" errors="0" failures="20" skipped="0" time="2.677049">
      <testcase name="testShouldHaveRunTestsInSeparateProcesses" file="/home/admin/work/source/php-monorepo/packages/phpunit-symfony-kernel-test/src/AbstractIntegrationTestCase.php" line="919" class="Tourze\LarkAppBotBundle\Tests\Service\User\UserCacheManagerTest" classname="Tourze.LarkAppBotBundle.Tests.Service.User.UserCacheManagerTest" assertions="1" time="0.087326"/>
      <testcase name="testCacheUser" file="/home/admin/work/source/php-monorepo/packages/lark-app-bot-bundle/tests/Service/User/UserCacheManagerTest.php" line="31" class="Tourze\LarkAppBotBundle\Tests\Service\User\UserCacheManagerTest" classname="Tourze.LarkAppBotBundle.Tests.Service.User.UserCacheManagerTest" assertions="1" time="0.096099">
        <failure type="PHPUnit\Framework\ExpectationFailedException">Tourze\LarkAppBotBundle\Tests\Service\User\UserCacheManagerTest::testCacheUser
Expectation failed for method name is "getItem" when invoked 1 time.
Method was expected to be called 1 time, actually called 0 times.</failure>
      </testcase>
      <testcase name="testGetCachedUser" file="/home/admin/work/source/php-monorepo/packages/lark-app-bot-bundle/tests/Service/User/UserCacheManagerTest.php" line="52" class="Tourze\LarkAppBotBundle\Tests\Service\User\UserCacheManagerTest" classname="Tourze.LarkAppBotBundle.Tests.Service.User.UserCacheManagerTest" assertions="1" time="0.094109">
        <failure type="PHPUnit\Framework\ExpectationFailedException">Tourze\LarkAppBotBundle\Tests\Service\User\UserCacheManagerTest::testGetCachedUser
Failed asserting that two arrays are identical.
--- Expected
+++ Actual
@@ @@
 Array &amp;0 [
     'name' =&gt; '测试用户',
+    'email' =&gt; 'test@example.com',
 ]

/home/admin/work/source/php-monorepo/packages/lark-app-bot-bundle/tests/Service/User/UserCacheManagerTest.php:70</failure>
      </testcase>
      <testcase name="testGetCachedUserMiss" file="/home/admin/work/source/php-monorepo/packages/lark-app-bot-bundle/tests/Service/User/UserCacheManagerTest.php" line="73" class="Tourze\LarkAppBotBundle\Tests\Service\User\UserCacheManagerTest" classname="Tourze.LarkAppBotBundle.Tests.Service.User.UserCacheManagerTest" assertions="1" time="0.095147">
        <failure type="PHPUnit\Framework\ExpectationFailedException">Tourze\LarkAppBotBundle\Tests\Service\User\UserCacheManagerTest::testGetCachedUserMiss
Failed asserting that Array &amp;0 [
    'name' =&gt; '测试用户',
    'email' =&gt; 'test@example.com',
] is null.

/home/admin/work/source/php-monorepo/packages/lark-app-bot-bundle/tests/Service/User/UserCacheManagerTest.php:88</failure>
      </testcase>
      <testcase name="testBatchCacheUsers" file="/home/admin/work/source/php-monorepo/packages/lark-app-bot-bundle/tests/Service/User/UserCacheManagerTest.php" line="91" class="Tourze\LarkAppBotBundle\Tests\Service\User\UserCacheManagerTest" classname="Tourze.LarkAppBotBundle.Tests.Service.User.UserCacheManagerTest" assertions="1" time="0.097007">
        <failure type="PHPUnit\Framework\ExpectationFailedException">Tourze\LarkAppBotBundle\Tests\Service\User\UserCacheManagerTest::testBatchCacheUsers
Expectation failed for method name is "getItem" when invoked 2 times.
Method was expected to be called 2 times, actually called 0 times.</failure>
      </testcase>
      <testcase name="testBatchGetCachedUsers" file="/home/admin/work/source/php-monorepo/packages/lark-app-bot-bundle/tests/Service/User/UserCacheManagerTest.php" line="121" class="Tourze\LarkAppBotBundle\Tests\Service\User\UserCacheManagerTest" classname="Tourze.LarkAppBotBundle.Tests.Service.User.UserCacheManagerTest" assertions="6" time="0.094350">
        <failure type="PHPUnit\Framework\ExpectationFailedException">Tourze\LarkAppBotBundle\Tests\Service\User\UserCacheManagerTest::testBatchGetCachedUsers
Failed asserting that actual size 1 matches expected size 2.

/home/admin/work/source/php-monorepo/packages/lark-app-bot-bundle/tests/Service/User/UserCacheManagerTest.php:149</failure>
      </testcase>
      <testcase name="testCacheSearchResults" file="/home/admin/work/source/php-monorepo/packages/lark-app-bot-bundle/tests/Service/User/UserCacheManagerTest.php" line="156" class="Tourze\LarkAppBotBundle\Tests\Service\User\UserCacheManagerTest" classname="Tourze.LarkAppBotBundle.Tests.Service.User.UserCacheManagerTest" assertions="1" time="0.088145">
        <failure type="PHPUnit\Framework\ExpectationFailedException">Tourze\LarkAppBotBundle\Tests\Service\User\UserCacheManagerTest::testCacheSearchResults
Expectation failed for method name is "getItem" when invoked 1 time.
Method was expected to be called 1 time, actually called 0 times.</failure>
      </testcase>
      <testcase name="testInvalidateUser" file="/home/admin/work/source/php-monorepo/packages/lark-app-bot-bundle/tests/Service/User/UserCacheManagerTest.php" line="182" class="Tourze\LarkAppBotBundle\Tests\Service\User\UserCacheManagerTest" classname="Tourze.LarkAppBotBundle.Tests.Service.User.UserCacheManagerTest" assertions="1" time="0.136324">
        <failure type="PHPUnit\Framework\ExpectationFailedException">Tourze\LarkAppBotBundle\Tests\Service\User\UserCacheManagerTest::testInvalidateUser
Expectation failed for method name is "deleteItem" when invoked 5 times.
Method was expected to be called 5 times, actually called 0 times.</failure>
      </testcase>
      <testcase name="testBatchInvalidateUsers" file="/home/admin/work/source/php-monorepo/packages/lark-app-bot-bundle/tests/Service/User/UserCacheManagerTest.php" line="208" class="Tourze\LarkAppBotBundle\Tests\Service\User\UserCacheManagerTest" classname="Tourze.LarkAppBotBundle.Tests.Service.User.UserCacheManagerTest" assertions="1" time="0.138367">
        <failure type="PHPUnit\Framework\ExpectationFailedException">Tourze\LarkAppBotBundle\Tests\Service\User\UserCacheManagerTest::testBatchInvalidateUsers
Expectation failed for method name is "deleteItem" when invoked 10 times.
Method was expected to be called 10 times, actually called 0 times.</failure>
      </testcase>
      <testcase name="testClearAllCache" file="/home/admin/work/source/php-monorepo/packages/lark-app-bot-bundle/tests/Service/User/UserCacheManagerTest.php" line="222" class="Tourze\LarkAppBotBundle\Tests\Service\User\UserCacheManagerTest" classname="Tourze.LarkAppBotBundle.Tests.Service.User.UserCacheManagerTest" assertions="1" time="0.137998">
        <failure type="PHPUnit\Framework\ExpectationFailedException">Tourze\LarkAppBotBundle\Tests\Service\User\UserCacheManagerTest::testClearAllCache
Expectation failed for method name is "clear" when invoked 1 time.
Method was expected to be called 1 time, actually called 0 times.</failure>
      </testcase>
      <testcase name="testSetTtlConfig" file="/home/admin/work/source/php-monorepo/packages/lark-app-bot-bundle/tests/Service/User/UserCacheManagerTest.php" line="229" class="Tourze\LarkAppBotBundle\Tests\Service\User\UserCacheManagerTest" classname="Tourze.LarkAppBotBundle.Tests.Service.User.UserCacheManagerTest" assertions="1" time="0.138562">
        <failure type="PHPUnit\Framework\ExpectationFailedException">Tourze\LarkAppBotBundle\Tests\Service\User\UserCacheManagerTest::testSetTtlConfig
Expectation failed for method name is "expiresAfter" when invoked 1 time.
Method was expected to be called 1 time, actually called 0 times.</failure>
      </testcase>
      <testcase name="testWarmupCache" file="/home/admin/work/source/php-monorepo/packages/lark-app-bot-bundle/tests/Service/User/UserCacheManagerTest.php" line="248" class="Tourze\LarkAppBotBundle\Tests\Service\User\UserCacheManagerTest" classname="Tourze.LarkAppBotBundle.Tests.Service.User.UserCacheManagerTest" assertions="1" time="0.135357">
        <failure type="PHPUnit\Framework\ExpectationFailedException">Tourze\LarkAppBotBundle\Tests\Service\User\UserCacheManagerTest::testWarmupCache
Expectation failed for method name is "getItem" when invoked 2 times.
Method was expected to be called 2 times, actually called 0 times.</failure>
      </testcase>
      <testcase name="testGetCacheStats" file="/home/admin/work/source/php-monorepo/packages/lark-app-bot-bundle/tests/Service/User/UserCacheManagerTest.php" line="275" class="Tourze\LarkAppBotBundle\Tests\Service\User\UserCacheManagerTest" classname="Tourze.LarkAppBotBundle.Tests.Service.User.UserCacheManagerTest" assertions="1" time="0.131173"/>
      <testcase name="testCacheException" file="/home/admin/work/source/php-monorepo/packages/lark-app-bot-bundle/tests/Service/User/UserCacheManagerTest.php" line="282" class="Tourze\LarkAppBotBundle\Tests\Service\User\UserCacheManagerTest" classname="Tourze.LarkAppBotBundle.Tests.Service.User.UserCacheManagerTest" assertions="1" time="0.135636">
        <failure type="PHPUnit\Framework\ExpectationFailedException">Tourze\LarkAppBotBundle\Tests\Service\User\UserCacheManagerTest::testCacheException
Expectation failed for method name is "error" when invoked 1 time.
Method was expected to be called 1 time, actually called 0 times.</failure>
      </testcase>
      <testcase name="testInvalidateSearchCache" file="/home/admin/work/source/php-monorepo/packages/lark-app-bot-bundle/tests/Service/User/UserCacheManagerTest.php" line="300" class="Tourze\LarkAppBotBundle\Tests\Service\User\UserCacheManagerTest" classname="Tourze.LarkAppBotBundle.Tests.Service.User.UserCacheManagerTest" assertions="1" time="0.131463">
        <failure type="PHPUnit\Framework\ExpectationFailedException">Tourze\LarkAppBotBundle\Tests\Service\User\UserCacheManagerTest::testInvalidateSearchCache
Expectation failed for method name is "info" when invoked 1 time.
Method was expected to be called 1 time, actually called 0 times.</failure>
      </testcase>
      <testcase name="testInvalidateSearchCacheWithDepartmentId" file="/home/admin/work/source/php-monorepo/packages/lark-app-bot-bundle/tests/Service/User/UserCacheManagerTest.php" line="311" class="Tourze\LarkAppBotBundle\Tests\Service\User\UserCacheManagerTest" classname="Tourze.LarkAppBotBundle.Tests.Service.User.UserCacheManagerTest" assertions="1" time="0.133355">
        <failure type="PHPUnit\Framework\ExpectationFailedException">Tourze\LarkAppBotBundle\Tests\Service\User\UserCacheManagerTest::testInvalidateSearchCacheWithDepartmentId
Expectation failed for method name is "deleteItem" when invoked 1 time.
Method was expected to be called 1 time, actually called 0 times.</failure>
      </testcase>
      <testcase name="testInvalidateSearchCacheWithQuery" file="/home/admin/work/source/php-monorepo/packages/lark-app-bot-bundle/tests/Service/User/UserCacheManagerTest.php" line="330" class="Tourze\LarkAppBotBundle\Tests\Service\User\UserCacheManagerTest" classname="Tourze.LarkAppBotBundle.Tests.Service.User.UserCacheManagerTest" assertions="1" time="0.134454">
        <failure type="PHPUnit\Framework\ExpectationFailedException">Tourze\LarkAppBotBundle\Tests\Service\User\UserCacheManagerTest::testInvalidateSearchCacheWithQuery
Expectation failed for method name is "deleteItem" when invoked 1 time.
Method was expected to be called 1 time, actually called 0 times.</failure>
      </testcase>
      <testcase name="testInvalidateSearchCacheWithMultipleParams" file="/home/admin/work/source/php-monorepo/packages/lark-app-bot-bundle/tests/Service/User/UserCacheManagerTest.php" line="350" class="Tourze\LarkAppBotBundle\Tests\Service\User\UserCacheManagerTest" classname="Tourze.LarkAppBotBundle.Tests.Service.User.UserCacheManagerTest" assertions="1" time="0.132989">
        <failure type="PHPUnit\Framework\ExpectationFailedException">Tourze\LarkAppBotBundle\Tests\Service\User\UserCacheManagerTest::testInvalidateSearchCacheWithMultipleParams
Expectation failed for method name is "deleteItem" when invoked 2 times.
Method was expected to be called 2 times, actually called 0 times.</failure>
      </testcase>
      <testcase name="testInvalidateSearchCacheWithException" file="/home/admin/work/source/php-monorepo/packages/lark-app-bot-bundle/tests/Service/User/UserCacheManagerTest.php" line="381" class="Tourze\LarkAppBotBundle\Tests\Service\User\UserCacheManagerTest" classname="Tourze.LarkAppBotBundle.Tests.Service.User.UserCacheManagerTest" assertions="1" time="0.132493">
        <failure type="PHPUnit\Framework\ExpectationFailedException">Tourze\LarkAppBotBundle\Tests\Service\User\UserCacheManagerTest::testInvalidateSearchCacheWithException
Expectation failed for method name is "error" when invoked 1 time.
Method was expected to be called 1 time, actually called 0 times.</failure>
      </testcase>
      <testcase name="testWarmupUsers" file="/home/admin/work/source/php-monorepo/packages/lark-app-bot-bundle/tests/Service/User/UserCacheManagerTest.php" line="400" class="Tourze\LarkAppBotBundle\Tests\Service\User\UserCacheManagerTest" classname="Tourze.LarkAppBotBundle.Tests.Service.User.UserCacheManagerTest" assertions="1" time="0.134687">
        <failure type="PHPUnit\Framework\ExpectationFailedException">Tourze\LarkAppBotBundle\Tests\Service\User\UserCacheManagerTest::testWarmupUsers
Expectation failed for method name is "info" when invoked 1 time.
Method was expected to be called 1 time, actually called 0 times.</failure>
      </testcase>
      <testcase name="testWarmupUsersWithDefaultIdType" file="/home/admin/work/source/php-monorepo/packages/lark-app-bot-bundle/tests/Service/User/UserCacheManagerTest.php" line="415" class="Tourze\LarkAppBotBundle\Tests\Service\User\UserCacheManagerTest" classname="Tourze.LarkAppBotBundle.Tests.Service.User.UserCacheManagerTest" assertions="1" time="0.136679">
        <failure type="PHPUnit\Framework\ExpectationFailedException">Tourze\LarkAppBotBundle\Tests\Service\User\UserCacheManagerTest::testWarmupUsersWithDefaultIdType
Expectation failed for method name is "info" when invoked 1 time.
Method was expected to be called 1 time, actually called 0 times.</failure>
      </testcase>
      <testcase name="testWarmupUsersWithEmptyList" file="/home/admin/work/source/php-monorepo/packages/lark-app-bot-bundle/tests/Service/User/UserCacheManagerTest.php" line="430" class="Tourze\LarkAppBotBundle\Tests\Service\User\UserCacheManagerTest" classname="Tourze.LarkAppBotBundle.Tests.Service.User.UserCacheManagerTest" assertions="1" time="0.135328">
        <failure type="PHPUnit\Framework\ExpectationFailedException">Tourze\LarkAppBotBundle\Tests\Service\User\UserCacheManagerTest::testWarmupUsersWithEmptyList
Expectation failed for method name is "info" when invoked 1 time.
Method was expected to be called 1 time, actually called 0 times.</failure>
      </testcase>
    </testsuite>
    <testsuite name="Tourze\LarkAppBotBundle\Tests\Service\User\UserCacheServiceTest" file="/home/admin/work/source/php-monorepo/packages/lark-app-bot-bundle/tests/Service/User/UserCacheServiceTest.php" tests="21" assertions="25" errors="0" failures="2" skipped="0" time="1.935031">
      <testcase name="testShouldHaveRunTestsInSeparateProcesses" file="/home/admin/work/source/php-monorepo/packages/phpunit-symfony-kernel-test/src/AbstractIntegrationTestCase.php" line="919" class="Tourze\LarkAppBotBundle\Tests\Service\User\UserCacheServiceTest" classname="Tourze.LarkAppBotBundle.Tests.Service.User.UserCacheServiceTest" assertions="1" time="0.126795"/>
      <testcase name="testGetUserWithNullCache" file="/home/admin/work/source/php-monorepo/packages/lark-app-bot-bundle/tests/Service/User/UserCacheServiceTest.php" line="23" class="Tourze\LarkAppBotBundle\Tests\Service\User\UserCacheServiceTest" classname="Tourze.LarkAppBotBundle.Tests.Service.User.UserCacheServiceTest" assertions="1" time="0.128825"/>
      <testcase name="testGetUserWithCacheHit" file="/home/admin/work/source/php-monorepo/packages/lark-app-bot-bundle/tests/Service/User/UserCacheServiceTest.php" line="32" class="Tourze\LarkAppBotBundle\Tests\Service\User\UserCacheServiceTest" classname="Tourze.LarkAppBotBundle.Tests.Service.User.UserCacheServiceTest" assertions="1" time="0.127324"/>
      <testcase name="testGetUserWithCacheMiss" file="/home/admin/work/source/php-monorepo/packages/lark-app-bot-bundle/tests/Service/User/UserCacheServiceTest.php" line="47" class="Tourze\LarkAppBotBundle\Tests\Service\User\UserCacheServiceTest" classname="Tourze.LarkAppBotBundle.Tests.Service.User.UserCacheServiceTest" assertions="1" time="0.085677"/>
      <testcase name="testGetUserWithCacheException" file="/home/admin/work/source/php-monorepo/packages/lark-app-bot-bundle/tests/Service/User/UserCacheServiceTest.php" line="58" class="Tourze\LarkAppBotBundle\Tests\Service\User\UserCacheServiceTest" classname="Tourze.LarkAppBotBundle.Tests.Service.User.UserCacheServiceTest" assertions="1" time="0.091749">
        <failure type="PHPUnit\Framework\ExpectationFailedException">Tourze\LarkAppBotBundle\Tests\Service\User\UserCacheServiceTest::testGetUserWithCacheException
Failed asserting that Array &amp;0 [
    'name' =&gt; 'John Doe',
    'email' =&gt; 'john@example.com',
] is null.

/home/admin/work/source/php-monorepo/packages/lark-app-bot-bundle/tests/Service/User/UserCacheServiceTest.php:72</failure>
      </testcase>
      <testcase name="testBatchGetUsersWithNullCache" file="/home/admin/work/source/php-monorepo/packages/lark-app-bot-bundle/tests/Service/User/UserCacheServiceTest.php" line="75" class="Tourze\LarkAppBotBundle\Tests\Service\User\UserCacheServiceTest" classname="Tourze.LarkAppBotBundle.Tests.Service.User.UserCacheServiceTest" assertions="1" time="0.086049"/>
      <testcase name="testBatchGetUsersWithMixedCacheResults" file="/home/admin/work/source/php-monorepo/packages/lark-app-bot-bundle/tests/Service/User/UserCacheServiceTest.php" line="85" class="Tourze\LarkAppBotBundle\Tests\Service\User\UserCacheServiceTest" classname="Tourze.LarkAppBotBundle.Tests.Service.User.UserCacheServiceTest" assertions="1" time="0.086328"/>
      <testcase name="testBatchCacheUsersWithNullCache" file="/home/admin/work/source/php-monorepo/packages/lark-app-bot-bundle/tests/Service/User/UserCacheServiceTest.php" line="104" class="Tourze\LarkAppBotBundle\Tests\Service\User\UserCacheServiceTest" classname="Tourze.LarkAppBotBundle.Tests.Service.User.UserCacheServiceTest" assertions="0" time="0.083812"/>
      <testcase name="testBatchCacheUsers" file="/home/admin/work/source/php-monorepo/packages/lark-app-bot-bundle/tests/Service/User/UserCacheServiceTest.php" line="114" class="Tourze\LarkAppBotBundle\Tests\Service\User\UserCacheServiceTest" classname="Tourze.LarkAppBotBundle.Tests.Service.User.UserCacheServiceTest" assertions="1" time="0.086940"/>
      <testcase name="testCacheUserWithNullCache" file="/home/admin/work/source/php-monorepo/packages/lark-app-bot-bundle/tests/Service/User/UserCacheServiceTest.php" line="133" class="Tourze\LarkAppBotBundle\Tests\Service\User\UserCacheServiceTest" classname="Tourze.LarkAppBotBundle.Tests.Service.User.UserCacheServiceTest" assertions="0" time="0.081611"/>
      <testcase name="testCacheUser" file="/home/admin/work/source/php-monorepo/packages/lark-app-bot-bundle/tests/Service/User/UserCacheServiceTest.php" line="142" class="Tourze\LarkAppBotBundle\Tests\Service\User\UserCacheServiceTest" classname="Tourze.LarkAppBotBundle.Tests.Service.User.UserCacheServiceTest" assertions="1" time="0.086081"/>
      <testcase name="testCacheUserWithSaveException" file="/home/admin/work/source/php-monorepo/packages/lark-app-bot-bundle/tests/Service/User/UserCacheServiceTest.php" line="156" class="Tourze\LarkAppBotBundle\Tests\Service\User\UserCacheServiceTest" classname="Tourze.LarkAppBotBundle.Tests.Service.User.UserCacheServiceTest" assertions="0" time="0.088717"/>
      <testcase name="testClearUserCacheWithNullCache" file="/home/admin/work/source/php-monorepo/packages/lark-app-bot-bundle/tests/Service/User/UserCacheServiceTest.php" line="186" class="Tourze\LarkAppBotBundle\Tests\Service\User\UserCacheServiceTest" classname="Tourze.LarkAppBotBundle.Tests.Service.User.UserCacheServiceTest" assertions="0" time="0.087542"/>
      <testcase name="testClearUserCache" file="/home/admin/work/source/php-monorepo/packages/lark-app-bot-bundle/tests/Service/User/UserCacheServiceTest.php" line="195" class="Tourze\LarkAppBotBundle\Tests\Service\User\UserCacheServiceTest" classname="Tourze.LarkAppBotBundle.Tests.Service.User.UserCacheServiceTest" assertions="2" time="0.084096"/>
      <testcase name="testClearUserCacheWithException" file="/home/admin/work/source/php-monorepo/packages/lark-app-bot-bundle/tests/Service/User/UserCacheServiceTest.php" line="216" class="Tourze\LarkAppBotBundle\Tests\Service\User\UserCacheServiceTest" classname="Tourze.LarkAppBotBundle.Tests.Service.User.UserCacheServiceTest" assertions="0" time="0.087060"/>
      <testcase name="testClearAllCacheWithNullCache" file="/home/admin/work/source/php-monorepo/packages/lark-app-bot-bundle/tests/Service/User/UserCacheServiceTest.php" line="245" class="Tourze\LarkAppBotBundle\Tests\Service\User\UserCacheServiceTest" classname="Tourze.LarkAppBotBundle.Tests.Service.User.UserCacheServiceTest" assertions="0" time="0.087382"/>
      <testcase name="testClearAllCache" file="/home/admin/work/source/php-monorepo/packages/lark-app-bot-bundle/tests/Service/User/UserCacheServiceTest.php" line="254" class="Tourze\LarkAppBotBundle\Tests\Service\User\UserCacheServiceTest" classname="Tourze.LarkAppBotBundle.Tests.Service.User.UserCacheServiceTest" assertions="12" time="0.086623"/>
      <testcase name="testClearAllCacheWithException" file="/home/admin/work/source/php-monorepo/packages/lark-app-bot-bundle/tests/Service/User/UserCacheServiceTest.php" line="282" class="Tourze\LarkAppBotBundle\Tests\Service\User\UserCacheServiceTest" classname="Tourze.LarkAppBotBundle.Tests.Service.User.UserCacheServiceTest" assertions="0" time="0.085255"/>
      <testcase name="testIsAvailableWithCache" file="/home/admin/work/source/php-monorepo/packages/lark-app-bot-bundle/tests/Service/User/UserCacheServiceTest.php" line="308" class="Tourze\LarkAppBotBundle\Tests\Service\User\UserCacheServiceTest" classname="Tourze.LarkAppBotBundle.Tests.Service.User.UserCacheServiceTest" assertions="1" time="0.083845"/>
      <testcase name="testIsAvailableWithNullCache" file="/home/admin/work/source/php-monorepo/packages/lark-app-bot-bundle/tests/Service/User/UserCacheServiceTest.php" line="313" class="Tourze\LarkAppBotBundle\Tests\Service\User\UserCacheServiceTest" classname="Tourze.LarkAppBotBundle.Tests.Service.User.UserCacheServiceTest" assertions="1" time="0.085389">
        <failure type="PHPUnit\Framework\ExpectationFailedException">Tourze\LarkAppBotBundle\Tests\Service\User\UserCacheServiceTest::testIsAvailableWithNullCache
Failed asserting that true is false.

/home/admin/work/source/php-monorepo/packages/lark-app-bot-bundle/tests/Service/User/UserCacheServiceTest.php:317</failure>
      </testcase>
      <testcase name="testGetUserCacheKeyFormats" file="/home/admin/work/source/php-monorepo/packages/lark-app-bot-bundle/tests/Service/User/UserCacheServiceTest.php" line="320" class="Tourze\LarkAppBotBundle\Tests\Service\User\UserCacheServiceTest" classname="Tourze.LarkAppBotBundle.Tests.Service.User.UserCacheServiceTest" assertions="0" time="0.087932"/>
    </testsuite>
    <testsuite name="Tourze\LarkAppBotBundle\Tests\Service\User\UserComparatorTest" file="/home/admin/work/source/php-monorepo/packages/lark-app-bot-bundle/tests/Service/User/UserComparatorTest.php" tests="12" assertions="0" errors="12" failures="0" skipped="0" time="0.000000">
      <testcase name="testShouldHaveRunTestsInSeparateProcesses" file="/home/admin/work/source/php-monorepo/packages/phpunit-symfony-kernel-test/src/AbstractIntegrationTestCase.php" line="919" class="Tourze\LarkAppBotBundle\Tests\Service\User\UserComparatorTest" classname="Tourze.LarkAppBotBundle.Tests.Service.User.UserComparatorTest" assertions="0" time="0.000000">
        <error type="Tourze\PHPUnitSymfonyKernelTest\Exception\ServiceNotFoundException">Tourze\LarkAppBotBundle\Tests\Service\User\UserComparatorTest::testShouldHaveRunTestsInSeparateProcesses
Tourze\PHPUnitSymfonyKernelTest\Exception\ServiceNotFoundException: Service "Tourze\LarkAppBotBundle\Service\User\UserComparator" not found. Tried IDs: Tourze\LarkAppBotBundle\Service\User\UserComparator, user_comparator, app.user_comparator, userComparator

/home/admin/work/source/php-monorepo/packages/phpunit-symfony-kernel-test/src/ServiceLocator.php:75
/home/admin/work/source/php-monorepo/packages/phpunit-symfony-kernel-test/src/ServiceLocatorTrait.php:25
/home/admin/work/source/php-monorepo/packages/lark-app-bot-bundle/tests/Service/User/UserComparatorTest.php:338
/home/admin/work/source/php-monorepo/packages/phpunit-symfony-kernel-test/src/AbstractIntegrationTestCase.php:591</error>
      </testcase>
      <testcase name="testCompareUserInfoWithNoChanges" file="/home/admin/work/source/php-monorepo/packages/lark-app-bot-bundle/tests/Service/User/UserComparatorTest.php" line="27" class="Tourze\LarkAppBotBundle\Tests\Service\User\UserComparatorTest" classname="Tourze.LarkAppBotBundle.Tests.Service.User.UserComparatorTest" assertions="0" time="0.000000">
        <error type="Tourze\PHPUnitSymfonyKernelTest\Exception\ServiceNotFoundException">Tourze\LarkAppBotBundle\Tests\Service\User\UserComparatorTest::testCompareUserInfoWithNoChanges
Tourze\PHPUnitSymfonyKernelTest\Exception\ServiceNotFoundException: Service "Tourze\LarkAppBotBundle\Service\User\UserComparator" not found. Tried IDs: Tourze\LarkAppBotBundle\Service\User\UserComparator, user_comparator, app.user_comparator, userComparator

/home/admin/work/source/php-monorepo/packages/phpunit-symfony-kernel-test/src/ServiceLocator.php:75
/home/admin/work/source/php-monorepo/packages/phpunit-symfony-kernel-test/src/ServiceLocatorTrait.php:25
/home/admin/work/source/php-monorepo/packages/lark-app-bot-bundle/tests/Service/User/UserComparatorTest.php:338
/home/admin/work/source/php-monorepo/packages/phpunit-symfony-kernel-test/src/AbstractIntegrationTestCase.php:591</error>
      </testcase>
      <testcase name="testCompareUserInfoWithAddedFields" file="/home/admin/work/source/php-monorepo/packages/lark-app-bot-bundle/tests/Service/User/UserComparatorTest.php" line="45" class="Tourze\LarkAppBotBundle\Tests\Service\User\UserComparatorTest" classname="Tourze.LarkAppBotBundle.Tests.Service.User.UserComparatorTest" assertions="0" time="0.000000">
        <error type="Tourze\PHPUnitSymfonyKernelTest\Exception\ServiceNotFoundException">Tourze\LarkAppBotBundle\Tests\Service\User\UserComparatorTest::testCompareUserInfoWithAddedFields
Tourze\PHPUnitSymfonyKernelTest\Exception\ServiceNotFoundException: Service "Tourze\LarkAppBotBundle\Service\User\UserComparator" not found. Tried IDs: Tourze\LarkAppBotBundle\Service\User\UserComparator, user_comparator, app.user_comparator, userComparator

/home/admin/work/source/php-monorepo/packages/phpunit-symfony-kernel-test/src/ServiceLocator.php:75
/home/admin/work/source/php-monorepo/packages/phpunit-symfony-kernel-test/src/ServiceLocatorTrait.php:25
/home/admin/work/source/php-monorepo/packages/lark-app-bot-bundle/tests/Service/User/UserComparatorTest.php:338
/home/admin/work/source/php-monorepo/packages/phpunit-symfony-kernel-test/src/AbstractIntegrationTestCase.php:591</error>
      </testcase>
      <testcase name="testCompareUserInfoWithRemovedFields" file="/home/admin/work/source/php-monorepo/packages/lark-app-bot-bundle/tests/Service/User/UserComparatorTest.php" line="63" class="Tourze\LarkAppBotBundle\Tests\Service\User\UserComparatorTest" classname="Tourze.LarkAppBotBundle.Tests.Service.User.UserComparatorTest" assertions="0" time="0.000000">
        <error type="Tourze\PHPUnitSymfonyKernelTest\Exception\ServiceNotFoundException">Tourze\LarkAppBotBundle\Tests\Service\User\UserComparatorTest::testCompareUserInfoWithRemovedFields
Tourze\PHPUnitSymfonyKernelTest\Exception\ServiceNotFoundException: Service "Tourze\LarkAppBotBundle\Service\User\UserComparator" not found. Tried IDs: Tourze\LarkAppBotBundle\Service\User\UserComparator, user_comparator, app.user_comparator, userComparator

/home/admin/work/source/php-monorepo/packages/phpunit-symfony-kernel-test/src/ServiceLocator.php:75
/home/admin/work/source/php-monorepo/packages/phpunit-symfony-kernel-test/src/ServiceLocatorTrait.php:25
/home/admin/work/source/php-monorepo/packages/lark-app-bot-bundle/tests/Service/User/UserComparatorTest.php:338
/home/admin/work/source/php-monorepo/packages/phpunit-symfony-kernel-test/src/AbstractIntegrationTestCase.php:591</error>
      </testcase>
      <testcase name="testCompareUserInfoWithChangedFields" file="/home/admin/work/source/php-monorepo/packages/lark-app-bot-bundle/tests/Service/User/UserComparatorTest.php" line="81" class="Tourze\LarkAppBotBundle\Tests\Service\User\UserComparatorTest" classname="Tourze.LarkAppBotBundle.Tests.Service.User.UserComparatorTest" assertions="0" time="0.000000">
        <error type="Tourze\PHPUnitSymfonyKernelTest\Exception\ServiceNotFoundException">Tourze\LarkAppBotBundle\Tests\Service\User\UserComparatorTest::testCompareUserInfoWithChangedFields
Tourze\PHPUnitSymfonyKernelTest\Exception\ServiceNotFoundException: Service "Tourze\LarkAppBotBundle\Service\User\UserComparator" not found. Tried IDs: Tourze\LarkAppBotBundle\Service\User\UserComparator, user_comparator, app.user_comparator, userComparator

/home/admin/work/source/php-monorepo/packages/phpunit-symfony-kernel-test/src/ServiceLocator.php:75
/home/admin/work/source/php-monorepo/packages/phpunit-symfony-kernel-test/src/ServiceLocatorTrait.php:25
/home/admin/work/source/php-monorepo/packages/lark-app-bot-bundle/tests/Service/User/UserComparatorTest.php:338
/home/admin/work/source/php-monorepo/packages/phpunit-symfony-kernel-test/src/AbstractIntegrationTestCase.php:591</error>
      </testcase>
      <testcase name="testCompareUserInfoWithMixedChanges" file="/home/admin/work/source/php-monorepo/packages/lark-app-bot-bundle/tests/Service/User/UserComparatorTest.php" line="102" class="Tourze\LarkAppBotBundle\Tests\Service\User\UserComparatorTest" classname="Tourze.LarkAppBotBundle.Tests.Service.User.UserComparatorTest" assertions="0" time="0.000000">
        <error type="Tourze\PHPUnitSymfonyKernelTest\Exception\ServiceNotFoundException">Tourze\LarkAppBotBundle\Tests\Service\User\UserComparatorTest::testCompareUserInfoWithMixedChanges
Tourze\PHPUnitSymfonyKernelTest\Exception\ServiceNotFoundException: Service "Tourze\LarkAppBotBundle\Service\User\UserComparator" not found. Tried IDs: Tourze\LarkAppBotBundle\Service\User\UserComparator, user_comparator, app.user_comparator, userComparator

/home/admin/work/source/php-monorepo/packages/phpunit-symfony-kernel-test/src/ServiceLocator.php:75
/home/admin/work/source/php-monorepo/packages/phpunit-symfony-kernel-test/src/ServiceLocatorTrait.php:25
/home/admin/work/source/php-monorepo/packages/lark-app-bot-bundle/tests/Service/User/UserComparatorTest.php:338
/home/admin/work/source/php-monorepo/packages/phpunit-symfony-kernel-test/src/AbstractIntegrationTestCase.php:591</error>
      </testcase>
      <testcase name="testCompareUserInfoWithEmptyArrays" file="/home/admin/work/source/php-monorepo/packages/lark-app-bot-bundle/tests/Service/User/UserComparatorTest.php" line="125" class="Tourze\LarkAppBotBundle\Tests\Service\User\UserComparatorTest" classname="Tourze.LarkAppBotBundle.Tests.Service.User.UserComparatorTest" assertions="0" time="0.000000">
        <error type="Tourze\PHPUnitSymfonyKernelTest\Exception\ServiceNotFoundException">Tourze\LarkAppBotBundle\Tests\Service\User\UserComparatorTest::testCompareUserInfoWithEmptyArrays
Tourze\PHPUnitSymfonyKernelTest\Exception\ServiceNotFoundException: Service "Tourze\LarkAppBotBundle\Service\User\UserComparator" not found. Tried IDs: Tourze\LarkAppBotBundle\Service\User\UserComparator, user_comparator, app.user_comparator, userComparator

/home/admin/work/source/php-monorepo/packages/phpunit-symfony-kernel-test/src/ServiceLocator.php:75
/home/admin/work/source/php-monorepo/packages/phpunit-symfony-kernel-test/src/ServiceLocatorTrait.php:25
/home/admin/work/source/php-monorepo/packages/lark-app-bot-bundle/tests/Service/User/UserComparatorTest.php:338
/home/admin/work/source/php-monorepo/packages/phpunit-symfony-kernel-test/src/AbstractIntegrationTestCase.php:591</error>
      </testcase>
      <testcase name="testGenerateUserSummaryWithCompleteInfo" file="/home/admin/work/source/php-monorepo/packages/lark-app-bot-bundle/tests/Service/User/UserComparatorTest.php" line="134" class="Tourze\LarkAppBotBundle\Tests\Service\User\UserComparatorTest" classname="Tourze.LarkAppBotBundle.Tests.Service.User.UserComparatorTest" assertions="0" time="0.000000">
        <error type="Tourze\PHPUnitSymfonyKernelTest\Exception\ServiceNotFoundException">Tourze\LarkAppBotBundle\Tests\Service\User\UserComparatorTest::testGenerateUserSummaryWithCompleteInfo
Tourze\PHPUnitSymfonyKernelTest\Exception\ServiceNotFoundException: Service "Tourze\LarkAppBotBundle\Service\User\UserComparator" not found. Tried IDs: Tourze\LarkAppBotBundle\Service\User\UserComparator, user_comparator, app.user_comparator, userComparator

/home/admin/work/source/php-monorepo/packages/phpunit-symfony-kernel-test/src/ServiceLocator.php:75
/home/admin/work/source/php-monorepo/packages/phpunit-symfony-kernel-test/src/ServiceLocatorTrait.php:25
/home/admin/work/source/php-monorepo/packages/lark-app-bot-bundle/tests/Service/User/UserComparatorTest.php:338
/home/admin/work/source/php-monorepo/packages/phpunit-symfony-kernel-test/src/AbstractIntegrationTestCase.php:591</error>
      </testcase>
      <testcase name="testGenerateUserSummaryWithMinimalInfo" file="/home/admin/work/source/php-monorepo/packages/lark-app-bot-bundle/tests/Service/User/UserComparatorTest.php" line="184" class="Tourze\LarkAppBotBundle\Tests\Service\User\UserComparatorTest" classname="Tourze.LarkAppBotBundle.Tests.Service.User.UserComparatorTest" assertions="0" time="0.000000">
        <error type="Tourze\PHPUnitSymfonyKernelTest\Exception\ServiceNotFoundException">Tourze\LarkAppBotBundle\Tests\Service\User\UserComparatorTest::testGenerateUserSummaryWithMinimalInfo
Tourze\PHPUnitSymfonyKernelTest\Exception\ServiceNotFoundException: Service "Tourze\LarkAppBotBundle\Service\User\UserComparator" not found. Tried IDs: Tourze\LarkAppBotBundle\Service\User\UserComparator, user_comparator, app.user_comparator, userComparator

/home/admin/work/source/php-monorepo/packages/phpunit-symfony-kernel-test/src/ServiceLocator.php:75
/home/admin/work/source/php-monorepo/packages/phpunit-symfony-kernel-test/src/ServiceLocatorTrait.php:25
/home/admin/work/source/php-monorepo/packages/lark-app-bot-bundle/tests/Service/User/UserComparatorTest.php:338
/home/admin/work/source/php-monorepo/packages/phpunit-symfony-kernel-test/src/AbstractIntegrationTestCase.php:591</error>
      </testcase>
      <testcase name="testGenerateUserSummaryWithMobileNotVisible" file="/home/admin/work/source/php-monorepo/packages/lark-app-bot-bundle/tests/Service/User/UserComparatorTest.php" line="226" class="Tourze\LarkAppBotBundle\Tests\Service\User\UserComparatorTest" classname="Tourze.LarkAppBotBundle.Tests.Service.User.UserComparatorTest" assertions="0" time="0.000000">
        <error type="Tourze\PHPUnitSymfonyKernelTest\Exception\ServiceNotFoundException">Tourze\LarkAppBotBundle\Tests\Service\User\UserComparatorTest::testGenerateUserSummaryWithMobileNotVisible
Tourze\PHPUnitSymfonyKernelTest\Exception\ServiceNotFoundException: Service "Tourze\LarkAppBotBundle\Service\User\UserComparator" not found. Tried IDs: Tourze\LarkAppBotBundle\Service\User\UserComparator, user_comparator, app.user_comparator, userComparator

/home/admin/work/source/php-monorepo/packages/phpunit-symfony-kernel-test/src/ServiceLocator.php:75
/home/admin/work/source/php-monorepo/packages/phpunit-symfony-kernel-test/src/ServiceLocatorTrait.php:25
/home/admin/work/source/php-monorepo/packages/lark-app-bot-bundle/tests/Service/User/UserComparatorTest.php:338
/home/admin/work/source/php-monorepo/packages/phpunit-symfony-kernel-test/src/AbstractIntegrationTestCase.php:591</error>
      </testcase>
      <testcase name="testGenerateUserSummaryPrefersEnterpriseEmail" file="/home/admin/work/source/php-monorepo/packages/lark-app-bot-bundle/tests/Service/User/UserComparatorTest.php" line="260" class="Tourze\LarkAppBotBundle\Tests\Service\User\UserComparatorTest" classname="Tourze.LarkAppBotBundle.Tests.Service.User.UserComparatorTest" assertions="0" time="0.000000">
        <error type="Tourze\PHPUnitSymfonyKernelTest\Exception\ServiceNotFoundException">Tourze\LarkAppBotBundle\Tests\Service\User\UserComparatorTest::testGenerateUserSummaryPrefersEnterpriseEmail
Tourze\PHPUnitSymfonyKernelTest\Exception\ServiceNotFoundException: Service "Tourze\LarkAppBotBundle\Service\User\UserComparator" not found. Tried IDs: Tourze\LarkAppBotBundle\Service\User\UserComparator, user_comparator, app.user_comparator, userComparator

/home/admin/work/source/php-monorepo/packages/phpunit-symfony-kernel-test/src/ServiceLocator.php:75
/home/admin/work/source/php-monorepo/packages/phpunit-symfony-kernel-test/src/ServiceLocatorTrait.php:25
/home/admin/work/source/php-monorepo/packages/lark-app-bot-bundle/tests/Service/User/UserComparatorTest.php:338
/home/admin/work/source/php-monorepo/packages/phpunit-symfony-kernel-test/src/AbstractIntegrationTestCase.php:591</error>
      </testcase>
      <testcase name="testGenerateUserSummaryUsesFirstDepartment" file="/home/admin/work/source/php-monorepo/packages/lark-app-bot-bundle/tests/Service/User/UserComparatorTest.php" line="294" class="Tourze\LarkAppBotBundle\Tests\Service\User\UserComparatorTest" classname="Tourze.LarkAppBotBundle.Tests.Service.User.UserComparatorTest" assertions="0" time="0.000000">
        <error type="Tourze\PHPUnitSymfonyKernelTest\Exception\ServiceNotFoundException">Tourze\LarkAppBotBundle\Tests\Service\User\UserComparatorTest::testGenerateUserSummaryUsesFirstDepartment
Tourze\PHPUnitSymfonyKernelTest\Exception\ServiceNotFoundException: Service "Tourze\LarkAppBotBundle\Service\User\UserComparator" not found. Tried IDs: Tourze\LarkAppBotBundle\Service\User\UserComparator, user_comparator, app.user_comparator, userComparator

/home/admin/work/source/php-monorepo/packages/phpunit-symfony-kernel-test/src/ServiceLocator.php:75
/home/admin/work/source/php-monorepo/packages/phpunit-symfony-kernel-test/src/ServiceLocatorTrait.php:25
/home/admin/work/source/php-monorepo/packages/lark-app-bot-bundle/tests/Service/User/UserComparatorTest.php:338
/home/admin/work/source/php-monorepo/packages/phpunit-symfony-kernel-test/src/AbstractIntegrationTestCase.php:591</error>
      </testcase>
    </testsuite>
    <testsuite name="Tourze\LarkAppBotBundle\Tests\Service\User\UserDataBuilderTest" file="/home/admin/work/source/php-monorepo/packages/lark-app-bot-bundle/tests/Service/User/UserDataBuilderTest.php" tests="10" assertions="1" errors="9" failures="0" skipped="0" time="3.180496">
      <testcase name="testShouldHaveRunTestsInSeparateProcesses" file="/home/admin/work/source/php-monorepo/packages/phpunit-symfony-kernel-test/src/AbstractIntegrationTestCase.php" line="919" class="Tourze\LarkAppBotBundle\Tests\Service\User\UserDataBuilderTest" classname="Tourze.LarkAppBotBundle.Tests.Service.User.UserDataBuilderTest" assertions="1" time="0.139768"/>
      <testcase name="testBuildUserDataWithCompleteInfo" file="/home/admin/work/source/php-monorepo/packages/lark-app-bot-bundle/tests/Service/User/UserDataBuilderTest.php" line="31" class="Tourze\LarkAppBotBundle\Tests\Service\User\UserDataBuilderTest" classname="Tourze.LarkAppBotBundle.Tests.Service.User.UserDataBuilderTest" assertions="0" time="0.296034">
        <error type="Tourze\LarkAppBotBundle\Exception\GenericApiException">Tourze\LarkAppBotBundle\Tests\Service\User\UserDataBuilderTest::testBuildUserDataWithCompleteInfo
Tourze\LarkAppBotBundle\Exception\GenericApiException: 获取用户信息失败: Failed to get access token: invalid param

/home/admin/work/source/php-monorepo/packages/lark-app-bot-bundle/src/Service/User/UserDataService.php:65
/home/admin/work/source/php-monorepo/packages/lark-app-bot-bundle/src/Service/User/UserService.php:86
/home/admin/work/source/php-monorepo/packages/lark-app-bot-bundle/src/Service/User/UserDataBuilder.php:44
/home/admin/work/source/php-monorepo/packages/lark-app-bot-bundle/tests/Service/User/UserDataBuilderTest.php:78</error>
      </testcase>
      <testcase name="testBuildUserDataWithTenantManager" file="/home/admin/work/source/php-monorepo/packages/lark-app-bot-bundle/tests/Service/User/UserDataBuilderTest.php" line="98" class="Tourze\LarkAppBotBundle\Tests\Service\User\UserDataBuilderTest" classname="Tourze.LarkAppBotBundle.Tests.Service.User.UserDataBuilderTest" assertions="0" time="0.720726">
        <error type="Tourze\LarkAppBotBundle\Exception\GenericApiException">Tourze\LarkAppBotBundle\Tests\Service\User\UserDataBuilderTest::testBuildUserDataWithTenantManager
Tourze\LarkAppBotBundle\Exception\GenericApiException: 获取用户信息失败: Failed to get access token: invalid param

/home/admin/work/source/php-monorepo/packages/lark-app-bot-bundle/src/Service/User/UserDataService.php:65
/home/admin/work/source/php-monorepo/packages/lark-app-bot-bundle/src/Service/User/UserService.php:86
/home/admin/work/source/php-monorepo/packages/lark-app-bot-bundle/src/Service/User/UserDataBuilder.php:44
/home/admin/work/source/php-monorepo/packages/lark-app-bot-bundle/tests/Service/User/UserDataBuilderTest.php:143</error>
      </testcase>
      <testcase name="testBuildUserDataWithSubordinatesException" file="/home/admin/work/source/php-monorepo/packages/lark-app-bot-bundle/tests/Service/User/UserDataBuilderTest.php" line="148" class="Tourze\LarkAppBotBundle\Tests\Service\User\UserDataBuilderTest" classname="Tourze.LarkAppBotBundle.Tests.Service.User.UserDataBuilderTest" assertions="0" time="0.264338">
        <error type="Tourze\LarkAppBotBundle\Exception\GenericApiException">Tourze\LarkAppBotBundle\Tests\Service\User\UserDataBuilderTest::testBuildUserDataWithSubordinatesException
Tourze\LarkAppBotBundle\Exception\GenericApiException: 获取用户信息失败: Failed to get access token: invalid param

/home/admin/work/source/php-monorepo/packages/lark-app-bot-bundle/src/Service/User/UserDataService.php:65
/home/admin/work/source/php-monorepo/packages/lark-app-bot-bundle/src/Service/User/UserService.php:86
/home/admin/work/source/php-monorepo/packages/lark-app-bot-bundle/src/Service/User/UserDataBuilder.php:44
/home/admin/work/source/php-monorepo/packages/lark-app-bot-bundle/tests/Service/User/UserDataBuilderTest.php:191</error>
      </testcase>
      <testcase name="testBatchBuildUserDataSuccess" file="/home/admin/work/source/php-monorepo/packages/lark-app-bot-bundle/tests/Service/User/UserDataBuilderTest.php" line="196" class="Tourze\LarkAppBotBundle\Tests\Service\User\UserDataBuilderTest" classname="Tourze.LarkAppBotBundle.Tests.Service.User.UserDataBuilderTest" assertions="0" time="0.264027">
        <error type="Tourze\LarkAppBotBundle\Exception\GenericApiException">Tourze\LarkAppBotBundle\Tests\Service\User\UserDataBuilderTest::testBatchBuildUserDataSuccess
Tourze\LarkAppBotBundle\Exception\GenericApiException: 批量获取用户信息失败: Failed to get access token: invalid param

/home/admin/work/source/php-monorepo/packages/lark-app-bot-bundle/src/Service/User/UserDataService.php:226
/home/admin/work/source/php-monorepo/packages/lark-app-bot-bundle/src/Service/User/UserDataService.php:87
/home/admin/work/source/php-monorepo/packages/lark-app-bot-bundle/src/Service/User/UserService.php:153
/home/admin/work/source/php-monorepo/packages/lark-app-bot-bundle/src/Service/User/UserService.php:117
/home/admin/work/source/php-monorepo/packages/lark-app-bot-bundle/src/Service/User/UserDataBuilder.php:77
/home/admin/work/source/php-monorepo/packages/lark-app-bot-bundle/tests/Service/User/UserDataBuilderTest.php:221</error>
      </testcase>
      <testcase name="testBatchBuildUserDataWithException" file="/home/admin/work/source/php-monorepo/packages/lark-app-bot-bundle/tests/Service/User/UserDataBuilderTest.php" line="231" class="Tourze\LarkAppBotBundle\Tests\Service\User\UserDataBuilderTest" classname="Tourze.LarkAppBotBundle.Tests.Service.User.UserDataBuilderTest" assertions="0" time="0.319552">
        <error type="Tourze\LarkAppBotBundle\Exception\GenericApiException">Tourze\LarkAppBotBundle\Tests\Service\User\UserDataBuilderTest::testBatchBuildUserDataWithException
Tourze\LarkAppBotBundle\Exception\GenericApiException: 批量获取用户信息失败: Failed to get access token: invalid param

/home/admin/work/source/php-monorepo/packages/lark-app-bot-bundle/src/Service/User/UserDataService.php:226
/home/admin/work/source/php-monorepo/packages/lark-app-bot-bundle/src/Service/User/UserDataService.php:87
/home/admin/work/source/php-monorepo/packages/lark-app-bot-bundle/src/Service/User/UserService.php:153
/home/admin/work/source/php-monorepo/packages/lark-app-bot-bundle/src/Service/User/UserService.php:117
/home/admin/work/source/php-monorepo/packages/lark-app-bot-bundle/src/Service/User/UserDataBuilder.php:77
/home/admin/work/source/php-monorepo/packages/lark-app-bot-bundle/tests/Service/User/UserDataBuilderTest.php:269</error>
      </testcase>
      <testcase name="testBuildUserDataFromBasicInfoWithLeader" file="/home/admin/work/source/php-monorepo/packages/lark-app-bot-bundle/tests/Service/User/UserDataBuilderTest.php" line="277" class="Tourze\LarkAppBotBundle\Tests\Service\User\UserDataBuilderTest" classname="Tourze.LarkAppBotBundle.Tests.Service.User.UserDataBuilderTest" assertions="0" time="0.253957">
        <error type="Tourze\LarkAppBotBundle\Exception\GenericApiException">Tourze\LarkAppBotBundle\Tests\Service\User\UserDataBuilderTest::testBuildUserDataFromBasicInfoWithLeader
Tourze\LarkAppBotBundle\Exception\GenericApiException: 获取用户部门列表失败: Failed to get access token: invalid param

/home/admin/work/source/php-monorepo/packages/lark-app-bot-bundle/src/Service/User/UserDataService.php:152
/home/admin/work/source/php-monorepo/packages/lark-app-bot-bundle/src/Service/User/UserRelationService.php:169
/home/admin/work/source/php-monorepo/packages/lark-app-bot-bundle/src/Service/User/UserService.php:199
/home/admin/work/source/php-monorepo/packages/lark-app-bot-bundle/src/Service/User/UserDataBuilder.php:156
/home/admin/work/source/php-monorepo/packages/lark-app-bot-bundle/tests/Service/User/UserDataBuilderTest.php:311</error>
      </testcase>
      <testcase name="testBuildUserDataFromBasicInfoWithLeaderException" file="/home/admin/work/source/php-monorepo/packages/lark-app-bot-bundle/tests/Service/User/UserDataBuilderTest.php" line="318" class="Tourze\LarkAppBotBundle\Tests\Service\User\UserDataBuilderTest" classname="Tourze.LarkAppBotBundle.Tests.Service.User.UserDataBuilderTest" assertions="0" time="0.262394">
        <error type="Tourze\LarkAppBotBundle\Exception\GenericApiException">Tourze\LarkAppBotBundle\Tests\Service\User\UserDataBuilderTest::testBuildUserDataFromBasicInfoWithLeaderException
Tourze\LarkAppBotBundle\Exception\GenericApiException: 获取用户部门列表失败: Failed to get access token: invalid param

/home/admin/work/source/php-monorepo/packages/lark-app-bot-bundle/src/Service/User/UserDataService.php:152
/home/admin/work/source/php-monorepo/packages/lark-app-bot-bundle/src/Service/User/UserRelationService.php:169
/home/admin/work/source/php-monorepo/packages/lark-app-bot-bundle/src/Service/User/UserService.php:199
/home/admin/work/source/php-monorepo/packages/lark-app-bot-bundle/src/Service/User/UserDataBuilder.php:156
/home/admin/work/source/php-monorepo/packages/lark-app-bot-bundle/tests/Service/User/UserDataBuilderTest.php:356</error>
      </testcase>
      <testcase name="testBuildUserDataFromBasicInfoWithoutLeader" file="/home/admin/work/source/php-monorepo/packages/lark-app-bot-bundle/tests/Service/User/UserDataBuilderTest.php" line="363" class="Tourze\LarkAppBotBundle\Tests\Service\User\UserDataBuilderTest" classname="Tourze.LarkAppBotBundle.Tests.Service.User.UserDataBuilderTest" assertions="0" time="0.338161">
        <error type="Tourze\LarkAppBotBundle\Exception\GenericApiException">Tourze\LarkAppBotBundle\Tests\Service\User\UserDataBuilderTest::testBuildUserDataFromBasicInfoWithoutLeader
Tourze\LarkAppBotBundle\Exception\GenericApiException: 获取用户部门列表失败: Failed to get access token: invalid param

/home/admin/work/source/php-monorepo/packages/lark-app-bot-bundle/src/Service/User/UserDataService.php:152
/home/admin/work/source/php-monorepo/packages/lark-app-bot-bundle/src/Service/User/UserRelationService.php:169
/home/admin/work/source/php-monorepo/packages/lark-app-bot-bundle/src/Service/User/UserService.php:199
/home/admin/work/source/php-monorepo/packages/lark-app-bot-bundle/src/Service/User/UserDataBuilder.php:156
/home/admin/work/source/php-monorepo/packages/lark-app-bot-bundle/tests/Service/User/UserDataBuilderTest.php:390</error>
      </testcase>
      <testcase name="testMetadataStructure" file="/home/admin/work/source/php-monorepo/packages/lark-app-bot-bundle/tests/Service/User/UserDataBuilderTest.php" line="397" class="Tourze\LarkAppBotBundle\Tests\Service\User\UserDataBuilderTest" classname="Tourze.LarkAppBotBundle.Tests.Service.User.UserDataBuilderTest" assertions="0" time="0.321540">
        <error type="Tourze\LarkAppBotBundle\Exception\GenericApiException">Tourze\LarkAppBotBundle\Tests\Service\User\UserDataBuilderTest::testMetadataStructure
Tourze\LarkAppBotBundle\Exception\GenericApiException: 获取用户信息失败: Failed to get access token: invalid param

/home/admin/work/source/php-monorepo/packages/lark-app-bot-bundle/src/Service/User/UserDataService.php:65
/home/admin/work/source/php-monorepo/packages/lark-app-bot-bundle/src/Service/User/UserService.php:86
/home/admin/work/source/php-monorepo/packages/lark-app-bot-bundle/src/Service/User/UserDataBuilder.php:44
/home/admin/work/source/php-monorepo/packages/lark-app-bot-bundle/tests/Service/User/UserDataBuilderTest.php:422</error>
      </testcase>
    </testsuite>
    <testsuite name="Tourze\LarkAppBotBundle\Tests\Service\User\UserDataCacheManagerTest" file="/home/admin/work/source/php-monorepo/packages/lark-app-bot-bundle/tests/Service/User/UserDataCacheManagerTest.php" tests="19" assertions="28" errors="4" failures="13" skipped="0" time="2.558541">
      <testcase name="testShouldHaveRunTestsInSeparateProcesses" file="/home/admin/work/source/php-monorepo/packages/phpunit-symfony-kernel-test/src/AbstractIntegrationTestCase.php" line="919" class="Tourze\LarkAppBotBundle\Tests\Service\User\UserDataCacheManagerTest" classname="Tourze.LarkAppBotBundle.Tests.Service.User.UserDataCacheManagerTest" assertions="1" time="0.131650"/>
      <testcase name="testGetFromMemoryCache" file="/home/admin/work/source/php-monorepo/packages/lark-app-bot-bundle/tests/Service/User/UserDataCacheManagerTest.php" line="29" class="Tourze\LarkAppBotBundle\Tests\Service\User\UserDataCacheManagerTest" classname="Tourze.LarkAppBotBundle.Tests.Service.User.UserDataCacheManagerTest" assertions="2" time="0.134464">
        <failure type="PHPUnit\Framework\ExpectationFailedException">Tourze\LarkAppBotBundle\Tests\Service\User\UserDataCacheManagerTest::testGetFromMemoryCache
Expectation failed for method name is "debug" when invoked 1 time.
Method was expected to be called 1 time, actually called 0 times.</failure>
      </testcase>
      <testcase name="testGetFromPersistentCache" file="/home/admin/work/source/php-monorepo/packages/lark-app-bot-bundle/tests/Service/User/UserDataCacheManagerTest.php" line="50" class="Tourze\LarkAppBotBundle\Tests\Service\User\UserDataCacheManagerTest" classname="Tourze.LarkAppBotBundle.Tests.Service.User.UserDataCacheManagerTest" assertions="2" time="0.134625">
        <failure type="PHPUnit\Framework\ExpectationFailedException">Tourze\LarkAppBotBundle\Tests\Service\User\UserDataCacheManagerTest::testGetFromPersistentCache
Expectation failed for method name is "getItem" when invoked 1 time.
Method was expected to be called 1 time, actually called 0 times.</failure>
      </testcase>
      <testcase name="testGetWithCacheMiss" file="/home/admin/work/source/php-monorepo/packages/lark-app-bot-bundle/tests/Service/User/UserDataCacheManagerTest.php" line="86" class="Tourze\LarkAppBotBundle\Tests\Service\User\UserDataCacheManagerTest" classname="Tourze.LarkAppBotBundle.Tests.Service.User.UserDataCacheManagerTest" assertions="1" time="0.132119">
        <failure type="PHPUnit\Framework\ExpectationFailedException">Tourze\LarkAppBotBundle\Tests\Service\User\UserDataCacheManagerTest::testGetWithCacheMiss
Failed asserting that Array &amp;0 [
    'name' =&gt; 'John Doe',
    'email' =&gt; 'john@example.com',
] is null.

/home/admin/work/source/php-monorepo/packages/lark-app-bot-bundle/tests/Service/User/UserDataCacheManagerTest.php:110</failure>
      </testcase>
      <testcase name="testGetWithNullCache" file="/home/admin/work/source/php-monorepo/packages/lark-app-bot-bundle/tests/Service/User/UserDataCacheManagerTest.php" line="113" class="Tourze\LarkAppBotBundle\Tests\Service\User\UserDataCacheManagerTest" classname="Tourze.LarkAppBotBundle.Tests.Service.User.UserDataCacheManagerTest" assertions="0" time="0.133932">
        <error type="Symfony\Component\DependencyInjection\Exception\InvalidArgumentException">Tourze\LarkAppBotBundle\Tests\Service\User\UserDataCacheManagerTest::testGetWithNullCache
Symfony\Component\DependencyInjection\Exception\InvalidArgumentException: The "cache.app" service is already initialized, you cannot replace it.

/home/admin/work/source/php-monorepo/vendor/symfony/dependency-injection/Container.php:160
/home/admin/work/source/php-monorepo/vendor/symfony/framework-bundle/Test/TestContainer.php:75
/home/admin/work/source/php-monorepo/packages/lark-app-bot-bundle/tests/Service/User/UserDataCacheManagerTest.php:116</error>
      </testcase>
      <testcase name="testSetWithPersistentCache" file="/home/admin/work/source/php-monorepo/packages/lark-app-bot-bundle/tests/Service/User/UserDataCacheManagerTest.php" line="124" class="Tourze\LarkAppBotBundle\Tests\Service\User\UserDataCacheManagerTest" classname="Tourze.LarkAppBotBundle.Tests.Service.User.UserDataCacheManagerTest" assertions="2" time="0.135281">
        <failure type="PHPUnit\Framework\ExpectationFailedException">Tourze\LarkAppBotBundle\Tests\Service\User\UserDataCacheManagerTest::testSetWithPersistentCache
Expectation failed for method name is "getItem" when invoked 1 time.
Method was expected to be called 1 time, actually called 0 times.</failure>
      </testcase>
      <testcase name="testSetWithNullCache" file="/home/admin/work/source/php-monorepo/packages/lark-app-bot-bundle/tests/Service/User/UserDataCacheManagerTest.php" line="160" class="Tourze\LarkAppBotBundle\Tests\Service\User\UserDataCacheManagerTest" classname="Tourze.LarkAppBotBundle.Tests.Service.User.UserDataCacheManagerTest" assertions="0" time="0.145590">
        <error type="Symfony\Component\DependencyInjection\Exception\InvalidArgumentException">Tourze\LarkAppBotBundle\Tests\Service\User\UserDataCacheManagerTest::testSetWithNullCache
Symfony\Component\DependencyInjection\Exception\InvalidArgumentException: The "cache.app" service is already initialized, you cannot replace it.

/home/admin/work/source/php-monorepo/vendor/symfony/dependency-injection/Container.php:160
/home/admin/work/source/php-monorepo/vendor/symfony/framework-bundle/Test/TestContainer.php:75
/home/admin/work/source/php-monorepo/packages/lark-app-bot-bundle/tests/Service/User/UserDataCacheManagerTest.php:163</error>
      </testcase>
      <testcase name="testDelete" file="/home/admin/work/source/php-monorepo/packages/lark-app-bot-bundle/tests/Service/User/UserDataCacheManagerTest.php" line="175" class="Tourze\LarkAppBotBundle\Tests\Service\User\UserDataCacheManagerTest" classname="Tourze.LarkAppBotBundle.Tests.Service.User.UserDataCacheManagerTest" assertions="2" time="0.136003">
        <failure type="PHPUnit\Framework\ExpectationFailedException">Tourze\LarkAppBotBundle\Tests\Service\User\UserDataCacheManagerTest::testDelete
Expectation failed for method name is "deleteItem" when invoked 1 time.
Method was expected to be called 1 time, actually called 0 times.</failure>
      </testcase>
      <testcase name="testDeleteWithException" file="/home/admin/work/source/php-monorepo/packages/lark-app-bot-bundle/tests/Service/User/UserDataCacheManagerTest.php" line="197" class="Tourze\LarkAppBotBundle\Tests\Service\User\UserDataCacheManagerTest" classname="Tourze.LarkAppBotBundle.Tests.Service.User.UserDataCacheManagerTest" assertions="1" time="0.134196">
        <failure type="PHPUnit\Framework\ExpectationFailedException">Tourze\LarkAppBotBundle\Tests\Service\User\UserDataCacheManagerTest::testDeleteWithException
Expectation failed for method name is "deleteItem" when invoked 1 time.
Method was expected to be called 1 time, actually called 0 times.</failure>
      </testcase>
      <testcase name="testDeleteWithNullCache" file="/home/admin/work/source/php-monorepo/packages/lark-app-bot-bundle/tests/Service/User/UserDataCacheManagerTest.php" line="219" class="Tourze\LarkAppBotBundle\Tests\Service\User\UserDataCacheManagerTest" classname="Tourze.LarkAppBotBundle.Tests.Service.User.UserDataCacheManagerTest" assertions="0" time="0.137164">
        <error type="Symfony\Component\DependencyInjection\Exception\InvalidArgumentException">Tourze\LarkAppBotBundle\Tests\Service\User\UserDataCacheManagerTest::testDeleteWithNullCache
Symfony\Component\DependencyInjection\Exception\InvalidArgumentException: The "cache.app" service is already initialized, you cannot replace it.

/home/admin/work/source/php-monorepo/vendor/symfony/dependency-injection/Container.php:160
/home/admin/work/source/php-monorepo/vendor/symfony/framework-bundle/Test/TestContainer.php:75
/home/admin/work/source/php-monorepo/packages/lark-app-bot-bundle/tests/Service/User/UserDataCacheManagerTest.php:222</error>
      </testcase>
      <testcase name="testGetDirtyData" file="/home/admin/work/source/php-monorepo/packages/lark-app-bot-bundle/tests/Service/User/UserDataCacheManagerTest.php" line="234" class="Tourze\LarkAppBotBundle\Tests\Service\User\UserDataCacheManagerTest" classname="Tourze.LarkAppBotBundle.Tests.Service.User.UserDataCacheManagerTest" assertions="2" time="0.138683">
        <failure type="PHPUnit\Framework\ExpectationFailedException">Tourze\LarkAppBotBundle\Tests\Service\User\UserDataCacheManagerTest::testGetDirtyData
Failed asserting that actual size 0 matches expected size 2.

/home/admin/work/source/php-monorepo/packages/lark-app-bot-bundle/tests/Service/User/UserDataCacheManagerTest.php:256</failure>
      </testcase>
      <testcase name="testPersistDirtyData" file="/home/admin/work/source/php-monorepo/packages/lark-app-bot-bundle/tests/Service/User/UserDataCacheManagerTest.php" line="263" class="Tourze\LarkAppBotBundle\Tests\Service\User\UserDataCacheManagerTest" classname="Tourze.LarkAppBotBundle.Tests.Service.User.UserDataCacheManagerTest" assertions="3" time="0.133583">
        <failure type="PHPUnit\Framework\ExpectationFailedException">Tourze\LarkAppBotBundle\Tests\Service\User\UserDataCacheManagerTest::testPersistDirtyData
Expectation failed for method name is "getItem" when invoked 4 times.
Method was expected to be called 4 times, actually called 0 times.</failure>
      </testcase>
      <testcase name="testPersistDirtyDataWithNullCache" file="/home/admin/work/source/php-monorepo/packages/lark-app-bot-bundle/tests/Service/User/UserDataCacheManagerTest.php" line="304" class="Tourze\LarkAppBotBundle\Tests\Service\User\UserDataCacheManagerTest" classname="Tourze.LarkAppBotBundle.Tests.Service.User.UserDataCacheManagerTest" assertions="0" time="0.131820">
        <error type="Symfony\Component\DependencyInjection\Exception\InvalidArgumentException">Tourze\LarkAppBotBundle\Tests\Service\User\UserDataCacheManagerTest::testPersistDirtyDataWithNullCache
Symfony\Component\DependencyInjection\Exception\InvalidArgumentException: The "cache.app" service is already initialized, you cannot replace it.

/home/admin/work/source/php-monorepo/vendor/symfony/dependency-injection/Container.php:160
/home/admin/work/source/php-monorepo/vendor/symfony/framework-bundle/Test/TestContainer.php:75
/home/admin/work/source/php-monorepo/packages/lark-app-bot-bundle/tests/Service/User/UserDataCacheManagerTest.php:307</error>
      </testcase>
      <testcase name="testCleanMemoryCache" file="/home/admin/work/source/php-monorepo/packages/lark-app-bot-bundle/tests/Service/User/UserDataCacheManagerTest.php" line="319" class="Tourze\LarkAppBotBundle\Tests\Service\User\UserDataCacheManagerTest" classname="Tourze.LarkAppBotBundle.Tests.Service.User.UserDataCacheManagerTest" assertions="1" time="0.134195">
        <failure type="PHPUnit\Framework\ExpectationFailedException">Tourze\LarkAppBotBundle\Tests\Service\User\UserDataCacheManagerTest::testCleanMemoryCache
Failed asserting that Array &amp;0 [
    'name' =&gt; 'Old User',
    'metadata' =&gt; Array &amp;1 [
        'last_access' =&gt; 1762382003,
    ],
] is null.

/home/admin/work/source/php-monorepo/packages/lark-app-bot-bundle/tests/Service/User/UserDataCacheManagerTest.php:344</failure>
      </testcase>
      <testcase name="testCleanMemoryCachePreservesDirtyData" file="/home/admin/work/source/php-monorepo/packages/lark-app-bot-bundle/tests/Service/User/UserDataCacheManagerTest.php" line="348" class="Tourze\LarkAppBotBundle\Tests\Service\User\UserDataCacheManagerTest" classname="Tourze.LarkAppBotBundle.Tests.Service.User.UserDataCacheManagerTest" assertions="2" time="0.136773">
        <failure type="PHPUnit\Framework\ExpectationFailedException">Tourze\LarkAppBotBundle\Tests\Service\User\UserDataCacheManagerTest::testCleanMemoryCachePreservesDirtyData
Expectation failed for method name is "getItem" when invoked 1 time.
Method was expected to be called 1 time, actually called 0 times.</failure>
      </testcase>
      <testcase name="testGetCacheKey" file="/home/admin/work/source/php-monorepo/packages/lark-app-bot-bundle/tests/Service/User/UserDataCacheManagerTest.php" line="380" class="Tourze\LarkAppBotBundle\Tests\Service\User\UserDataCacheManagerTest" classname="Tourze.LarkAppBotBundle.Tests.Service.User.UserDataCacheManagerTest" assertions="3" time="0.127812"/>
      <testcase name="testGetFromPersistentCacheWithException" file="/home/admin/work/source/php-monorepo/packages/lark-app-bot-bundle/tests/Service/User/UserDataCacheManagerTest.php" line="393" class="Tourze\LarkAppBotBundle\Tests\Service\User\UserDataCacheManagerTest" classname="Tourze.LarkAppBotBundle.Tests.Service.User.UserDataCacheManagerTest" assertions="2" time="0.131858">
        <failure type="PHPUnit\Framework\ExpectationFailedException">Tourze\LarkAppBotBundle\Tests\Service\User\UserDataCacheManagerTest::testGetFromPersistentCacheWithException
Expectation failed for method name is "getItem" when invoked 1 time.
Method was expected to be called 1 time, actually called 0 times.</failure>
      </testcase>
      <testcase name="testSaveToPersistentCacheWithException" file="/home/admin/work/source/php-monorepo/packages/lark-app-bot-bundle/tests/Service/User/UserDataCacheManagerTest.php" line="417" class="Tourze\LarkAppBotBundle\Tests\Service\User\UserDataCacheManagerTest" classname="Tourze.LarkAppBotBundle.Tests.Service.User.UserDataCacheManagerTest" assertions="2" time="0.133914">
        <failure type="PHPUnit\Framework\ExpectationFailedException">Tourze\LarkAppBotBundle\Tests\Service\User\UserDataCacheManagerTest::testSaveToPersistentCacheWithException
Expectation failed for method name is "getItem" when invoked 1 time.
Method was expected to be called 1 time, actually called 0 times.</failure>
      </testcase>
      <testcase name="testGetUpdatesLastAccessTime" file="/home/admin/work/source/php-monorepo/packages/lark-app-bot-bundle/tests/Service/User/UserDataCacheManagerTest.php" line="444" class="Tourze\LarkAppBotBundle\Tests\Service\User\UserDataCacheManagerTest" classname="Tourze.LarkAppBotBundle.Tests.Service.User.UserDataCacheManagerTest" assertions="2" time="0.134879">
        <failure type="PHPUnit\Framework\ExpectationFailedException">Tourze\LarkAppBotBundle\Tests\Service\User\UserDataCacheManagerTest::testGetUpdatesLastAccessTime
Failed asserting that null is of type array.

/home/admin/work/source/php-monorepo/packages/lark-app-bot-bundle/tests/Service/User/UserDataCacheManagerTest.php:477</failure>
      </testcase>
    </testsuite>
    <testsuite name="Tourze\LarkAppBotBundle\Tests\Service\User\UserDataExporterTest" file="/home/admin/work/source/php-monorepo/packages/lark-app-bot-bundle/tests/Service/User/UserDataExporterTest.php" tests="12" assertions="36" errors="0" failures="0" skipped="0" time="1.522902">
      <testcase name="testShouldHaveRunTestsInSeparateProcesses" file="/home/admin/work/source/php-monorepo/packages/phpunit-symfony-kernel-test/src/AbstractIntegrationTestCase.php" line="919" class="Tourze\LarkAppBotBundle\Tests\Service\User\UserDataExporterTest" classname="Tourze.LarkAppBotBundle.Tests.Service.User.UserDataExporterTest" assertions="1" time="0.129054"/>
      <testcase name="testExportWithDefaultOptions" file="/home/admin/work/source/php-monorepo/packages/lark-app-bot-bundle/tests/Service/User/UserDataExporterTest.php" line="21" class="Tourze\LarkAppBotBundle\Tests\Service\User\UserDataExporterTest" classname="Tourze.LarkAppBotBundle.Tests.Service.User.UserDataExporterTest" assertions="13" time="0.125245"/>
      <testcase name="testExportWithCustomOptions" file="/home/admin/work/source/php-monorepo/packages/lark-app-bot-bundle/tests/Service/User/UserDataExporterTest.php" line="60" class="Tourze\LarkAppBotBundle\Tests\Service\User\UserDataExporterTest" classname="Tourze.LarkAppBotBundle.Tests.Service.User.UserDataExporterTest" assertions="7" time="0.125087"/>
      <testcase name="testExportExcludeBasicInfo" file="/home/admin/work/source/php-monorepo/packages/lark-app-bot-bundle/tests/Service/User/UserDataExporterTest.php" line="94" class="Tourze\LarkAppBotBundle\Tests\Service\User\UserDataExporterTest" classname="Tourze.LarkAppBotBundle.Tests.Service.User.UserDataExporterTest" assertions="1" time="0.125342"/>
      <testcase name="testExportExcludeDepartments" file="/home/admin/work/source/php-monorepo/packages/lark-app-bot-bundle/tests/Service/User/UserDataExporterTest.php" line="114" class="Tourze\LarkAppBotBundle\Tests\Service\User\UserDataExporterTest" classname="Tourze.LarkAppBotBundle.Tests.Service.User.UserDataExporterTest" assertions="1" time="0.125351"/>
      <testcase name="testExportExcludePermissions" file="/home/admin/work/source/php-monorepo/packages/lark-app-bot-bundle/tests/Service/User/UserDataExporterTest.php" line="134" class="Tourze\LarkAppBotBundle\Tests\Service\User\UserDataExporterTest" classname="Tourze.LarkAppBotBundle.Tests.Service.User.UserDataExporterTest" assertions="1" time="0.135145"/>
      <testcase name="testExportExcludeRelations" file="/home/admin/work/source/php-monorepo/packages/lark-app-bot-bundle/tests/Service/User/UserDataExporterTest.php" line="154" class="Tourze\LarkAppBotBundle\Tests\Service\User\UserDataExporterTest" classname="Tourze.LarkAppBotBundle.Tests.Service.User.UserDataExporterTest" assertions="2" time="0.125937"/>
      <testcase name="testExportExcludeCustomData" file="/home/admin/work/source/php-monorepo/packages/lark-app-bot-bundle/tests/Service/User/UserDataExporterTest.php" line="175" class="Tourze\LarkAppBotBundle\Tests\Service\User\UserDataExporterTest" classname="Tourze.LarkAppBotBundle.Tests.Service.User.UserDataExporterTest" assertions="1" time="0.126614"/>
      <testcase name="testExportIncludeMetadata" file="/home/admin/work/source/php-monorepo/packages/lark-app-bot-bundle/tests/Service/User/UserDataExporterTest.php" line="195" class="Tourze\LarkAppBotBundle\Tests\Service\User\UserDataExporterTest" classname="Tourze.LarkAppBotBundle.Tests.Service.User.UserDataExporterTest" assertions="1" time="0.125609"/>
      <testcase name="testExportSubordinatesFiltering" file="/home/admin/work/source/php-monorepo/packages/lark-app-bot-bundle/tests/Service/User/UserDataExporterTest.php" line="215" class="Tourze\LarkAppBotBundle\Tests\Service\User\UserDataExporterTest" classname="Tourze.LarkAppBotBundle.Tests.Service.User.UserDataExporterTest" assertions="1" time="0.124797"/>
      <testcase name="testExportTimestamp" file="/home/admin/work/source/php-monorepo/packages/lark-app-bot-bundle/tests/Service/User/UserDataExporterTest.php" line="257" class="Tourze\LarkAppBotBundle\Tests\Service\User\UserDataExporterTest" classname="Tourze.LarkAppBotBundle.Tests.Service.User.UserDataExporterTest" assertions="6" time="0.125805"/>
      <testcase name="testExportVersion" file="/home/admin/work/source/php-monorepo/packages/lark-app-bot-bundle/tests/Service/User/UserDataExporterTest.php" line="279" class="Tourze\LarkAppBotBundle\Tests\Service\User\UserDataExporterTest" classname="Tourze.LarkAppBotBundle.Tests.Service.User.UserDataExporterTest" assertions="1" time="0.128917"/>
    </testsuite>
    <testsuite name="Tourze\LarkAppBotBundle\Tests\Service\User\UserDataImporterTest" file="/home/admin/work/source/php-monorepo/packages/lark-app-bot-bundle/tests/Service/User/UserDataImporterTest.php" tests="14" assertions="87" errors="0" failures="1" skipped="0" time="1.784709">
      <testcase name="testShouldHaveRunTestsInSeparateProcesses" file="/home/admin/work/source/php-monorepo/packages/phpunit-symfony-kernel-test/src/AbstractIntegrationTestCase.php" line="919" class="Tourze\LarkAppBotBundle\Tests\Service\User\UserDataImporterTest" classname="Tourze.LarkAppBotBundle.Tests.Service.User.UserDataImporterTest" assertions="1" time="0.127954"/>
      <testcase name="testImportWithValidData" file="/home/admin/work/source/php-monorepo/packages/lark-app-bot-bundle/tests/Service/User/UserDataImporterTest.php" line="22" class="Tourze\LarkAppBotBundle\Tests\Service\User\UserDataImporterTest" classname="Tourze.LarkAppBotBundle.Tests.Service.User.UserDataImporterTest" assertions="21" time="0.128684"/>
      <testcase name="testImportWithMinimalData" file="/home/admin/work/source/php-monorepo/packages/lark-app-bot-bundle/tests/Service/User/UserDataImporterTest.php" line="65" class="Tourze\LarkAppBotBundle\Tests\Service\User\UserDataImporterTest" classname="Tourze.LarkAppBotBundle.Tests.Service.User.UserDataImporterTest" assertions="12" time="0.124923"/>
      <testcase name="testImportWithMissingUserId" file="/home/admin/work/source/php-monorepo/packages/lark-app-bot-bundle/tests/Service/User/UserDataImporterTest.php" line="91" class="Tourze\LarkAppBotBundle\Tests\Service\User\UserDataImporterTest" classname="Tourze.LarkAppBotBundle.Tests.Service.User.UserDataImporterTest" assertions="2" time="0.130036"/>
      <testcase name="testImportWithMissingUserIdType" file="/home/admin/work/source/php-monorepo/packages/lark-app-bot-bundle/tests/Service/User/UserDataImporterTest.php" line="104" class="Tourze\LarkAppBotBundle\Tests\Service\User\UserDataImporterTest" classname="Tourze.LarkAppBotBundle.Tests.Service.User.UserDataImporterTest" assertions="2" time="0.128569"/>
      <testcase name="testImportWithMissingExportVersion" file="/home/admin/work/source/php-monorepo/packages/lark-app-bot-bundle/tests/Service/User/UserDataImporterTest.php" line="117" class="Tourze\LarkAppBotBundle\Tests\Service\User\UserDataImporterTest" classname="Tourze.LarkAppBotBundle.Tests.Service.User.UserDataImporterTest" assertions="2" time="0.127969"/>
      <testcase name="testImportWithIncompatibleVersion" file="/home/admin/work/source/php-monorepo/packages/lark-app-bot-bundle/tests/Service/User/UserDataImporterTest.php" line="130" class="Tourze\LarkAppBotBundle\Tests\Service\User\UserDataImporterTest" classname="Tourze.LarkAppBotBundle.Tests.Service.User.UserDataImporterTest" assertions="2" time="0.125405"/>
      <testcase name="testImportWithNullValues" file="/home/admin/work/source/php-monorepo/packages/lark-app-bot-bundle/tests/Service/User/UserDataImporterTest.php" line="144" class="Tourze\LarkAppBotBundle\Tests\Service\User\UserDataImporterTest" classname="Tourze.LarkAppBotBundle.Tests.Service.User.UserDataImporterTest" assertions="1" time="0.129943">
        <failure type="AssertionError">Tourze\LarkAppBotBundle\Tests\Service\User\UserDataImporterTest::testImportWithNullValues
AssertionError: basic_info must be an array

/home/admin/work/source/php-monorepo/packages/lark-app-bot-bundle/src/Service/User/UserDataImporter.php:81
/home/admin/work/source/php-monorepo/packages/lark-app-bot-bundle/src/Service/User/UserDataImporter.php:45
/home/admin/work/source/php-monorepo/packages/lark-app-bot-bundle/tests/Service/User/UserDataImporterTest.php:158</failure>
      </testcase>
      <testcase name="testImportPreservesExportTime" file="/home/admin/work/source/php-monorepo/packages/lark-app-bot-bundle/tests/Service/User/UserDataImporterTest.php" line="168" class="Tourze\LarkAppBotBundle\Tests\Service\User\UserDataImporterTest" classname="Tourze.LarkAppBotBundle.Tests.Service.User.UserDataImporterTest" assertions="2" time="0.125671"/>
      <testcase name="testImportUsesCurrentTimeWhenExportTimeMissing" file="/home/admin/work/source/php-monorepo/packages/lark-app-bot-bundle/tests/Service/User/UserDataImporterTest.php" line="184" class="Tourze\LarkAppBotBundle\Tests\Service\User\UserDataImporterTest" classname="Tourze.LarkAppBotBundle.Tests.Service.User.UserDataImporterTest" assertions="5" time="0.126228"/>
      <testcase name="testImportMetadataStructure" file="/home/admin/work/source/php-monorepo/packages/lark-app-bot-bundle/tests/Service/User/UserDataImporterTest.php" line="201" class="Tourze\LarkAppBotBundle\Tests\Service\User\UserDataImporterTest" classname="Tourze.LarkAppBotBundle.Tests.Service.User.UserDataImporterTest" assertions="11" time="0.129697"/>
      <testcase name="testImportWithComplexData" file="/home/admin/work/source/php-monorepo/packages/lark-app-bot-bundle/tests/Service/User/UserDataImporterTest.php" line="226" class="Tourze\LarkAppBotBundle\Tests\Service\User\UserDataImporterTest" classname="Tourze.LarkAppBotBundle.Tests.Service.User.UserDataImporterTest" assertions="6" time="0.126230"/>
      <testcase name="testImportLogsCorrectInformation" file="/home/admin/work/source/php-monorepo/packages/lark-app-bot-bundle/tests/Service/User/UserDataImporterTest.php" line="268" class="Tourze\LarkAppBotBundle\Tests\Service\User\UserDataImporterTest" classname="Tourze.LarkAppBotBundle.Tests.Service.User.UserDataImporterTest" assertions="6" time="0.126461"/>
      <testcase name="testImportReturnsCorrectStructure" file="/home/admin/work/source/php-monorepo/packages/lark-app-bot-bundle/tests/Service/User/UserDataImporterTest.php" line="288" class="Tourze\LarkAppBotBundle\Tests\Service\User\UserDataImporterTest" classname="Tourze.LarkAppBotBundle.Tests.Service.User.UserDataImporterTest" assertions="14" time="0.126939"/>
    </testsuite>
    <testsuite name="Tourze\LarkAppBotBundle\Tests\Service\User\UserDataManagerTest" file="/home/admin/work/source/php-monorepo/packages/lark-app-bot-bundle/tests/Service/User/UserDataManagerTest.php" tests="23" assertions="12" errors="9" failures="2" skipped="0" time="3.980848">
      <testcase name="testShouldHaveRunTestsInSeparateProcesses" file="/home/admin/work/source/php-monorepo/packages/phpunit-symfony-kernel-test/src/AbstractIntegrationTestCase.php" line="919" class="Tourze\LarkAppBotBundle\Tests\Service\User\UserDataManagerTest" classname="Tourze.LarkAppBotBundle.Tests.Service.User.UserDataManagerTest" assertions="1" time="0.142544"/>
      <testcase name="testGetUserDataWithValidUser" file="/home/admin/work/source/php-monorepo/packages/lark-app-bot-bundle/tests/Service/User/UserDataManagerTest.php" line="28" class="Tourze\LarkAppBotBundle\Tests\Service\User\UserDataManagerTest" classname="Tourze.LarkAppBotBundle.Tests.Service.User.UserDataManagerTest" assertions="0" time="0.270143">
        <error type="Tourze\LarkAppBotBundle\Exception\GenericApiException">Tourze\LarkAppBotBundle\Tests\Service\User\UserDataManagerTest::testGetUserDataWithValidUser
Tourze\LarkAppBotBundle\Exception\GenericApiException: 获取用户信息失败: Failed to get access token: invalid param

/home/admin/work/source/php-monorepo/packages/lark-app-bot-bundle/src/Service/User/UserDataService.php:65
/home/admin/work/source/php-monorepo/packages/lark-app-bot-bundle/src/Service/User/UserService.php:86
/home/admin/work/source/php-monorepo/packages/lark-app-bot-bundle/src/Service/User/UserDataBuilder.php:44
/home/admin/work/source/php-monorepo/packages/lark-app-bot-bundle/src/Service/User/UserDataManager.php:304
/home/admin/work/source/php-monorepo/packages/lark-app-bot-bundle/src/Service/User/UserDataManager.php:91
/home/admin/work/source/php-monorepo/packages/lark-app-bot-bundle/tests/Service/User/UserDataManagerTest.php:34</error>
      </testcase>
      <testcase name="testGetUserDataWithInvalidUserIdType" file="/home/admin/work/source/php-monorepo/packages/lark-app-bot-bundle/tests/Service/User/UserDataManagerTest.php" line="40" class="Tourze\LarkAppBotBundle\Tests\Service\User\UserDataManagerTest" classname="Tourze.LarkAppBotBundle.Tests.Service.User.UserDataManagerTest" assertions="1" time="0.143620"/>
      <testcase name="testGetUserDataWithEmptyUserId" file="/home/admin/work/source/php-monorepo/packages/lark-app-bot-bundle/tests/Service/User/UserDataManagerTest.php" line="53" class="Tourze\LarkAppBotBundle\Tests\Service\User\UserDataManagerTest" classname="Tourze.LarkAppBotBundle.Tests.Service.User.UserDataManagerTest" assertions="1" time="0.253783">
        <failure type="PHPUnit\Framework\ExpectationFailedException">Tourze\LarkAppBotBundle\Tests\Service\User\UserDataManagerTest::testGetUserDataWithEmptyUserId
Failed asserting that exception of type "Tourze\LarkAppBotBundle\Exception\GenericApiException" matches expected exception "Tourze\LarkAppBotBundle\Exception\ValidationException". Message was: "获取用户信息失败: Failed to get access token: invalid param" at
/home/admin/work/source/php-monorepo/packages/lark-app-bot-bundle/src/Service/Authentication/TokenManager.php:100
/home/admin/work/source/php-monorepo/packages/lark-app-bot-bundle/src/Service/Authentication/TokenManager.php:66
/home/admin/work/source/php-monorepo/packages/lark-app-bot-bundle/src/Service/Client/LarkClient.php:287
/home/admin/work/source/php-monorepo/packages/lark-app-bot-bundle/src/Service/Client/LarkClient.php:172
/home/admin/work/source/php-monorepo/packages/lark-app-bot-bundle/src/Service/Client/LarkClient.php:110
/home/admin/work/source/php-monorepo/packages/lark-app-bot-bundle/src/Service/User/UserDataService.php:39
/home/admin/work/source/php-monorepo/packages/lark-app-bot-bundle/src/Service/User/UserService.php:86
/home/admin/work/source/php-monorepo/packages/lark-app-bot-bundle/src/Service/User/UserDataBuilder.php:44
/home/admin/work/source/php-monorepo/packages/lark-app-bot-bundle/src/Service/User/UserDataManager.php:304
/home/admin/work/source/php-monorepo/packages/lark-app-bot-bundle/src/Service/User/UserDataManager.php:91
/home/admin/work/source/php-monorepo/packages/lark-app-bot-bundle/tests/Service/User/UserDataManagerTest.php:59
.</failure>
      </testcase>
      <testcase name="testBatchGetUserDataWithValidUsers" file="/home/admin/work/source/php-monorepo/packages/lark-app-bot-bundle/tests/Service/User/UserDataManagerTest.php" line="62" class="Tourze\LarkAppBotBundle\Tests\Service\User\UserDataManagerTest" classname="Tourze.LarkAppBotBundle.Tests.Service.User.UserDataManagerTest" assertions="0" time="0.279644">
        <error type="Tourze\LarkAppBotBundle\Exception\GenericApiException">Tourze\LarkAppBotBundle\Tests\Service\User\UserDataManagerTest::testBatchGetUserDataWithValidUsers
Tourze\LarkAppBotBundle\Exception\GenericApiException: 批量获取用户信息失败: Failed to get access token: invalid param

/home/admin/work/source/php-monorepo/packages/lark-app-bot-bundle/src/Service/User/UserDataService.php:226
/home/admin/work/source/php-monorepo/packages/lark-app-bot-bundle/src/Service/User/UserDataService.php:87
/home/admin/work/source/php-monorepo/packages/lark-app-bot-bundle/src/Service/User/UserService.php:153
/home/admin/work/source/php-monorepo/packages/lark-app-bot-bundle/src/Service/User/UserService.php:117
/home/admin/work/source/php-monorepo/packages/lark-app-bot-bundle/src/Service/User/UserDataBuilder.php:77
/home/admin/work/source/php-monorepo/packages/lark-app-bot-bundle/src/Service/User/UserDataManager.php:367
/home/admin/work/source/php-monorepo/packages/lark-app-bot-bundle/src/Service/User/UserDataManager.php:114
/home/admin/work/source/php-monorepo/packages/lark-app-bot-bundle/tests/Service/User/UserDataManagerTest.php:68</error>
      </testcase>
      <testcase name="testBatchGetUserDataWithEmptyArray" file="/home/admin/work/source/php-monorepo/packages/lark-app-bot-bundle/tests/Service/User/UserDataManagerTest.php" line="74" class="Tourze\LarkAppBotBundle\Tests\Service\User\UserDataManagerTest" classname="Tourze.LarkAppBotBundle.Tests.Service.User.UserDataManagerTest" assertions="2" time="0.091229"/>
      <testcase name="testUpdateUserCustomDataWithValidData" file="/home/admin/work/source/php-monorepo/packages/lark-app-bot-bundle/tests/Service/User/UserDataManagerTest.php" line="86" class="Tourze\LarkAppBotBundle\Tests\Service\User\UserDataManagerTest" classname="Tourze.LarkAppBotBundle.Tests.Service.User.UserDataManagerTest" assertions="0" time="0.284872">
        <error type="Tourze\LarkAppBotBundle\Exception\GenericApiException">Tourze\LarkAppBotBundle\Tests\Service\User\UserDataManagerTest::testUpdateUserCustomDataWithValidData
Tourze\LarkAppBotBundle\Exception\GenericApiException: 获取用户信息失败: Failed to get access token: invalid param

/home/admin/work/source/php-monorepo/packages/lark-app-bot-bundle/src/Service/User/UserDataService.php:65
/home/admin/work/source/php-monorepo/packages/lark-app-bot-bundle/src/Service/User/UserService.php:86
/home/admin/work/source/php-monorepo/packages/lark-app-bot-bundle/src/Service/User/UserDataBuilder.php:44
/home/admin/work/source/php-monorepo/packages/lark-app-bot-bundle/src/Service/User/UserDataManager.php:304
/home/admin/work/source/php-monorepo/packages/lark-app-bot-bundle/src/Service/User/UserDataManager.php:91
/home/admin/work/source/php-monorepo/packages/lark-app-bot-bundle/src/Service/User/UserDataManager.php:131
/home/admin/work/source/php-monorepo/packages/lark-app-bot-bundle/tests/Service/User/UserDataManagerTest.php:93</error>
      </testcase>
      <testcase name="testUpdateUserCustomDataWithEmptyData" file="/home/admin/work/source/php-monorepo/packages/lark-app-bot-bundle/tests/Service/User/UserDataManagerTest.php" line="99" class="Tourze\LarkAppBotBundle\Tests\Service\User\UserDataManagerTest" classname="Tourze.LarkAppBotBundle.Tests.Service.User.UserDataManagerTest" assertions="0" time="0.209228">
        <error type="Tourze\LarkAppBotBundle\Exception\GenericApiException">Tourze\LarkAppBotBundle\Tests\Service\User\UserDataManagerTest::testUpdateUserCustomDataWithEmptyData
Tourze\LarkAppBotBundle\Exception\GenericApiException: 获取用户信息失败: Failed to get access token: invalid param

/home/admin/work/source/php-monorepo/packages/lark-app-bot-bundle/src/Service/User/UserDataService.php:65
/home/admin/work/source/php-monorepo/packages/lark-app-bot-bundle/src/Service/User/UserService.php:86
/home/admin/work/source/php-monorepo/packages/lark-app-bot-bundle/src/Service/User/UserDataBuilder.php:44
/home/admin/work/source/php-monorepo/packages/lark-app-bot-bundle/src/Service/User/UserDataManager.php:304
/home/admin/work/source/php-monorepo/packages/lark-app-bot-bundle/src/Service/User/UserDataManager.php:91
/home/admin/work/source/php-monorepo/packages/lark-app-bot-bundle/src/Service/User/UserDataManager.php:131
/home/admin/work/source/php-monorepo/packages/lark-app-bot-bundle/tests/Service/User/UserDataManagerTest.php:106</error>
      </testcase>
      <testcase name="testDeleteUserDataWithValidUser" file="/home/admin/work/source/php-monorepo/packages/lark-app-bot-bundle/tests/Service/User/UserDataManagerTest.php" line="112" class="Tourze\LarkAppBotBundle\Tests\Service\User\UserDataManagerTest" classname="Tourze.LarkAppBotBundle.Tests.Service.User.UserDataManagerTest" assertions="0" time="0.089678"/>
      <testcase name="testDeleteUserDataWithEmptyUserId" file="/home/admin/work/source/php-monorepo/packages/lark-app-bot-bundle/tests/Service/User/UserDataManagerTest.php" line="124" class="Tourze\LarkAppBotBundle\Tests\Service\User\UserDataManagerTest" classname="Tourze.LarkAppBotBundle.Tests.Service.User.UserDataManagerTest" assertions="0" time="0.092300"/>
      <testcase name="testExportUserDataWithValidUser" file="/home/admin/work/source/php-monorepo/packages/lark-app-bot-bundle/tests/Service/User/UserDataManagerTest.php" line="136" class="Tourze\LarkAppBotBundle\Tests\Service\User\UserDataManagerTest" classname="Tourze.LarkAppBotBundle.Tests.Service.User.UserDataManagerTest" assertions="0" time="0.301986">
        <error type="Tourze\LarkAppBotBundle\Exception\GenericApiException">Tourze\LarkAppBotBundle\Tests\Service\User\UserDataManagerTest::testExportUserDataWithValidUser
Tourze\LarkAppBotBundle\Exception\GenericApiException: 获取用户信息失败: Failed to get access token: invalid param

/home/admin/work/source/php-monorepo/packages/lark-app-bot-bundle/src/Service/User/UserDataService.php:65
/home/admin/work/source/php-monorepo/packages/lark-app-bot-bundle/src/Service/User/UserService.php:86
/home/admin/work/source/php-monorepo/packages/lark-app-bot-bundle/src/Service/User/UserDataBuilder.php:44
/home/admin/work/source/php-monorepo/packages/lark-app-bot-bundle/src/Service/User/UserDataManager.php:304
/home/admin/work/source/php-monorepo/packages/lark-app-bot-bundle/src/Service/User/UserDataManager.php:91
/home/admin/work/source/php-monorepo/packages/lark-app-bot-bundle/src/Service/User/UserDataManager.php:201
/home/admin/work/source/php-monorepo/packages/lark-app-bot-bundle/tests/Service/User/UserDataManagerTest.php:143</error>
      </testcase>
      <testcase name="testExportUserDataWithoutOptions" file="/home/admin/work/source/php-monorepo/packages/lark-app-bot-bundle/tests/Service/User/UserDataManagerTest.php" line="149" class="Tourze\LarkAppBotBundle\Tests\Service\User\UserDataManagerTest" classname="Tourze.LarkAppBotBundle.Tests.Service.User.UserDataManagerTest" assertions="0" time="0.196724">
        <error type="Tourze\LarkAppBotBundle\Exception\GenericApiException">Tourze\LarkAppBotBundle\Tests\Service\User\UserDataManagerTest::testExportUserDataWithoutOptions
Tourze\LarkAppBotBundle\Exception\GenericApiException: 获取用户信息失败: Failed to get access token: invalid param

/home/admin/work/source/php-monorepo/packages/lark-app-bot-bundle/src/Service/User/UserDataService.php:65
/home/admin/work/source/php-monorepo/packages/lark-app-bot-bundle/src/Service/User/UserService.php:86
/home/admin/work/source/php-monorepo/packages/lark-app-bot-bundle/src/Service/User/UserDataBuilder.php:44
/home/admin/work/source/php-monorepo/packages/lark-app-bot-bundle/src/Service/User/UserDataManager.php:304
/home/admin/work/source/php-monorepo/packages/lark-app-bot-bundle/src/Service/User/UserDataManager.php:91
/home/admin/work/source/php-monorepo/packages/lark-app-bot-bundle/src/Service/User/UserDataManager.php:201
/home/admin/work/source/php-monorepo/packages/lark-app-bot-bundle/tests/Service/User/UserDataManagerTest.php:155</error>
      </testcase>
      <testcase name="testImportUserDataWithValidData" file="/home/admin/work/source/php-monorepo/packages/lark-app-bot-bundle/tests/Service/User/UserDataManagerTest.php" line="161" class="Tourze\LarkAppBotBundle\Tests\Service\User\UserDataManagerTest" classname="Tourze.LarkAppBotBundle.Tests.Service.User.UserDataManagerTest" assertions="1" time="0.091838"/>
      <testcase name="testImportUserDataWithInvalidData" file="/home/admin/work/source/php-monorepo/packages/lark-app-bot-bundle/tests/Service/User/UserDataManagerTest.php" line="177" class="Tourze\LarkAppBotBundle\Tests\Service\User\UserDataManagerTest" classname="Tourze.LarkAppBotBundle.Tests.Service.User.UserDataManagerTest" assertions="1" time="0.093589"/>
      <testcase name="testRefreshUserDataWithValidUser" file="/home/admin/work/source/php-monorepo/packages/lark-app-bot-bundle/tests/Service/User/UserDataManagerTest.php" line="188" class="Tourze\LarkAppBotBundle\Tests\Service\User\UserDataManagerTest" classname="Tourze.LarkAppBotBundle.Tests.Service.User.UserDataManagerTest" assertions="0" time="0.209184">
        <error type="Tourze\LarkAppBotBundle\Exception\GenericApiException">Tourze\LarkAppBotBundle\Tests\Service\User\UserDataManagerTest::testRefreshUserDataWithValidUser
Tourze\LarkAppBotBundle\Exception\GenericApiException: 用户数据同步失败: 获取用户信息失败: Failed to get access token: invalid param

/home/admin/work/source/php-monorepo/packages/lark-app-bot-bundle/src/Service/User/Sync/SyncErrorHandler.php:138
/home/admin/work/source/php-monorepo/packages/lark-app-bot-bundle/src/Service/User/UserSyncService.php:53
/home/admin/work/source/php-monorepo/packages/lark-app-bot-bundle/src/Service/User/UserDataManager.php:249
/home/admin/work/source/php-monorepo/packages/lark-app-bot-bundle/tests/Service/User/UserDataManagerTest.php:194</error>
      </testcase>
      <testcase name="testGetDirtyUserData" file="/home/admin/work/source/php-monorepo/packages/lark-app-bot-bundle/tests/Service/User/UserDataManagerTest.php" line="200" class="Tourze\LarkAppBotBundle\Tests\Service\User\UserDataManagerTest" classname="Tourze.LarkAppBotBundle.Tests.Service.User.UserDataManagerTest" assertions="1" time="0.092593"/>
      <testcase name="testPersistDirtyData" file="/home/admin/work/source/php-monorepo/packages/lark-app-bot-bundle/tests/Service/User/UserDataManagerTest.php" line="209" class="Tourze\LarkAppBotBundle\Tests\Service\User\UserDataManagerTest" classname="Tourze.LarkAppBotBundle.Tests.Service.User.UserDataManagerTest" assertions="0" time="0.090972"/>
      <testcase name="testCleanMemoryCache" file="/home/admin/work/source/php-monorepo/packages/lark-app-bot-bundle/tests/Service/User/UserDataManagerTest.php" line="218" class="Tourze\LarkAppBotBundle\Tests\Service\User\UserDataManagerTest" classname="Tourze.LarkAppBotBundle.Tests.Service.User.UserDataManagerTest" assertions="0" time="0.092618"/>
      <testcase name="testCleanMemoryCacheWithDefaultAge" file="/home/admin/work/source/php-monorepo/packages/lark-app-bot-bundle/tests/Service/User/UserDataManagerTest.php" line="229" class="Tourze\LarkAppBotBundle\Tests\Service\User\UserDataManagerTest" classname="Tourze.LarkAppBotBundle.Tests.Service.User.UserDataManagerTest" assertions="0" time="0.089986"/>
      <testcase name="testForceSync" file="/home/admin/work/source/php-monorepo/packages/lark-app-bot-bundle/tests/Service/User/UserDataManagerTest.php" line="238" class="Tourze\LarkAppBotBundle\Tests\Service\User\UserDataManagerTest" classname="Tourze.LarkAppBotBundle.Tests.Service.User.UserDataManagerTest" assertions="0" time="0.273816">
        <error type="Tourze\LarkAppBotBundle\Exception\GenericApiException">Tourze\LarkAppBotBundle\Tests\Service\User\UserDataManagerTest::testForceSync
Tourze\LarkAppBotBundle\Exception\GenericApiException: 获取用户信息失败: Failed to get access token: invalid param

/home/admin/work/source/php-monorepo/packages/lark-app-bot-bundle/src/Service/User/UserDataService.php:65
/home/admin/work/source/php-monorepo/packages/lark-app-bot-bundle/src/Service/User/UserService.php:86
/home/admin/work/source/php-monorepo/packages/lark-app-bot-bundle/src/Service/User/UserDataBuilder.php:44
/home/admin/work/source/php-monorepo/packages/lark-app-bot-bundle/src/Service/User/UserDataManager.php:304
/home/admin/work/source/php-monorepo/packages/lark-app-bot-bundle/src/Service/User/UserDataManager.php:91
/home/admin/work/source/php-monorepo/packages/lark-app-bot-bundle/tests/Service/User/UserDataManagerTest.php:244</error>
      </testcase>
      <testcase name="testInvalidUserIdType" file="/home/admin/work/source/php-monorepo/packages/lark-app-bot-bundle/tests/Service/User/UserDataManagerTest.php" line="250" class="Tourze\LarkAppBotBundle\Tests\Service\User\UserDataManagerTest" classname="Tourze.LarkAppBotBundle.Tests.Service.User.UserDataManagerTest" assertions="1" time="0.092451"/>
      <testcase name="testEmptyUserId" file="/home/admin/work/source/php-monorepo/packages/lark-app-bot-bundle/tests/Service/User/UserDataManagerTest.php" line="259" class="Tourze\LarkAppBotBundle\Tests\Service\User\UserDataManagerTest" classname="Tourze.LarkAppBotBundle.Tests.Service.User.UserDataManagerTest" assertions="1" time="0.302763">
        <failure type="PHPUnit\Framework\ExpectationFailedException">Tourze\LarkAppBotBundle\Tests\Service\User\UserDataManagerTest::testEmptyUserId
Failed asserting that exception of type "Tourze\LarkAppBotBundle\Exception\GenericApiException" matches expected exception "Tourze\LarkAppBotBundle\Exception\ValidationException". Message was: "获取用户信息失败: Failed to get access token: invalid param" at
/home/admin/work/source/php-monorepo/packages/lark-app-bot-bundle/src/Service/Authentication/TokenManager.php:100
/home/admin/work/source/php-monorepo/packages/lark-app-bot-bundle/src/Service/Authentication/TokenManager.php:66
/home/admin/work/source/php-monorepo/packages/lark-app-bot-bundle/src/Service/Client/LarkClient.php:287
/home/admin/work/source/php-monorepo/packages/lark-app-bot-bundle/src/Service/Client/LarkClient.php:172
/home/admin/work/source/php-monorepo/packages/lark-app-bot-bundle/src/Service/Client/LarkClient.php:110
/home/admin/work/source/php-monorepo/packages/lark-app-bot-bundle/src/Service/User/UserDataService.php:39
/home/admin/work/source/php-monorepo/packages/lark-app-bot-bundle/src/Service/User/UserService.php:86
/home/admin/work/source/php-monorepo/packages/lark-app-bot-bundle/src/Service/User/UserDataBuilder.php:44
/home/admin/work/source/php-monorepo/packages/lark-app-bot-bundle/src/Service/User/UserDataManager.php:304
/home/admin/work/source/php-monorepo/packages/lark-app-bot-bundle/src/Service/User/UserDataManager.php:91
/home/admin/work/source/php-monorepo/packages/lark-app-bot-bundle/tests/Service/User/UserDataManagerTest.php:265
.</failure>
      </testcase>
      <testcase name="testServiceIntegration" file="/home/admin/work/source/php-monorepo/packages/lark-app-bot-bundle/tests/Service/User/UserDataManagerTest.php" line="268" class="Tourze\LarkAppBotBundle\Tests\Service\User\UserDataManagerTest" classname="Tourze.LarkAppBotBundle.Tests.Service.User.UserDataManagerTest" assertions="2" time="0.195289">
        <error type="Tourze\LarkAppBotBundle\Exception\GenericApiException">Tourze\LarkAppBotBundle\Tests\Service\User\UserDataManagerTest::testServiceIntegration
Tourze\LarkAppBotBundle\Exception\GenericApiException: 用户数据同步失败: 获取用户信息失败: Failed to get access token: invalid param

/home/admin/work/source/php-monorepo/packages/lark-app-bot-bundle/src/Service/User/Sync/SyncErrorHandler.php:138
/home/admin/work/source/php-monorepo/packages/lark-app-bot-bundle/src/Service/User/UserSyncService.php:53
/home/admin/work/source/php-monorepo/packages/lark-app-bot-bundle/src/Service/User/UserDataManager.php:249
/home/admin/work/source/php-monorepo/packages/lark-app-bot-bundle/tests/Service/User/UserDataManagerTest.php:282</error>
      </testcase>
    </testsuite>
    <testsuite name="Tourze\LarkAppBotBundle\Tests\Service\User\UserDataMaskerTest" file="/home/admin/work/source/php-monorepo/packages/lark-app-bot-bundle/tests/Service/User/UserDataMaskerTest.php" tests="15" assertions="0" errors="15" failures="0" skipped="0" time="0.000000">
      <testcase name="testShouldHaveRunTestsInSeparateProcesses" file="/home/admin/work/source/php-monorepo/packages/phpunit-symfony-kernel-test/src/AbstractIntegrationTestCase.php" line="919" class="Tourze\LarkAppBotBundle\Tests\Service\User\UserDataMaskerTest" classname="Tourze.LarkAppBotBundle.Tests.Service.User.UserDataMaskerTest" assertions="0" time="0.000000">
        <error type="Tourze\PHPUnitSymfonyKernelTest\Exception\ServiceNotFoundException">Tourze\LarkAppBotBundle\Tests\Service\User\UserDataMaskerTest::testShouldHaveRunTestsInSeparateProcesses
Tourze\PHPUnitSymfonyKernelTest\Exception\ServiceNotFoundException: Service "Tourze\LarkAppBotBundle\Service\User\UserDataMasker" not found. Tried IDs: Tourze\LarkAppBotBundle\Service\User\UserDataMasker, user_data_masker, app.user_data_masker, userDataMasker

/home/admin/work/source/php-monorepo/packages/phpunit-symfony-kernel-test/src/ServiceLocator.php:75
/home/admin/work/source/php-monorepo/packages/phpunit-symfony-kernel-test/src/ServiceLocatorTrait.php:25
/home/admin/work/source/php-monorepo/packages/lark-app-bot-bundle/tests/Service/User/UserDataMaskerTest.php:124
/home/admin/work/source/php-monorepo/packages/phpunit-symfony-kernel-test/src/AbstractIntegrationTestCase.php:591</error>
      </testcase>
      <testcase name="testFormatContactInfoWithoutMasking" file="/home/admin/work/source/php-monorepo/packages/lark-app-bot-bundle/tests/Service/User/UserDataMaskerTest.php" line="22" class="Tourze\LarkAppBotBundle\Tests\Service\User\UserDataMaskerTest" classname="Tourze.LarkAppBotBundle.Tests.Service.User.UserDataMaskerTest" assertions="0" time="0.000000">
        <error type="Tourze\PHPUnitSymfonyKernelTest\Exception\ServiceNotFoundException">Tourze\LarkAppBotBundle\Tests\Service\User\UserDataMaskerTest::testFormatContactInfoWithoutMasking
Tourze\PHPUnitSymfonyKernelTest\Exception\ServiceNotFoundException: Service "Tourze\LarkAppBotBundle\Service\User\UserDataMasker" not found. Tried IDs: Tourze\LarkAppBotBundle\Service\User\UserDataMasker, user_data_masker, app.user_data_masker, userDataMasker

/home/admin/work/source/php-monorepo/packages/phpunit-symfony-kernel-test/src/ServiceLocator.php:75
/home/admin/work/source/php-monorepo/packages/phpunit-symfony-kernel-test/src/ServiceLocatorTrait.php:25
/home/admin/work/source/php-monorepo/packages/lark-app-bot-bundle/tests/Service/User/UserDataMaskerTest.php:124
/home/admin/work/source/php-monorepo/packages/phpunit-symfony-kernel-test/src/AbstractIntegrationTestCase.php:591</error>
      </testcase>
      <testcase name="testFormatContactInfoWithMasking" file="/home/admin/work/source/php-monorepo/packages/lark-app-bot-bundle/tests/Service/User/UserDataMaskerTest.php" line="41" class="Tourze\LarkAppBotBundle\Tests\Service\User\UserDataMaskerTest" classname="Tourze.LarkAppBotBundle.Tests.Service.User.UserDataMaskerTest" assertions="0" time="0.000000">
        <error type="Tourze\PHPUnitSymfonyKernelTest\Exception\ServiceNotFoundException">Tourze\LarkAppBotBundle\Tests\Service\User\UserDataMaskerTest::testFormatContactInfoWithMasking
Tourze\PHPUnitSymfonyKernelTest\Exception\ServiceNotFoundException: Service "Tourze\LarkAppBotBundle\Service\User\UserDataMasker" not found. Tried IDs: Tourze\LarkAppBotBundle\Service\User\UserDataMasker, user_data_masker, app.user_data_masker, userDataMasker

/home/admin/work/source/php-monorepo/packages/phpunit-symfony-kernel-test/src/ServiceLocator.php:75
/home/admin/work/source/php-monorepo/packages/phpunit-symfony-kernel-test/src/ServiceLocatorTrait.php:25
/home/admin/work/source/php-monorepo/packages/lark-app-bot-bundle/tests/Service/User/UserDataMaskerTest.php:124
/home/admin/work/source/php-monorepo/packages/phpunit-symfony-kernel-test/src/AbstractIntegrationTestCase.php:591</error>
      </testcase>
      <testcase name="testFormatContactInfoWithInvisibleMobile" file="/home/admin/work/source/php-monorepo/packages/lark-app-bot-bundle/tests/Service/User/UserDataMaskerTest.php" line="60" class="Tourze\LarkAppBotBundle\Tests\Service\User\UserDataMaskerTest" classname="Tourze.LarkAppBotBundle.Tests.Service.User.UserDataMaskerTest" assertions="0" time="0.000000">
        <error type="Tourze\PHPUnitSymfonyKernelTest\Exception\ServiceNotFoundException">Tourze\LarkAppBotBundle\Tests\Service\User\UserDataMaskerTest::testFormatContactInfoWithInvisibleMobile
Tourze\PHPUnitSymfonyKernelTest\Exception\ServiceNotFoundException: Service "Tourze\LarkAppBotBundle\Service\User\UserDataMasker" not found. Tried IDs: Tourze\LarkAppBotBundle\Service\User\UserDataMasker, user_data_masker, app.user_data_masker, userDataMasker

/home/admin/work/source/php-monorepo/packages/phpunit-symfony-kernel-test/src/ServiceLocator.php:75
/home/admin/work/source/php-monorepo/packages/phpunit-symfony-kernel-test/src/ServiceLocatorTrait.php:25
/home/admin/work/source/php-monorepo/packages/lark-app-bot-bundle/tests/Service/User/UserDataMaskerTest.php:124
/home/admin/work/source/php-monorepo/packages/phpunit-symfony-kernel-test/src/AbstractIntegrationTestCase.php:591</error>
      </testcase>
      <testcase name="testFormatContactInfoWithEmptyFields" file="/home/admin/work/source/php-monorepo/packages/lark-app-bot-bundle/tests/Service/User/UserDataMaskerTest.php" line="75" class="Tourze\LarkAppBotBundle\Tests\Service\User\UserDataMaskerTest" classname="Tourze.LarkAppBotBundle.Tests.Service.User.UserDataMaskerTest" assertions="0" time="0.000000">
        <error type="Tourze\PHPUnitSymfonyKernelTest\Exception\ServiceNotFoundException">Tourze\LarkAppBotBundle\Tests\Service\User\UserDataMaskerTest::testFormatContactInfoWithEmptyFields
Tourze\PHPUnitSymfonyKernelTest\Exception\ServiceNotFoundException: Service "Tourze\LarkAppBotBundle\Service\User\UserDataMasker" not found. Tried IDs: Tourze\LarkAppBotBundle\Service\User\UserDataMasker, user_data_masker, app.user_data_masker, userDataMasker

/home/admin/work/source/php-monorepo/packages/phpunit-symfony-kernel-test/src/ServiceLocator.php:75
/home/admin/work/source/php-monorepo/packages/phpunit-symfony-kernel-test/src/ServiceLocatorTrait.php:25
/home/admin/work/source/php-monorepo/packages/lark-app-bot-bundle/tests/Service/User/UserDataMaskerTest.php:124
/home/admin/work/source/php-monorepo/packages/phpunit-symfony-kernel-test/src/AbstractIntegrationTestCase.php:591</error>
      </testcase>
      <testsuite name="Tourze\LarkAppBotBundle\Tests\Service\User\UserDataMaskerTest::testMaskEmail" tests="4" assertions="0" errors="4" failures="0" skipped="0" time="0.000000">
        <testcase name="testMaskEmail with data set #0" file="/home/admin/work/source/php-monorepo/packages/lark-app-bot-bundle/tests/Service/User/UserDataMaskerTest.php" line="88" class="Tourze\LarkAppBotBundle\Tests\Service\User\UserDataMaskerTest" classname="Tourze.LarkAppBotBundle.Tests.Service.User.UserDataMaskerTest" assertions="0" time="0.000000">
          <error type="Tourze\PHPUnitSymfonyKernelTest\Exception\ServiceNotFoundException">Tourze\LarkAppBotBundle\Tests\Service\User\UserDataMaskerTest::testMaskEmail with data set #0
Tourze\PHPUnitSymfonyKernelTest\Exception\ServiceNotFoundException: Service "Tourze\LarkAppBotBundle\Service\User\UserDataMasker" not found. Tried IDs: Tourze\LarkAppBotBundle\Service\User\UserDataMasker, user_data_masker, app.user_data_masker, userDataMasker

/home/admin/work/source/php-monorepo/packages/phpunit-symfony-kernel-test/src/ServiceLocator.php:75
/home/admin/work/source/php-monorepo/packages/phpunit-symfony-kernel-test/src/ServiceLocatorTrait.php:25
/home/admin/work/source/php-monorepo/packages/lark-app-bot-bundle/tests/Service/User/UserDataMaskerTest.php:124
/home/admin/work/source/php-monorepo/packages/phpunit-symfony-kernel-test/src/AbstractIntegrationTestCase.php:591</error>
        </testcase>
        <testcase name="testMaskEmail with data set #1" file="/home/admin/work/source/php-monorepo/packages/lark-app-bot-bundle/tests/Service/User/UserDataMaskerTest.php" line="88" class="Tourze\LarkAppBotBundle\Tests\Service\User\UserDataMaskerTest" classname="Tourze.LarkAppBotBundle.Tests.Service.User.UserDataMaskerTest" assertions="0" time="0.000000">
          <error type="Tourze\PHPUnitSymfonyKernelTest\Exception\ServiceNotFoundException">Tourze\LarkAppBotBundle\Tests\Service\User\UserDataMaskerTest::testMaskEmail with data set #1
Tourze\PHPUnitSymfonyKernelTest\Exception\ServiceNotFoundException: Service "Tourze\LarkAppBotBundle\Service\User\UserDataMasker" not found. Tried IDs: Tourze\LarkAppBotBundle\Service\User\UserDataMasker, user_data_masker, app.user_data_masker, userDataMasker

/home/admin/work/source/php-monorepo/packages/phpunit-symfony-kernel-test/src/ServiceLocator.php:75
/home/admin/work/source/php-monorepo/packages/phpunit-symfony-kernel-test/src/ServiceLocatorTrait.php:25
/home/admin/work/source/php-monorepo/packages/lark-app-bot-bundle/tests/Service/User/UserDataMaskerTest.php:124
/home/admin/work/source/php-monorepo/packages/phpunit-symfony-kernel-test/src/AbstractIntegrationTestCase.php:591</error>
        </testcase>
        <testcase name="testMaskEmail with data set #2" file="/home/admin/work/source/php-monorepo/packages/lark-app-bot-bundle/tests/Service/User/UserDataMaskerTest.php" line="88" class="Tourze\LarkAppBotBundle\Tests\Service\User\UserDataMaskerTest" classname="Tourze.LarkAppBotBundle.Tests.Service.User.UserDataMaskerTest" assertions="0" time="0.000000">
          <error type="Tourze\PHPUnitSymfonyKernelTest\Exception\ServiceNotFoundException">Tourze\LarkAppBotBundle\Tests\Service\User\UserDataMaskerTest::testMaskEmail with data set #2
Tourze\PHPUnitSymfonyKernelTest\Exception\ServiceNotFoundException: Service "Tourze\LarkAppBotBundle\Service\User\UserDataMasker" not found. Tried IDs: Tourze\LarkAppBotBundle\Service\User\UserDataMasker, user_data_masker, app.user_data_masker, userDataMasker

/home/admin/work/source/php-monorepo/packages/phpunit-symfony-kernel-test/src/ServiceLocator.php:75
/home/admin/work/source/php-monorepo/packages/phpunit-symfony-kernel-test/src/ServiceLocatorTrait.php:25
/home/admin/work/source/php-monorepo/packages/lark-app-bot-bundle/tests/Service/User/UserDataMaskerTest.php:124
/home/admin/work/source/php-monorepo/packages/phpunit-symfony-kernel-test/src/AbstractIntegrationTestCase.php:591</error>
        </testcase>
        <testcase name="testMaskEmail with data set #3" file="/home/admin/work/source/php-monorepo/packages/lark-app-bot-bundle/tests/Service/User/UserDataMaskerTest.php" line="88" class="Tourze\LarkAppBotBundle\Tests\Service\User\UserDataMaskerTest" classname="Tourze.LarkAppBotBundle.Tests.Service.User.UserDataMaskerTest" assertions="0" time="0.000000">
          <error type="Tourze\PHPUnitSymfonyKernelTest\Exception\ServiceNotFoundException">Tourze\LarkAppBotBundle\Tests\Service\User\UserDataMaskerTest::testMaskEmail with data set #3
Tourze\PHPUnitSymfonyKernelTest\Exception\ServiceNotFoundException: Service "Tourze\LarkAppBotBundle\Service\User\UserDataMasker" not found. Tried IDs: Tourze\LarkAppBotBundle\Service\User\UserDataMasker, user_data_masker, app.user_data_masker, userDataMasker

/home/admin/work/source/php-monorepo/packages/phpunit-symfony-kernel-test/src/ServiceLocator.php:75
/home/admin/work/source/php-monorepo/packages/phpunit-symfony-kernel-test/src/ServiceLocatorTrait.php:25
/home/admin/work/source/php-monorepo/packages/lark-app-bot-bundle/tests/Service/User/UserDataMaskerTest.php:124
/home/admin/work/source/php-monorepo/packages/phpunit-symfony-kernel-test/src/AbstractIntegrationTestCase.php:591</error>
        </testcase>
      </testsuite>
      <testcase name="testMaskEmailInvalidFormat" file="/home/admin/work/source/php-monorepo/packages/lark-app-bot-bundle/tests/Service/User/UserDataMaskerTest.php" line="94" class="Tourze\LarkAppBotBundle\Tests\Service\User\UserDataMaskerTest" classname="Tourze.LarkAppBotBundle.Tests.Service.User.UserDataMaskerTest" assertions="0" time="0.000000">
        <error type="Tourze\PHPUnitSymfonyKernelTest\Exception\ServiceNotFoundException">Tourze\LarkAppBotBundle\Tests\Service\User\UserDataMaskerTest::testMaskEmailInvalidFormat
Tourze\PHPUnitSymfonyKernelTest\Exception\ServiceNotFoundException: Service "Tourze\LarkAppBotBundle\Service\User\UserDataMasker" not found. Tried IDs: Tourze\LarkAppBotBundle\Service\User\UserDataMasker, user_data_masker, app.user_data_masker, userDataMasker

/home/admin/work/source/php-monorepo/packages/phpunit-symfony-kernel-test/src/ServiceLocator.php:75
/home/admin/work/source/php-monorepo/packages/phpunit-symfony-kernel-test/src/ServiceLocatorTrait.php:25
/home/admin/work/source/php-monorepo/packages/lark-app-bot-bundle/tests/Service/User/UserDataMaskerTest.php:124
/home/admin/work/source/php-monorepo/packages/phpunit-symfony-kernel-test/src/AbstractIntegrationTestCase.php:591</error>
      </testcase>
      <testsuite name="Tourze\LarkAppBotBundle\Tests\Service\User\UserDataMaskerTest::testMaskMobile" tests="4" assertions="0" errors="4" failures="0" skipped="0" time="0.000000">
        <testcase name="testMaskMobile with data set #0" file="/home/admin/work/source/php-monorepo/packages/lark-app-bot-bundle/tests/Service/User/UserDataMaskerTest.php" line="104" class="Tourze\LarkAppBotBundle\Tests\Service\User\UserDataMaskerTest" classname="Tourze.LarkAppBotBundle.Tests.Service.User.UserDataMaskerTest" assertions="0" time="0.000000">
          <error type="Tourze\PHPUnitSymfonyKernelTest\Exception\ServiceNotFoundException">Tourze\LarkAppBotBundle\Tests\Service\User\UserDataMaskerTest::testMaskMobile with data set #0
Tourze\PHPUnitSymfonyKernelTest\Exception\ServiceNotFoundException: Service "Tourze\LarkAppBotBundle\Service\User\UserDataMasker" not found. Tried IDs: Tourze\LarkAppBotBundle\Service\User\UserDataMasker, user_data_masker, app.user_data_masker, userDataMasker

/home/admin/work/source/php-monorepo/packages/phpunit-symfony-kernel-test/src/ServiceLocator.php:75
/home/admin/work/source/php-monorepo/packages/phpunit-symfony-kernel-test/src/ServiceLocatorTrait.php:25
/home/admin/work/source/php-monorepo/packages/lark-app-bot-bundle/tests/Service/User/UserDataMaskerTest.php:124
/home/admin/work/source/php-monorepo/packages/phpunit-symfony-kernel-test/src/AbstractIntegrationTestCase.php:591</error>
        </testcase>
        <testcase name="testMaskMobile with data set #1" file="/home/admin/work/source/php-monorepo/packages/lark-app-bot-bundle/tests/Service/User/UserDataMaskerTest.php" line="104" class="Tourze\LarkAppBotBundle\Tests\Service\User\UserDataMaskerTest" classname="Tourze.LarkAppBotBundle.Tests.Service.User.UserDataMaskerTest" assertions="0" time="0.000000">
          <error type="Tourze\PHPUnitSymfonyKernelTest\Exception\ServiceNotFoundException">Tourze\LarkAppBotBundle\Tests\Service\User\UserDataMaskerTest::testMaskMobile with data set #1
Tourze\PHPUnitSymfonyKernelTest\Exception\ServiceNotFoundException: Service "Tourze\LarkAppBotBundle\Service\User\UserDataMasker" not found. Tried IDs: Tourze\LarkAppBotBundle\Service\User\UserDataMasker, user_data_masker, app.user_data_masker, userDataMasker

/home/admin/work/source/php-monorepo/packages/phpunit-symfony-kernel-test/src/ServiceLocator.php:75
/home/admin/work/source/php-monorepo/packages/phpunit-symfony-kernel-test/src/ServiceLocatorTrait.php:25
/home/admin/work/source/php-monorepo/packages/lark-app-bot-bundle/tests/Service/User/UserDataMaskerTest.php:124
/home/admin/work/source/php-monorepo/packages/phpunit-symfony-kernel-test/src/AbstractIntegrationTestCase.php:591</error>
        </testcase>
        <testcase name="testMaskMobile with data set #2" file="/home/admin/work/source/php-monorepo/packages/lark-app-bot-bundle/tests/Service/User/UserDataMaskerTest.php" line="104" class="Tourze\LarkAppBotBundle\Tests\Service\User\UserDataMaskerTest" classname="Tourze.LarkAppBotBundle.Tests.Service.User.UserDataMaskerTest" assertions="0" time="0.000000">
          <error type="Tourze\PHPUnitSymfonyKernelTest\Exception\ServiceNotFoundException">Tourze\LarkAppBotBundle\Tests\Service\User\UserDataMaskerTest::testMaskMobile with data set #2
Tourze\PHPUnitSymfonyKernelTest\Exception\ServiceNotFoundException: Service "Tourze\LarkAppBotBundle\Service\User\UserDataMasker" not found. Tried IDs: Tourze\LarkAppBotBundle\Service\User\UserDataMasker, user_data_masker, app.user_data_masker, userDataMasker

/home/admin/work/source/php-monorepo/packages/phpunit-symfony-kernel-test/src/ServiceLocator.php:75
/home/admin/work/source/php-monorepo/packages/phpunit-symfony-kernel-test/src/ServiceLocatorTrait.php:25
/home/admin/work/source/php-monorepo/packages/lark-app-bot-bundle/tests/Service/User/UserDataMaskerTest.php:124
/home/admin/work/source/php-monorepo/packages/phpunit-symfony-kernel-test/src/AbstractIntegrationTestCase.php:591</error>
        </testcase>
        <testcase name="testMaskMobile with data set #3" file="/home/admin/work/source/php-monorepo/packages/lark-app-bot-bundle/tests/Service/User/UserDataMaskerTest.php" line="104" class="Tourze\LarkAppBotBundle\Tests\Service\User\UserDataMaskerTest" classname="Tourze.LarkAppBotBundle.Tests.Service.User.UserDataMaskerTest" assertions="0" time="0.000000">
          <error type="Tourze\PHPUnitSymfonyKernelTest\Exception\ServiceNotFoundException">Tourze\LarkAppBotBundle\Tests\Service\User\UserDataMaskerTest::testMaskMobile with data set #3
Tourze\PHPUnitSymfonyKernelTest\Exception\ServiceNotFoundException: Service "Tourze\LarkAppBotBundle\Service\User\UserDataMasker" not found. Tried IDs: Tourze\LarkAppBotBundle\Service\User\UserDataMasker, user_data_masker, app.user_data_masker, userDataMasker

/home/admin/work/source/php-monorepo/packages/phpunit-symfony-kernel-test/src/ServiceLocator.php:75
/home/admin/work/source/php-monorepo/packages/phpunit-symfony-kernel-test/src/ServiceLocatorTrait.php:25
/home/admin/work/source/php-monorepo/packages/lark-app-bot-bundle/tests/Service/User/UserDataMaskerTest.php:124
/home/admin/work/source/php-monorepo/packages/phpunit-symfony-kernel-test/src/AbstractIntegrationTestCase.php:591</error>
        </testcase>
      </testsuite>
      <testcase name="testMaskMobileShortNumber" file="/home/admin/work/source/php-monorepo/packages/lark-app-bot-bundle/tests/Service/User/UserDataMaskerTest.php" line="110" class="Tourze\LarkAppBotBundle\Tests\Service\User\UserDataMaskerTest" classname="Tourze.LarkAppBotBundle.Tests.Service.User.UserDataMaskerTest" assertions="0" time="0.000000">
        <error type="Tourze\PHPUnitSymfonyKernelTest\Exception\ServiceNotFoundException">Tourze\LarkAppBotBundle\Tests\Service\User\UserDataMaskerTest::testMaskMobileShortNumber
Tourze\PHPUnitSymfonyKernelTest\Exception\ServiceNotFoundException: Service "Tourze\LarkAppBotBundle\Service\User\UserDataMasker" not found. Tried IDs: Tourze\LarkAppBotBundle\Service\User\UserDataMasker, user_data_masker, app.user_data_masker, userDataMasker

/home/admin/work/source/php-monorepo/packages/phpunit-symfony-kernel-test/src/ServiceLocator.php:75
/home/admin/work/source/php-monorepo/packages/phpunit-symfony-kernel-test/src/ServiceLocatorTrait.php:25
/home/admin/work/source/php-monorepo/packages/lark-app-bot-bundle/tests/Service/User/UserDataMaskerTest.php:124
/home/admin/work/source/php-monorepo/packages/phpunit-symfony-kernel-test/src/AbstractIntegrationTestCase.php:591</error>
      </testcase>
    </testsuite>
    <testsuite name="Tourze\LarkAppBotBundle\Tests\Service\User\UserDataServiceTest" file="/home/admin/work/source/php-monorepo/packages/lark-app-bot-bundle/tests/Service/User/UserDataServiceTest.php" tests="19" assertions="52" errors="3" failures="5" skipped="0" time="2.512297">
      <testcase name="testShouldHaveRunTestsInSeparateProcesses" file="/home/admin/work/source/php-monorepo/packages/phpunit-symfony-kernel-test/src/AbstractIntegrationTestCase.php" line="919" class="Tourze\LarkAppBotBundle\Tests\Service\User\UserDataServiceTest" classname="Tourze.LarkAppBotBundle.Tests.Service.User.UserDataServiceTest" assertions="1" time="0.130318"/>
      <testcase name="testFetchUserSuccess" file="/home/admin/work/source/php-monorepo/packages/lark-app-bot-bundle/tests/Service/User/UserDataServiceTest.php" line="30" class="Tourze\LarkAppBotBundle\Tests\Service\User\UserDataServiceTest" classname="Tourze.LarkAppBotBundle.Tests.Service.User.UserDataServiceTest" assertions="0" time="0.130345">
        <error type="Symfony\Component\DependencyInjection\Exception\InvalidArgumentException">Tourze\LarkAppBotBundle\Tests\Service\User\UserDataServiceTest::testFetchUserSuccess
Symfony\Component\DependencyInjection\Exception\InvalidArgumentException: The "Tourze\LarkAppBotBundle\Service\Client\LarkClient" service is already initialized, you cannot replace it.

/home/admin/work/source/php-monorepo/vendor/symfony/dependency-injection/Container.php:160
/home/admin/work/source/php-monorepo/vendor/symfony/framework-bundle/Test/TestContainer.php:75
/home/admin/work/source/php-monorepo/packages/lark-app-bot-bundle/tests/Service/User/UserDataServiceTest.php:60</error>
      </testcase>
      <testcase name="testFetchUserApiException" file="/home/admin/work/source/php-monorepo/packages/lark-app-bot-bundle/tests/Service/User/UserDataServiceTest.php" line="68" class="Tourze\LarkAppBotBundle\Tests\Service\User\UserDataServiceTest" classname="Tourze.LarkAppBotBundle.Tests.Service.User.UserDataServiceTest" assertions="0" time="0.135460">
        <error type="Symfony\Component\DependencyInjection\Exception\InvalidArgumentException">Tourze\LarkAppBotBundle\Tests\Service\User\UserDataServiceTest::testFetchUserApiException
Symfony\Component\DependencyInjection\Exception\InvalidArgumentException: The "Tourze\LarkAppBotBundle\Service\Client\LarkClient" service is already initialized, you cannot replace it.

/home/admin/work/source/php-monorepo/vendor/symfony/dependency-injection/Container.php:160
/home/admin/work/source/php-monorepo/vendor/symfony/framework-bundle/Test/TestContainer.php:75
/home/admin/work/source/php-monorepo/packages/lark-app-bot-bundle/tests/Service/User/UserDataServiceTest.php:81</error>
      </testcase>
      <testcase name="testFetchUserWithEmptyResponse" file="/home/admin/work/source/php-monorepo/packages/lark-app-bot-bundle/tests/Service/User/UserDataServiceTest.php" line="91" class="Tourze\LarkAppBotBundle\Tests\Service\User\UserDataServiceTest" classname="Tourze.LarkAppBotBundle.Tests.Service.User.UserDataServiceTest" assertions="0" time="0.131263">
        <error type="Symfony\Component\DependencyInjection\Exception\InvalidArgumentException">Tourze\LarkAppBotBundle\Tests\Service\User\UserDataServiceTest::testFetchUserWithEmptyResponse
Symfony\Component\DependencyInjection\Exception\InvalidArgumentException: The "Tourze\LarkAppBotBundle\Service\Client\LarkClient" service is already initialized, you cannot replace it.

/home/admin/work/source/php-monorepo/vendor/symfony/dependency-injection/Container.php:160
/home/admin/work/source/php-monorepo/vendor/symfony/framework-bundle/Test/TestContainer.php:75
/home/admin/work/source/php-monorepo/packages/lark-app-bot-bundle/tests/Service/User/UserDataServiceTest.php:108</error>
      </testcase>
      <testcase name="testBatchFetchUsersSuccess" file="/home/admin/work/source/php-monorepo/packages/lark-app-bot-bundle/tests/Service/User/UserDataServiceTest.php" line="116" class="Tourze\LarkAppBotBundle\Tests\Service\User\UserDataServiceTest" classname="Tourze.LarkAppBotBundle.Tests.Service.User.UserDataServiceTest" assertions="10" time="0.132652">
        <failure type="PHPUnit\Framework\ExpectationFailedException">Tourze\LarkAppBotBundle\Tests\Service\User\UserDataServiceTest::testBatchFetchUsersSuccess
Expectation failed for method name is "info" when invoked 1 time.
Method was expected to be called 1 time, actually called 0 times.</failure>
      </testcase>
      <testcase name="testBatchFetchUsersWithEmptyArray" file="/home/admin/work/source/php-monorepo/packages/lark-app-bot-bundle/tests/Service/User/UserDataServiceTest.php" line="166" class="Tourze\LarkAppBotBundle\Tests\Service\User\UserDataServiceTest" classname="Tourze.LarkAppBotBundle.Tests.Service.User.UserDataServiceTest" assertions="1" time="0.128633"/>
      <testcase name="testBatchFetchUsersWithLargeBatch" file="/home/admin/work/source/php-monorepo/packages/lark-app-bot-bundle/tests/Service/User/UserDataServiceTest.php" line="173" class="Tourze\LarkAppBotBundle\Tests\Service\User\UserDataServiceTest" classname="Tourze.LarkAppBotBundle.Tests.Service.User.UserDataServiceTest" assertions="4" time="0.137021">
        <failure type="PHPUnit\Framework\ExpectationFailedException">Tourze\LarkAppBotBundle\Tests\Service\User\UserDataServiceTest::testBatchFetchUsersWithLargeBatch
Expectation failed for method name is "info" when invoked 1 time.
Method was expected to be called 1 time, actually called 0 times.</failure>
      </testcase>
      <testcase name="testBatchFetchUsersApiException" file="/home/admin/work/source/php-monorepo/packages/lark-app-bot-bundle/tests/Service/User/UserDataServiceTest.php" line="219" class="Tourze\LarkAppBotBundle\Tests\Service\User\UserDataServiceTest" classname="Tourze.LarkAppBotBundle.Tests.Service.User.UserDataServiceTest" assertions="4" time="0.135140">
        <failure type="PHPUnit\Framework\ExpectationFailedException">Tourze\LarkAppBotBundle\Tests\Service\User\UserDataServiceTest::testBatchFetchUsersApiException
Expectation failed for method name is "error" when invoked 1 time.
Method was expected to be called 1 time, actually called 0 times.</failure>
      </testcase>
      <testcase name="testGetKeyFieldByType" file="/home/admin/work/source/php-monorepo/packages/lark-app-bot-bundle/tests/Service/User/UserDataServiceTest.php" line="243" class="Tourze\LarkAppBotBundle\Tests\Service\User\UserDataServiceTest" classname="Tourze.LarkAppBotBundle.Tests.Service.User.UserDataServiceTest" assertions="6" time="0.128754"/>
      <testcase name="testFetchUserDepartmentsSuccess" file="/home/admin/work/source/php-monorepo/packages/lark-app-bot-bundle/tests/Service/User/UserDataServiceTest.php" line="260" class="Tourze\LarkAppBotBundle\Tests\Service\User\UserDataServiceTest" classname="Tourze.LarkAppBotBundle.Tests.Service.User.UserDataServiceTest" assertions="6" time="0.135797">
        <failure type="PHPUnit\Framework\ExpectationFailedException">Tourze\LarkAppBotBundle\Tests\Service\User\UserDataServiceTest::testFetchUserDepartmentsSuccess
Expectation failed for method name is "info" when invoked 1 time.
Method was expected to be called 1 time, actually called 0 times.</failure>
      </testcase>
      <testcase name="testFetchUserDepartmentsApiException" file="/home/admin/work/source/php-monorepo/packages/lark-app-bot-bundle/tests/Service/User/UserDataServiceTest.php" line="309" class="Tourze\LarkAppBotBundle\Tests\Service\User\UserDataServiceTest" classname="Tourze.LarkAppBotBundle.Tests.Service.User.UserDataServiceTest" assertions="4" time="0.133559">
        <failure type="PHPUnit\Framework\ExpectationFailedException">Tourze\LarkAppBotBundle\Tests\Service\User\UserDataServiceTest::testFetchUserDepartmentsApiException
Expectation failed for method name is "error" when invoked 1 time.
Method was expected to be called 1 time, actually called 0 times.</failure>
      </testcase>
      <testcase name="testValidateUserIdTypeValid" file="/home/admin/work/source/php-monorepo/packages/lark-app-bot-bundle/tests/Service/User/UserDataServiceTest.php" line="333" class="Tourze\LarkAppBotBundle\Tests\Service\User\UserDataServiceTest" classname="Tourze.LarkAppBotBundle.Tests.Service.User.UserDataServiceTest" assertions="0" time="0.130772"/>
      <testcase name="testValidateUserIdTypeInvalid" file="/home/admin/work/source/php-monorepo/packages/lark-app-bot-bundle/tests/Service/User/UserDataServiceTest.php" line="343" class="Tourze\LarkAppBotBundle\Tests\Service\User\UserDataServiceTest" classname="Tourze.LarkAppBotBundle.Tests.Service.User.UserDataServiceTest" assertions="2" time="0.128618"/>
      <testcase name="testFilterFieldsWithEmptyFields" file="/home/admin/work/source/php-monorepo/packages/lark-app-bot-bundle/tests/Service/User/UserDataServiceTest.php" line="351" class="Tourze\LarkAppBotBundle\Tests\Service\User\UserDataServiceTest" classname="Tourze.LarkAppBotBundle.Tests.Service.User.UserDataServiceTest" assertions="1" time="0.133390"/>
      <testcase name="testFilterFieldsWithSpecificFields" file="/home/admin/work/source/php-monorepo/packages/lark-app-bot-bundle/tests/Service/User/UserDataServiceTest.php" line="361" class="Tourze\LarkAppBotBundle\Tests\Service\User\UserDataServiceTest" classname="Tourze.LarkAppBotBundle.Tests.Service.User.UserDataServiceTest" assertions="1" time="0.131158"/>
      <testcase name="testFilterFieldsWithNonExistentFields" file="/home/admin/work/source/php-monorepo/packages/lark-app-bot-bundle/tests/Service/User/UserDataServiceTest.php" line="371" class="Tourze\LarkAppBotBundle\Tests\Service\User\UserDataServiceTest" classname="Tourze.LarkAppBotBundle.Tests.Service.User.UserDataServiceTest" assertions="1" time="0.131471"/>
      <testcase name="testBatchFetchUsersWithInvalidUserData" file="/home/admin/work/source/php-monorepo/packages/lark-app-bot-bundle/tests/Service/User/UserDataServiceTest.php" line="381" class="Tourze\LarkAppBotBundle\Tests\Service\User\UserDataServiceTest" classname="Tourze.LarkAppBotBundle.Tests.Service.User.UserDataServiceTest" assertions="5" time="0.133413"/>
      <testcase name="testBatchFetchUsersWithMissingUserIdField" file="/home/admin/work/source/php-monorepo/packages/lark-app-bot-bundle/tests/Service/User/UserDataServiceTest.php" line="414" class="Tourze\LarkAppBotBundle\Tests\Service\User\UserDataServiceTest" classname="Tourze.LarkAppBotBundle.Tests.Service.User.UserDataServiceTest" assertions="3" time="0.134196"/>
      <testcase name="testBatchFetchUsersWithEmptyUserIdField" file="/home/admin/work/source/php-monorepo/packages/lark-app-bot-bundle/tests/Service/User/UserDataServiceTest.php" line="443" class="Tourze\LarkAppBotBundle\Tests\Service\User\UserDataServiceTest" classname="Tourze.LarkAppBotBundle.Tests.Service.User.UserDataServiceTest" assertions="3" time="0.130336"/>
    </testsuite>
    <testsuite name="Tourze\LarkAppBotBundle\Tests\Service\User\UserEventTest" file="/home/admin/work/source/php-monorepo/packages/lark-app-bot-bundle/tests/Service/User/UserEventTest.php" tests="7" assertions="12" errors="0" failures="0" skipped="0" time="0.000595">
      <testcase name="testConstructorAndGetters" file="/home/admin/work/source/php-monorepo/packages/lark-app-bot-bundle/tests/Service/User/UserEventTest.php" line="17" class="Tourze\LarkAppBotBundle\Tests\Service\User\UserEventTest" classname="Tourze.LarkAppBotBundle.Tests.Service.User.UserEventTest" assertions="3" time="0.000196"/>
      <testcase name="testGetUserId" file="/home/admin/work/source/php-monorepo/packages/lark-app-bot-bundle/tests/Service/User/UserEventTest.php" line="35" class="Tourze\LarkAppBotBundle\Tests\Service\User\UserEventTest" classname="Tourze.LarkAppBotBundle.Tests.Service.User.UserEventTest" assertions="1" time="0.000079"/>
      <testcase name="testGetUserIdWithNull" file="/home/admin/work/source/php-monorepo/packages/lark-app-bot-bundle/tests/Service/User/UserEventTest.php" line="43" class="Tourze\LarkAppBotBundle\Tests\Service\User\UserEventTest" classname="Tourze.LarkAppBotBundle.Tests.Service.User.UserEventTest" assertions="1" time="0.000070"/>
      <testcase name="testGetUserIdType" file="/home/admin/work/source/php-monorepo/packages/lark-app-bot-bundle/tests/Service/User/UserEventTest.php" line="51" class="Tourze\LarkAppBotBundle\Tests\Service\User\UserEventTest" classname="Tourze.LarkAppBotBundle.Tests.Service.User.UserEventTest" assertions="1" time="0.000061"/>
      <testcase name="testGetUserIdTypeWithNull" file="/home/admin/work/source/php-monorepo/packages/lark-app-bot-bundle/tests/Service/User/UserEventTest.php" line="59" class="Tourze\LarkAppBotBundle\Tests\Service\User\UserEventTest" classname="Tourze.LarkAppBotBundle.Tests.Service.User.UserEventTest" assertions="1" time="0.000061"/>
      <testcase name="testDefaultMetadata" file="/home/admin/work/source/php-monorepo/packages/lark-app-bot-bundle/tests/Service/User/UserEventTest.php" line="67" class="Tourze\LarkAppBotBundle\Tests\Service\User\UserEventTest" classname="Tourze.LarkAppBotBundle.Tests.Service.User.UserEventTest" assertions="1" time="0.000056"/>
      <testcase name="testEventConstants" file="/home/admin/work/source/php-monorepo/packages/lark-app-bot-bundle/tests/Service/User/UserEventTest.php" line="74" class="Tourze\LarkAppBotBundle\Tests\Service\User\UserEventTest" classname="Tourze.LarkAppBotBundle.Tests.Service.User.UserEventTest" assertions="4" time="0.000072"/>
    </testsuite>
    <testsuite name="Tourze\LarkAppBotBundle\Tests\Service\User\UserFormatterTest" file="/home/admin/work/source/php-monorepo/packages/lark-app-bot-bundle/tests/Service/User/UserFormatterTest.php" tests="13" assertions="20" errors="0" failures="0" skipped="0" time="0.001033">
      <testcase name="testFormatDisplayNameWithI18n" file="/home/admin/work/source/php-monorepo/packages/lark-app-bot-bundle/tests/Service/User/UserFormatterTest.php" line="25" class="Tourze\LarkAppBotBundle\Tests\Service\User\UserFormatterTest" classname="Tourze.LarkAppBotBundle.Tests.Service.User.UserFormatterTest" assertions="2" time="0.000100"/>
      <testcase name="testFormatDisplayNameWithLocaleName" file="/home/admin/work/source/php-monorepo/packages/lark-app-bot-bundle/tests/Service/User/UserFormatterTest.php" line="41" class="Tourze\LarkAppBotBundle\Tests\Service\User\UserFormatterTest" classname="Tourze.LarkAppBotBundle.Tests.Service.User.UserFormatterTest" assertions="2" time="0.000079"/>
      <testcase name="testFormatDisplayNameWithNickname" file="/home/admin/work/source/php-monorepo/packages/lark-app-bot-bundle/tests/Service/User/UserFormatterTest.php" line="54" class="Tourze\LarkAppBotBundle\Tests\Service\User\UserFormatterTest" classname="Tourze.LarkAppBotBundle.Tests.Service.User.UserFormatterTest" assertions="1" time="0.000067"/>
      <testcase name="testFormatDisplayNameEmpty" file="/home/admin/work/source/php-monorepo/packages/lark-app-bot-bundle/tests/Service/User/UserFormatterTest.php" line="63" class="Tourze\LarkAppBotBundle\Tests\Service\User\UserFormatterTest" classname="Tourze.LarkAppBotBundle.Tests.Service.User.UserFormatterTest" assertions="1" time="0.000065"/>
      <testcase name="testFormatDisplayNameWithJobTitle" file="/home/admin/work/source/php-monorepo/packages/lark-app-bot-bundle/tests/Service/User/UserFormatterTest.php" line="71" class="Tourze\LarkAppBotBundle\Tests\Service\User\UserFormatterTest" classname="Tourze.LarkAppBotBundle.Tests.Service.User.UserFormatterTest" assertions="2" time="0.000070"/>
      <testsuite name="Tourze\LarkAppBotBundle\Tests\Service\User\UserFormatterTest::testGetAvatarUrlWithSize" tests="4" assertions="4" errors="0" failures="0" skipped="0" time="0.000386">
        <testcase name="testGetAvatarUrlWithSize with data set #0" file="/home/admin/work/source/php-monorepo/packages/lark-app-bot-bundle/tests/Service/User/UserFormatterTest.php" line="91" class="Tourze\LarkAppBotBundle\Tests\Service\User\UserFormatterTest" classname="Tourze.LarkAppBotBundle.Tests.Service.User.UserFormatterTest" assertions="1" time="0.000122"/>
        <testcase name="testGetAvatarUrlWithSize with data set #1" file="/home/admin/work/source/php-monorepo/packages/lark-app-bot-bundle/tests/Service/User/UserFormatterTest.php" line="91" class="Tourze\LarkAppBotBundle\Tests\Service\User\UserFormatterTest" classname="Tourze.LarkAppBotBundle.Tests.Service.User.UserFormatterTest" assertions="1" time="0.000100"/>
        <testcase name="testGetAvatarUrlWithSize with data set #2" file="/home/admin/work/source/php-monorepo/packages/lark-app-bot-bundle/tests/Service/User/UserFormatterTest.php" line="91" class="Tourze\LarkAppBotBundle\Tests\Service\User\UserFormatterTest" classname="Tourze.LarkAppBotBundle.Tests.Service.User.UserFormatterTest" assertions="1" time="0.000085"/>
        <testcase name="testGetAvatarUrlWithSize with data set #3" file="/home/admin/work/source/php-monorepo/packages/lark-app-bot-bundle/tests/Service/User/UserFormatterTest.php" line="91" class="Tourze\LarkAppBotBundle\Tests\Service\User\UserFormatterTest" classname="Tourze.LarkAppBotBundle.Tests.Service.User.UserFormatterTest" assertions="1" time="0.000079"/>
      </testsuite>
      <testcase name="testGetAvatarUrlFallback" file="/home/admin/work/source/php-monorepo/packages/lark-app-bot-bundle/tests/Service/User/UserFormatterTest.php" line="97" class="Tourze\LarkAppBotBundle\Tests\Service\User\UserFormatterTest" classname="Tourze.LarkAppBotBundle.Tests.Service.User.UserFormatterTest" assertions="2" time="0.000068"/>
      <testcase name="testGetAvatarUrlDefault" file="/home/admin/work/source/php-monorepo/packages/lark-app-bot-bundle/tests/Service/User/UserFormatterTest.php" line="112" class="Tourze\LarkAppBotBundle\Tests\Service\User\UserFormatterTest" classname="Tourze.LarkAppBotBundle.Tests.Service.User.UserFormatterTest" assertions="2" time="0.000065"/>
      <testcase name="testGetAvatarUrlEmpty" file="/home/admin/work/source/php-monorepo/packages/lark-app-bot-bundle/tests/Service/User/UserFormatterTest.php" line="125" class="Tourze\LarkAppBotBundle\Tests\Service\User\UserFormatterTest" classname="Tourze.LarkAppBotBundle.Tests.Service.User.UserFormatterTest" assertions="1" time="0.000065"/>
      <testcase name="testFormatDisplayNamePriority" file="/home/admin/work/source/php-monorepo/packages/lark-app-bot-bundle/tests/Service/User/UserFormatterTest.php" line="133" class="Tourze\LarkAppBotBundle\Tests\Service\User\UserFormatterTest" classname="Tourze.LarkAppBotBundle.Tests.Service.User.UserFormatterTest" assertions="3" time="0.000069"/>
    </testsuite>
    <testsuite name="Tourze\LarkAppBotBundle\Tests\Service\User\UserPermissionCalculatorTest" file="/home/admin/work/source/php-monorepo/packages/lark-app-bot-bundle/tests/Service/User/UserPermissionCalculatorTest.php" tests="8" assertions="0" errors="8" failures="0" skipped="0" time="0.000000">
      <testcase name="testShouldHaveRunTestsInSeparateProcesses" file="/home/admin/work/source/php-monorepo/packages/phpunit-symfony-kernel-test/src/AbstractIntegrationTestCase.php" line="919" class="Tourze\LarkAppBotBundle\Tests\Service\User\UserPermissionCalculatorTest" classname="Tourze.LarkAppBotBundle.Tests.Service.User.UserPermissionCalculatorTest" assertions="0" time="0.000000">
        <error type="Tourze\PHPUnitSymfonyKernelTest\Exception\ServiceNotFoundException">Tourze\LarkAppBotBundle\Tests\Service\User\UserPermissionCalculatorTest::testShouldHaveRunTestsInSeparateProcesses
Tourze\PHPUnitSymfonyKernelTest\Exception\ServiceNotFoundException: Service "Tourze\LarkAppBotBundle\Service\User\UserPermissionCalculator" not found. Tried IDs: Tourze\LarkAppBotBundle\Service\User\UserPermissionCalculator, user_permission_calculator, app.user_permission_calculator, userPermissionCalculator

/home/admin/work/source/php-monorepo/packages/phpunit-symfony-kernel-test/src/ServiceLocator.php:75
/home/admin/work/source/php-monorepo/packages/phpunit-symfony-kernel-test/src/ServiceLocatorTrait.php:25
/home/admin/work/source/php-monorepo/packages/lark-app-bot-bundle/tests/Service/User/UserPermissionCalculatorTest.php:130
/home/admin/work/source/php-monorepo/packages/phpunit-symfony-kernel-test/src/AbstractIntegrationTestCase.php:591</error>
      </testcase>
      <testcase name="testCalculateUserPermissions" file="/home/admin/work/source/php-monorepo/packages/lark-app-bot-bundle/tests/Service/User/UserPermissionCalculatorTest.php" line="21" class="Tourze\LarkAppBotBundle\Tests\Service\User\UserPermissionCalculatorTest" classname="Tourze.LarkAppBotBundle.Tests.Service.User.UserPermissionCalculatorTest" assertions="0" time="0.000000">
        <error type="Tourze\PHPUnitSymfonyKernelTest\Exception\ServiceNotFoundException">Tourze\LarkAppBotBundle\Tests\Service\User\UserPermissionCalculatorTest::testCalculateUserPermissions
Tourze\PHPUnitSymfonyKernelTest\Exception\ServiceNotFoundException: Service "Tourze\LarkAppBotBundle\Service\User\UserPermissionCalculator" not found. Tried IDs: Tourze\LarkAppBotBundle\Service\User\UserPermissionCalculator, user_permission_calculator, app.user_permission_calculator, userPermissionCalculator

/home/admin/work/source/php-monorepo/packages/phpunit-symfony-kernel-test/src/ServiceLocator.php:75
/home/admin/work/source/php-monorepo/packages/phpunit-symfony-kernel-test/src/ServiceLocatorTrait.php:25
/home/admin/work/source/php-monorepo/packages/lark-app-bot-bundle/tests/Service/User/UserPermissionCalculatorTest.php:130
/home/admin/work/source/php-monorepo/packages/phpunit-symfony-kernel-test/src/AbstractIntegrationTestCase.php:591</error>
      </testcase>
      <testcase name="testHasPermission" file="/home/admin/work/source/php-monorepo/packages/lark-app-bot-bundle/tests/Service/User/UserPermissionCalculatorTest.php" line="36" class="Tourze\LarkAppBotBundle\Tests\Service\User\UserPermissionCalculatorTest" classname="Tourze.LarkAppBotBundle.Tests.Service.User.UserPermissionCalculatorTest" assertions="0" time="0.000000">
        <error type="Tourze\PHPUnitSymfonyKernelTest\Exception\ServiceNotFoundException">Tourze\LarkAppBotBundle\Tests\Service\User\UserPermissionCalculatorTest::testHasPermission
Tourze\PHPUnitSymfonyKernelTest\Exception\ServiceNotFoundException: Service "Tourze\LarkAppBotBundle\Service\User\UserPermissionCalculator" not found. Tried IDs: Tourze\LarkAppBotBundle\Service\User\UserPermissionCalculator, user_permission_calculator, app.user_permission_calculator, userPermissionCalculator

/home/admin/work/source/php-monorepo/packages/phpunit-symfony-kernel-test/src/ServiceLocator.php:75
/home/admin/work/source/php-monorepo/packages/phpunit-symfony-kernel-test/src/ServiceLocatorTrait.php:25
/home/admin/work/source/php-monorepo/packages/lark-app-bot-bundle/tests/Service/User/UserPermissionCalculatorTest.php:130
/home/admin/work/source/php-monorepo/packages/phpunit-symfony-kernel-test/src/AbstractIntegrationTestCase.php:591</error>
      </testcase>
      <testcase name="testHasPermissionWithWildcard" file="/home/admin/work/source/php-monorepo/packages/lark-app-bot-bundle/tests/Service/User/UserPermissionCalculatorTest.php" line="45" class="Tourze\LarkAppBotBundle\Tests\Service\User\UserPermissionCalculatorTest" classname="Tourze.LarkAppBotBundle.Tests.Service.User.UserPermissionCalculatorTest" assertions="0" time="0.000000">
        <error type="Tourze\PHPUnitSymfonyKernelTest\Exception\ServiceNotFoundException">Tourze\LarkAppBotBundle\Tests\Service\User\UserPermissionCalculatorTest::testHasPermissionWithWildcard
Tourze\PHPUnitSymfonyKernelTest\Exception\ServiceNotFoundException: Service "Tourze\LarkAppBotBundle\Service\User\UserPermissionCalculator" not found. Tried IDs: Tourze\LarkAppBotBundle\Service\User\UserPermissionCalculator, user_permission_calculator, app.user_permission_calculator, userPermissionCalculator

/home/admin/work/source/php-monorepo/packages/phpunit-symfony-kernel-test/src/ServiceLocator.php:75
/home/admin/work/source/php-monorepo/packages/phpunit-symfony-kernel-test/src/ServiceLocatorTrait.php:25
/home/admin/work/source/php-monorepo/packages/lark-app-bot-bundle/tests/Service/User/UserPermissionCalculatorTest.php:130
/home/admin/work/source/php-monorepo/packages/phpunit-symfony-kernel-test/src/AbstractIntegrationTestCase.php:591</error>
      </testcase>
      <testcase name="testHasPermissionEmpty" file="/home/admin/work/source/php-monorepo/packages/lark-app-bot-bundle/tests/Service/User/UserPermissionCalculatorTest.php" line="53" class="Tourze\LarkAppBotBundle\Tests\Service\User\UserPermissionCalculatorTest" classname="Tourze.LarkAppBotBundle.Tests.Service.User.UserPermissionCalculatorTest" assertions="0" time="0.000000">
        <error type="Tourze\PHPUnitSymfonyKernelTest\Exception\ServiceNotFoundException">Tourze\LarkAppBotBundle\Tests\Service\User\UserPermissionCalculatorTest::testHasPermissionEmpty
Tourze\PHPUnitSymfonyKernelTest\Exception\ServiceNotFoundException: Service "Tourze\LarkAppBotBundle\Service\User\UserPermissionCalculator" not found. Tried IDs: Tourze\LarkAppBotBundle\Service\User\UserPermissionCalculator, user_permission_calculator, app.user_permission_calculator, userPermissionCalculator

/home/admin/work/source/php-monorepo/packages/phpunit-symfony-kernel-test/src/ServiceLocator.php:75
/home/admin/work/source/php-monorepo/packages/phpunit-symfony-kernel-test/src/ServiceLocatorTrait.php:25
/home/admin/work/source/php-monorepo/packages/lark-app-bot-bundle/tests/Service/User/UserPermissionCalculatorTest.php:130
/home/admin/work/source/php-monorepo/packages/phpunit-symfony-kernel-test/src/AbstractIntegrationTestCase.php:591</error>
      </testcase>
      <testcase name="testParsePermissions" file="/home/admin/work/source/php-monorepo/packages/lark-app-bot-bundle/tests/Service/User/UserPermissionCalculatorTest.php" line="60" class="Tourze\LarkAppBotBundle\Tests\Service\User\UserPermissionCalculatorTest" classname="Tourze.LarkAppBotBundle.Tests.Service.User.UserPermissionCalculatorTest" assertions="0" time="0.000000">
        <error type="Tourze\PHPUnitSymfonyKernelTest\Exception\ServiceNotFoundException">Tourze\LarkAppBotBundle\Tests\Service\User\UserPermissionCalculatorTest::testParsePermissions
Tourze\PHPUnitSymfonyKernelTest\Exception\ServiceNotFoundException: Service "Tourze\LarkAppBotBundle\Service\User\UserPermissionCalculator" not found. Tried IDs: Tourze\LarkAppBotBundle\Service\User\UserPermissionCalculator, user_permission_calculator, app.user_permission_calculator, userPermissionCalculator

/home/admin/work/source/php-monorepo/packages/phpunit-symfony-kernel-test/src/ServiceLocator.php:75
/home/admin/work/source/php-monorepo/packages/phpunit-symfony-kernel-test/src/ServiceLocatorTrait.php:25
/home/admin/work/source/php-monorepo/packages/lark-app-bot-bundle/tests/Service/User/UserPermissionCalculatorTest.php:130
/home/admin/work/source/php-monorepo/packages/phpunit-symfony-kernel-test/src/AbstractIntegrationTestCase.php:591</error>
      </testcase>
      <testcase name="testParsePermissionsWithoutTenantManager" file="/home/admin/work/source/php-monorepo/packages/lark-app-bot-bundle/tests/Service/User/UserPermissionCalculatorTest.php" line="82" class="Tourze\LarkAppBotBundle\Tests\Service\User\UserPermissionCalculatorTest" classname="Tourze.LarkAppBotBundle.Tests.Service.User.UserPermissionCalculatorTest" assertions="0" time="0.000000">
        <error type="Tourze\PHPUnitSymfonyKernelTest\Exception\ServiceNotFoundException">Tourze\LarkAppBotBundle\Tests\Service\User\UserPermissionCalculatorTest::testParsePermissionsWithoutTenantManager
Tourze\PHPUnitSymfonyKernelTest\Exception\ServiceNotFoundException: Service "Tourze\LarkAppBotBundle\Service\User\UserPermissionCalculator" not found. Tried IDs: Tourze\LarkAppBotBundle\Service\User\UserPermissionCalculator, user_permission_calculator, app.user_permission_calculator, userPermissionCalculator

/home/admin/work/source/php-monorepo/packages/phpunit-symfony-kernel-test/src/ServiceLocator.php:75
/home/admin/work/source/php-monorepo/packages/phpunit-symfony-kernel-test/src/ServiceLocatorTrait.php:25
/home/admin/work/source/php-monorepo/packages/lark-app-bot-bundle/tests/Service/User/UserPermissionCalculatorTest.php:130
/home/admin/work/source/php-monorepo/packages/phpunit-symfony-kernel-test/src/AbstractIntegrationTestCase.php:591</error>
      </testcase>
      <testcase name="testCalculateOrgLevel" file="/home/admin/work/source/php-monorepo/packages/lark-app-bot-bundle/tests/Service/User/UserPermissionCalculatorTest.php" line="97" class="Tourze\LarkAppBotBundle\Tests\Service\User\UserPermissionCalculatorTest" classname="Tourze.LarkAppBotBundle.Tests.Service.User.UserPermissionCalculatorTest" assertions="0" time="0.000000">
        <error type="Tourze\PHPUnitSymfonyKernelTest\Exception\ServiceNotFoundException">Tourze\LarkAppBotBundle\Tests\Service\User\UserPermissionCalculatorTest::testCalculateOrgLevel
Tourze\PHPUnitSymfonyKernelTest\Exception\ServiceNotFoundException: Service "Tourze\LarkAppBotBundle\Service\User\UserPermissionCalculator" not found. Tried IDs: Tourze\LarkAppBotBundle\Service\User\UserPermissionCalculator, user_permission_calculator, app.user_permission_calculator, userPermissionCalculator

/home/admin/work/source/php-monorepo/packages/phpunit-symfony-kernel-test/src/ServiceLocator.php:75
/home/admin/work/source/php-monorepo/packages/phpunit-symfony-kernel-test/src/ServiceLocatorTrait.php:25
/home/admin/work/source/php-monorepo/packages/lark-app-bot-bundle/tests/Service/User/UserPermissionCalculatorTest.php:130
/home/admin/work/source/php-monorepo/packages/phpunit-symfony-kernel-test/src/AbstractIntegrationTestCase.php:591</error>
      </testcase>
    </testsuite>
    <testsuite name="Tourze\LarkAppBotBundle\Tests\Service\User\UserPermissionExtractorTest" file="/home/admin/work/source/php-monorepo/packages/lark-app-bot-bundle/tests/Service/User/UserPermissionExtractorTest.php" tests="9" assertions="21" errors="0" failures="0" skipped="0" time="0.736866">
      <testcase name="testShouldHaveRunTestsInSeparateProcesses" file="/home/admin/work/source/php-monorepo/packages/phpunit-symfony-kernel-test/src/AbstractIntegrationTestCase.php" line="919" class="Tourze\LarkAppBotBundle\Tests\Service\User\UserPermissionExtractorTest" classname="Tourze.LarkAppBotBundle.Tests.Service.User.UserPermissionExtractorTest" assertions="1" time="0.082406"/>
      <testcase name="testExtractPermissionsWithTenantManager" file="/home/admin/work/source/php-monorepo/packages/lark-app-bot-bundle/tests/Service/User/UserPermissionExtractorTest.php" line="21" class="Tourze\LarkAppBotBundle\Tests\Service\User\UserPermissionExtractorTest" classname="Tourze.LarkAppBotBundle.Tests.Service.User.UserPermissionExtractorTest" assertions="2" time="0.079973"/>
      <testcase name="testExtractPermissionsWithCustomPermissions" file="/home/admin/work/source/php-monorepo/packages/lark-app-bot-bundle/tests/Service/User/UserPermissionExtractorTest.php" line="32" class="Tourze\LarkAppBotBundle\Tests\Service\User\UserPermissionExtractorTest" classname="Tourze.LarkAppBotBundle.Tests.Service.User.UserPermissionExtractorTest" assertions="3" time="0.081555"/>
      <testcase name="testExtractPermissionsWithPositions" file="/home/admin/work/source/php-monorepo/packages/lark-app-bot-bundle/tests/Service/User/UserPermissionExtractorTest.php" line="50" class="Tourze\LarkAppBotBundle\Tests\Service\User\UserPermissionExtractorTest" classname="Tourze.LarkAppBotBundle.Tests.Service.User.UserPermissionExtractorTest" assertions="4" time="0.079632"/>
      <testcase name="testExtractPermissionsWithAllTypes" file="/home/admin/work/source/php-monorepo/packages/lark-app-bot-bundle/tests/Service/User/UserPermissionExtractorTest.php" line="65" class="Tourze\LarkAppBotBundle\Tests\Service\User\UserPermissionExtractorTest" classname="Tourze.LarkAppBotBundle.Tests.Service.User.UserPermissionExtractorTest" assertions="4" time="0.084140"/>
      <testcase name="testExtractPermissionsWithDuplicates" file="/home/admin/work/source/php-monorepo/packages/lark-app-bot-bundle/tests/Service/User/UserPermissionExtractorTest.php" line="84" class="Tourze\LarkAppBotBundle\Tests\Service\User\UserPermissionExtractorTest" classname="Tourze.LarkAppBotBundle.Tests.Service.User.UserPermissionExtractorTest" assertions="4" time="0.083359"/>
      <testcase name="testExtractPermissionsWithEmptyData" file="/home/admin/work/source/php-monorepo/packages/lark-app-bot-bundle/tests/Service/User/UserPermissionExtractorTest.php" line="101" class="Tourze\LarkAppBotBundle\Tests\Service\User\UserPermissionExtractorTest" classname="Tourze.LarkAppBotBundle.Tests.Service.User.UserPermissionExtractorTest" assertions="1" time="0.080959"/>
      <testcase name="testExtractPermissionsWithInvalidCustomAttrs" file="/home/admin/work/source/php-monorepo/packages/lark-app-bot-bundle/tests/Service/User/UserPermissionExtractorTest.php" line="110" class="Tourze\LarkAppBotBundle\Tests\Service\User\UserPermissionExtractorTest" classname="Tourze.LarkAppBotBundle.Tests.Service.User.UserPermissionExtractorTest" assertions="1" time="0.083451"/>
      <testcase name="testExtractPermissionsWithFalseIsTenantManager" file="/home/admin/work/source/php-monorepo/packages/lark-app-bot-bundle/tests/Service/User/UserPermissionExtractorTest.php" line="124" class="Tourze\LarkAppBotBundle\Tests\Service\User\UserPermissionExtractorTest" classname="Tourze.LarkAppBotBundle.Tests.Service.User.UserPermissionExtractorTest" assertions="1" time="0.081391"/>
    </testsuite>
    <testsuite name="Tourze\LarkAppBotBundle\Tests\Service\User\UserPermissionServiceTest" file="/home/admin/work/source/php-monorepo/packages/lark-app-bot-bundle/tests/Service/User/UserPermissionServiceTest.php" tests="5" assertions="0" errors="5" failures="0" skipped="0" time="0.000000">
      <testcase name="testShouldHaveRunTestsInSeparateProcesses" file="/home/admin/work/source/php-monorepo/packages/phpunit-symfony-kernel-test/src/AbstractIntegrationTestCase.php" line="919" class="Tourze\LarkAppBotBundle\Tests\Service\User\UserPermissionServiceTest" classname="Tourze.LarkAppBotBundle.Tests.Service.User.UserPermissionServiceTest" assertions="0" time="0.000000">
        <error type="Symfony\Component\DependencyInjection\Exception\InvalidArgumentException">Tourze\LarkAppBotBundle\Tests\Service\User\UserPermissionServiceTest::testShouldHaveRunTestsInSeparateProcesses
Symfony\Component\DependencyInjection\Exception\InvalidArgumentException: The "Tourze\LarkAppBotBundle\Service\User\UserDataService" service is already initialized, you cannot replace it.

/home/admin/work/source/php-monorepo/vendor/symfony/dependency-injection/Container.php:160
/home/admin/work/source/php-monorepo/vendor/symfony/framework-bundle/Test/TestContainer.php:75
/home/admin/work/source/php-monorepo/packages/lark-app-bot-bundle/tests/Service/User/UserPermissionServiceTest.php:112
/home/admin/work/source/php-monorepo/packages/phpunit-symfony-kernel-test/src/AbstractIntegrationTestCase.php:591</error>
      </testcase>
      <testcase name="testHasPermissionForTenantManager" file="/home/admin/work/source/php-monorepo/packages/lark-app-bot-bundle/tests/Service/User/UserPermissionServiceTest.php" line="28" class="Tourze\LarkAppBotBundle\Tests\Service\User\UserPermissionServiceTest" classname="Tourze.LarkAppBotBundle.Tests.Service.User.UserPermissionServiceTest" assertions="0" time="0.000000">
        <error type="Symfony\Component\DependencyInjection\Exception\InvalidArgumentException">Tourze\LarkAppBotBundle\Tests\Service\User\UserPermissionServiceTest::testHasPermissionForTenantManager
Symfony\Component\DependencyInjection\Exception\InvalidArgumentException: The "Tourze\LarkAppBotBundle\Service\User\UserDataService" service is already initialized, you cannot replace it.

/home/admin/work/source/php-monorepo/vendor/symfony/dependency-injection/Container.php:160
/home/admin/work/source/php-monorepo/vendor/symfony/framework-bundle/Test/TestContainer.php:75
/home/admin/work/source/php-monorepo/packages/lark-app-bot-bundle/tests/Service/User/UserPermissionServiceTest.php:112
/home/admin/work/source/php-monorepo/packages/phpunit-symfony-kernel-test/src/AbstractIntegrationTestCase.php:591</error>
      </testcase>
      <testcase name="testHasPermissionForNormalUser" file="/home/admin/work/source/php-monorepo/packages/lark-app-bot-bundle/tests/Service/User/UserPermissionServiceTest.php" line="46" class="Tourze\LarkAppBotBundle\Tests\Service\User\UserPermissionServiceTest" classname="Tourze.LarkAppBotBundle.Tests.Service.User.UserPermissionServiceTest" assertions="0" time="0.000000">
        <error type="Symfony\Component\DependencyInjection\Exception\InvalidArgumentException">Tourze\LarkAppBotBundle\Tests\Service\User\UserPermissionServiceTest::testHasPermissionForNormalUser
Symfony\Component\DependencyInjection\Exception\InvalidArgumentException: The "Tourze\LarkAppBotBundle\Service\User\UserDataService" service is already initialized, you cannot replace it.

/home/admin/work/source/php-monorepo/vendor/symfony/dependency-injection/Container.php:160
/home/admin/work/source/php-monorepo/vendor/symfony/framework-bundle/Test/TestContainer.php:75
/home/admin/work/source/php-monorepo/packages/lark-app-bot-bundle/tests/Service/User/UserPermissionServiceTest.php:112
/home/admin/work/source/php-monorepo/packages/phpunit-symfony-kernel-test/src/AbstractIntegrationTestCase.php:591</error>
      </testcase>
      <testcase name="testGetUserPermissionsForTenantManager" file="/home/admin/work/source/php-monorepo/packages/lark-app-bot-bundle/tests/Service/User/UserPermissionServiceTest.php" line="68" class="Tourze\LarkAppBotBundle\Tests\Service\User\UserPermissionServiceTest" classname="Tourze.LarkAppBotBundle.Tests.Service.User.UserPermissionServiceTest" assertions="0" time="0.000000">
        <error type="Symfony\Component\DependencyInjection\Exception\InvalidArgumentException">Tourze\LarkAppBotBundle\Tests\Service\User\UserPermissionServiceTest::testGetUserPermissionsForTenantManager
Symfony\Component\DependencyInjection\Exception\InvalidArgumentException: The "Tourze\LarkAppBotBundle\Service\User\UserDataService" service is already initialized, you cannot replace it.

/home/admin/work/source/php-monorepo/vendor/symfony/dependency-injection/Container.php:160
/home/admin/work/source/php-monorepo/vendor/symfony/framework-bundle/Test/TestContainer.php:75
/home/admin/work/source/php-monorepo/packages/lark-app-bot-bundle/tests/Service/User/UserPermissionServiceTest.php:112
/home/admin/work/source/php-monorepo/packages/phpunit-symfony-kernel-test/src/AbstractIntegrationTestCase.php:591</error>
      </testcase>
      <testcase name="testGetUserPermissionsForNormalUser" file="/home/admin/work/source/php-monorepo/packages/lark-app-bot-bundle/tests/Service/User/UserPermissionServiceTest.php" line="85" class="Tourze\LarkAppBotBundle\Tests\Service\User\UserPermissionServiceTest" classname="Tourze.LarkAppBotBundle.Tests.Service.User.UserPermissionServiceTest" assertions="0" time="0.000000">
        <error type="Symfony\Component\DependencyInjection\Exception\InvalidArgumentException">Tourze\LarkAppBotBundle\Tests\Service\User\UserPermissionServiceTest::testGetUserPermissionsForNormalUser
Symfony\Component\DependencyInjection\Exception\InvalidArgumentException: The "Tourze\LarkAppBotBundle\Service\User\UserDataService" service is already initialized, you cannot replace it.

/home/admin/work/source/php-monorepo/vendor/symfony/dependency-injection/Container.php:160
/home/admin/work/source/php-monorepo/vendor/symfony/framework-bundle/Test/TestContainer.php:75
/home/admin/work/source/php-monorepo/packages/lark-app-bot-bundle/tests/Service/User/UserPermissionServiceTest.php:112
/home/admin/work/source/php-monorepo/packages/phpunit-symfony-kernel-test/src/AbstractIntegrationTestCase.php:591</error>
      </testcase>
    </testsuite>
    <testsuite name="Tourze\LarkAppBotBundle\Tests\Service\User\UserRelationServiceTest" file="/home/admin/work/source/php-monorepo/packages/lark-app-bot-bundle/tests/Service/User/UserRelationServiceTest.php" tests="10" assertions="0" errors="10" failures="0" skipped="0" time="0.000000">
      <testcase name="testShouldHaveRunTestsInSeparateProcesses" file="/home/admin/work/source/php-monorepo/packages/phpunit-symfony-kernel-test/src/AbstractIntegrationTestCase.php" line="919" class="Tourze\LarkAppBotBundle\Tests\Service\User\UserRelationServiceTest" classname="Tourze.LarkAppBotBundle.Tests.Service.User.UserRelationServiceTest" assertions="0" time="0.000000">
        <error type="Symfony\Component\DependencyInjection\Exception\InvalidArgumentException">Tourze\LarkAppBotBundle\Tests\Service\User\UserRelationServiceTest::testShouldHaveRunTestsInSeparateProcesses
Symfony\Component\DependencyInjection\Exception\InvalidArgumentException: The "Tourze\LarkAppBotBundle\Service\User\UserDataService" service is already initialized, you cannot replace it.

/home/admin/work/source/php-monorepo/vendor/symfony/dependency-injection/Container.php:160
/home/admin/work/source/php-monorepo/vendor/symfony/framework-bundle/Test/TestContainer.php:75
/home/admin/work/source/php-monorepo/packages/lark-app-bot-bundle/tests/Service/User/UserRelationServiceTest.php:338
/home/admin/work/source/php-monorepo/packages/phpunit-symfony-kernel-test/src/AbstractIntegrationTestCase.php:591</error>
      </testcase>
      <testcase name="testGetUserDepartments" file="/home/admin/work/source/php-monorepo/packages/lark-app-bot-bundle/tests/Service/User/UserRelationServiceTest.php" line="31" class="Tourze\LarkAppBotBundle\Tests\Service\User\UserRelationServiceTest" classname="Tourze.LarkAppBotBundle.Tests.Service.User.UserRelationServiceTest" assertions="0" time="0.000000">
        <error type="Symfony\Component\DependencyInjection\Exception\InvalidArgumentException">Tourze\LarkAppBotBundle\Tests\Service\User\UserRelationServiceTest::testGetUserDepartments
Symfony\Component\DependencyInjection\Exception\InvalidArgumentException: The "Tourze\LarkAppBotBundle\Service\User\UserDataService" service is already initialized, you cannot replace it.

/home/admin/work/source/php-monorepo/vendor/symfony/dependency-injection/Container.php:160
/home/admin/work/source/php-monorepo/vendor/symfony/framework-bundle/Test/TestContainer.php:75
/home/admin/work/source/php-monorepo/packages/lark-app-bot-bundle/tests/Service/User/UserRelationServiceTest.php:338
/home/admin/work/source/php-monorepo/packages/phpunit-symfony-kernel-test/src/AbstractIntegrationTestCase.php:591</error>
      </testcase>
      <testcase name="testGetUserLeader" file="/home/admin/work/source/php-monorepo/packages/lark-app-bot-bundle/tests/Service/User/UserRelationServiceTest.php" line="56" class="Tourze\LarkAppBotBundle\Tests\Service\User\UserRelationServiceTest" classname="Tourze.LarkAppBotBundle.Tests.Service.User.UserRelationServiceTest" assertions="0" time="0.000000">
        <error type="Symfony\Component\DependencyInjection\Exception\InvalidArgumentException">Tourze\LarkAppBotBundle\Tests\Service\User\UserRelationServiceTest::testGetUserLeader
Symfony\Component\DependencyInjection\Exception\InvalidArgumentException: The "Tourze\LarkAppBotBundle\Service\User\UserDataService" service is already initialized, you cannot replace it.

/home/admin/work/source/php-monorepo/vendor/symfony/dependency-injection/Container.php:160
/home/admin/work/source/php-monorepo/vendor/symfony/framework-bundle/Test/TestContainer.php:75
/home/admin/work/source/php-monorepo/packages/lark-app-bot-bundle/tests/Service/User/UserRelationServiceTest.php:338
/home/admin/work/source/php-monorepo/packages/phpunit-symfony-kernel-test/src/AbstractIntegrationTestCase.php:591</error>
      </testcase>
      <testcase name="testGetUserLeaderReturnsNullWhenNoLeader" file="/home/admin/work/source/php-monorepo/packages/lark-app-bot-bundle/tests/Service/User/UserRelationServiceTest.php" line="96" class="Tourze\LarkAppBotBundle\Tests\Service\User\UserRelationServiceTest" classname="Tourze.LarkAppBotBundle.Tests.Service.User.UserRelationServiceTest" assertions="0" time="0.000000">
        <error type="Symfony\Component\DependencyInjection\Exception\InvalidArgumentException">Tourze\LarkAppBotBundle\Tests\Service\User\UserRelationServiceTest::testGetUserLeaderReturnsNullWhenNoLeader
Symfony\Component\DependencyInjection\Exception\InvalidArgumentException: The "Tourze\LarkAppBotBundle\Service\User\UserDataService" service is already initialized, you cannot replace it.

/home/admin/work/source/php-monorepo/vendor/symfony/dependency-injection/Container.php:160
/home/admin/work/source/php-monorepo/vendor/symfony/framework-bundle/Test/TestContainer.php:75
/home/admin/work/source/php-monorepo/packages/lark-app-bot-bundle/tests/Service/User/UserRelationServiceTest.php:338
/home/admin/work/source/php-monorepo/packages/phpunit-symfony-kernel-test/src/AbstractIntegrationTestCase.php:591</error>
      </testcase>
      <testcase name="testGetUserSubordinates" file="/home/admin/work/source/php-monorepo/packages/lark-app-bot-bundle/tests/Service/User/UserRelationServiceTest.php" line="113" class="Tourze\LarkAppBotBundle\Tests\Service\User\UserRelationServiceTest" classname="Tourze.LarkAppBotBundle.Tests.Service.User.UserRelationServiceTest" assertions="0" time="0.000000">
        <error type="Symfony\Component\DependencyInjection\Exception\InvalidArgumentException">Tourze\LarkAppBotBundle\Tests\Service\User\UserRelationServiceTest::testGetUserSubordinates
Symfony\Component\DependencyInjection\Exception\InvalidArgumentException: The "Tourze\LarkAppBotBundle\Service\User\UserDataService" service is already initialized, you cannot replace it.

/home/admin/work/source/php-monorepo/vendor/symfony/dependency-injection/Container.php:160
/home/admin/work/source/php-monorepo/vendor/symfony/framework-bundle/Test/TestContainer.php:75
/home/admin/work/source/php-monorepo/packages/lark-app-bot-bundle/tests/Service/User/UserRelationServiceTest.php:338
/home/admin/work/source/php-monorepo/packages/phpunit-symfony-kernel-test/src/AbstractIntegrationTestCase.php:591</error>
      </testcase>
      <testcase name="testAreInSameDepartmentTrue" file="/home/admin/work/source/php-monorepo/packages/lark-app-bot-bundle/tests/Service/User/UserRelationServiceTest.php" line="131" class="Tourze\LarkAppBotBundle\Tests\Service\User\UserRelationServiceTest" classname="Tourze.LarkAppBotBundle.Tests.Service.User.UserRelationServiceTest" assertions="0" time="0.000000">
        <error type="Symfony\Component\DependencyInjection\Exception\InvalidArgumentException">Tourze\LarkAppBotBundle\Tests\Service\User\UserRelationServiceTest::testAreInSameDepartmentTrue
Symfony\Component\DependencyInjection\Exception\InvalidArgumentException: The "Tourze\LarkAppBotBundle\Service\User\UserDataService" service is already initialized, you cannot replace it.

/home/admin/work/source/php-monorepo/vendor/symfony/dependency-injection/Container.php:160
/home/admin/work/source/php-monorepo/vendor/symfony/framework-bundle/Test/TestContainer.php:75
/home/admin/work/source/php-monorepo/packages/lark-app-bot-bundle/tests/Service/User/UserRelationServiceTest.php:338
/home/admin/work/source/php-monorepo/packages/phpunit-symfony-kernel-test/src/AbstractIntegrationTestCase.php:591</error>
      </testcase>
      <testcase name="testAreInSameDepartmentFalse" file="/home/admin/work/source/php-monorepo/packages/lark-app-bot-bundle/tests/Service/User/UserRelationServiceTest.php" line="171" class="Tourze\LarkAppBotBundle\Tests\Service\User\UserRelationServiceTest" classname="Tourze.LarkAppBotBundle.Tests.Service.User.UserRelationServiceTest" assertions="0" time="0.000000">
        <error type="Symfony\Component\DependencyInjection\Exception\InvalidArgumentException">Tourze\LarkAppBotBundle\Tests\Service\User\UserRelationServiceTest::testAreInSameDepartmentFalse
Symfony\Component\DependencyInjection\Exception\InvalidArgumentException: The "Tourze\LarkAppBotBundle\Service\User\UserDataService" service is already initialized, you cannot replace it.

/home/admin/work/source/php-monorepo/vendor/symfony/dependency-injection/Container.php:160
/home/admin/work/source/php-monorepo/vendor/symfony/framework-bundle/Test/TestContainer.php:75
/home/admin/work/source/php-monorepo/packages/lark-app-bot-bundle/tests/Service/User/UserRelationServiceTest.php:338
/home/admin/work/source/php-monorepo/packages/phpunit-symfony-kernel-test/src/AbstractIntegrationTestCase.php:591</error>
      </testcase>
      <testcase name="testAreInSameDepartmentEmptyDepartments" file="/home/admin/work/source/php-monorepo/packages/lark-app-bot-bundle/tests/Service/User/UserRelationServiceTest.php" line="211" class="Tourze\LarkAppBotBundle\Tests\Service\User\UserRelationServiceTest" classname="Tourze.LarkAppBotBundle.Tests.Service.User.UserRelationServiceTest" assertions="0" time="0.000000">
        <error type="Symfony\Component\DependencyInjection\Exception\InvalidArgumentException">Tourze\LarkAppBotBundle\Tests\Service\User\UserRelationServiceTest::testAreInSameDepartmentEmptyDepartments
Symfony\Component\DependencyInjection\Exception\InvalidArgumentException: The "Tourze\LarkAppBotBundle\Service\User\UserDataService" service is already initialized, you cannot replace it.

/home/admin/work/source/php-monorepo/vendor/symfony/dependency-injection/Container.php:160
/home/admin/work/source/php-monorepo/vendor/symfony/framework-bundle/Test/TestContainer.php:75
/home/admin/work/source/php-monorepo/packages/lark-app-bot-bundle/tests/Service/User/UserRelationServiceTest.php:338
/home/admin/work/source/php-monorepo/packages/phpunit-symfony-kernel-test/src/AbstractIntegrationTestCase.php:591</error>
      </testcase>
      <testcase name="testAreInSameDepartmentOneUserNoDepartments" file="/home/admin/work/source/php-monorepo/packages/lark-app-bot-bundle/tests/Service/User/UserRelationServiceTest.php" line="244" class="Tourze\LarkAppBotBundle\Tests\Service\User\UserRelationServiceTest" classname="Tourze.LarkAppBotBundle.Tests.Service.User.UserRelationServiceTest" assertions="0" time="0.000000">
        <error type="Symfony\Component\DependencyInjection\Exception\InvalidArgumentException">Tourze\LarkAppBotBundle\Tests\Service\User\UserRelationServiceTest::testAreInSameDepartmentOneUserNoDepartments
Symfony\Component\DependencyInjection\Exception\InvalidArgumentException: The "Tourze\LarkAppBotBundle\Service\User\UserDataService" service is already initialized, you cannot replace it.

/home/admin/work/source/php-monorepo/vendor/symfony/dependency-injection/Container.php:160
/home/admin/work/source/php-monorepo/vendor/symfony/framework-bundle/Test/TestContainer.php:75
/home/admin/work/source/php-monorepo/packages/lark-app-bot-bundle/tests/Service/User/UserRelationServiceTest.php:338
/home/admin/work/source/php-monorepo/packages/phpunit-symfony-kernel-test/src/AbstractIntegrationTestCase.php:591</error>
      </testcase>
      <testcase name="testAreInSameDepartmentMultipleCommonDepartments" file="/home/admin/work/source/php-monorepo/packages/lark-app-bot-bundle/tests/Service/User/UserRelationServiceTest.php" line="280" class="Tourze\LarkAppBotBundle\Tests\Service\User\UserRelationServiceTest" classname="Tourze.LarkAppBotBundle.Tests.Service.User.UserRelationServiceTest" assertions="0" time="0.000000">
        <error type="Symfony\Component\DependencyInjection\Exception\InvalidArgumentException">Tourze\LarkAppBotBundle\Tests\Service\User\UserRelationServiceTest::testAreInSameDepartmentMultipleCommonDepartments
Symfony\Component\DependencyInjection\Exception\InvalidArgumentException: The "Tourze\LarkAppBotBundle\Service\User\UserDataService" service is already initialized, you cannot replace it.

/home/admin/work/source/php-monorepo/vendor/symfony/dependency-injection/Container.php:160
/home/admin/work/source/php-monorepo/vendor/symfony/framework-bundle/Test/TestContainer.php:75
/home/admin/work/source/php-monorepo/packages/lark-app-bot-bundle/tests/Service/User/UserRelationServiceTest.php:338
/home/admin/work/source/php-monorepo/packages/phpunit-symfony-kernel-test/src/AbstractIntegrationTestCase.php:591</error>
      </testcase>
    </testsuite>
    <testsuite name="Tourze\LarkAppBotBundle\Tests\Service\User\UserSearchServiceTest" file="/home/admin/work/source/php-monorepo/packages/lark-app-bot-bundle/tests/Service/User/UserSearchServiceTest.php" tests="5" assertions="28" errors="0" failures="0" skipped="0" time="0.662732">
      <testcase name="testShouldHaveRunTestsInSeparateProcesses" file="/home/admin/work/source/php-monorepo/packages/phpunit-symfony-kernel-test/src/AbstractIntegrationTestCase.php" line="919" class="Tourze\LarkAppBotBundle\Tests\Service\User\UserSearchServiceTest" classname="Tourze.LarkAppBotBundle.Tests.Service.User.UserSearchServiceTest" assertions="1" time="0.132305"/>
      <testcase name="testSearchUsersWithEmptyParams" file="/home/admin/work/source/php-monorepo/packages/lark-app-bot-bundle/tests/Service/User/UserSearchServiceTest.php" line="26" class="Tourze\LarkAppBotBundle\Tests\Service\User\UserSearchServiceTest" classname="Tourze.LarkAppBotBundle.Tests.Service.User.UserSearchServiceTest" assertions="7" time="0.136152"/>
      <testcase name="testSearchUsersWithQuery" file="/home/admin/work/source/php-monorepo/packages/lark-app-bot-bundle/tests/Service/User/UserSearchServiceTest.php" line="54" class="Tourze\LarkAppBotBundle\Tests\Service\User\UserSearchServiceTest" classname="Tourze.LarkAppBotBundle.Tests.Service.User.UserSearchServiceTest" assertions="5" time="0.131068"/>
      <testcase name="testFindSubordinates" file="/home/admin/work/source/php-monorepo/packages/lark-app-bot-bundle/tests/Service/User/UserSearchServiceTest.php" line="82" class="Tourze\LarkAppBotBundle\Tests\Service\User\UserSearchServiceTest" classname="Tourze.LarkAppBotBundle.Tests.Service.User.UserSearchServiceTest" assertions="3" time="0.132007"/>
      <testcase name="testFindUserDepartments" file="/home/admin/work/source/php-monorepo/packages/lark-app-bot-bundle/tests/Service/User/UserSearchServiceTest.php" line="108" class="Tourze\LarkAppBotBundle\Tests\Service\User\UserSearchServiceTest" classname="Tourze.LarkAppBotBundle.Tests.Service.User.UserSearchServiceTest" assertions="12" time="0.131200"/>
    </testsuite>
    <testsuite name="Tourze\LarkAppBotBundle\Tests\Service\User\UserServiceRefactoredTest" file="/home/admin/work/source/php-monorepo/packages/lark-app-bot-bundle/tests/Service/User/UserServiceRefactoredTest.php" tests="9" assertions="0" errors="9" failures="0" skipped="0" time="0.000000">
      <testcase name="testShouldHaveRunTestsInSeparateProcesses" file="/home/admin/work/source/php-monorepo/packages/phpunit-symfony-kernel-test/src/AbstractIntegrationTestCase.php" line="919" class="Tourze\LarkAppBotBundle\Tests\Service\User\UserServiceRefactoredTest" classname="Tourze.LarkAppBotBundle.Tests.Service.User.UserServiceRefactoredTest" assertions="0" time="0.000000">
        <error type="Tourze\PHPUnitSymfonyKernelTest\Exception\ServiceNotFoundException">Tourze\LarkAppBotBundle\Tests\Service\User\UserServiceRefactoredTest::testShouldHaveRunTestsInSeparateProcesses
Tourze\PHPUnitSymfonyKernelTest\Exception\ServiceNotFoundException: Service "Tourze\LarkAppBotBundle\Service\User\UserServiceRefactored" not found. Tried IDs: Tourze\LarkAppBotBundle\Service\User\UserServiceRefactored, user_service_refactored, app.user_service_refactored, userServiceRefactored

/home/admin/work/source/php-monorepo/packages/phpunit-symfony-kernel-test/src/ServiceLocator.php:75
/home/admin/work/source/php-monorepo/packages/phpunit-symfony-kernel-test/src/ServiceLocatorTrait.php:25
/home/admin/work/source/php-monorepo/packages/lark-app-bot-bundle/tests/Service/User/UserServiceRefactoredTest.php:224
/home/admin/work/source/php-monorepo/packages/phpunit-symfony-kernel-test/src/AbstractIntegrationTestCase.php:591</error>
      </testcase>
      <testcase name="testGetUser" file="/home/admin/work/source/php-monorepo/packages/lark-app-bot-bundle/tests/Service/User/UserServiceRefactoredTest.php" line="37" class="Tourze\LarkAppBotBundle\Tests\Service\User\UserServiceRefactoredTest" classname="Tourze.LarkAppBotBundle.Tests.Service.User.UserServiceRefactoredTest" assertions="0" time="0.000000">
        <error type="Tourze\PHPUnitSymfonyKernelTest\Exception\ServiceNotFoundException">Tourze\LarkAppBotBundle\Tests\Service\User\UserServiceRefactoredTest::testGetUser
Tourze\PHPUnitSymfonyKernelTest\Exception\ServiceNotFoundException: Service "Tourze\LarkAppBotBundle\Service\User\UserServiceRefactored" not found. Tried IDs: Tourze\LarkAppBotBundle\Service\User\UserServiceRefactored, user_service_refactored, app.user_service_refactored, userServiceRefactored

/home/admin/work/source/php-monorepo/packages/phpunit-symfony-kernel-test/src/ServiceLocator.php:75
/home/admin/work/source/php-monorepo/packages/phpunit-symfony-kernel-test/src/ServiceLocatorTrait.php:25
/home/admin/work/source/php-monorepo/packages/lark-app-bot-bundle/tests/Service/User/UserServiceRefactoredTest.php:224
/home/admin/work/source/php-monorepo/packages/phpunit-symfony-kernel-test/src/AbstractIntegrationTestCase.php:591</error>
      </testcase>
      <testcase name="testGetUserWithCache" file="/home/admin/work/source/php-monorepo/packages/lark-app-bot-bundle/tests/Service/User/UserServiceRefactoredTest.php" line="76" class="Tourze\LarkAppBotBundle\Tests\Service\User\UserServiceRefactoredTest" classname="Tourze.LarkAppBotBundle.Tests.Service.User.UserServiceRefactoredTest" assertions="0" time="0.000000">
        <error type="Tourze\PHPUnitSymfonyKernelTest\Exception\ServiceNotFoundException">Tourze\LarkAppBotBundle\Tests\Service\User\UserServiceRefactoredTest::testGetUserWithCache
Tourze\PHPUnitSymfonyKernelTest\Exception\ServiceNotFoundException: Service "Tourze\LarkAppBotBundle\Service\User\UserServiceRefactored" not found. Tried IDs: Tourze\LarkAppBotBundle\Service\User\UserServiceRefactored, user_service_refactored, app.user_service_refactored, userServiceRefactored

/home/admin/work/source/php-monorepo/packages/phpunit-symfony-kernel-test/src/ServiceLocator.php:75
/home/admin/work/source/php-monorepo/packages/phpunit-symfony-kernel-test/src/ServiceLocatorTrait.php:25
/home/admin/work/source/php-monorepo/packages/lark-app-bot-bundle/tests/Service/User/UserServiceRefactoredTest.php:224
/home/admin/work/source/php-monorepo/packages/phpunit-symfony-kernel-test/src/AbstractIntegrationTestCase.php:591</error>
      </testcase>
      <testcase name="testBatchGetUsers" file="/home/admin/work/source/php-monorepo/packages/lark-app-bot-bundle/tests/Service/User/UserServiceRefactoredTest.php" line="104" class="Tourze\LarkAppBotBundle\Tests\Service\User\UserServiceRefactoredTest" classname="Tourze.LarkAppBotBundle.Tests.Service.User.UserServiceRefactoredTest" assertions="0" time="0.000000">
        <error type="Tourze\PHPUnitSymfonyKernelTest\Exception\ServiceNotFoundException">Tourze\LarkAppBotBundle\Tests\Service\User\UserServiceRefactoredTest::testBatchGetUsers
Tourze\PHPUnitSymfonyKernelTest\Exception\ServiceNotFoundException: Service "Tourze\LarkAppBotBundle\Service\User\UserServiceRefactored" not found. Tried IDs: Tourze\LarkAppBotBundle\Service\User\UserServiceRefactored, user_service_refactored, app.user_service_refactored, userServiceRefactored

/home/admin/work/source/php-monorepo/packages/phpunit-symfony-kernel-test/src/ServiceLocator.php:75
/home/admin/work/source/php-monorepo/packages/phpunit-symfony-kernel-test/src/ServiceLocatorTrait.php:25
/home/admin/work/source/php-monorepo/packages/lark-app-bot-bundle/tests/Service/User/UserServiceRefactoredTest.php:224
/home/admin/work/source/php-monorepo/packages/phpunit-symfony-kernel-test/src/AbstractIntegrationTestCase.php:591</error>
      </testcase>
      <testcase name="testSearchUsers" file="/home/admin/work/source/php-monorepo/packages/lark-app-bot-bundle/tests/Service/User/UserServiceRefactoredTest.php" line="149" class="Tourze\LarkAppBotBundle\Tests\Service\User\UserServiceRefactoredTest" classname="Tourze.LarkAppBotBundle.Tests.Service.User.UserServiceRefactoredTest" assertions="0" time="0.000000">
        <error type="Tourze\PHPUnitSymfonyKernelTest\Exception\ServiceNotFoundException">Tourze\LarkAppBotBundle\Tests\Service\User\UserServiceRefactoredTest::testSearchUsers
Tourze\PHPUnitSymfonyKernelTest\Exception\ServiceNotFoundException: Service "Tourze\LarkAppBotBundle\Service\User\UserServiceRefactored" not found. Tried IDs: Tourze\LarkAppBotBundle\Service\User\UserServiceRefactored, user_service_refactored, app.user_service_refactored, userServiceRefactored

/home/admin/work/source/php-monorepo/packages/phpunit-symfony-kernel-test/src/ServiceLocator.php:75
/home/admin/work/source/php-monorepo/packages/phpunit-symfony-kernel-test/src/ServiceLocatorTrait.php:25
/home/admin/work/source/php-monorepo/packages/lark-app-bot-bundle/tests/Service/User/UserServiceRefactoredTest.php:224
/home/admin/work/source/php-monorepo/packages/phpunit-symfony-kernel-test/src/AbstractIntegrationTestCase.php:591</error>
      </testcase>
      <testcase name="testGetUserDepartments" file="/home/admin/work/source/php-monorepo/packages/lark-app-bot-bundle/tests/Service/User/UserServiceRefactoredTest.php" line="165" class="Tourze\LarkAppBotBundle\Tests\Service\User\UserServiceRefactoredTest" classname="Tourze.LarkAppBotBundle.Tests.Service.User.UserServiceRefactoredTest" assertions="0" time="0.000000">
        <error type="Tourze\PHPUnitSymfonyKernelTest\Exception\ServiceNotFoundException">Tourze\LarkAppBotBundle\Tests\Service\User\UserServiceRefactoredTest::testGetUserDepartments
Tourze\PHPUnitSymfonyKernelTest\Exception\ServiceNotFoundException: Service "Tourze\LarkAppBotBundle\Service\User\UserServiceRefactored" not found. Tried IDs: Tourze\LarkAppBotBundle\Service\User\UserServiceRefactored, user_service_refactored, app.user_service_refactored, userServiceRefactored

/home/admin/work/source/php-monorepo/packages/phpunit-symfony-kernel-test/src/ServiceLocator.php:75
/home/admin/work/source/php-monorepo/packages/phpunit-symfony-kernel-test/src/ServiceLocatorTrait.php:25
/home/admin/work/source/php-monorepo/packages/lark-app-bot-bundle/tests/Service/User/UserServiceRefactoredTest.php:224
/home/admin/work/source/php-monorepo/packages/phpunit-symfony-kernel-test/src/AbstractIntegrationTestCase.php:591</error>
      </testcase>
      <testcase name="testHasPermission" file="/home/admin/work/source/php-monorepo/packages/lark-app-bot-bundle/tests/Service/User/UserServiceRefactoredTest.php" line="182" class="Tourze\LarkAppBotBundle\Tests\Service\User\UserServiceRefactoredTest" classname="Tourze.LarkAppBotBundle.Tests.Service.User.UserServiceRefactoredTest" assertions="0" time="0.000000">
        <error type="Tourze\PHPUnitSymfonyKernelTest\Exception\ServiceNotFoundException">Tourze\LarkAppBotBundle\Tests\Service\User\UserServiceRefactoredTest::testHasPermission
Tourze\PHPUnitSymfonyKernelTest\Exception\ServiceNotFoundException: Service "Tourze\LarkAppBotBundle\Service\User\UserServiceRefactored" not found. Tried IDs: Tourze\LarkAppBotBundle\Service\User\UserServiceRefactored, user_service_refactored, app.user_service_refactored, userServiceRefactored

/home/admin/work/source/php-monorepo/packages/phpunit-symfony-kernel-test/src/ServiceLocator.php:75
/home/admin/work/source/php-monorepo/packages/phpunit-symfony-kernel-test/src/ServiceLocatorTrait.php:25
/home/admin/work/source/php-monorepo/packages/lark-app-bot-bundle/tests/Service/User/UserServiceRefactoredTest.php:224
/home/admin/work/source/php-monorepo/packages/phpunit-symfony-kernel-test/src/AbstractIntegrationTestCase.php:591</error>
      </testcase>
      <testcase name="testClearUserCache" file="/home/admin/work/source/php-monorepo/packages/lark-app-bot-bundle/tests/Service/User/UserServiceRefactoredTest.php" line="199" class="Tourze\LarkAppBotBundle\Tests\Service\User\UserServiceRefactoredTest" classname="Tourze.LarkAppBotBundle.Tests.Service.User.UserServiceRefactoredTest" assertions="0" time="0.000000">
        <error type="Tourze\PHPUnitSymfonyKernelTest\Exception\ServiceNotFoundException">Tourze\LarkAppBotBundle\Tests\Service\User\UserServiceRefactoredTest::testClearUserCache
Tourze\PHPUnitSymfonyKernelTest\Exception\ServiceNotFoundException: Service "Tourze\LarkAppBotBundle\Service\User\UserServiceRefactored" not found. Tried IDs: Tourze\LarkAppBotBundle\Service\User\UserServiceRefactored, user_service_refactored, app.user_service_refactored, userServiceRefactored

/home/admin/work/source/php-monorepo/packages/phpunit-symfony-kernel-test/src/ServiceLocator.php:75
/home/admin/work/source/php-monorepo/packages/phpunit-symfony-kernel-test/src/ServiceLocatorTrait.php:25
/home/admin/work/source/php-monorepo/packages/lark-app-bot-bundle/tests/Service/User/UserServiceRefactoredTest.php:224
/home/admin/work/source/php-monorepo/packages/phpunit-symfony-kernel-test/src/AbstractIntegrationTestCase.php:591</error>
      </testcase>
      <testcase name="testClearAllUserCache" file="/home/admin/work/source/php-monorepo/packages/lark-app-bot-bundle/tests/Service/User/UserServiceRefactoredTest.php" line="212" class="Tourze\LarkAppBotBundle\Tests\Service\User\UserServiceRefactoredTest" classname="Tourze.LarkAppBotBundle.Tests.Service.User.UserServiceRefactoredTest" assertions="0" time="0.000000">
        <error type="Tourze\PHPUnitSymfonyKernelTest\Exception\ServiceNotFoundException">Tourze\LarkAppBotBundle\Tests\Service\User\UserServiceRefactoredTest::testClearAllUserCache
Tourze\PHPUnitSymfonyKernelTest\Exception\ServiceNotFoundException: Service "Tourze\LarkAppBotBundle\Service\User\UserServiceRefactored" not found. Tried IDs: Tourze\LarkAppBotBundle\Service\User\UserServiceRefactored, user_service_refactored, app.user_service_refactored, userServiceRefactored

/home/admin/work/source/php-monorepo/packages/phpunit-symfony-kernel-test/src/ServiceLocator.php:75
/home/admin/work/source/php-monorepo/packages/phpunit-symfony-kernel-test/src/ServiceLocatorTrait.php:25
/home/admin/work/source/php-monorepo/packages/lark-app-bot-bundle/tests/Service/User/UserServiceRefactoredTest.php:224
/home/admin/work/source/php-monorepo/packages/phpunit-symfony-kernel-test/src/AbstractIntegrationTestCase.php:591</error>
      </testcase>
    </testsuite>
    <testsuite name="Tourze\LarkAppBotBundle\Tests\Service\User\UserServiceTest" file="/home/admin/work/source/php-monorepo/packages/lark-app-bot-bundle/tests/Service/User/UserServiceTest.php" tests="17" assertions="89" errors="0" failures="0" skipped="0" time="2.285900">
      <testcase name="testShouldHaveRunTestsInSeparateProcesses" file="/home/admin/work/source/php-monorepo/packages/phpunit-symfony-kernel-test/src/AbstractIntegrationTestCase.php" line="919" class="Tourze\LarkAppBotBundle\Tests\Service\User\UserServiceTest" classname="Tourze.LarkAppBotBundle.Tests.Service.User.UserServiceTest" assertions="1" time="0.130818"/>
      <testcase name="testServiceCanBeInstantiated" file="/home/admin/work/source/php-monorepo/packages/lark-app-bot-bundle/tests/Service/User/UserServiceTest.php" line="39" class="Tourze\LarkAppBotBundle\Tests\Service\User\UserServiceTest" classname="Tourze.LarkAppBotBundle.Tests.Service.User.UserServiceTest" assertions="1" time="0.133348"/>
      <testcase name="testServiceHasRequiredMethods" file="/home/admin/work/source/php-monorepo/packages/lark-app-bot-bundle/tests/Service/User/UserServiceTest.php" line="44" class="Tourze\LarkAppBotBundle\Tests\Service\User\UserServiceTest" classname="Tourze.LarkAppBotBundle.Tests.Service.User.UserServiceTest" assertions="8" time="0.133767"/>
      <testcase name="testGetUser" file="/home/admin/work/source/php-monorepo/packages/lark-app-bot-bundle/tests/Service/User/UserServiceTest.php" line="58" class="Tourze\LarkAppBotBundle\Tests\Service\User\UserServiceTest" classname="Tourze.LarkAppBotBundle.Tests.Service.User.UserServiceTest" assertions="13" time="0.132835"/>
      <testcase name="testGetUserWithCache" file="/home/admin/work/source/php-monorepo/packages/lark-app-bot-bundle/tests/Service/User/UserServiceTest.php" line="97" class="Tourze\LarkAppBotBundle\Tests\Service\User\UserServiceTest" classname="Tourze.LarkAppBotBundle.Tests.Service.User.UserServiceTest" assertions="8" time="0.131302"/>
      <testcase name="testBatchGetUsersWithEmptyInput" file="/home/admin/work/source/php-monorepo/packages/lark-app-bot-bundle/tests/Service/User/UserServiceTest.php" line="125" class="Tourze\LarkAppBotBundle\Tests\Service\User\UserServiceTest" classname="Tourze.LarkAppBotBundle.Tests.Service.User.UserServiceTest" assertions="1" time="0.134263"/>
      <testcase name="testBatchGetUsers" file="/home/admin/work/source/php-monorepo/packages/lark-app-bot-bundle/tests/Service/User/UserServiceTest.php" line="132" class="Tourze\LarkAppBotBundle\Tests\Service\User\UserServiceTest" classname="Tourze.LarkAppBotBundle.Tests.Service.User.UserServiceTest" assertions="13" time="0.136413"/>
      <testcase name="testBatchGetUsersAllCached" file="/home/admin/work/source/php-monorepo/packages/lark-app-bot-bundle/tests/Service/User/UserServiceTest.php" line="177" class="Tourze\LarkAppBotBundle\Tests\Service\User\UserServiceTest" classname="Tourze.LarkAppBotBundle.Tests.Service.User.UserServiceTest" assertions="9" time="0.135156"/>
      <testcase name="testSearchUsers" file="/home/admin/work/source/php-monorepo/packages/lark-app-bot-bundle/tests/Service/User/UserServiceTest.php" line="212" class="Tourze\LarkAppBotBundle\Tests\Service\User\UserServiceTest" classname="Tourze.LarkAppBotBundle.Tests.Service.User.UserServiceTest" assertions="3" time="0.137340"/>
      <testcase name="testSearchUsersWithEmptyParams" file="/home/admin/work/source/php-monorepo/packages/lark-app-bot-bundle/tests/Service/User/UserServiceTest.php" line="228" class="Tourze\LarkAppBotBundle\Tests\Service\User\UserServiceTest" classname="Tourze.LarkAppBotBundle.Tests.Service.User.UserServiceTest" assertions="3" time="0.133331"/>
      <testcase name="testGetUserDepartments" file="/home/admin/work/source/php-monorepo/packages/lark-app-bot-bundle/tests/Service/User/UserServiceTest.php" line="243" class="Tourze\LarkAppBotBundle\Tests\Service\User\UserServiceTest" classname="Tourze.LarkAppBotBundle.Tests.Service.User.UserServiceTest" assertions="4" time="0.140299"/>
      <testcase name="testGetUserLeader" file="/home/admin/work/source/php-monorepo/packages/lark-app-bot-bundle/tests/Service/User/UserServiceTest.php" line="260" class="Tourze\LarkAppBotBundle\Tests\Service\User\UserServiceTest" classname="Tourze.LarkAppBotBundle.Tests.Service.User.UserServiceTest" assertions="4" time="0.130246"/>
      <testcase name="testGetUserSubordinates" file="/home/admin/work/source/php-monorepo/packages/lark-app-bot-bundle/tests/Service/User/UserServiceTest.php" line="277" class="Tourze\LarkAppBotBundle\Tests\Service\User\UserServiceTest" classname="Tourze.LarkAppBotBundle.Tests.Service.User.UserServiceTest" assertions="4" time="0.134365"/>
      <testcase name="testHasPermission" file="/home/admin/work/source/php-monorepo/packages/lark-app-bot-bundle/tests/Service/User/UserServiceTest.php" line="294" class="Tourze\LarkAppBotBundle\Tests\Service\User\UserServiceTest" classname="Tourze.LarkAppBotBundle.Tests.Service.User.UserServiceTest" assertions="5" time="0.140555"/>
      <testcase name="testClearUserCache" file="/home/admin/work/source/php-monorepo/packages/lark-app-bot-bundle/tests/Service/User/UserServiceTest.php" line="311" class="Tourze\LarkAppBotBundle\Tests\Service\User\UserServiceTest" classname="Tourze.LarkAppBotBundle.Tests.Service.User.UserServiceTest" assertions="3" time="0.132643"/>
      <testcase name="testClearAllUserCache" file="/home/admin/work/source/php-monorepo/packages/lark-app-bot-bundle/tests/Service/User/UserServiceTest.php" line="325" class="Tourze\LarkAppBotBundle\Tests\Service\User\UserServiceTest" classname="Tourze.LarkAppBotBundle.Tests.Service.User.UserServiceTest" assertions="1" time="0.133258"/>
      <testcase name="testGetUserInfo" file="/home/admin/work/source/php-monorepo/packages/lark-app-bot-bundle/tests/Service/User/UserServiceTest.php" line="335" class="Tourze\LarkAppBotBundle\Tests\Service\User\UserServiceTest" classname="Tourze.LarkAppBotBundle.Tests.Service.User.UserServiceTest" assertions="8" time="0.135961"/>
    </testsuite>
    <testsuite name="Tourze\LarkAppBotBundle\Tests\Service\User\UserStatusCheckerTest" file="/home/admin/work/source/php-monorepo/packages/lark-app-bot-bundle/tests/Service/User/UserStatusCheckerTest.php" tests="8" assertions="23" errors="0" failures="0" skipped="0" time="0.000917">
      <testcase name="testCheckUserStatusActive" file="/home/admin/work/source/php-monorepo/packages/lark-app-bot-bundle/tests/Service/User/UserStatusCheckerTest.php" line="24" class="Tourze\LarkAppBotBundle\Tests\Service\User\UserStatusCheckerTest" classname="Tourze.LarkAppBotBundle.Tests.Service.User.UserStatusCheckerTest" assertions="4" time="0.000199"/>
      <testcase name="testCheckUserStatusFrozen" file="/home/admin/work/source/php-monorepo/packages/lark-app-bot-bundle/tests/Service/User/UserStatusCheckerTest.php" line="40" class="Tourze\LarkAppBotBundle\Tests\Service\User\UserStatusCheckerTest" classname="Tourze.LarkAppBotBundle.Tests.Service.User.UserStatusCheckerTest" assertions="4" time="0.000086"/>
      <testcase name="testCheckUserStatusResigned" file="/home/admin/work/source/php-monorepo/packages/lark-app-bot-bundle/tests/Service/User/UserStatusCheckerTest.php" line="56" class="Tourze\LarkAppBotBundle\Tests\Service\User\UserStatusCheckerTest" classname="Tourze.LarkAppBotBundle.Tests.Service.User.UserStatusCheckerTest" assertions="4" time="0.000066"/>
      <testcase name="testCheckUserStatusExited" file="/home/admin/work/source/php-monorepo/packages/lark-app-bot-bundle/tests/Service/User/UserStatusCheckerTest.php" line="72" class="Tourze\LarkAppBotBundle\Tests\Service\User\UserStatusCheckerTest" classname="Tourze.LarkAppBotBundle.Tests.Service.User.UserStatusCheckerTest" assertions="2" time="0.000187"/>
      <testcase name="testCheckUserStatusUnjoin" file="/home/admin/work/source/php-monorepo/packages/lark-app-bot-bundle/tests/Service/User/UserStatusCheckerTest.php" line="87" class="Tourze\LarkAppBotBundle\Tests\Service\User\UserStatusCheckerTest" classname="Tourze.LarkAppBotBundle.Tests.Service.User.UserStatusCheckerTest" assertions="2" time="0.000178"/>
      <testcase name="testCheckUserStatusNotActivated" file="/home/admin/work/source/php-monorepo/packages/lark-app-bot-bundle/tests/Service/User/UserStatusCheckerTest.php" line="102" class="Tourze\LarkAppBotBundle\Tests\Service\User\UserStatusCheckerTest" classname="Tourze.LarkAppBotBundle.Tests.Service.User.UserStatusCheckerTest" assertions="2" time="0.000077"/>
      <testcase name="testCheckUserStatusEmptyData" file="/home/admin/work/source/php-monorepo/packages/lark-app-bot-bundle/tests/Service/User/UserStatusCheckerTest.php" line="116" class="Tourze\LarkAppBotBundle\Tests\Service\User\UserStatusCheckerTest" classname="Tourze.LarkAppBotBundle.Tests.Service.User.UserStatusCheckerTest" assertions="4" time="0.000064"/>
      <testcase name="testCheckUserStatusPriorityOrder" file="/home/admin/work/source/php-monorepo/packages/lark-app-bot-bundle/tests/Service/User/UserStatusCheckerTest.php" line="128" class="Tourze\LarkAppBotBundle\Tests\Service\User\UserStatusCheckerTest" classname="Tourze.LarkAppBotBundle.Tests.Service.User.UserStatusCheckerTest" assertions="1" time="0.000061"/>
    </testsuite>
    <testsuite name="Tourze\LarkAppBotBundle\Tests\Service\User\UserSyncServiceRefactoredTest" file="/home/admin/work/source/php-monorepo/packages/lark-app-bot-bundle/tests/Service/User/UserSyncServiceRefactoredTest.php" tests="6" assertions="0" errors="6" failures="0" skipped="0" time="0.000000">
      <testcase name="testShouldHaveRunTestsInSeparateProcesses" file="/home/admin/work/source/php-monorepo/packages/phpunit-symfony-kernel-test/src/AbstractIntegrationTestCase.php" line="919" class="Tourze\LarkAppBotBundle\Tests\Service\User\UserSyncServiceRefactoredTest" classname="Tourze.LarkAppBotBundle.Tests.Service.User.UserSyncServiceRefactoredTest" assertions="0" time="0.000000">
        <error type="Tourze\PHPUnitSymfonyKernelTest\Exception\ServiceNotFoundException">Tourze\LarkAppBotBundle\Tests\Service\User\UserSyncServiceRefactoredTest::testShouldHaveRunTestsInSeparateProcesses
Tourze\PHPUnitSymfonyKernelTest\Exception\ServiceNotFoundException: Service "Tourze\LarkAppBotBundle\Service\User\UserSyncServiceRefactored" not found. Tried IDs: Tourze\LarkAppBotBundle\Service\User\UserSyncServiceRefactored, user_sync_service_refactored, app.user_sync_service_refactored, userSyncServiceRefactored

/home/admin/work/source/php-monorepo/packages/phpunit-symfony-kernel-test/src/ServiceLocator.php:75
/home/admin/work/source/php-monorepo/packages/phpunit-symfony-kernel-test/src/ServiceLocatorTrait.php:25
/home/admin/work/source/php-monorepo/packages/lark-app-bot-bundle/tests/Service/User/UserSyncServiceRefactoredTest.php:316
/home/admin/work/source/php-monorepo/packages/phpunit-symfony-kernel-test/src/AbstractIntegrationTestCase.php:591</error>
      </testcase>
      <testcase name="testSyncUser" file="/home/admin/work/source/php-monorepo/packages/lark-app-bot-bundle/tests/Service/User/UserSyncServiceRefactoredTest.php" line="43" class="Tourze\LarkAppBotBundle\Tests\Service\User\UserSyncServiceRefactoredTest" classname="Tourze.LarkAppBotBundle.Tests.Service.User.UserSyncServiceRefactoredTest" assertions="0" time="0.000000">
        <error type="Tourze\PHPUnitSymfonyKernelTest\Exception\ServiceNotFoundException">Tourze\LarkAppBotBundle\Tests\Service\User\UserSyncServiceRefactoredTest::testSyncUser
Tourze\PHPUnitSymfonyKernelTest\Exception\ServiceNotFoundException: Service "Tourze\LarkAppBotBundle\Service\User\UserSyncServiceRefactored" not found. Tried IDs: Tourze\LarkAppBotBundle\Service\User\UserSyncServiceRefactored, user_sync_service_refactored, app.user_sync_service_refactored, userSyncServiceRefactored

/home/admin/work/source/php-monorepo/packages/phpunit-symfony-kernel-test/src/ServiceLocator.php:75
/home/admin/work/source/php-monorepo/packages/phpunit-symfony-kernel-test/src/ServiceLocatorTrait.php:25
/home/admin/work/source/php-monorepo/packages/lark-app-bot-bundle/tests/Service/User/UserSyncServiceRefactoredTest.php:316
/home/admin/work/source/php-monorepo/packages/phpunit-symfony-kernel-test/src/AbstractIntegrationTestCase.php:591</error>
      </testcase>
      <testcase name="testSyncUserSkipsWhenNotNeeded" file="/home/admin/work/source/php-monorepo/packages/lark-app-bot-bundle/tests/Service/User/UserSyncServiceRefactoredTest.php" line="105" class="Tourze\LarkAppBotBundle\Tests\Service\User\UserSyncServiceRefactoredTest" classname="Tourze.LarkAppBotBundle.Tests.Service.User.UserSyncServiceRefactoredTest" assertions="0" time="0.000000">
        <error type="Tourze\PHPUnitSymfonyKernelTest\Exception\ServiceNotFoundException">Tourze\LarkAppBotBundle\Tests\Service\User\UserSyncServiceRefactoredTest::testSyncUserSkipsWhenNotNeeded
Tourze\PHPUnitSymfonyKernelTest\Exception\ServiceNotFoundException: Service "Tourze\LarkAppBotBundle\Service\User\UserSyncServiceRefactored" not found. Tried IDs: Tourze\LarkAppBotBundle\Service\User\UserSyncServiceRefactored, user_sync_service_refactored, app.user_sync_service_refactored, userSyncServiceRefactored

/home/admin/work/source/php-monorepo/packages/phpunit-symfony-kernel-test/src/ServiceLocator.php:75
/home/admin/work/source/php-monorepo/packages/phpunit-symfony-kernel-test/src/ServiceLocatorTrait.php:25
/home/admin/work/source/php-monorepo/packages/lark-app-bot-bundle/tests/Service/User/UserSyncServiceRefactoredTest.php:316
/home/admin/work/source/php-monorepo/packages/phpunit-symfony-kernel-test/src/AbstractIntegrationTestCase.php:591</error>
      </testcase>
      <testcase name="testBatchSyncUsers" file="/home/admin/work/source/php-monorepo/packages/lark-app-bot-bundle/tests/Service/User/UserSyncServiceRefactoredTest.php" line="133" class="Tourze\LarkAppBotBundle\Tests\Service\User\UserSyncServiceRefactoredTest" classname="Tourze.LarkAppBotBundle.Tests.Service.User.UserSyncServiceRefactoredTest" assertions="0" time="0.000000">
        <error type="Tourze\PHPUnitSymfonyKernelTest\Exception\ServiceNotFoundException">Tourze\LarkAppBotBundle\Tests\Service\User\UserSyncServiceRefactoredTest::testBatchSyncUsers
Tourze\PHPUnitSymfonyKernelTest\Exception\ServiceNotFoundException: Service "Tourze\LarkAppBotBundle\Service\User\UserSyncServiceRefactored" not found. Tried IDs: Tourze\LarkAppBotBundle\Service\User\UserSyncServiceRefactored, user_sync_service_refactored, app.user_sync_service_refactored, userSyncServiceRefactored

/home/admin/work/source/php-monorepo/packages/phpunit-symfony-kernel-test/src/ServiceLocator.php:75
/home/admin/work/source/php-monorepo/packages/phpunit-symfony-kernel-test/src/ServiceLocatorTrait.php:25
/home/admin/work/source/php-monorepo/packages/lark-app-bot-bundle/tests/Service/User/UserSyncServiceRefactoredTest.php:316
/home/admin/work/source/php-monorepo/packages/phpunit-symfony-kernel-test/src/AbstractIntegrationTestCase.php:591</error>
      </testcase>
      <testcase name="testSyncDepartmentUsers" file="/home/admin/work/source/php-monorepo/packages/lark-app-bot-bundle/tests/Service/User/UserSyncServiceRefactoredTest.php" line="231" class="Tourze\LarkAppBotBundle\Tests\Service\User\UserSyncServiceRefactoredTest" classname="Tourze.LarkAppBotBundle.Tests.Service.User.UserSyncServiceRefactoredTest" assertions="0" time="0.000000">
        <error type="Tourze\PHPUnitSymfonyKernelTest\Exception\ServiceNotFoundException">Tourze\LarkAppBotBundle\Tests\Service\User\UserSyncServiceRefactoredTest::testSyncDepartmentUsers
Tourze\PHPUnitSymfonyKernelTest\Exception\ServiceNotFoundException: Service "Tourze\LarkAppBotBundle\Service\User\UserSyncServiceRefactored" not found. Tried IDs: Tourze\LarkAppBotBundle\Service\User\UserSyncServiceRefactored, user_sync_service_refactored, app.user_sync_service_refactored, userSyncServiceRefactored

/home/admin/work/source/php-monorepo/packages/phpunit-symfony-kernel-test/src/ServiceLocator.php:75
/home/admin/work/source/php-monorepo/packages/phpunit-symfony-kernel-test/src/ServiceLocatorTrait.php:25
/home/admin/work/source/php-monorepo/packages/lark-app-bot-bundle/tests/Service/User/UserSyncServiceRefactoredTest.php:316
/home/admin/work/source/php-monorepo/packages/phpunit-symfony-kernel-test/src/AbstractIntegrationTestCase.php:591</error>
      </testcase>
      <testcase name="testClearSyncHistory" file="/home/admin/work/source/php-monorepo/packages/lark-app-bot-bundle/tests/Service/User/UserSyncServiceRefactoredTest.php" line="299" class="Tourze\LarkAppBotBundle\Tests\Service\User\UserSyncServiceRefactoredTest" classname="Tourze.LarkAppBotBundle.Tests.Service.User.UserSyncServiceRefactoredTest" assertions="0" time="0.000000">
        <error type="Tourze\PHPUnitSymfonyKernelTest\Exception\ServiceNotFoundException">Tourze\LarkAppBotBundle\Tests\Service\User\UserSyncServiceRefactoredTest::testClearSyncHistory
Tourze\PHPUnitSymfonyKernelTest\Exception\ServiceNotFoundException: Service "Tourze\LarkAppBotBundle\Service\User\UserSyncServiceRefactored" not found. Tried IDs: Tourze\LarkAppBotBundle\Service\User\UserSyncServiceRefactored, user_sync_service_refactored, app.user_sync_service_refactored, userSyncServiceRefactored

/home/admin/work/source/php-monorepo/packages/phpunit-symfony-kernel-test/src/ServiceLocator.php:75
/home/admin/work/source/php-monorepo/packages/phpunit-symfony-kernel-test/src/ServiceLocatorTrait.php:25
/home/admin/work/source/php-monorepo/packages/lark-app-bot-bundle/tests/Service/User/UserSyncServiceRefactoredTest.php:316
/home/admin/work/source/php-monorepo/packages/phpunit-symfony-kernel-test/src/AbstractIntegrationTestCase.php:591</error>
      </testcase>
    </testsuite>
    <testsuite name="Tourze\LarkAppBotBundle\Tests\Service\User\UserSyncServiceTest" file="/home/admin/work/source/php-monorepo/packages/lark-app-bot-bundle/tests/Service/User/UserSyncServiceTest.php" tests="15" assertions="10" errors="7" failures="7" skipped="0" time="3.611320">
      <testcase name="testShouldHaveRunTestsInSeparateProcesses" file="/home/admin/work/source/php-monorepo/packages/phpunit-symfony-kernel-test/src/AbstractIntegrationTestCase.php" line="919" class="Tourze\LarkAppBotBundle\Tests\Service\User\UserSyncServiceTest" classname="Tourze.LarkAppBotBundle.Tests.Service.User.UserSyncServiceTest" assertions="1" time="0.092953"/>
      <testcase name="testSyncUserSkipped" file="/home/admin/work/source/php-monorepo/packages/lark-app-bot-bundle/tests/Service/User/UserSyncServiceTest.php" line="47" class="Tourze\LarkAppBotBundle\Tests\Service\User\UserSyncServiceTest" classname="Tourze.LarkAppBotBundle.Tests.Service.User.UserSyncServiceTest" assertions="0" time="0.279809">
        <error type="Tourze\LarkAppBotBundle\Exception\GenericApiException">Tourze\LarkAppBotBundle\Tests\Service\User\UserSyncServiceTest::testSyncUserSkipped
Tourze\LarkAppBotBundle\Exception\GenericApiException: 用户数据同步失败: 获取用户信息失败: Failed to get access token: invalid param

/home/admin/work/source/php-monorepo/packages/lark-app-bot-bundle/src/Service/User/Sync/SyncErrorHandler.php:138
/home/admin/work/source/php-monorepo/packages/lark-app-bot-bundle/src/Service/User/UserSyncService.php:53
/home/admin/work/source/php-monorepo/packages/lark-app-bot-bundle/tests/Service/User/UserSyncServiceTest.php:54</error>
      </testcase>
      <testcase name="testSyncUserForced" file="/home/admin/work/source/php-monorepo/packages/lark-app-bot-bundle/tests/Service/User/UserSyncServiceTest.php" line="60" class="Tourze\LarkAppBotBundle\Tests\Service\User\UserSyncServiceTest" classname="Tourze.LarkAppBotBundle.Tests.Service.User.UserSyncServiceTest" assertions="0" time="0.279205">
        <error type="Tourze\LarkAppBotBundle\Exception\GenericApiException">Tourze\LarkAppBotBundle\Tests\Service\User\UserSyncServiceTest::testSyncUserForced
Tourze\LarkAppBotBundle\Exception\GenericApiException: 用户数据同步失败: 获取用户信息失败: Failed to get access token: invalid param

/home/admin/work/source/php-monorepo/packages/lark-app-bot-bundle/src/Service/User/Sync/SyncErrorHandler.php:138
/home/admin/work/source/php-monorepo/packages/lark-app-bot-bundle/src/Service/User/UserSyncService.php:53
/home/admin/work/source/php-monorepo/packages/lark-app-bot-bundle/tests/Service/User/UserSyncServiceTest.php:66</error>
      </testcase>
      <testcase name="testSyncUserWithUpdateEvent" file="/home/admin/work/source/php-monorepo/packages/lark-app-bot-bundle/tests/Service/User/UserSyncServiceTest.php" line="72" class="Tourze\LarkAppBotBundle\Tests\Service\User\UserSyncServiceTest" classname="Tourze.LarkAppBotBundle.Tests.Service.User.UserSyncServiceTest" assertions="0" time="0.208999">
        <error type="Tourze\LarkAppBotBundle\Exception\GenericApiException">Tourze\LarkAppBotBundle\Tests\Service\User\UserSyncServiceTest::testSyncUserWithUpdateEvent
Tourze\LarkAppBotBundle\Exception\GenericApiException: 用户数据同步失败: 获取用户信息失败: Failed to get access token: invalid param

/home/admin/work/source/php-monorepo/packages/lark-app-bot-bundle/src/Service/User/Sync/SyncErrorHandler.php:138
/home/admin/work/source/php-monorepo/packages/lark-app-bot-bundle/src/Service/User/UserSyncService.php:53
/home/admin/work/source/php-monorepo/packages/lark-app-bot-bundle/tests/Service/User/UserSyncServiceTest.php:130</error>
      </testcase>
      <testcase name="testSyncUserWithException" file="/home/admin/work/source/php-monorepo/packages/lark-app-bot-bundle/tests/Service/User/UserSyncServiceTest.php" line="135" class="Tourze\LarkAppBotBundle\Tests\Service\User\UserSyncServiceTest" classname="Tourze.LarkAppBotBundle.Tests.Service.User.UserSyncServiceTest" assertions="2" time="0.234023">
        <failure type="PHPUnit\Framework\ExpectationFailedException">Tourze\LarkAppBotBundle\Tests\Service\User\UserSyncServiceTest::testSyncUserWithException
Failed asserting that exception message '用户数据同步失败: 获取用户信息失败: Failed to get access token: invalid param' contains '用户数据同步失败: API Error'.</failure>
      </testcase>
      <testcase name="testSyncUserWithCacheFallback" file="/home/admin/work/source/php-monorepo/packages/lark-app-bot-bundle/tests/Service/User/UserSyncServiceTest.php" line="169" class="Tourze\LarkAppBotBundle\Tests\Service\User\UserSyncServiceTest" classname="Tourze.LarkAppBotBundle.Tests.Service.User.UserSyncServiceTest" assertions="0" time="0.297269">
        <error type="Tourze\LarkAppBotBundle\Exception\GenericApiException">Tourze\LarkAppBotBundle\Tests\Service\User\UserSyncServiceTest::testSyncUserWithCacheFallback
Tourze\LarkAppBotBundle\Exception\GenericApiException: 用户数据同步失败: 获取用户信息失败: Failed to get access token: invalid param

/home/admin/work/source/php-monorepo/packages/lark-app-bot-bundle/src/Service/User/Sync/SyncErrorHandler.php:138
/home/admin/work/source/php-monorepo/packages/lark-app-bot-bundle/src/Service/User/UserSyncService.php:53
/home/admin/work/source/php-monorepo/packages/lark-app-bot-bundle/tests/Service/User/UserSyncServiceTest.php:192</error>
      </testcase>
      <testcase name="testSyncUserWithCacheMissAndForcedSync" file="/home/admin/work/source/php-monorepo/packages/lark-app-bot-bundle/tests/Service/User/UserSyncServiceTest.php" line="197" class="Tourze\LarkAppBotBundle\Tests\Service\User\UserSyncServiceTest" classname="Tourze.LarkAppBotBundle.Tests.Service.User.UserSyncServiceTest" assertions="0" time="0.333901">
        <error type="Tourze\LarkAppBotBundle\Exception\GenericApiException">Tourze\LarkAppBotBundle\Tests\Service\User\UserSyncServiceTest::testSyncUserWithCacheMissAndForcedSync
Tourze\LarkAppBotBundle\Exception\GenericApiException: 用户数据同步失败: 获取用户信息失败: Failed to get access token: invalid param

/home/admin/work/source/php-monorepo/packages/lark-app-bot-bundle/src/Service/User/Sync/SyncErrorHandler.php:138
/home/admin/work/source/php-monorepo/packages/lark-app-bot-bundle/src/Service/User/UserSyncService.php:53
/home/admin/work/source/php-monorepo/packages/lark-app-bot-bundle/tests/Service/User/UserSyncServiceTest.php:233</error>
      </testcase>
      <testcase name="testBatchSyncUsers" file="/home/admin/work/source/php-monorepo/packages/lark-app-bot-bundle/tests/Service/User/UserSyncServiceTest.php" line="238" class="Tourze\LarkAppBotBundle\Tests\Service\User\UserSyncServiceTest" classname="Tourze.LarkAppBotBundle.Tests.Service.User.UserSyncServiceTest" assertions="1" time="0.301735">
        <failure type="PHPUnit\Framework\ExpectationFailedException">Tourze\LarkAppBotBundle\Tests\Service\User\UserSyncServiceTest::testBatchSyncUsers
Failed asserting that two arrays are identical.
--- Expected
+++ Actual
@@ @@
 Array &amp;0 [
-    'success' =&gt; Array &amp;1 [
-        'user1' =&gt; Array &amp;2 [
-            'name' =&gt; 'User 1',
-        ],
+    'success' =&gt; Array &amp;1 [],
+    'failed' =&gt; Array &amp;2 [
+        0 =&gt; 'user1',
+        1 =&gt; 'user2',
+        2 =&gt; 'user3',
     ],
-    'failed' =&gt; Array &amp;3 [
-        0 =&gt; 'user2',
-    ],
-    'skipped' =&gt; Array &amp;4 [
-        0 =&gt; 'user3',
-    ],
+    'skipped' =&gt; Array &amp;3 [],
 ]

/home/admin/work/source/php-monorepo/packages/lark-app-bot-bundle/tests/Service/User/UserSyncServiceTest.php:257</failure>
      </testcase>
      <testcase name="testSyncDepartmentUsers" file="/home/admin/work/source/php-monorepo/packages/lark-app-bot-bundle/tests/Service/User/UserSyncServiceTest.php" line="260" class="Tourze\LarkAppBotBundle\Tests\Service\User\UserSyncServiceTest" classname="Tourze.LarkAppBotBundle.Tests.Service.User.UserSyncServiceTest" assertions="1" time="0.221972">
        <failure type="PHPUnit\Framework\ExpectationFailedException">Tourze\LarkAppBotBundle\Tests\Service\User\UserSyncServiceTest::testSyncDepartmentUsers
Failed asserting that two arrays are identical.
--- Expected
+++ Actual
@@ @@
 Array &amp;0 [
-    'success' =&gt; Array &amp;1 [
-        'user1' =&gt; Array &amp;2 [
-            'name' =&gt; 'User 1',
-        ],
-    ],
-    'failed' =&gt; Array &amp;3 [],
-    'skipped' =&gt; Array &amp;4 [
-        0 =&gt; 'user2',
-    ],
+    'success' =&gt; Array &amp;1 [],
+    'failed' =&gt; Array &amp;2 [],
+    'skipped' =&gt; Array &amp;3 [],
 ]

/home/admin/work/source/php-monorepo/packages/lark-app-bot-bundle/tests/Service/User/UserSyncServiceTest.php:306</failure>
      </testcase>
      <testcase name="testSyncDepartmentUsersWithException" file="/home/admin/work/source/php-monorepo/packages/lark-app-bot-bundle/tests/Service/User/UserSyncServiceTest.php" line="309" class="Tourze\LarkAppBotBundle\Tests\Service\User\UserSyncServiceTest" classname="Tourze.LarkAppBotBundle.Tests.Service.User.UserSyncServiceTest" assertions="2" time="0.240521">
        <failure type="PHPUnit\Framework\ExpectationFailedException">Tourze\LarkAppBotBundle\Tests\Service\User\UserSyncServiceTest::testSyncDepartmentUsersWithException
Expectation failed for method name is "searchUsers" when invoked 1 time.
Method was expected to be called 1 time, actually called 0 times.</failure>
      </testcase>
      <testcase name="testSyncDepartmentUsersWithPagination" file="/home/admin/work/source/php-monorepo/packages/lark-app-bot-bundle/tests/Service/User/UserSyncServiceTest.php" line="343" class="Tourze\LarkAppBotBundle\Tests\Service\User\UserSyncServiceTest" classname="Tourze.LarkAppBotBundle.Tests.Service.User.UserSyncServiceTest" assertions="1" time="0.230643">
        <failure type="PHPUnit\Framework\ExpectationFailedException">Tourze\LarkAppBotBundle\Tests\Service\User\UserSyncServiceTest::testSyncDepartmentUsersWithPagination
Expectation failed for method name is "searchUsers" when invoked 2 times.
Method was expected to be called 2 times, actually called 0 times.</failure>
      </testcase>
      <testcase name="testClearSyncHistory" file="/home/admin/work/source/php-monorepo/packages/lark-app-bot-bundle/tests/Service/User/UserSyncServiceTest.php" line="383" class="Tourze\LarkAppBotBundle\Tests\Service\User\UserSyncServiceTest" classname="Tourze.LarkAppBotBundle.Tests.Service.User.UserSyncServiceTest" assertions="1" time="0.119368">
        <failure type="PHPUnit\Framework\ExpectationFailedException">Tourze\LarkAppBotBundle\Tests\Service\User\UserSyncServiceTest::testClearSyncHistory
Expectation failed for method name is "clearSyncHistory" when invoked 1 time.
Method was expected to be called 1 time, actually called 0 times.</failure>
      </testcase>
      <testcase name="testSyncUserWithInvalidData" file="/home/admin/work/source/php-monorepo/packages/lark-app-bot-bundle/tests/Service/User/UserSyncServiceTest.php" line="397" class="Tourze\LarkAppBotBundle\Tests\Service\User\UserSyncServiceTest" classname="Tourze.LarkAppBotBundle.Tests.Service.User.UserSyncServiceTest" assertions="0" time="0.300632">
        <error type="Tourze\LarkAppBotBundle\Exception\GenericApiException">Tourze\LarkAppBotBundle\Tests\Service\User\UserSyncServiceTest::testSyncUserWithInvalidData
Tourze\LarkAppBotBundle\Exception\GenericApiException: 用户数据同步失败: 获取用户信息失败: Failed to get access token: invalid param

/home/admin/work/source/php-monorepo/packages/lark-app-bot-bundle/src/Service/User/Sync/SyncErrorHandler.php:138
/home/admin/work/source/php-monorepo/packages/lark-app-bot-bundle/src/Service/User/UserSyncService.php:53
/home/admin/work/source/php-monorepo/packages/lark-app-bot-bundle/tests/Service/User/UserSyncServiceTest.php:431</error>
      </testcase>
      <testcase name="testSyncUserDefaultParameters" file="/home/admin/work/source/php-monorepo/packages/lark-app-bot-bundle/tests/Service/User/UserSyncServiceTest.php" line="436" class="Tourze\LarkAppBotBundle\Tests\Service\User\UserSyncServiceTest" classname="Tourze.LarkAppBotBundle.Tests.Service.User.UserSyncServiceTest" assertions="0" time="0.250000">
        <error type="Tourze\LarkAppBotBundle\Exception\GenericApiException">Tourze\LarkAppBotBundle\Tests\Service\User\UserSyncServiceTest::testSyncUserDefaultParameters
Tourze\LarkAppBotBundle\Exception\GenericApiException: 用户数据同步失败: 获取用户信息失败: Failed to get access token: invalid param

/home/admin/work/source/php-monorepo/packages/lark-app-bot-bundle/src/Service/User/Sync/SyncErrorHandler.php:138
/home/admin/work/source/php-monorepo/packages/lark-app-bot-bundle/src/Service/User/UserSyncService.php:53
/home/admin/work/source/php-monorepo/packages/lark-app-bot-bundle/tests/Service/User/UserSyncServiceTest.php:471</error>
      </testcase>
      <testcase name="testBatchSyncUsersDefaultParameters" file="/home/admin/work/source/php-monorepo/packages/lark-app-bot-bundle/tests/Service/User/UserSyncServiceTest.php" line="476" class="Tourze\LarkAppBotBundle\Tests\Service\User\UserSyncServiceTest" classname="Tourze.LarkAppBotBundle.Tests.Service.User.UserSyncServiceTest" assertions="1" time="0.220290">
        <failure type="PHPUnit\Framework\ExpectationFailedException">Tourze\LarkAppBotBundle\Tests\Service\User\UserSyncServiceTest::testBatchSyncUsersDefaultParameters
Failed asserting that two arrays are identical.
--- Expected
+++ Actual
@@ @@
 Array &amp;0 [
     'success' =&gt; Array &amp;1 [],
-    'failed' =&gt; Array &amp;2 [],
+    'failed' =&gt; Array &amp;2 [
+        0 =&gt; 'user1',
+        1 =&gt; 'user2',
+    ],
     'skipped' =&gt; Array &amp;3 [],
 ]

/home/admin/work/source/php-monorepo/packages/lark-app-bot-bundle/tests/Service/User/UserSyncServiceTest.php:493</failure>
      </testcase>
    </testsuite>
    <testsuite name="Tourze\LarkAppBotBundle\Tests\Service\User\UserToolsTest" file="/home/admin/work/source/php-monorepo/packages/lark-app-bot-bundle/tests/Service/User/UserToolsTest.php" tests="23" assertions="84" errors="0" failures="0" skipped="0" time="0.002834">
      <testcase name="testValidateUserIdTypeValid" file="/home/admin/work/source/php-monorepo/packages/lark-app-bot-bundle/tests/Service/User/UserToolsTest.php" line="19" class="Tourze\LarkAppBotBundle\Tests\Service\User\UserToolsTest" classname="Tourze.LarkAppBotBundle.Tests.Service.User.UserToolsTest" assertions="0" time="0.000206"/>
      <testcase name="testValidateUserIdTypeInvalid" file="/home/admin/work/source/php-monorepo/packages/lark-app-bot-bundle/tests/Service/User/UserToolsTest.php" line="29" class="Tourze\LarkAppBotBundle\Tests\Service\User\UserToolsTest" classname="Tourze.LarkAppBotBundle.Tests.Service.User.UserToolsTest" assertions="1" time="0.000095"/>
      <testcase name="testExtractUserId" file="/home/admin/work/source/php-monorepo/packages/lark-app-bot-bundle/tests/Service/User/UserToolsTest.php" line="36" class="Tourze\LarkAppBotBundle\Tests\Service\User\UserToolsTest" classname="Tourze.LarkAppBotBundle.Tests.Service.User.UserToolsTest" assertions="5" time="0.000063"/>
      <testcase name="testExtractUserIdWithMissingField" file="/home/admin/work/source/php-monorepo/packages/lark-app-bot-bundle/tests/Service/User/UserToolsTest.php" line="53" class="Tourze\LarkAppBotBundle\Tests\Service\User\UserToolsTest" classname="Tourze.LarkAppBotBundle.Tests.Service.User.UserToolsTest" assertions="2" time="0.000047"/>
      <testcase name="testGetAllUserIds" file="/home/admin/work/source/php-monorepo/packages/lark-app-bot-bundle/tests/Service/User/UserToolsTest.php" line="64" class="Tourze\LarkAppBotBundle\Tests\Service\User\UserToolsTest" classname="Tourze.LarkAppBotBundle.Tests.Service.User.UserToolsTest" assertions="9" time="0.000055"/>
      <testcase name="testFormatDisplayName" file="/home/admin/work/source/php-monorepo/packages/lark-app-bot-bundle/tests/Service/User/UserToolsTest.php" line="87" class="Tourze\LarkAppBotBundle\Tests\Service\User\UserToolsTest" classname="Tourze.LarkAppBotBundle.Tests.Service.User.UserToolsTest" assertions="6" time="0.000063"/>
      <testcase name="testGetAvatarUrl" file="/home/admin/work/source/php-monorepo/packages/lark-app-bot-bundle/tests/Service/User/UserToolsTest.php" line="111" class="Tourze\LarkAppBotBundle\Tests\Service\User\UserToolsTest" classname="Tourze.LarkAppBotBundle.Tests.Service.User.UserToolsTest" assertions="3" time="0.000053"/>
      <testcase name="testGetAvatarUrlWithMissingAvatar" file="/home/admin/work/source/php-monorepo/packages/lark-app-bot-bundle/tests/Service/User/UserToolsTest.php" line="126" class="Tourze\LarkAppBotBundle\Tests\Service\User\UserToolsTest" classname="Tourze.LarkAppBotBundle.Tests.Service.User.UserToolsTest" assertions="1" time="0.000055"/>
      <testcase name="testCheckUserStatus" file="/home/admin/work/source/php-monorepo/packages/lark-app-bot-bundle/tests/Service/User/UserToolsTest.php" line="133" class="Tourze\LarkAppBotBundle\Tests\Service\User\UserToolsTest" classname="Tourze.LarkAppBotBundle.Tests.Service.User.UserToolsTest" assertions="9" time="0.000057"/>
      <testcase name="testParsePermissions" file="/home/admin/work/source/php-monorepo/packages/lark-app-bot-bundle/tests/Service/User/UserToolsTest.php" line="156" class="Tourze\LarkAppBotBundle\Tests\Service\User\UserToolsTest" classname="Tourze.LarkAppBotBundle.Tests.Service.User.UserToolsTest" assertions="2" time="0.000056"/>
      <testcase name="testCalculateOrgLevel" file="/home/admin/work/source/php-monorepo/packages/lark-app-bot-bundle/tests/Service/User/UserToolsTest.php" line="171" class="Tourze\LarkAppBotBundle\Tests\Service\User\UserToolsTest" classname="Tourze.LarkAppBotBundle.Tests.Service.User.UserToolsTest" assertions="3" time="0.000103"/>
      <testcase name="testFormatContactInfo" file="/home/admin/work/source/php-monorepo/packages/lark-app-bot-bundle/tests/Service/User/UserToolsTest.php" line="188" class="Tourze\LarkAppBotBundle\Tests\Service\User\UserToolsTest" classname="Tourze.LarkAppBotBundle.Tests.Service.User.UserToolsTest" assertions="10" time="0.000068"/>
      <testcase name="testGetPrimaryDepartmentId" file="/home/admin/work/source/php-monorepo/packages/lark-app-bot-bundle/tests/Service/User/UserToolsTest.php" line="214" class="Tourze\LarkAppBotBundle\Tests\Service\User\UserToolsTest" classname="Tourze.LarkAppBotBundle.Tests.Service.User.UserToolsTest" assertions="1" time="0.000043"/>
      <testcase name="testGetPrimaryDepartmentIdWithNoPrimary" file="/home/admin/work/source/php-monorepo/packages/lark-app-bot-bundle/tests/Service/User/UserToolsTest.php" line="236" class="Tourze\LarkAppBotBundle\Tests\Service\User\UserToolsTest" classname="Tourze.LarkAppBotBundle.Tests.Service.User.UserToolsTest" assertions="1" time="0.000058"/>
      <testcase name="testGetPrimaryDepartmentIdWithEmptyArray" file="/home/admin/work/source/php-monorepo/packages/lark-app-bot-bundle/tests/Service/User/UserToolsTest.php" line="255" class="Tourze\LarkAppBotBundle\Tests\Service\User\UserToolsTest" classname="Tourze.LarkAppBotBundle.Tests.Service.User.UserToolsTest" assertions="1" time="0.000049"/>
      <testcase name="testCompareUserInfo" file="/home/admin/work/source/php-monorepo/packages/lark-app-bot-bundle/tests/Service/User/UserToolsTest.php" line="262" class="Tourze\LarkAppBotBundle\Tests\Service\User\UserToolsTest" classname="Tourze.LarkAppBotBundle.Tests.Service.User.UserToolsTest" assertions="4" time="0.000060"/>
      <testcase name="testGenerateUserSummary" file="/home/admin/work/source/php-monorepo/packages/lark-app-bot-bundle/tests/Service/User/UserToolsTest.php" line="284" class="Tourze\LarkAppBotBundle\Tests\Service\User\UserToolsTest" classname="Tourze.LarkAppBotBundle.Tests.Service.User.UserToolsTest" assertions="6" time="0.000072"/>
      <testcase name="testGetUserByEmail" file="/home/admin/work/source/php-monorepo/packages/lark-app-bot-bundle/tests/Service/User/UserToolsTest.php" line="307" class="Tourze\LarkAppBotBundle\Tests\Service\User\UserToolsTest" classname="Tourze.LarkAppBotBundle.Tests.Service.User.UserToolsTest" assertions="3" time="0.000917"/>
      <testcase name="testGetUserByEmailWithException" file="/home/admin/work/source/php-monorepo/packages/lark-app-bot-bundle/tests/Service/User/UserToolsTest.php" line="324" class="Tourze\LarkAppBotBundle\Tests\Service\User\UserToolsTest" classname="Tourze.LarkAppBotBundle.Tests.Service.User.UserToolsTest" assertions="3" time="0.000186"/>
      <testcase name="testGetUserByMobile" file="/home/admin/work/source/php-monorepo/packages/lark-app-bot-bundle/tests/Service/User/UserToolsTest.php" line="341" class="Tourze\LarkAppBotBundle\Tests\Service\User\UserToolsTest" classname="Tourze.LarkAppBotBundle.Tests.Service.User.UserToolsTest" assertions="3" time="0.000118"/>
      <testcase name="testGetUserByMobileWithException" file="/home/admin/work/source/php-monorepo/packages/lark-app-bot-bundle/tests/Service/User/UserToolsTest.php" line="358" class="Tourze\LarkAppBotBundle\Tests\Service\User\UserToolsTest" classname="Tourze.LarkAppBotBundle.Tests.Service.User.UserToolsTest" assertions="3" time="0.000121"/>
      <testcase name="testGetUserByEmailWithFields" file="/home/admin/work/source/php-monorepo/packages/lark-app-bot-bundle/tests/Service/User/UserToolsTest.php" line="375" class="Tourze\LarkAppBotBundle\Tests\Service\User\UserToolsTest" classname="Tourze.LarkAppBotBundle.Tests.Service.User.UserToolsTest" assertions="4" time="0.000109"/>
      <testcase name="testGetUserByMobileWithFields" file="/home/admin/work/source/php-monorepo/packages/lark-app-bot-bundle/tests/Service/User/UserToolsTest.php" line="393" class="Tourze\LarkAppBotBundle\Tests\Service\User\UserToolsTest" classname="Tourze.LarkAppBotBundle.Tests.Service.User.UserToolsTest" assertions="4" time="0.000180"/>
    </testsuite>
    <testsuite name="Tourze\LarkAppBotBundle\Tests\Service\User\UserTrackerTest" file="/home/admin/work/source/php-monorepo/packages/lark-app-bot-bundle/tests/Service/User/UserTrackerTest.php" tests="12" assertions="0" errors="12" failures="0" skipped="0" time="0.000000">
      <testcase name="testShouldHaveRunTestsInSeparateProcesses" file="/home/admin/work/source/php-monorepo/packages/phpunit-symfony-kernel-test/src/AbstractIntegrationTestCase.php" line="919" class="Tourze\LarkAppBotBundle\Tests\Service\User\UserTrackerTest" classname="Tourze.LarkAppBotBundle.Tests.Service.User.UserTrackerTest" assertions="0" time="0.000000">
        <error type="TypeError">Tourze\LarkAppBotBundle\Tests\Service\User\UserTrackerTest::testShouldHaveRunTestsInSeparateProcesses
TypeError: MockObject_EventDispatcherInterface_f1fc3826::addListener(): Argument #2 ($listener) must be of type callable, array given, called in /home/admin/work/source/php-monorepo/vendor/symfony/event-dispatcher/Debug/TraceableEventDispatcher.php on line 52

/home/admin/work/source/php-monorepo/vendor/symfony/event-dispatcher/Debug/TraceableEventDispatcher.php:52
/tmp/symfony-test-Tourze8fa81a9ee7c504a046ec0084f697705e/var/cache/test/Container4O4ZB8R/SymfonyTestingFramework_Kernel9HrrrQITestDebugContainer.php:510
/tmp/symfony-test-Tourze8fa81a9ee7c504a046ec0084f697705e/var/cache/test/Container4O4ZB8R/getUserTrackerService.php:21
/tmp/symfony-test-Tourze8fa81a9ee7c504a046ec0084f697705e/var/cache/test/Container4O4ZB8R/SymfonyTestingFramework_Kernel9HrrrQITestDebugContainer.php:274
/home/admin/work/source/php-monorepo/vendor/symfony/dependency-injection/Container.php:221
/home/admin/work/source/php-monorepo/vendor/symfony/dependency-injection/Container.php:203
/home/admin/work/source/php-monorepo/vendor/symfony/framework-bundle/Test/TestContainer.php:94
/home/admin/work/source/php-monorepo/packages/phpunit-symfony-kernel-test/src/ServiceLocator.php:69
/home/admin/work/source/php-monorepo/packages/phpunit-symfony-kernel-test/src/ServiceLocatorTrait.php:25
/home/admin/work/source/php-monorepo/packages/lark-app-bot-bundle/tests/Service/User/UserTrackerTest.php:364
/home/admin/work/source/php-monorepo/packages/phpunit-symfony-kernel-test/src/AbstractIntegrationTestCase.php:591</error>
      </testcase>
      <testcase name="testTrackActivity" file="/home/admin/work/source/php-monorepo/packages/lark-app-bot-bundle/tests/Service/User/UserTrackerTest.php" line="31" class="Tourze\LarkAppBotBundle\Tests\Service\User\UserTrackerTest" classname="Tourze.LarkAppBotBundle.Tests.Service.User.UserTrackerTest" assertions="0" time="0.000000">
        <error type="TypeError">Tourze\LarkAppBotBundle\Tests\Service\User\UserTrackerTest::testTrackActivity
TypeError: MockObject_EventDispatcherInterface_19dc3b55::addListener(): Argument #2 ($listener) must be of type callable, array given, called in /home/admin/work/source/php-monorepo/vendor/symfony/event-dispatcher/Debug/TraceableEventDispatcher.php on line 52

/home/admin/work/source/php-monorepo/vendor/symfony/event-dispatcher/Debug/TraceableEventDispatcher.php:52
/tmp/symfony-test-Tourze8fa81a9ee7c504a046ec0084f697705e/var/cache/test/Container4O4ZB8R/SymfonyTestingFramework_Kernel9HrrrQITestDebugContainer.php:510
/tmp/symfony-test-Tourze8fa81a9ee7c504a046ec0084f697705e/var/cache/test/Container4O4ZB8R/getUserTrackerService.php:21
/tmp/symfony-test-Tourze8fa81a9ee7c504a046ec0084f697705e/var/cache/test/Container4O4ZB8R/SymfonyTestingFramework_Kernel9HrrrQITestDebugContainer.php:274
/home/admin/work/source/php-monorepo/vendor/symfony/dependency-injection/Container.php:221
/home/admin/work/source/php-monorepo/vendor/symfony/dependency-injection/Container.php:203
/home/admin/work/source/php-monorepo/vendor/symfony/framework-bundle/Test/TestContainer.php:94
/home/admin/work/source/php-monorepo/packages/phpunit-symfony-kernel-test/src/ServiceLocator.php:69
/home/admin/work/source/php-monorepo/packages/phpunit-symfony-kernel-test/src/ServiceLocatorTrait.php:25
/home/admin/work/source/php-monorepo/packages/lark-app-bot-bundle/tests/Service/User/UserTrackerTest.php:364
/home/admin/work/source/php-monorepo/packages/phpunit-symfony-kernel-test/src/AbstractIntegrationTestCase.php:591</error>
      </testcase>
      <testcase name="testGetUserStatusOnline" file="/home/admin/work/source/php-monorepo/packages/lark-app-bot-bundle/tests/Service/User/UserTrackerTest.php" line="71" class="Tourze\LarkAppBotBundle\Tests\Service\User\UserTrackerTest" classname="Tourze.LarkAppBotBundle.Tests.Service.User.UserTrackerTest" assertions="0" time="0.000000">
        <error type="TypeError">Tourze\LarkAppBotBundle\Tests\Service\User\UserTrackerTest::testGetUserStatusOnline
TypeError: MockObject_EventDispatcherInterface_832fa956::addListener(): Argument #2 ($listener) must be of type callable, array given, called in /home/admin/work/source/php-monorepo/vendor/symfony/event-dispatcher/Debug/TraceableEventDispatcher.php on line 52

/home/admin/work/source/php-monorepo/vendor/symfony/event-dispatcher/Debug/TraceableEventDispatcher.php:52
/tmp/symfony-test-Tourze8fa81a9ee7c504a046ec0084f697705e/var/cache/test/Container4O4ZB8R/SymfonyTestingFramework_Kernel9HrrrQITestDebugContainer.php:510
/tmp/symfony-test-Tourze8fa81a9ee7c504a046ec0084f697705e/var/cache/test/Container4O4ZB8R/getUserTrackerService.php:21
/tmp/symfony-test-Tourze8fa81a9ee7c504a046ec0084f697705e/var/cache/test/Container4O4ZB8R/SymfonyTestingFramework_Kernel9HrrrQITestDebugContainer.php:274
/home/admin/work/source/php-monorepo/vendor/symfony/dependency-injection/Container.php:221
/home/admin/work/source/php-monorepo/vendor/symfony/dependency-injection/Container.php:203
/home/admin/work/source/php-monorepo/vendor/symfony/framework-bundle/Test/TestContainer.php:94
/home/admin/work/source/php-monorepo/packages/phpunit-symfony-kernel-test/src/ServiceLocator.php:69
/home/admin/work/source/php-monorepo/packages/phpunit-symfony-kernel-test/src/ServiceLocatorTrait.php:25
/home/admin/work/source/php-monorepo/packages/lark-app-bot-bundle/tests/Service/User/UserTrackerTest.php:364
/home/admin/work/source/php-monorepo/packages/phpunit-symfony-kernel-test/src/AbstractIntegrationTestCase.php:591</error>
      </testcase>
      <testcase name="testGetUserStatusOffline" file="/home/admin/work/source/php-monorepo/packages/lark-app-bot-bundle/tests/Service/User/UserTrackerTest.php" line="96" class="Tourze\LarkAppBotBundle\Tests\Service\User\UserTrackerTest" classname="Tourze.LarkAppBotBundle.Tests.Service.User.UserTrackerTest" assertions="0" time="0.000000">
        <error type="TypeError">Tourze\LarkAppBotBundle\Tests\Service\User\UserTrackerTest::testGetUserStatusOffline
TypeError: MockObject_EventDispatcherInterface_8e99bb44::addListener(): Argument #2 ($listener) must be of type callable, array given, called in /home/admin/work/source/php-monorepo/vendor/symfony/event-dispatcher/Debug/TraceableEventDispatcher.php on line 52

/home/admin/work/source/php-monorepo/vendor/symfony/event-dispatcher/Debug/TraceableEventDispatcher.php:52
/tmp/symfony-test-Tourze8fa81a9ee7c504a046ec0084f697705e/var/cache/test/Container4O4ZB8R/SymfonyTestingFramework_Kernel9HrrrQITestDebugContainer.php:510
/tmp/symfony-test-Tourze8fa81a9ee7c504a046ec0084f697705e/var/cache/test/Container4O4ZB8R/getUserTrackerService.php:21
/tmp/symfony-test-Tourze8fa81a9ee7c504a046ec0084f697705e/var/cache/test/Container4O4ZB8R/SymfonyTestingFramework_Kernel9HrrrQITestDebugContainer.php:274
/home/admin/work/source/php-monorepo/vendor/symfony/dependency-injection/Container.php:221
/home/admin/work/source/php-monorepo/vendor/symfony/dependency-injection/Container.php:203
/home/admin/work/source/php-monorepo/vendor/symfony/framework-bundle/Test/TestContainer.php:94
/home/admin/work/source/php-monorepo/packages/phpunit-symfony-kernel-test/src/ServiceLocator.php:69
/home/admin/work/source/php-monorepo/packages/phpunit-symfony-kernel-test/src/ServiceLocatorTrait.php:25
/home/admin/work/source/php-monorepo/packages/lark-app-bot-bundle/tests/Service/User/UserTrackerTest.php:364
/home/admin/work/source/php-monorepo/packages/phpunit-symfony-kernel-test/src/AbstractIntegrationTestCase.php:591</error>
      </testcase>
      <testcase name="testGetUserStatusUnknown" file="/home/admin/work/source/php-monorepo/packages/lark-app-bot-bundle/tests/Service/User/UserTrackerTest.php" line="119" class="Tourze\LarkAppBotBundle\Tests\Service\User\UserTrackerTest" classname="Tourze.LarkAppBotBundle.Tests.Service.User.UserTrackerTest" assertions="0" time="0.000000">
        <error type="TypeError">Tourze\LarkAppBotBundle\Tests\Service\User\UserTrackerTest::testGetUserStatusUnknown
TypeError: MockObject_EventDispatcherInterface_be429d2c::addListener(): Argument #2 ($listener) must be of type callable, array given, called in /home/admin/work/source/php-monorepo/vendor/symfony/event-dispatcher/Debug/TraceableEventDispatcher.php on line 52

/home/admin/work/source/php-monorepo/vendor/symfony/event-dispatcher/Debug/TraceableEventDispatcher.php:52
/tmp/symfony-test-Tourze8fa81a9ee7c504a046ec0084f697705e/var/cache/test/Container4O4ZB8R/SymfonyTestingFramework_Kernel9HrrrQITestDebugContainer.php:510
/tmp/symfony-test-Tourze8fa81a9ee7c504a046ec0084f697705e/var/cache/test/Container4O4ZB8R/getUserTrackerService.php:21
/tmp/symfony-test-Tourze8fa81a9ee7c504a046ec0084f697705e/var/cache/test/Container4O4ZB8R/SymfonyTestingFramework_Kernel9HrrrQITestDebugContainer.php:274
/home/admin/work/source/php-monorepo/vendor/symfony/dependency-injection/Container.php:221
/home/admin/work/source/php-monorepo/vendor/symfony/dependency-injection/Container.php:203
/home/admin/work/source/php-monorepo/vendor/symfony/framework-bundle/Test/TestContainer.php:94
/home/admin/work/source/php-monorepo/packages/phpunit-symfony-kernel-test/src/ServiceLocator.php:69
/home/admin/work/source/php-monorepo/packages/phpunit-symfony-kernel-test/src/ServiceLocatorTrait.php:25
/home/admin/work/source/php-monorepo/packages/lark-app-bot-bundle/tests/Service/User/UserTrackerTest.php:364
/home/admin/work/source/php-monorepo/packages/phpunit-symfony-kernel-test/src/AbstractIntegrationTestCase.php:591</error>
      </testcase>
      <testcase name="testBatchGetUserStatus" file="/home/admin/work/source/php-monorepo/packages/lark-app-bot-bundle/tests/Service/User/UserTrackerTest.php" line="140" class="Tourze\LarkAppBotBundle\Tests\Service\User\UserTrackerTest" classname="Tourze.LarkAppBotBundle.Tests.Service.User.UserTrackerTest" assertions="0" time="0.000000">
        <error type="TypeError">Tourze\LarkAppBotBundle\Tests\Service\User\UserTrackerTest::testBatchGetUserStatus
TypeError: MockObject_EventDispatcherInterface_104ca723::addListener(): Argument #2 ($listener) must be of type callable, array given, called in /home/admin/work/source/php-monorepo/vendor/symfony/event-dispatcher/Debug/TraceableEventDispatcher.php on line 52

/home/admin/work/source/php-monorepo/vendor/symfony/event-dispatcher/Debug/TraceableEventDispatcher.php:52
/tmp/symfony-test-Tourze8fa81a9ee7c504a046ec0084f697705e/var/cache/test/Container4O4ZB8R/SymfonyTestingFramework_Kernel9HrrrQITestDebugContainer.php:510
/tmp/symfony-test-Tourze8fa81a9ee7c504a046ec0084f697705e/var/cache/test/Container4O4ZB8R/getUserTrackerService.php:21
/tmp/symfony-test-Tourze8fa81a9ee7c504a046ec0084f697705e/var/cache/test/Container4O4ZB8R/SymfonyTestingFramework_Kernel9HrrrQITestDebugContainer.php:274
/home/admin/work/source/php-monorepo/vendor/symfony/dependency-injection/Container.php:221
/home/admin/work/source/php-monorepo/vendor/symfony/dependency-injection/Container.php:203
/home/admin/work/source/php-monorepo/vendor/symfony/framework-bundle/Test/TestContainer.php:94
/home/admin/work/source/php-monorepo/packages/phpunit-symfony-kernel-test/src/ServiceLocator.php:69
/home/admin/work/source/php-monorepo/packages/phpunit-symfony-kernel-test/src/ServiceLocatorTrait.php:25
/home/admin/work/source/php-monorepo/packages/lark-app-bot-bundle/tests/Service/User/UserTrackerTest.php:364
/home/admin/work/source/php-monorepo/packages/phpunit-symfony-kernel-test/src/AbstractIntegrationTestCase.php:591</error>
      </testcase>
      <testcase name="testGetUserActivityHistory" file="/home/admin/work/source/php-monorepo/packages/lark-app-bot-bundle/tests/Service/User/UserTrackerTest.php" line="166" class="Tourze\LarkAppBotBundle\Tests\Service\User\UserTrackerTest" classname="Tourze.LarkAppBotBundle.Tests.Service.User.UserTrackerTest" assertions="0" time="0.000000">
        <error type="TypeError">Tourze\LarkAppBotBundle\Tests\Service\User\UserTrackerTest::testGetUserActivityHistory
TypeError: MockObject_EventDispatcherInterface_020c6144::addListener(): Argument #2 ($listener) must be of type callable, array given, called in /home/admin/work/source/php-monorepo/vendor/symfony/event-dispatcher/Debug/TraceableEventDispatcher.php on line 52

/home/admin/work/source/php-monorepo/vendor/symfony/event-dispatcher/Debug/TraceableEventDispatcher.php:52
/tmp/symfony-test-Tourze8fa81a9ee7c504a046ec0084f697705e/var/cache/test/Container4O4ZB8R/SymfonyTestingFramework_Kernel9HrrrQITestDebugContainer.php:510
/tmp/symfony-test-Tourze8fa81a9ee7c504a046ec0084f697705e/var/cache/test/Container4O4ZB8R/getUserTrackerService.php:21
/tmp/symfony-test-Tourze8fa81a9ee7c504a046ec0084f697705e/var/cache/test/Container4O4ZB8R/SymfonyTestingFramework_Kernel9HrrrQITestDebugContainer.php:274
/home/admin/work/source/php-monorepo/vendor/symfony/dependency-injection/Container.php:221
/home/admin/work/source/php-monorepo/vendor/symfony/dependency-injection/Container.php:203
/home/admin/work/source/php-monorepo/vendor/symfony/framework-bundle/Test/TestContainer.php:94
/home/admin/work/source/php-monorepo/packages/phpunit-symfony-kernel-test/src/ServiceLocator.php:69
/home/admin/work/source/php-monorepo/packages/phpunit-symfony-kernel-test/src/ServiceLocatorTrait.php:25
/home/admin/work/source/php-monorepo/packages/lark-app-bot-bundle/tests/Service/User/UserTrackerTest.php:364
/home/admin/work/source/php-monorepo/packages/phpunit-symfony-kernel-test/src/AbstractIntegrationTestCase.php:591</error>
      </testcase>
      <testcase name="testGetUserActivityStats" file="/home/admin/work/source/php-monorepo/packages/lark-app-bot-bundle/tests/Service/User/UserTrackerTest.php" line="202" class="Tourze\LarkAppBotBundle\Tests\Service\User\UserTrackerTest" classname="Tourze.LarkAppBotBundle.Tests.Service.User.UserTrackerTest" assertions="0" time="0.000000">
        <error type="TypeError">Tourze\LarkAppBotBundle\Tests\Service\User\UserTrackerTest::testGetUserActivityStats
TypeError: MockObject_EventDispatcherInterface_319377bb::addListener(): Argument #2 ($listener) must be of type callable, array given, called in /home/admin/work/source/php-monorepo/vendor/symfony/event-dispatcher/Debug/TraceableEventDispatcher.php on line 52

/home/admin/work/source/php-monorepo/vendor/symfony/event-dispatcher/Debug/TraceableEventDispatcher.php:52
/tmp/symfony-test-Tourze8fa81a9ee7c504a046ec0084f697705e/var/cache/test/Container4O4ZB8R/SymfonyTestingFramework_Kernel9HrrrQITestDebugContainer.php:510
/tmp/symfony-test-Tourze8fa81a9ee7c504a046ec0084f697705e/var/cache/test/Container4O4ZB8R/getUserTrackerService.php:21
/tmp/symfony-test-Tourze8fa81a9ee7c504a046ec0084f697705e/var/cache/test/Container4O4ZB8R/SymfonyTestingFramework_Kernel9HrrrQITestDebugContainer.php:274
/home/admin/work/source/php-monorepo/vendor/symfony/dependency-injection/Container.php:221
/home/admin/work/source/php-monorepo/vendor/symfony/dependency-injection/Container.php:203
/home/admin/work/source/php-monorepo/vendor/symfony/framework-bundle/Test/TestContainer.php:94
/home/admin/work/source/php-monorepo/packages/phpunit-symfony-kernel-test/src/ServiceLocator.php:69
/home/admin/work/source/php-monorepo/packages/phpunit-symfony-kernel-test/src/ServiceLocatorTrait.php:25
/home/admin/work/source/php-monorepo/packages/lark-app-bot-bundle/tests/Service/User/UserTrackerTest.php:364
/home/admin/work/source/php-monorepo/packages/phpunit-symfony-kernel-test/src/AbstractIntegrationTestCase.php:591</error>
      </testcase>
      <testcase name="testGetOnlineUsers" file="/home/admin/work/source/php-monorepo/packages/lark-app-bot-bundle/tests/Service/User/UserTrackerTest.php" line="238" class="Tourze\LarkAppBotBundle\Tests\Service\User\UserTrackerTest" classname="Tourze.LarkAppBotBundle.Tests.Service.User.UserTrackerTest" assertions="0" time="0.000000">
        <error type="TypeError">Tourze\LarkAppBotBundle\Tests\Service\User\UserTrackerTest::testGetOnlineUsers
TypeError: MockObject_EventDispatcherInterface_f5594277::addListener(): Argument #2 ($listener) must be of type callable, array given, called in /home/admin/work/source/php-monorepo/vendor/symfony/event-dispatcher/Debug/TraceableEventDispatcher.php on line 52

/home/admin/work/source/php-monorepo/vendor/symfony/event-dispatcher/Debug/TraceableEventDispatcher.php:52
/tmp/symfony-test-Tourze8fa81a9ee7c504a046ec0084f697705e/var/cache/test/Container4O4ZB8R/SymfonyTestingFramework_Kernel9HrrrQITestDebugContainer.php:510
/tmp/symfony-test-Tourze8fa81a9ee7c504a046ec0084f697705e/var/cache/test/Container4O4ZB8R/getUserTrackerService.php:21
/tmp/symfony-test-Tourze8fa81a9ee7c504a046ec0084f697705e/var/cache/test/Container4O4ZB8R/SymfonyTestingFramework_Kernel9HrrrQITestDebugContainer.php:274
/home/admin/work/source/php-monorepo/vendor/symfony/dependency-injection/Container.php:221
/home/admin/work/source/php-monorepo/vendor/symfony/dependency-injection/Container.php:203
/home/admin/work/source/php-monorepo/vendor/symfony/framework-bundle/Test/TestContainer.php:94
/home/admin/work/source/php-monorepo/packages/phpunit-symfony-kernel-test/src/ServiceLocator.php:69
/home/admin/work/source/php-monorepo/packages/phpunit-symfony-kernel-test/src/ServiceLocatorTrait.php:25
/home/admin/work/source/php-monorepo/packages/lark-app-bot-bundle/tests/Service/User/UserTrackerTest.php:364
/home/admin/work/source/php-monorepo/packages/phpunit-symfony-kernel-test/src/AbstractIntegrationTestCase.php:591</error>
      </testcase>
      <testcase name="testClearUserTracking" file="/home/admin/work/source/php-monorepo/packages/lark-app-bot-bundle/tests/Service/User/UserTrackerTest.php" line="270" class="Tourze\LarkAppBotBundle\Tests\Service\User\UserTrackerTest" classname="Tourze.LarkAppBotBundle.Tests.Service.User.UserTrackerTest" assertions="0" time="0.000000">
        <error type="TypeError">Tourze\LarkAppBotBundle\Tests\Service\User\UserTrackerTest::testClearUserTracking
TypeError: MockObject_EventDispatcherInterface_e542e3df::addListener(): Argument #2 ($listener) must be of type callable, array given, called in /home/admin/work/source/php-monorepo/vendor/symfony/event-dispatcher/Debug/TraceableEventDispatcher.php on line 52

/home/admin/work/source/php-monorepo/vendor/symfony/event-dispatcher/Debug/TraceableEventDispatcher.php:52
/tmp/symfony-test-Tourze8fa81a9ee7c504a046ec0084f697705e/var/cache/test/Container4O4ZB8R/SymfonyTestingFramework_Kernel9HrrrQITestDebugContainer.php:510
/tmp/symfony-test-Tourze8fa81a9ee7c504a046ec0084f697705e/var/cache/test/Container4O4ZB8R/getUserTrackerService.php:21
/tmp/symfony-test-Tourze8fa81a9ee7c504a046ec0084f697705e/var/cache/test/Container4O4ZB8R/SymfonyTestingFramework_Kernel9HrrrQITestDebugContainer.php:274
/home/admin/work/source/php-monorepo/vendor/symfony/dependency-injection/Container.php:221
/home/admin/work/source/php-monorepo/vendor/symfony/dependency-injection/Container.php:203
/home/admin/work/source/php-monorepo/vendor/symfony/framework-bundle/Test/TestContainer.php:94
/home/admin/work/source/php-monorepo/packages/phpunit-symfony-kernel-test/src/ServiceLocator.php:69
/home/admin/work/source/php-monorepo/packages/phpunit-symfony-kernel-test/src/ServiceLocatorTrait.php:25
/home/admin/work/source/php-monorepo/packages/lark-app-bot-bundle/tests/Service/User/UserTrackerTest.php:364
/home/admin/work/source/php-monorepo/packages/phpunit-symfony-kernel-test/src/AbstractIntegrationTestCase.php:591</error>
      </testcase>
      <testcase name="testActivityHistoryWithExpiredData" file="/home/admin/work/source/php-monorepo/packages/lark-app-bot-bundle/tests/Service/User/UserTrackerTest.php" line="293" class="Tourze\LarkAppBotBundle\Tests\Service\User\UserTrackerTest" classname="Tourze.LarkAppBotBundle.Tests.Service.User.UserTrackerTest" assertions="0" time="0.000000">
        <error type="TypeError">Tourze\LarkAppBotBundle\Tests\Service\User\UserTrackerTest::testActivityHistoryWithExpiredData
TypeError: MockObject_EventDispatcherInterface_a4c5d24d::addListener(): Argument #2 ($listener) must be of type callable, array given, called in /home/admin/work/source/php-monorepo/vendor/symfony/event-dispatcher/Debug/TraceableEventDispatcher.php on line 52

/home/admin/work/source/php-monorepo/vendor/symfony/event-dispatcher/Debug/TraceableEventDispatcher.php:52
/tmp/symfony-test-Tourze8fa81a9ee7c504a046ec0084f697705e/var/cache/test/Container4O4ZB8R/SymfonyTestingFramework_Kernel9HrrrQITestDebugContainer.php:510
/tmp/symfony-test-Tourze8fa81a9ee7c504a046ec0084f697705e/var/cache/test/Container4O4ZB8R/getUserTrackerService.php:21
/tmp/symfony-test-Tourze8fa81a9ee7c504a046ec0084f697705e/var/cache/test/Container4O4ZB8R/SymfonyTestingFramework_Kernel9HrrrQITestDebugContainer.php:274
/home/admin/work/source/php-monorepo/vendor/symfony/dependency-injection/Container.php:221
/home/admin/work/source/php-monorepo/vendor/symfony/dependency-injection/Container.php:203
/home/admin/work/source/php-monorepo/vendor/symfony/framework-bundle/Test/TestContainer.php:94
/home/admin/work/source/php-monorepo/packages/phpunit-symfony-kernel-test/src/ServiceLocator.php:69
/home/admin/work/source/php-monorepo/packages/phpunit-symfony-kernel-test/src/ServiceLocatorTrait.php:25
/home/admin/work/source/php-monorepo/packages/lark-app-bot-bundle/tests/Service/User/UserTrackerTest.php:364
/home/admin/work/source/php-monorepo/packages/phpunit-symfony-kernel-test/src/AbstractIntegrationTestCase.php:591</error>
      </testcase>
      <testcase name="testMemoryCacheOptimization" file="/home/admin/work/source/php-monorepo/packages/lark-app-bot-bundle/tests/Service/User/UserTrackerTest.php" line="327" class="Tourze\LarkAppBotBundle\Tests\Service\User\UserTrackerTest" classname="Tourze.LarkAppBotBundle.Tests.Service.User.UserTrackerTest" assertions="0" time="0.000000">
        <error type="TypeError">Tourze\LarkAppBotBundle\Tests\Service\User\UserTrackerTest::testMemoryCacheOptimization
TypeError: MockObject_EventDispatcherInterface_1621f020::addListener(): Argument #2 ($listener) must be of type callable, array given, called in /home/admin/work/source/php-monorepo/vendor/symfony/event-dispatcher/Debug/TraceableEventDispatcher.php on line 52

/home/admin/work/source/php-monorepo/vendor/symfony/event-dispatcher/Debug/TraceableEventDispatcher.php:52
/tmp/symfony-test-Tourze8fa81a9ee7c504a046ec0084f697705e/var/cache/test/Container4O4ZB8R/SymfonyTestingFramework_Kernel9HrrrQITestDebugContainer.php:510
/tmp/symfony-test-Tourze8fa81a9ee7c504a046ec0084f697705e/var/cache/test/Container4O4ZB8R/getUserTrackerService.php:21
/tmp/symfony-test-Tourze8fa81a9ee7c504a046ec0084f697705e/var/cache/test/Container4O4ZB8R/SymfonyTestingFramework_Kernel9HrrrQITestDebugContainer.php:274
/home/admin/work/source/php-monorepo/vendor/symfony/dependency-injection/Container.php:221
/home/admin/work/source/php-monorepo/vendor/symfony/dependency-injection/Container.php:203
/home/admin/work/source/php-monorepo/vendor/symfony/framework-bundle/Test/TestContainer.php:94
/home/admin/work/source/php-monorepo/packages/phpunit-symfony-kernel-test/src/ServiceLocator.php:69
/home/admin/work/source/php-monorepo/packages/phpunit-symfony-kernel-test/src/ServiceLocatorTrait.php:25
/home/admin/work/source/php-monorepo/packages/lark-app-bot-bundle/tests/Service/User/UserTrackerTest.php:364
/home/admin/work/source/php-monorepo/packages/phpunit-symfony-kernel-test/src/AbstractIntegrationTestCase.php:591</error>
      </testcase>
    </testsuite>
    <testsuite name="Tourze\LarkAppBotBundle\Tests\Service\User\UserValidatorTest" file="/home/admin/work/source/php-monorepo/packages/lark-app-bot-bundle/tests/Service/User/UserValidatorTest.php" tests="21" assertions="22" errors="0" failures="0" skipped="0" time="0.001507">
      <testsuite name="Tourze\LarkAppBotBundle\Tests\Service\User\UserValidatorTest::testValidateUserIdTypeSuccess" tests="5" assertions="5" errors="0" failures="0" skipped="0" time="0.000452">
        <testcase name="testValidateUserIdTypeSuccess with data set #0" file="/home/admin/work/source/php-monorepo/packages/lark-app-bot-bundle/tests/Service/User/UserValidatorTest.php" line="31" class="Tourze\LarkAppBotBundle\Tests\Service\User\UserValidatorTest" classname="Tourze.LarkAppBotBundle.Tests.Service.User.UserValidatorTest" assertions="1" time="0.000219"/>
        <testcase name="testValidateUserIdTypeSuccess with data set #1" file="/home/admin/work/source/php-monorepo/packages/lark-app-bot-bundle/tests/Service/User/UserValidatorTest.php" line="31" class="Tourze\LarkAppBotBundle\Tests\Service\User\UserValidatorTest" classname="Tourze.LarkAppBotBundle.Tests.Service.User.UserValidatorTest" assertions="1" time="0.000077"/>
        <testcase name="testValidateUserIdTypeSuccess with data set #2" file="/home/admin/work/source/php-monorepo/packages/lark-app-bot-bundle/tests/Service/User/UserValidatorTest.php" line="31" class="Tourze\LarkAppBotBundle\Tests\Service\User\UserValidatorTest" classname="Tourze.LarkAppBotBundle.Tests.Service.User.UserValidatorTest" assertions="1" time="0.000055"/>
        <testcase name="testValidateUserIdTypeSuccess with data set #3" file="/home/admin/work/source/php-monorepo/packages/lark-app-bot-bundle/tests/Service/User/UserValidatorTest.php" line="31" class="Tourze\LarkAppBotBundle\Tests\Service\User\UserValidatorTest" classname="Tourze.LarkAppBotBundle.Tests.Service.User.UserValidatorTest" assertions="1" time="0.000052"/>
        <testcase name="testValidateUserIdTypeSuccess with data set #4" file="/home/admin/work/source/php-monorepo/packages/lark-app-bot-bundle/tests/Service/User/UserValidatorTest.php" line="31" class="Tourze\LarkAppBotBundle\Tests\Service\User\UserValidatorTest" classname="Tourze.LarkAppBotBundle.Tests.Service.User.UserValidatorTest" assertions="1" time="0.000049"/>
      </testsuite>
      <testcase name="testValidateUserIdTypeFailure" file="/home/admin/work/source/php-monorepo/packages/lark-app-bot-bundle/tests/Service/User/UserValidatorTest.php" line="38" class="Tourze\LarkAppBotBundle\Tests\Service\User\UserValidatorTest" classname="Tourze.LarkAppBotBundle.Tests.Service.User.UserValidatorTest" assertions="2" time="0.000171"/>
      <testcase name="testGetAllUserIds" file="/home/admin/work/source/php-monorepo/packages/lark-app-bot-bundle/tests/Service/User/UserValidatorTest.php" line="46" class="Tourze\LarkAppBotBundle\Tests\Service\User\UserValidatorTest" classname="Tourze.LarkAppBotBundle.Tests.Service.User.UserValidatorTest" assertions="1" time="0.000077"/>
      <testcase name="testGetAllUserIdsPartial" file="/home/admin/work/source/php-monorepo/packages/lark-app-bot-bundle/tests/Service/User/UserValidatorTest.php" line="65" class="Tourze\LarkAppBotBundle\Tests\Service\User\UserValidatorTest" classname="Tourze.LarkAppBotBundle.Tests.Service.User.UserValidatorTest" assertions="1" time="0.000060"/>
      <testcase name="testGetAllUserIdsEmpty" file="/home/admin/work/source/php-monorepo/packages/lark-app-bot-bundle/tests/Service/User/UserValidatorTest.php" line="78" class="Tourze\LarkAppBotBundle\Tests\Service\User\UserValidatorTest" classname="Tourze.LarkAppBotBundle.Tests.Service.User.UserValidatorTest" assertions="1" time="0.000052"/>
      <testsuite name="Tourze\LarkAppBotBundle\Tests\Service\User\UserValidatorTest::testExtractUserId" tests="7" assertions="7" errors="0" failures="0" skipped="0" time="0.000453">
        <testcase name="testExtractUserId with data set #0" file="/home/admin/work/source/php-monorepo/packages/lark-app-bot-bundle/tests/Service/User/UserValidatorTest.php" line="97" class="Tourze\LarkAppBotBundle\Tests\Service\User\UserValidatorTest" classname="Tourze.LarkAppBotBundle.Tests.Service.User.UserValidatorTest" assertions="1" time="0.000080"/>
        <testcase name="testExtractUserId with data set #1" file="/home/admin/work/source/php-monorepo/packages/lark-app-bot-bundle/tests/Service/User/UserValidatorTest.php" line="97" class="Tourze\LarkAppBotBundle\Tests\Service\User\UserValidatorTest" classname="Tourze.LarkAppBotBundle.Tests.Service.User.UserValidatorTest" assertions="1" time="0.000066"/>
        <testcase name="testExtractUserId with data set #2" file="/home/admin/work/source/php-monorepo/packages/lark-app-bot-bundle/tests/Service/User/UserValidatorTest.php" line="97" class="Tourze\LarkAppBotBundle\Tests\Service\User\UserValidatorTest" classname="Tourze.LarkAppBotBundle.Tests.Service.User.UserValidatorTest" assertions="1" time="0.000090"/>
        <testcase name="testExtractUserId with data set #3" file="/home/admin/work/source/php-monorepo/packages/lark-app-bot-bundle/tests/Service/User/UserValidatorTest.php" line="97" class="Tourze\LarkAppBotBundle\Tests\Service\User\UserValidatorTest" classname="Tourze.LarkAppBotBundle.Tests.Service.User.UserValidatorTest" assertions="1" time="0.000057"/>
        <testcase name="testExtractUserId with data set #4" file="/home/admin/work/source/php-monorepo/packages/lark-app-bot-bundle/tests/Service/User/UserValidatorTest.php" line="97" class="Tourze\LarkAppBotBundle\Tests\Service\User\UserValidatorTest" classname="Tourze.LarkAppBotBundle.Tests.Service.User.UserValidatorTest" assertions="1" time="0.000053"/>
        <testcase name="testExtractUserId with data set #5" file="/home/admin/work/source/php-monorepo/packages/lark-app-bot-bundle/tests/Service/User/UserValidatorTest.php" line="97" class="Tourze\LarkAppBotBundle\Tests\Service\User\UserValidatorTest" classname="Tourze.LarkAppBotBundle.Tests.Service.User.UserValidatorTest" assertions="1" time="0.000054"/>
        <testcase name="testExtractUserId with data set #6" file="/home/admin/work/source/php-monorepo/packages/lark-app-bot-bundle/tests/Service/User/UserValidatorTest.php" line="97" class="Tourze\LarkAppBotBundle\Tests\Service\User\UserValidatorTest" classname="Tourze.LarkAppBotBundle.Tests.Service.User.UserValidatorTest" assertions="1" time="0.000054"/>
      </testsuite>
      <testcase name="testExtractUserIdWithEmptyValue" file="/home/admin/work/source/php-monorepo/packages/lark-app-bot-bundle/tests/Service/User/UserValidatorTest.php" line="103" class="Tourze\LarkAppBotBundle\Tests\Service\User\UserValidatorTest" classname="Tourze.LarkAppBotBundle.Tests.Service.User.UserValidatorTest" assertions="1" time="0.000055"/>
      <testcase name="testGetPrimaryDepartmentId" file="/home/admin/work/source/php-monorepo/packages/lark-app-bot-bundle/tests/Service/User/UserValidatorTest.php" line="112" class="Tourze\LarkAppBotBundle\Tests\Service\User\UserValidatorTest" classname="Tourze.LarkAppBotBundle.Tests.Service.User.UserValidatorTest" assertions="1" time="0.000048"/>
      <testcase name="testGetPrimaryDepartmentIdFallbackToFirst" file="/home/admin/work/source/php-monorepo/packages/lark-app-bot-bundle/tests/Service/User/UserValidatorTest.php" line="124" class="Tourze\LarkAppBotBundle\Tests\Service\User\UserValidatorTest" classname="Tourze.LarkAppBotBundle.Tests.Service.User.UserValidatorTest" assertions="1" time="0.000049"/>
      <testcase name="testGetPrimaryDepartmentIdEmpty" file="/home/admin/work/source/php-monorepo/packages/lark-app-bot-bundle/tests/Service/User/UserValidatorTest.php" line="135" class="Tourze\LarkAppBotBundle\Tests\Service\User\UserValidatorTest" classname="Tourze.LarkAppBotBundle.Tests.Service.User.UserValidatorTest" assertions="1" time="0.000044"/>
      <testcase name="testGetPrimaryDepartmentIdMissingId" file="/home/admin/work/source/php-monorepo/packages/lark-app-bot-bundle/tests/Service/User/UserValidatorTest.php" line="144" class="Tourze\LarkAppBotBundle\Tests\Service\User\UserValidatorTest" classname="Tourze.LarkAppBotBundle.Tests.Service.User.UserValidatorTest" assertions="1" time="0.000045"/>
    </testsuite>
  </testsuite>
</testsuites>
